 CART3_BladeFlap_IPC_1204_sfun

 Timestamp is 5a275c22 (Wed Dec 06 10:55:30 2017)

 Preferred load address is 10000000

 Start         Length     Name                   Class
 0001:00000000 0001bfe4H .text                   CODE
 0002:00000000 00000220H .idata$5                DATA
 0002:00000220 00000004H .CRT$XCA                DATA
 0002:00000224 00000004H .CRT$XCZ                DATA
 0002:00000228 00000004H .CRT$XIA                DATA
 0002:0000022c 00000004H .CRT$XIAA               DATA
 0002:00000230 00000004H .CRT$XIC                DATA
 0002:00000234 00000004H .CRT$XIZ                DATA
 0002:00000238 00000730H .rdata                  DATA
 0002:00000970 00000004H .rdata$sxdata           DATA
 0002:00000974 00000004H .rtc$IAA                DATA
 0002:00000978 00000004H .rtc$IZZ                DATA
 0002:0000097c 00000004H .rtc$TAA                DATA
 0002:00000980 00000004H .rtc$TZZ                DATA
 0002:00000988 00000064H .xdata$x                DATA
 0002:000009ec 0000008cH .idata$2                DATA
 0002:00000a78 00000014H .idata$3                DATA
 0002:00000a8c 00000220H .idata$4                DATA
 0002:00000cac 00000bb2H .idata$6                DATA
 0002:00001860 00000063H .edata                  DATA
 0003:00000000 000098c0H .data                   DATA
 0003:000098c0 00000488H .bss                    DATA

  Address         Publics by Value              Rva+Base       Lib:Object

 0000:00000000       __except_list              00000000     <absolute>
 0000:00000001       ___safe_se_handler_count   00000001     <absolute>
 0000:00009876       __ldused                   00009876     <absolute>
 0000:00009876       __fltused                  00009876     <absolute>
 0000:00000000       ___ImageBase               10000000     <linker-defined>
 0001:00000000       _CART3_BladeFlap_IPC_1204_initializer 10001000 f   CART3_BladeFlap_IPC_1204_sfun.obj
 0001:00000010       _CART3_BladeFlap_IPC_1204_terminator 10001010 f   CART3_BladeFlap_IPC_1204_sfun.obj
 0001:00000020       _sf_CART3_BladeFlap_IPC_1204_method_dispatcher 10001020 f   CART3_BladeFlap_IPC_1204_sfun.obj
 0001:000000d0       _sf_CART3_BladeFlap_IPC_1204_process_check_sum_call 100010d0 f   CART3_BladeFlap_IPC_1204_sfun.obj
 0001:000004e0       _sf_CART3_BladeFlap_IPC_1204_autoinheritance_info 100014e0 f   CART3_BladeFlap_IPC_1204_sfun.obj
 0001:00000710       _sf_CART3_BladeFlap_IPC_1204_get_eml_resolved_functions_info 10001710 f   CART3_BladeFlap_IPC_1204_sfun.obj
 0001:000008d0       _sf_CART3_BladeFlap_IPC_1204_third_party_uses_info 100018d0 f   CART3_BladeFlap_IPC_1204_sfun.obj
 0001:00000ac0       _sf_CART3_BladeFlap_IPC_1204_updateBuildInfo_args_info 10001ac0 f   CART3_BladeFlap_IPC_1204_sfun.obj
 0001:00000cb0       _CART3_BladeFlap_IPC_1204_debug_initialize 10001cb0 f   CART3_BladeFlap_IPC_1204_sfun.obj
 0001:00000d10       _CART3_BladeFlap_IPC_1204_register_exported_symbols 10001d10 f   CART3_BladeFlap_IPC_1204_sfun.obj
 0001:00000d20       _load_CART3_BladeFlap_IPC_1204_optimization_info 10001d20 f   CART3_BladeFlap_IPC_1204_sfun.obj
 0001:00000d60       _unload_CART3_BladeFlap_IPC_1204_optimization_info 10001d60 f   CART3_BladeFlap_IPC_1204_sfun.obj
 0001:00000d90       _sf_c1_CART3_BladeFlap_IPC_1204_get_eml_resolved_functions_info 10001d90 f   c1_CART3_BladeFlap_IPC_1204.obj
 0001:00001be0       _sf_c1_CART3_BladeFlap_IPC_1204_get_check_sum 10002be0 f   c1_CART3_BladeFlap_IPC_1204.obj
 0001:00001c40       _sf_c1_CART3_BladeFlap_IPC_1204_get_autoinheritance_info 10002c40 f   c1_CART3_BladeFlap_IPC_1204.obj
 0001:00002040       _sf_c1_CART3_BladeFlap_IPC_1204_third_party_uses_info 10003040 f   c1_CART3_BladeFlap_IPC_1204.obj
 0001:00002060       _sf_c1_CART3_BladeFlap_IPC_1204_updateBuildInfo_args_info 10003060 f   c1_CART3_BladeFlap_IPC_1204.obj
 0001:00002080       _sf_internal_get_sim_state_c1_CART3_BladeFlap_IPC_1204 10003080 f   c1_CART3_BladeFlap_IPC_1204.obj
 0001:00002320       _sf_internal_set_sim_state_c1_CART3_BladeFlap_IPC_1204 10003320 f   c1_CART3_BladeFlap_IPC_1204.obj
 0001:00002610       _c1_CART3_BladeFlap_IPC_1204_method_dispatcher 10003610 f   c1_CART3_BladeFlap_IPC_1204.obj
 0001:00003a30       _sf_c2_CART3_BladeFlap_IPC_1204_get_eml_resolved_functions_info 10004a30 f   c2_CART3_BladeFlap_IPC_1204.obj
 0001:000053c0       _sf_c2_CART3_BladeFlap_IPC_1204_get_check_sum 100063c0 f   c2_CART3_BladeFlap_IPC_1204.obj
 0001:00005420       _sf_c2_CART3_BladeFlap_IPC_1204_get_autoinheritance_info 10006420 f   c2_CART3_BladeFlap_IPC_1204.obj
 0001:00005830       _sf_c2_CART3_BladeFlap_IPC_1204_third_party_uses_info 10006830 f   c2_CART3_BladeFlap_IPC_1204.obj
 0001:00005850       _sf_c2_CART3_BladeFlap_IPC_1204_updateBuildInfo_args_info 10006850 f   c2_CART3_BladeFlap_IPC_1204.obj
 0001:00005870       _sf_internal_get_sim_state_c2_CART3_BladeFlap_IPC_1204 10006870 f   c2_CART3_BladeFlap_IPC_1204.obj
 0001:00005b40       _sf_internal_set_sim_state_c2_CART3_BladeFlap_IPC_1204 10006b40 f   c2_CART3_BladeFlap_IPC_1204.obj
 0001:00005eb0       _c2_CART3_BladeFlap_IPC_1204_method_dispatcher 10006eb0 f   c2_CART3_BladeFlap_IPC_1204.obj
 0001:00007870       _sf_c3_CART3_BladeFlap_IPC_1204_get_eml_resolved_functions_info 10008870 f   c3_CART3_BladeFlap_IPC_1204.obj
 0001:00009200       _sf_c3_CART3_BladeFlap_IPC_1204_get_check_sum 1000a200 f   c3_CART3_BladeFlap_IPC_1204.obj
 0001:00009260       _sf_c3_CART3_BladeFlap_IPC_1204_get_autoinheritance_info 1000a260 f   c3_CART3_BladeFlap_IPC_1204.obj
 0001:00009670       _sf_c3_CART3_BladeFlap_IPC_1204_third_party_uses_info 1000a670 f   c3_CART3_BladeFlap_IPC_1204.obj
 0001:00009690       _sf_c3_CART3_BladeFlap_IPC_1204_updateBuildInfo_args_info 1000a690 f   c3_CART3_BladeFlap_IPC_1204.obj
 0001:000096b0       _sf_internal_get_sim_state_c3_CART3_BladeFlap_IPC_1204 1000a6b0 f   c3_CART3_BladeFlap_IPC_1204.obj
 0001:00009980       _sf_internal_set_sim_state_c3_CART3_BladeFlap_IPC_1204 1000a980 f   c3_CART3_BladeFlap_IPC_1204.obj
 0001:00009cf0       _c3_CART3_BladeFlap_IPC_1204_method_dispatcher 1000acf0 f   c3_CART3_BladeFlap_IPC_1204.obj
 0001:0000b6d0       _sf_c4_CART3_BladeFlap_IPC_1204_get_eml_resolved_functions_info 1000c6d0 f   c4_CART3_BladeFlap_IPC_1204.obj
 0001:0000e5d0       _sf_c4_CART3_BladeFlap_IPC_1204_get_check_sum 1000f5d0 f   c4_CART3_BladeFlap_IPC_1204.obj
 0001:0000e630       _sf_c4_CART3_BladeFlap_IPC_1204_get_autoinheritance_info 1000f630 f   c4_CART3_BladeFlap_IPC_1204.obj
 0001:0000ea40       _sf_c4_CART3_BladeFlap_IPC_1204_third_party_uses_info 1000fa40 f   c4_CART3_BladeFlap_IPC_1204.obj
 0001:0000ea60       _sf_c4_CART3_BladeFlap_IPC_1204_updateBuildInfo_args_info 1000fa60 f   c4_CART3_BladeFlap_IPC_1204.obj
 0001:0000ea80       _sf_internal_get_sim_state_c4_CART3_BladeFlap_IPC_1204 1000fa80 f   c4_CART3_BladeFlap_IPC_1204.obj
 0001:0000ed50       _sf_internal_set_sim_state_c4_CART3_BladeFlap_IPC_1204 1000fd50 f   c4_CART3_BladeFlap_IPC_1204.obj
 0001:0000f0b0       _c4_CART3_BladeFlap_IPC_1204_method_dispatcher 100100b0 f   c4_CART3_BladeFlap_IPC_1204.obj
 0001:00010fb0       _sf_c5_CART3_BladeFlap_IPC_1204_get_eml_resolved_functions_info 10011fb0 f   c5_CART3_BladeFlap_IPC_1204.obj
 0001:00013eb0       _sf_c5_CART3_BladeFlap_IPC_1204_get_check_sum 10014eb0 f   c5_CART3_BladeFlap_IPC_1204.obj
 0001:00013f10       _sf_c5_CART3_BladeFlap_IPC_1204_get_autoinheritance_info 10014f10 f   c5_CART3_BladeFlap_IPC_1204.obj
 0001:00014320       _sf_c5_CART3_BladeFlap_IPC_1204_third_party_uses_info 10015320 f   c5_CART3_BladeFlap_IPC_1204.obj
 0001:00014340       _sf_c5_CART3_BladeFlap_IPC_1204_updateBuildInfo_args_info 10015340 f   c5_CART3_BladeFlap_IPC_1204.obj
 0001:00014360       _sf_internal_get_sim_state_c5_CART3_BladeFlap_IPC_1204 10015360 f   c5_CART3_BladeFlap_IPC_1204.obj
 0001:00014630       _sf_internal_set_sim_state_c5_CART3_BladeFlap_IPC_1204 10015630 f   c5_CART3_BladeFlap_IPC_1204.obj
 0001:00014990       _c5_CART3_BladeFlap_IPC_1204_method_dispatcher 10015990 f   c5_CART3_BladeFlap_IPC_1204.obj
 0001:000167f0       _sf_process_check_sum_call 100177f0 f   CART3_BladeFlap_IPC_1204_sfun_registry.obj
 0001:00016820       _sf_process_autoinheritance_call 10017820 f   CART3_BladeFlap_IPC_1204_sfun_registry.obj
 0001:00016960       _sf_process_get_third_party_uses_info_call 10017960 f   CART3_BladeFlap_IPC_1204_sfun_registry.obj
 0001:00016aa0       _sf_process_get_updateBuildInfo_args_info_call 10017aa0 f   CART3_BladeFlap_IPC_1204_sfun_registry.obj
 0001:00016be0       _sf_process_get_eml_resolved_functions_info_call 10017be0 f   CART3_BladeFlap_IPC_1204_sfun_registry.obj
 0001:00016d00       _sf_mex_unlock_call        10017d00 f   CART3_BladeFlap_IPC_1204_sfun_registry.obj
 0001:00016d90       _sf_machine_global_initializer_called 10017d90 f   CART3_BladeFlap_IPC_1204_sfun_registry.obj
 0001:00016db0       _sf_machine_global_method_dispatcher 10017db0 f   CART3_BladeFlap_IPC_1204_sfun_registry.obj
 0001:00016df0       _sf_machine_global_terminator 10017df0 f   CART3_BladeFlap_IPC_1204_sfun_registry.obj
 0001:00016e30       _sf_register_machine_exported_symbols 10017e30 f   CART3_BladeFlap_IPC_1204_sfun_registry.obj
 0001:00016e50       _callCustomFcn             10017e50 f   CART3_BladeFlap_IPC_1204_sfun_registry.obj
 0001:00016e60       _sf_machine_global_initializer 10017e60 f   CART3_BladeFlap_IPC_1204_sfun_registry.obj
 0001:00016ed0       _mdlGetSimState            10017ed0 f   CART3_BladeFlap_IPC_1204_sfun_registry.obj
 0001:00016f30       _mdlSetSimState            10017f30 f   CART3_BladeFlap_IPC_1204_sfun_registry.obj
 0001:00016f60       __ssSetStateAbsTol         10017f60 f   CART3_BladeFlap_IPC_1204_sfun_registry.obj
 0001:00017000       __ssGetAbsTol              10018000 f   CART3_BladeFlap_IPC_1204_sfun_registry.obj
 0001:00017050       __ssSetInputPortMatrixDimensions 10018050 f   CART3_BladeFlap_IPC_1204_sfun_registry.obj
 0001:00017100       __ssSetOutputPortMatrixDimensions 10018100 f   CART3_BladeFlap_IPC_1204_sfun_registry.obj
 0001:000171b0       __ssSetInputPortVectorDimension 100181b0 f   CART3_BladeFlap_IPC_1204_sfun_registry.obj
 0001:00017230       __ssSetOutputPortVectorDimension 10018230 f   CART3_BladeFlap_IPC_1204_sfun_registry.obj
 0001:000172b0       _ssIsRunTimeParamTunable   100182b0 f   CART3_BladeFlap_IPC_1204_sfun_registry.obj
 0001:00017310       _ssGetSFuncBlockHandle     10018310 f   CART3_BladeFlap_IPC_1204_sfun_registry.obj
 0001:00017360       __ssGetCurrentInputPortWidth 10018360 f   CART3_BladeFlap_IPC_1204_sfun_registry.obj
 0001:00017430       __ssGetCurrentOutputPortWidth 10018430 f   CART3_BladeFlap_IPC_1204_sfun_registry.obj
 0001:00017500       __ssGetCallSystemNumFcnCallDestinations 10018500 f   CART3_BladeFlap_IPC_1204_sfun_registry.obj
 0001:00017560       _ssWarning                 10018560 f   CART3_BladeFlap_IPC_1204_sfun_registry.obj
 0001:00017640       _ssGetIsZeroCrossControlDisabled 10018640 f   CART3_BladeFlap_IPC_1204_sfun_registry.obj
 0001:000176a0       _ssSetIsInputPortUsedForContZcSignal 100186a0 f   CART3_BladeFlap_IPC_1204_sfun_registry.obj
 0001:000176f0       _ssSetZcSignalIsZcElementDisc 100186f0 f   CART3_BladeFlap_IPC_1204_sfun_registry.obj
 0001:00017770       _ssSetZcSignalName         10018770 f   CART3_BladeFlap_IPC_1204_sfun_registry.obj
 0001:000177c0       _ssSetZcSignalWidth        100187c0 f   CART3_BladeFlap_IPC_1204_sfun_registry.obj
 0001:00017810       _ssSetZcSignalZcEventType  10018810 f   CART3_BladeFlap_IPC_1204_sfun_registry.obj
 0001:00017860       _ssSetZcSignalType         10018860 f   CART3_BladeFlap_IPC_1204_sfun_registry.obj
 0001:000178b0       _ssSetZcSignalZcTol        100188b0 f   CART3_BladeFlap_IPC_1204_sfun_registry.obj
 0001:00017900       _ssSetZcSignalNeedsEventNotification 10018900 f   CART3_BladeFlap_IPC_1204_sfun_registry.obj
 0001:00017950       _ssCreateAndAddZcSignalInfo 10018950 f   CART3_BladeFlap_IPC_1204_sfun_registry.obj
 0001:000179b0       _ssCloneAndAddZcSignalInfo 100189b0 f   CART3_BladeFlap_IPC_1204_sfun_registry.obj
 0001:00017a10       _ssGetNumZcSignals         10018a10 f   CART3_BladeFlap_IPC_1204_sfun_registry.obj
 0001:00017a70       _ssGetZcSignalVector       10018a70 f   CART3_BladeFlap_IPC_1204_sfun_registry.obj
 0001:00017ad0       _ssGetZcSignalZcEvents     10018ad0 f   CART3_BladeFlap_IPC_1204_sfun_registry.obj
 0001:00017b30       _ssGetZcSignalName         10018b30 f   CART3_BladeFlap_IPC_1204_sfun_registry.obj
 0001:00017b90       _ssGetZcSignalWidth        10018b90 f   CART3_BladeFlap_IPC_1204_sfun_registry.obj
 0001:00017bf0       _ssGetZcSignalZcEventType  10018bf0 f   CART3_BladeFlap_IPC_1204_sfun_registry.obj
 0001:00017c50       _ssGetZcSignalType         10018c50 f   CART3_BladeFlap_IPC_1204_sfun_registry.obj
 0001:00017cb0       _ssGetZcSignalZcTol        10018cb0 f   CART3_BladeFlap_IPC_1204_sfun_registry.obj
 0001:00017d10       _ssGetZcSignalNeedsEventNotification 10018d10 f   CART3_BladeFlap_IPC_1204_sfun_registry.obj
 0001:00017d70       _ssGetZcSignalIsZcElementDisc 10018d70 f   CART3_BladeFlap_IPC_1204_sfun_registry.obj
 0001:00017df0       _ssGetIsInputPortElementContinuous 10018df0 f   CART3_BladeFlap_IPC_1204_sfun_registry.obj
 0001:00017e70       __ssGetInputPortSignalPtrsFcn 10018e70 f   CART3_BladeFlap_IPC_1204_sfun_registry.obj
 0001:00018070       __ssGetInputPortSignalFcn  10019070 f   CART3_BladeFlap_IPC_1204_sfun_registry.obj
 0001:00018200       __ssSetInputPortDirectFeedThroughFcn 10019200 f   CART3_BladeFlap_IPC_1204_sfun_registry.obj
 0001:00018330       __ssSetInputPortReusableFcn 10019330 f   CART3_BladeFlap_IPC_1204_sfun_registry.obj
 0001:000183c0       __ssSetOutputPortReusableFcn 100193c0 f   CART3_BladeFlap_IPC_1204_sfun_registry.obj
 0001:00018450       _ssGetDTypeIdFromMxArray   10019450 f   CART3_BladeFlap_IPC_1204_sfun_registry.obj
 0001:00018540       _ssWriteRTWStr             10019540 f   CART3_BladeFlap_IPC_1204_sfun_registry.obj
 0001:00018580       _ssWriteRTWMxVectParam     10019580 f   CART3_BladeFlap_IPC_1204_sfun_registry.obj
 0001:000185c0       _ssWriteRTWMx2dMatParam    100195c0 f   CART3_BladeFlap_IPC_1204_sfun_registry.obj
 0001:00018600       _ssWriteRTWNameValuePair   10019600 f   CART3_BladeFlap_IPC_1204_sfun_registry.obj
 0001:00018970       _ssWriteRTWParameters      10019970 f   CART3_BladeFlap_IPC_1204_sfun_registry.obj
 0001:00018d10       _ssWriteRTWParamSettings   10019d10 f   CART3_BladeFlap_IPC_1204_sfun_registry.obj
 0001:000191c0       _ssWriteRTWWorkVect        1001a1c0 f   CART3_BladeFlap_IPC_1204_sfun_registry.obj
 0001:00019550       _mexFunction               1001a550 f   CART3_BladeFlap_IPC_1204_sfun_registry.obj
 0001:0001b2a0       _ProcessMexSfunctionEveryCall 1001c2a0 f   CART3_BladeFlap_IPC_1204_sfun_registry.obj
 0001:0001b3be       _sf_debug_set_machine_data_thresholds 1001c3be f   sf_runtime:sf_runtime.dll
 0001:0001b3c4       _sf_debug_set_machine_event_thresholds 1001c3c4 f   sf_runtime:sf_runtime.dll
 0001:0001b3ca       _sf_debug_initialize_machine 1001c3ca f   sf_runtime:sf_runtime.dll
 0001:0001b3d0       _sf_load_rtw_optimization_info 1001c3d0 f   sf_runtime:sf_runtime.dll
 0001:0001b3d6       _sf_mex_emlrtNameCapturePostProcessR2012a 1001c3d6 f   sf_runtime:sf_runtime.dll
 0001:0001b3dc       _sf_mex_assign             1001c3dc f   sf_runtime:sf_runtime.dll
 0001:0001b3e2       _sf_mex_createstruct       1001c3e2 f   sf_runtime:sf_runtime.dll
 0001:0001b3e8       _sf_mex_destroy            1001c3e8 f   sf_runtime:sf_runtime.dll
 0001:0001b3ee       _sf_mex_duplicatearraysafe 1001c3ee f   sf_runtime:sf_runtime.dll
 0001:0001b3f4       _sf_mex_createcellmatrix   1001c3f4 f   sf_runtime:sf_runtime.dll
 0001:0001b3fa       _sf_mex_addfield           1001c3fa f   sf_runtime:sf_runtime.dll
 0001:0001b400       _sf_mex_create             1001c400 f   sf_runtime:sf_runtime.dll
 0001:0001b406       _sf_mex_error_message      1001c406 f   sf_runtime:sf_runtime.dll
 0001:0001b40c       _sf_mex_call_matlab        1001c40c f   sf_runtime:sf_runtime.dll
 0001:0001b412       _sf_mex_setcell            1001c412 f   sf_runtime:sf_runtime.dll
 0001:0001b418       _sf_mex_decode_encoded_mx_struct_array 1001c418 f   sf_runtime:sf_runtime.dll
 0001:0001b41e       _sf_mex_getcell            1001c41e f   sf_runtime:sf_runtime.dll
 0001:0001b424       _sf_mex_dup                1001c424 f   sf_runtime:sf_runtime.dll
 0001:0001b42a       _sf_mex_import             1001c42a f   sf_runtime:sf_runtime.dll
 0001:0001b430       _sf_set_rtw_dwork_info     1001c430 f   sf_runtime:sf_runtime.dll
 0001:0001b436       _sf_mark_chart_reusable_outputs 1001c436 f   sf_runtime:sf_runtime.dll
 0001:0001b43c       _sf_mark_chart_expressionable_inputs 1001c43c f   sf_runtime:sf_runtime.dll
 0001:0001b442       _sf_update_buildInfo       1001c442 f   sf_runtime:sf_runtime.dll
 0001:0001b448       _sf_rtw_info_uint_prop     1001c448 f   sf_runtime:sf_runtime.dll
 0001:0001b44e       _sf_is_chart_inlinable     1001c44e f   sf_runtime:sf_runtime.dll
 0001:0001b454       _sim_mode_is_external      1001c454 f   sf_runtime:sf_runtime.dll
 0001:0001b45a       _sim_mode_is_rtw_gen       1001c45a f   sf_runtime:sf_runtime.dll
 0001:0001b460       _sf_debug_reset_current_state_configuration 1001c460 f   sf_runtime:sf_runtime.dll
 0001:0001b466       _sf_debug_set_instance_data_value_ptr 1001c466 f   sf_runtime:sf_runtime.dll
 0001:0001b46c       _sf_debug_set_chart_data_compiled_props 1001c46c f   sf_runtime:sf_runtime.dll
 0001:0001b472       _cv_eml_init_if            1001c472 f   sf_runtime:sf_runtime.dll
 0001:0001b478       _cv_eml_init_fcn           1001c478 f   sf_runtime:sf_runtime.dll
 0001:0001b47e       _cv_eml_init_script        1001c47e f   sf_runtime:sf_runtime.dll
 0001:0001b484       _sf_debug_cv_init_trans    1001c484 f   sf_runtime:sf_runtime.dll
 0001:0001b48a       _sf_debug_cv_init_state    1001c48a f   sf_runtime:sf_runtime.dll
 0001:0001b490       _sf_debug_cv_init_chart    1001c490 f   sf_runtime:sf_runtime.dll
 0001:0001b496       _sf_debug_set_chart_decomposition 1001c496 f   sf_runtime:sf_runtime.dll
 0001:0001b49c       _sf_debug_set_chart_substate_count 1001c49c f   sf_runtime:sf_runtime.dll
 0001:0001b4a2       _sf_debug_set_chart_state_info 1001c4a2 f   sf_runtime:sf_runtime.dll
 0001:0001b4a8       _sf_debug_set_chart_data_props 1001c4a8 f   sf_runtime:sf_runtime.dll
 0001:0001b4ae       _sf_debug_set_chart_event_thresholds 1001c4ae f   sf_runtime:sf_runtime.dll
 0001:0001b4b4       _sf_debug_set_chart_disable_implicit_casting 1001c4b4 f   sf_runtime:sf_runtime.dll
 0001:0001b4ba       _sf_debug_initialize_chart 1001c4ba f   sf_runtime:sf_runtime.dll
 0001:0001b4c0       _sf_get_time               1001c4c0 f   sf_runtime:sf_runtime.dll
 0001:0001b4c6       _sf_debug_check_for_state_inconsistency 1001c4c6 f   sf_runtime:sf_runtime.dll
 0001:0001b4cc       _sf_debug_symbol_scope_pop 1001c4cc f   sf_runtime:sf_runtime.dll
 0001:0001b4d2       _eml_debug_line_call       1001c4d2 f   sf_runtime:sf_runtime.dll
 0001:0001b4d8       _cv_eml_eval               1001c4d8 f   sf_runtime:sf_runtime.dll
 0001:0001b4de       _sf_debug_symbol_scope_add_eml 1001c4de f   sf_runtime:sf_runtime.dll
 0001:0001b4e4       _sf_debug_symbol_scope_add_eml_importable 1001c4e4 f   sf_runtime:sf_runtime.dll
 0001:0001b4ea       _sf_debug_symbol_scope_push_eml 1001c4ea f   sf_runtime:sf_runtime.dll
 0001:0001b4f0       _sf_debug_data_range_wrapper 1001c4f0 f   sf_runtime:sf_runtime.dll
 0001:0001b4f6       _sf_debug_call             1001c4f6 f   sf_runtime:sf_runtime.dll
 0001:0001b4fc       _sf_debug_symbol_scope_push 1001c4fc f   sf_runtime:sf_runtime.dll
 0001:0001b502       _sf_clear_rtw_identifier   1001c502 f   sf_runtime:sf_runtime.dll
 0001:0001b508       _sf_debug_terminate        1001c508 f   sf_runtime:sf_runtime.dll
 0001:0001b50e       _sf_debug_create_debug_instance_struct 1001c50e f   sf_runtime:sf_runtime.dll
 0001:0001b514       _sf_debug_api              1001c514 f   sf_runtime:sf_runtime.dll
 0001:0001b51a       _callMdlMethodAndReportError 1001c51a f   sf_runtime:sf_runtime.dll
 0001:0001b520       _call_sf_machine_global_method_dispatcher 1001c520 f   sf_runtime:sf_runtime.dll
 0001:0001b526       _sf_clear_error_manager_info 1001c526 f   sf_runtime:sf_runtime.dll
 0001:0001b52c       _sf_mex_error_direct_call  1001c52c f   sf_runtime:sf_runtime.dll
 0001:0001b532       _mxGetScalar               1001c532 f   libmx:libmx.dll
 0001:0001b538       _mxGetPr                   1001c538 f   libmx:libmx.dll
 0001:0001b53e       _mxCreateDoubleMatrix_730  1001c53e f   libmx:libmx.dll
 0001:0001b544       _mxGetString_730           1001c544 f   libmx:libmx.dll
 0001:0001b54a       _mxIsChar                  1001c54a f   libmx:libmx.dll
 0001:0001b550       _mxDestroyArray            1001c550 f   libmx:libmx.dll
 0001:0001b556       _mxDuplicateArray          1001c556 f   libmx:libmx.dll
 0001:0001b55c       _mxCreateDoubleScalar      1001c55c f   libmx:libmx.dll
 0001:0001b562       _mxSetField_730            1001c562 f   libmx:libmx.dll
 0001:0001b568       _mxCreateString            1001c568 f   libmx:libmx.dll
 0001:0001b56e       _mxCreateStructMatrix_730  1001c56e f   libmx:libmx.dll
 0001:0001b574       _mxCreateCellMatrix_730    1001c574 f   libmx:libmx.dll
 0001:0001b57a       _mxGetClassID              1001c57a f   libmx:libmx.dll
 0001:0001b580       _mxIsNumeric               1001c580 f   libmx:libmx.dll
 0001:0001b586       _mxIsComplex               1001c586 f   libmx:libmx.dll
 0001:0001b58c       _mxGetN                    1001c58c f   libmx:libmx.dll
 0001:0001b592       _mxGetM                    1001c592 f   libmx:libmx.dll
 0001:0001b598       _mxCalloc                  1001c598 f   libmx:libmx.dll
 0001:0001b59e       _mexMakeArrayPersistent    1001c59e f   libmex:libmex.dll
 0001:0001b5a4       _mexUnlock                 1001c5a4 f   libmex:libmex.dll
 0001:0001b5aa       _mexIsLocked               1001c5aa f   libmex:libmex.dll
 0001:0001b5b0       _mexWarnMsgTxt             1001c5b0 f   libmex:libmex.dll
 0001:0001b5b6       _mexCallMATLAB             1001c5b6 f   libmex:libmex.dll
 0001:0001b5bc       _mexErrMsgTxt              1001c5bc f   libmex:libmex.dll
 0001:0001b5c2       _mexLock                   1001c5c2 f   libmex:libmex.dll
 0001:0001b5c8       _utMalloc                  1001c5c8 f   libut:libut.dll
 0001:0001b5ce       _utFree                    1001c5ce f   libut:libut.dll
 0001:0001b5d4       _muDoubleScalarSin         1001c5d4 f   libmwmathutil:libmwmathutil.dll
 0001:0001b5da       _muDoubleScalarCos         1001c5da f   libmwmathutil:libmwmathutil.dll
 0001:0001b5e0       _strcmp                    1001c5e0 f   MSVCRT:MSVCR100.dll
 0001:0001b5f0       @__security_check_cookie@4 1001c5f0 f   MSVCRT:secchk.obj
 0001:0001b600       _strlen                    1001c600 f   MSVCRT:MSVCR100.dll
 0001:0001b606       _memset                    1001c606 f   MSVCRT:MSVCR100.dll
 0001:0001b60c       _free                      1001c60c f   MSVCRT:MSVCR100.dll
 0001:0001b612       _sprintf                   1001c612 f   MSVCRT:MSVCR100.dll
 0001:0001b618       _malloc                    1001c618 f   MSVCRT:MSVCR100.dll
 0001:0001b61e       _strcat                    1001c61e f   MSVCRT:MSVCR100.dll
 0001:0001b630       __ftol2_sse                1001c630 f   MSVCRT:ftol2.obj
 0001:0001b639       __ftol2_pentium4           1001c639 f   MSVCRT:ftol2.obj
 0001:0001b64c       __ftol2_sse_excpt          1001c64c f   MSVCRT:ftol2.obj
 0001:0001b666       __ftol2                    1001c666 f   MSVCRT:ftol2.obj
 0001:0001b6dc       _memcpy                    1001c6dc f   MSVCRT:MSVCR100.dll
 0001:0001b6e2       _NtCurrentTeb              1001c6e2 f i MSVCRT:crtdll.obj
 0001:0001b737       __CRT_INIT@12              1001c737 f   MSVCRT:crtdll.obj
 0001:0001ba57       __DllMainCRTStartup@12     1001ca57 f   MSVCRT:crtdll.obj
 0001:0001ba7a       ___report_gsfailure        1001ca7a f   MSVCRT:gs_report.obj
 0001:0001bb80       ___sse2_available_init     1001cb80 f   MSVCRT:cpu_disp.obj
 0001:0001bb90       ___clean_type_info_names   1001cb90 f   MSVCRT:tncleanup.obj
 0001:0001bb9c       __onexit                   1001cb9c f   MSVCRT:atonexit.obj
 0001:0001bc3d       _atexit                    1001cc3d f   MSVCRT:atonexit.obj
 0001:0001bc54       __RTC_Initialize           1001cc54 f   MSVCRT:_initsect_.obj
 0001:0001bc7a       __RTC_Terminate            1001cc7a f   MSVCRT:_initsect_.obj
 0001:0001bca0       __malloc_crt               1001cca0 f   MSVCRT:MSVCR100.dll
 0001:0001bca6       __encoded_null             1001cca6 f   MSVCRT:MSVCR100.dll
 0001:0001bcb0       __ValidateImageBase        1001ccb0 f   MSVCRT:pesect.obj
 0001:0001bcf0       __FindPESection            1001ccf0 f   MSVCRT:pesect.obj
 0001:0001bd40       __IsNonwritableInCurrentImage 1001cd40 f   MSVCRT:pesect.obj
 0001:0001bdfc       __initterm                 1001cdfc f   MSVCRT:MSVCR100.dll
 0001:0001be02       __initterm_e               1001ce02 f   MSVCRT:MSVCR100.dll
 0001:0001be08       __amsg_exit                1001ce08 f   MSVCRT:MSVCR100.dll
 0001:0001be0e       ___CppXcptFilter           1001ce0e f   MSVCRT:MSVCR100.dll
 0001:0001be14       _DllMain@12                1001ce14 f   MSVCRT:dllmain.obj
 0001:0001be40       __SEH_prolog4              1001ce40 f   MSVCRT:sehprolg4.obj
 0001:0001be85       __SEH_epilog4              1001ce85 f   MSVCRT:sehprolg4.obj
 0001:0001be99       __except_handler4          1001ce99 f   MSVCRT:chandler4gs.obj
 0001:0001bebe       ___security_init_cookie    1001cebe f   MSVCRT:gs_support.obj
 0001:0001bf5a       __crt_debugger_hook        1001cf5a f   MSVCRT:MSVCR100.dll
 0001:0001bf60       ___clean_type_info_names_internal 1001cf60 f   MSVCRT:MSVCR100.dll
 0001:0001bf66       __unlock                   1001cf66 f   MSVCRT:MSVCR100.dll
 0001:0001bf6c       ___dllonexit               1001cf6c f   MSVCRT:MSVCR100.dll
 0001:0001bf72       __lock                     1001cf72 f   MSVCRT:MSVCR100.dll
 0001:0001bf78       __except_handler4_common   1001cf78 f   MSVCRT:MSVCR100.dll
 0001:0001bf7e       _EncodePointer@4           1001cf7e f   kernel32:KERNEL32.dll
 0001:0001bf84       _DecodePointer@4           1001cf84 f   kernel32:KERNEL32.dll
 0001:0001bf8a       _InterlockedExchange@8     1001cf8a f   kernel32:KERNEL32.dll
 0001:0001bf90       _Sleep@4                   1001cf90 f   kernel32:KERNEL32.dll
 0001:0001bf96       _InterlockedCompareExchange@12 1001cf96 f   kernel32:KERNEL32.dll
 0001:0001bf9c       _TerminateProcess@8        1001cf9c f   kernel32:KERNEL32.dll
 0001:0001bfa2       _GetCurrentProcess@0       1001cfa2 f   kernel32:KERNEL32.dll
 0001:0001bfa8       _UnhandledExceptionFilter@4 1001cfa8 f   kernel32:KERNEL32.dll
 0001:0001bfae       _SetUnhandledExceptionFilter@4 1001cfae f   kernel32:KERNEL32.dll
 0001:0001bfb4       _IsDebuggerPresent@0       1001cfb4 f   kernel32:KERNEL32.dll
 0001:0001bfba       _IsProcessorFeaturePresent@4 1001cfba f   kernel32:KERNEL32.dll
 0001:0001bfc0       _DisableThreadLibraryCalls@4 1001cfc0 f   kernel32:KERNEL32.dll
 0001:0001bfc6       _QueryPerformanceCounter@4 1001cfc6 f   kernel32:KERNEL32.dll
 0001:0001bfcc       _GetTickCount@0            1001cfcc f   kernel32:KERNEL32.dll
 0001:0001bfd2       _GetCurrentThreadId@0      1001cfd2 f   kernel32:KERNEL32.dll
 0001:0001bfd8       _GetCurrentProcessId@0     1001cfd8 f   kernel32:KERNEL32.dll
 0001:0001bfde       _GetSystemTimeAsFileTime@4 1001cfde f   kernel32:KERNEL32.dll
 0002:00000000       __imp__GetSystemTimeAsFileTime@4 1001d000     kernel32:KERNEL32.dll
 0002:00000004       __imp__GetCurrentProcessId@0 1001d004     kernel32:KERNEL32.dll
 0002:00000008       __imp__GetCurrentThreadId@0 1001d008     kernel32:KERNEL32.dll
 0002:0000000c       __imp__GetTickCount@0      1001d00c     kernel32:KERNEL32.dll
 0002:00000010       __imp__QueryPerformanceCounter@4 1001d010     kernel32:KERNEL32.dll
 0002:00000014       __imp__DisableThreadLibraryCalls@4 1001d014     kernel32:KERNEL32.dll
 0002:00000018       __imp__IsProcessorFeaturePresent@4 1001d018     kernel32:KERNEL32.dll
 0002:0000001c       __imp__IsDebuggerPresent@0 1001d01c     kernel32:KERNEL32.dll
 0002:00000020       __imp__SetUnhandledExceptionFilter@4 1001d020     kernel32:KERNEL32.dll
 0002:00000024       __imp__UnhandledExceptionFilter@4 1001d024     kernel32:KERNEL32.dll
 0002:00000028       __imp__GetCurrentProcess@0 1001d028     kernel32:KERNEL32.dll
 0002:0000002c       __imp__TerminateProcess@8  1001d02c     kernel32:KERNEL32.dll
 0002:00000030       __imp__InterlockedCompareExchange@12 1001d030     kernel32:KERNEL32.dll
 0002:00000034       __imp__Sleep@4             1001d034     kernel32:KERNEL32.dll
 0002:00000038       __imp__InterlockedExchange@8 1001d038     kernel32:KERNEL32.dll
 0002:0000003c       __imp__DecodePointer@4     1001d03c     kernel32:KERNEL32.dll
 0002:00000040       __imp__EncodePointer@4     1001d040     kernel32:KERNEL32.dll
 0002:00000044       \177KERNEL32_NULL_THUNK_DATA 1001d044     kernel32:KERNEL32.dll
 0002:00000048       __imp___except_handler4_common 1001d048     MSVCRT:MSVCR100.dll
 0002:0000004c       __imp___onexit             1001d04c     MSVCRT:MSVCR100.dll
 0002:00000050       __imp___lock               1001d050     MSVCRT:MSVCR100.dll
 0002:00000054       __imp____dllonexit         1001d054     MSVCRT:MSVCR100.dll
 0002:00000058       __imp___unlock             1001d058     MSVCRT:MSVCR100.dll
 0002:0000005c       __imp____clean_type_info_names_internal 1001d05c     MSVCRT:MSVCR100.dll
 0002:00000060       __imp___crt_debugger_hook  1001d060     MSVCRT:MSVCR100.dll
 0002:00000064       __imp____CppXcptFilter     1001d064     MSVCRT:MSVCR100.dll
 0002:00000068       __imp___amsg_exit          1001d068     MSVCRT:MSVCR100.dll
 0002:0000006c       __imp___initterm_e         1001d06c     MSVCRT:MSVCR100.dll
 0002:00000070       __imp___initterm           1001d070     MSVCRT:MSVCR100.dll
 0002:00000074       __imp___encoded_null       1001d074     MSVCRT:MSVCR100.dll
 0002:00000078       __imp___malloc_crt         1001d078     MSVCRT:MSVCR100.dll
 0002:0000007c       __imp__memcpy              1001d07c     MSVCRT:MSVCR100.dll
 0002:00000080       __imp__strcat              1001d080     MSVCRT:MSVCR100.dll
 0002:00000084       __imp__malloc              1001d084     MSVCRT:MSVCR100.dll
 0002:00000088       __imp__sprintf             1001d088     MSVCRT:MSVCR100.dll
 0002:0000008c       __imp__free                1001d08c     MSVCRT:MSVCR100.dll
 0002:00000090       __imp__memset              1001d090     MSVCRT:MSVCR100.dll
 0002:00000094       __imp__strlen              1001d094     MSVCRT:MSVCR100.dll
 0002:00000098       __imp__strcmp              1001d098     MSVCRT:MSVCR100.dll
 0002:0000009c       \177MSVCR100_NULL_THUNK_DATA 1001d09c     MSVCRT:MSVCR100.dll
 0002:000000a0       __imp__mexErrMsgTxt        1001d0a0     libmex:libmex.dll
 0002:000000a4       __imp__mexUnlock           1001d0a4     libmex:libmex.dll
 0002:000000a8       __imp__mexIsLocked         1001d0a8     libmex:libmex.dll
 0002:000000ac       __imp__mexLock             1001d0ac     libmex:libmex.dll
 0002:000000b0       __imp__mexMakeArrayPersistent 1001d0b0     libmex:libmex.dll
 0002:000000b4       __imp__mexCallMATLAB       1001d0b4     libmex:libmex.dll
 0002:000000b8       __imp__mexWarnMsgTxt       1001d0b8     libmex:libmex.dll
 0002:000000bc       \177libmex_NULL_THUNK_DATA 1001d0bc     libmex:libmex.dll
 0002:000000c0       __imp__muDoubleScalarCos   1001d0c0     libmwmathutil:libmwmathutil.dll
 0002:000000c4       __imp__muDoubleScalarSin   1001d0c4     libmwmathutil:libmwmathutil.dll
 0002:000000c8       \177libmwmathutil_NULL_THUNK_DATA 1001d0c8     libmwmathutil:libmwmathutil.dll
 0002:000000cc       __imp__mxCalloc            1001d0cc     libmx:libmx.dll
 0002:000000d0       __imp__mxGetM              1001d0d0     libmx:libmx.dll
 0002:000000d4       __imp__mxGetN              1001d0d4     libmx:libmx.dll
 0002:000000d8       __imp__mxIsComplex         1001d0d8     libmx:libmx.dll
 0002:000000dc       __imp__mxIsNumeric         1001d0dc     libmx:libmx.dll
 0002:000000e0       __imp__mxGetClassID        1001d0e0     libmx:libmx.dll
 0002:000000e4       __imp__mxCreateCellMatrix_730 1001d0e4     libmx:libmx.dll
 0002:000000e8       __imp__mxCreateStructMatrix_730 1001d0e8     libmx:libmx.dll
 0002:000000ec       __imp__mxCreateString      1001d0ec     libmx:libmx.dll
 0002:000000f0       __imp__mxSetField_730      1001d0f0     libmx:libmx.dll
 0002:000000f4       __imp__mxCreateDoubleScalar 1001d0f4     libmx:libmx.dll
 0002:000000f8       __imp__mxGetScalar         1001d0f8     libmx:libmx.dll
 0002:000000fc       __imp__mxGetPr             1001d0fc     libmx:libmx.dll
 0002:00000100       __imp__mxCreateDoubleMatrix_730 1001d100     libmx:libmx.dll
 0002:00000104       __imp__mxGetString_730     1001d104     libmx:libmx.dll
 0002:00000108       __imp__mxIsChar            1001d108     libmx:libmx.dll
 0002:0000010c       __imp__mxDestroyArray      1001d10c     libmx:libmx.dll
 0002:00000110       __imp__mxDuplicateArray    1001d110     libmx:libmx.dll
 0002:00000114       \177libmx_NULL_THUNK_DATA  1001d114     libmx:libmx.dll
 0002:00000118       __imp__utMalloc            1001d118     libut:libut.dll
 0002:0000011c       __imp__utFree              1001d11c     libut:libut.dll
 0002:00000120       \177libut_NULL_THUNK_DATA  1001d120     libut:libut.dll
 0002:00000124       __imp__call_sf_machine_global_method_dispatcher 1001d124     sf_runtime:sf_runtime.dll
 0002:00000128       __imp__callMdlMethodAndReportError 1001d128     sf_runtime:sf_runtime.dll
 0002:0000012c       __imp__sf_debug_api        1001d12c     sf_runtime:sf_runtime.dll
 0002:00000130       __imp__sf_debug_create_debug_instance_struct 1001d130     sf_runtime:sf_runtime.dll
 0002:00000134       __imp__sf_debug_terminate  1001d134     sf_runtime:sf_runtime.dll
 0002:00000138       __imp__sf_clear_rtw_identifier 1001d138     sf_runtime:sf_runtime.dll
 0002:0000013c       __imp__sf_debug_symbol_scope_push 1001d13c     sf_runtime:sf_runtime.dll
 0002:00000140       __imp__sf_debug_call       1001d140     sf_runtime:sf_runtime.dll
 0002:00000144       __imp__sf_clear_error_manager_info 1001d144     sf_runtime:sf_runtime.dll
 0002:00000148       __imp__sf_debug_symbol_scope_push_eml 1001d148     sf_runtime:sf_runtime.dll
 0002:0000014c       __imp__sf_debug_symbol_scope_add_eml_importable 1001d14c     sf_runtime:sf_runtime.dll
 0002:00000150       __imp__sf_debug_symbol_scope_add_eml 1001d150     sf_runtime:sf_runtime.dll
 0002:00000154       __imp__cv_eml_eval         1001d154     sf_runtime:sf_runtime.dll
 0002:00000158       __imp__eml_debug_line_call 1001d158     sf_runtime:sf_runtime.dll
 0002:0000015c       __imp__sf_debug_symbol_scope_pop 1001d15c     sf_runtime:sf_runtime.dll
 0002:00000160       __imp__sf_debug_check_for_state_inconsistency 1001d160     sf_runtime:sf_runtime.dll
 0002:00000164       __imp__sf_get_time         1001d164     sf_runtime:sf_runtime.dll
 0002:00000168       __imp__sf_mex_error_direct_call 1001d168     sf_runtime:sf_runtime.dll
 0002:0000016c       __imp__sf_debug_data_range_wrapper 1001d16c     sf_runtime:sf_runtime.dll
 0002:00000170       __imp__sf_debug_initialize_chart 1001d170     sf_runtime:sf_runtime.dll
 0002:00000174       __imp__sf_debug_set_chart_disable_implicit_casting 1001d174     sf_runtime:sf_runtime.dll
 0002:00000178       __imp__sf_debug_set_chart_event_thresholds 1001d178     sf_runtime:sf_runtime.dll
 0002:0000017c       __imp__sf_debug_set_chart_data_props 1001d17c     sf_runtime:sf_runtime.dll
 0002:00000180       __imp__sf_debug_set_chart_state_info 1001d180     sf_runtime:sf_runtime.dll
 0002:00000184       __imp__sf_debug_set_chart_substate_count 1001d184     sf_runtime:sf_runtime.dll
 0002:00000188       __imp__sf_debug_set_chart_decomposition 1001d188     sf_runtime:sf_runtime.dll
 0002:0000018c       __imp__sf_debug_cv_init_chart 1001d18c     sf_runtime:sf_runtime.dll
 0002:00000190       __imp__sf_debug_cv_init_state 1001d190     sf_runtime:sf_runtime.dll
 0002:00000194       __imp__sf_debug_cv_init_trans 1001d194     sf_runtime:sf_runtime.dll
 0002:00000198       __imp__cv_eml_init_script  1001d198     sf_runtime:sf_runtime.dll
 0002:0000019c       __imp__cv_eml_init_fcn     1001d19c     sf_runtime:sf_runtime.dll
 0002:000001a0       __imp__cv_eml_init_if      1001d1a0     sf_runtime:sf_runtime.dll
 0002:000001a4       __imp__sf_debug_set_chart_data_compiled_props 1001d1a4     sf_runtime:sf_runtime.dll
 0002:000001a8       __imp__sf_debug_set_instance_data_value_ptr 1001d1a8     sf_runtime:sf_runtime.dll
 0002:000001ac       __imp__sf_debug_reset_current_state_configuration 1001d1ac     sf_runtime:sf_runtime.dll
 0002:000001b0       __imp__sim_mode_is_rtw_gen 1001d1b0     sf_runtime:sf_runtime.dll
 0002:000001b4       __imp__sim_mode_is_external 1001d1b4     sf_runtime:sf_runtime.dll
 0002:000001b8       __imp__sf_is_chart_inlinable 1001d1b8     sf_runtime:sf_runtime.dll
 0002:000001bc       __imp__sf_rtw_info_uint_prop 1001d1bc     sf_runtime:sf_runtime.dll
 0002:000001c0       __imp__sf_update_buildInfo 1001d1c0     sf_runtime:sf_runtime.dll
 0002:000001c4       __imp__sf_mark_chart_expressionable_inputs 1001d1c4     sf_runtime:sf_runtime.dll
 0002:000001c8       __imp__sf_mark_chart_reusable_outputs 1001d1c8     sf_runtime:sf_runtime.dll
 0002:000001cc       __imp__sf_set_rtw_dwork_info 1001d1cc     sf_runtime:sf_runtime.dll
 0002:000001d0       __imp__sf_mex_import       1001d1d0     sf_runtime:sf_runtime.dll
 0002:000001d4       __imp__sf_mex_dup          1001d1d4     sf_runtime:sf_runtime.dll
 0002:000001d8       __imp__sf_mex_getcell      1001d1d8     sf_runtime:sf_runtime.dll
 0002:000001dc       __imp__sf_mex_decode_encoded_mx_struct_array 1001d1dc     sf_runtime:sf_runtime.dll
 0002:000001e0       __imp__sf_mex_setcell      1001d1e0     sf_runtime:sf_runtime.dll
 0002:000001e4       __imp__sf_mex_call_matlab  1001d1e4     sf_runtime:sf_runtime.dll
 0002:000001e8       __imp__sf_mex_error_message 1001d1e8     sf_runtime:sf_runtime.dll
 0002:000001ec       __imp__sf_mex_create       1001d1ec     sf_runtime:sf_runtime.dll
 0002:000001f0       __imp__sf_mex_addfield     1001d1f0     sf_runtime:sf_runtime.dll
 0002:000001f4       __imp__sf_mex_createcellmatrix 1001d1f4     sf_runtime:sf_runtime.dll
 0002:000001f8       __imp__sf_mex_duplicatearraysafe 1001d1f8     sf_runtime:sf_runtime.dll
 0002:000001fc       __imp__sf_mex_destroy      1001d1fc     sf_runtime:sf_runtime.dll
 0002:00000200       __imp__sf_mex_createstruct 1001d200     sf_runtime:sf_runtime.dll
 0002:00000204       __imp__sf_mex_assign       1001d204     sf_runtime:sf_runtime.dll
 0002:00000208       __imp__sf_mex_emlrtNameCapturePostProcessR2012a 1001d208     sf_runtime:sf_runtime.dll
 0002:0000020c       __imp__sf_load_rtw_optimization_info 1001d20c     sf_runtime:sf_runtime.dll
 0002:00000210       __imp__sf_debug_initialize_machine 1001d210     sf_runtime:sf_runtime.dll
 0002:00000214       __imp__sf_debug_set_machine_event_thresholds 1001d214     sf_runtime:sf_runtime.dll
 0002:00000218       __imp__sf_debug_set_machine_data_thresholds 1001d218     sf_runtime:sf_runtime.dll
 0002:0000021c       \177sf_runtime_NULL_THUNK_DATA 1001d21c     sf_runtime:sf_runtime.dll
 0002:00000220       ___xc_a                    1001d220     MSVCRT:cinitexe.obj
 0002:00000224       ___xc_z                    1001d224     MSVCRT:cinitexe.obj
 0002:00000228       ___xi_a                    1001d228     MSVCRT:cinitexe.obj
 0002:00000234       ___xi_z                    1001d234     MSVCRT:cinitexe.obj
 0002:00000238       __real@41e246f9db800000    1001d238     CART3_BladeFlap_IPC_1204_sfun.obj
 0002:00000240       __real@41e58223be800000    1001d240     CART3_BladeFlap_IPC_1204_sfun.obj
 0002:00000248       __real@41ea68b9a9400000    1001d248     CART3_BladeFlap_IPC_1204_sfun.obj
 0002:00000250       __real@41e54e4b57a00000    1001d250     CART3_BladeFlap_IPC_1204_sfun.obj
 0002:00000258       __real@41d187d0c8400000    1001d258     CART3_BladeFlap_IPC_1204_sfun.obj
 0002:00000260       __real@41cff744e8000000    1001d260     CART3_BladeFlap_IPC_1204_sfun.obj
 0002:00000268       __real@41b7e1066f000000    1001d268     CART3_BladeFlap_IPC_1204_sfun.obj
 0002:00000270       __real@41c845d7be800000    1001d270     CART3_BladeFlap_IPC_1204_sfun.obj
 0002:00000278       __real@41a9a1eb04000000    1001d278     CART3_BladeFlap_IPC_1204_sfun.obj
 0002:00000280       __real@41b0e1e2dd000000    1001d280     CART3_BladeFlap_IPC_1204_sfun.obj
 0002:00000288       __real@4195ed7d48000000    1001d288     CART3_BladeFlap_IPC_1204_sfun.obj
 0002:00000290       __real@41ce13fa27800000    1001d290     CART3_BladeFlap_IPC_1204_sfun.obj
 0002:00000298       __real@0000000000000000    1001d298     CART3_BladeFlap_IPC_1204_sfun.obj
 0002:000002a0       __real@41ea2d092fa00000    1001d2a0     CART3_BladeFlap_IPC_1204_sfun.obj
 0002:000002a8       __real@41a469d41c000000    1001d2a8     CART3_BladeFlap_IPC_1204_sfun.obj
 0002:000002b0       __real@41e950cf0d600000    1001d2b0     CART3_BladeFlap_IPC_1204_sfun.obj
 0002:000002b8       __real@41d53bee25c00000    1001d2b8     CART3_BladeFlap_IPC_1204_sfun.obj
 0002:000002c0       __real@41e234bd2b000000    1001d2c0     c1_CART3_BladeFlap_IPC_1204.obj
 0002:000002c8       __real@41edb1c34bc00000    1001d2c8     c1_CART3_BladeFlap_IPC_1204.obj
 0002:000002d0       __real@41e300abd3600000    1001d2d0     c1_CART3_BladeFlap_IPC_1204.obj
 0002:000002d8       __real@41edca0207800000    1001d2d8     c1_CART3_BladeFlap_IPC_1204.obj
 0002:000002e0       __real@4024000000000000    1001d2e0     c1_CART3_BladeFlap_IPC_1204.obj
 0002:000002e8       __real@3ff0000000000000    1001d2e8     c1_CART3_BladeFlap_IPC_1204.obj
 0002:000002f0       __real@401921fb54442d18    1001d2f0     c1_CART3_BladeFlap_IPC_1204.obj
 0002:000002f8       __real@bff921fb54442d18    1001d2f8     c1_CART3_BladeFlap_IPC_1204.obj
 0002:00000300       __real@4000000000000000    1001d300     c1_CART3_BladeFlap_IPC_1204.obj
 0002:00000308       __real@41e295098b400000    1001d308     c2_CART3_BladeFlap_IPC_1204.obj
 0002:00000310       __real@41ed43f6dae00000    1001d310     c2_CART3_BladeFlap_IPC_1204.obj
 0002:00000318       __real@41b278aa37000000    1001d318     c2_CART3_BladeFlap_IPC_1204.obj
 0002:00000320       __real@41e608909ac00000    1001d320     c2_CART3_BladeFlap_IPC_1204.obj
 0002:00000328       __real@4008000000000000    1001d328     c2_CART3_BladeFlap_IPC_1204.obj
 0002:00000330       __real@3fe5555555555555    1001d330     c2_CART3_BladeFlap_IPC_1204.obj
 0002:00000338       __real@3fd5555555555555    1001d338     c2_CART3_BladeFlap_IPC_1204.obj
 0002:00000340       __real@4010c152382d7365    1001d340     c2_CART3_BladeFlap_IPC_1204.obj
 0002:00000348       __real@4000c152382d7365    1001d348     c2_CART3_BladeFlap_IPC_1204.obj
 0002:00000350       __real@4066800000000000    1001d350     c2_CART3_BladeFlap_IPC_1204.obj
 0002:00000358       __real@400921fb54442d18    1001d358     c2_CART3_BladeFlap_IPC_1204.obj
 0002:00000360       __real@41e4f6a371200000    1001d360     c4_CART3_BladeFlap_IPC_1204.obj
 0002:00000368       __real@41ee750b74e00000    1001d368     c4_CART3_BladeFlap_IPC_1204.obj
 0002:00000370       __real@41d73f54f9000000    1001d370     c4_CART3_BladeFlap_IPC_1204.obj
 0002:00000378       __real@41d010072f400000    1001d378     c4_CART3_BladeFlap_IPC_1204.obj
 0002:00000380       _DYNAMIC_DIMENSION_DEF     1001d380     CART3_BladeFlap_IPC_1204_sfun_registry.obj
 0002:00000390       __ssBadLevel2InputAccessMsg 1001d390     CART3_BladeFlap_IPC_1204_sfun_registry.obj
 0002:00000518       __ssBadLevel2DirectFeedMsg 1001d518     CART3_BladeFlap_IPC_1204_sfun_registry.obj
 0002:00000658       __ssBadLevel2DirectFeedSolutionMsg 1001d658     CART3_BladeFlap_IPC_1204_sfun_registry.obj
 0002:000006c8       __ssBadLevel2ZeroDirectFeedMsg 1001d6c8     CART3_BladeFlap_IPC_1204_sfun_registry.obj
 0002:00000808       __ssBadLevel2ZeroDirectFeedMsg2 1001d808     CART3_BladeFlap_IPC_1204_sfun_registry.obj
 0002:000008f0       __real@bff0000000000000    1001d8f0     CART3_BladeFlap_IPC_1204_sfun_registry.obj
 0002:000008f8       __real@4153d65940000000    1001d8f8     CART3_BladeFlap_IPC_1204_sfun_registry.obj
 0002:00000900       __pDefaultRawDllMain       1001d900     MSVCRT:crtdll.obj
 0002:00000900       __pRawDllMain              1001d900     MSVCRT:crtdll.obj
 0002:0000090c       ?ProcessDetach@NativeDll@<CrtImplementationDetails>@@0IB 1001d90c     MSVCRT:tncleanup.obj
 0002:00000910       ?ProcessAttach@NativeDll@<CrtImplementationDetails>@@0IB 1001d910     MSVCRT:tncleanup.obj
 0002:00000914       ?ThreadAttach@NativeDll@<CrtImplementationDetails>@@0IB 1001d914     MSVCRT:tncleanup.obj
 0002:00000918       ?ThreadDetach@NativeDll@<CrtImplementationDetails>@@0IB 1001d918     MSVCRT:tncleanup.obj
 0002:0000091c       ?ProcessVerifier@NativeDll@<CrtImplementationDetails>@@0IB 1001d91c     MSVCRT:tncleanup.obj
 0002:00000920       __load_config_used         1001d920     MSVCRT:loadcfg.obj
 0002:00000970       ___safe_se_handler_table   1001d970     <linker-defined>
 0002:00000974       ___rtc_iaa                 1001d974     MSVCRT:_initsect_.obj
 0002:00000978       ___rtc_izz                 1001d978     MSVCRT:_initsect_.obj
 0002:0000097c       ___rtc_taa                 1001d97c     MSVCRT:_initsect_.obj
 0002:00000980       ___rtc_tzz                 1001d980     MSVCRT:_initsect_.obj
 0002:000009ec       __IMPORT_DESCRIPTOR_sf_runtime 1001d9ec     sf_runtime:sf_runtime.dll
 0002:00000a00       __IMPORT_DESCRIPTOR_libmx  1001da00     libmx:libmx.dll
 0002:00000a14       __IMPORT_DESCRIPTOR_libmex 1001da14     libmex:libmex.dll
 0002:00000a28       __IMPORT_DESCRIPTOR_libut  1001da28     libut:libut.dll
 0002:00000a3c       __IMPORT_DESCRIPTOR_libmwmathutil 1001da3c     libmwmathutil:libmwmathutil.dll
 0002:00000a50       __IMPORT_DESCRIPTOR_MSVCR100 1001da50     MSVCRT:MSVCR100.dll
 0002:00000a64       __IMPORT_DESCRIPTOR_KERNEL32 1001da64     kernel32:KERNEL32.dll
 0002:00000a78       __NULL_IMPORT_DESCRIPTOR   1001da78     sf_runtime:sf_runtime.dll
 0003:00008d10       _DYNAMIC_DIMENSION         10027d10     CART3_BladeFlap_IPC_1204_sfun_registry.obj
 0003:0000989c       ___security_cookie         1002889c     MSVCRT:gs_cookie.obj
 0003:000098a0       ___security_cookie_complement 100288a0     MSVCRT:gs_cookie.obj
 0003:000098b0       ___native_dllmain_reason   100288b0     MSVCRT:natstart.obj
 0003:000098b4       ___native_vcclrit_reason   100288b4     MSVCRT:natstart.obj
 0003:000099f0       _sfGlobalDebugInstanceStruct 100289f0     CART3_BladeFlap_IPC_1204_sfun_registry.obj
 0003:00009d24       ?__type_info_root_node@@3U__type_info_node@@A 10028d24     MSVCRT:tncleanup.obj
 0003:00009d2c       __CART3_BladeFlap_IPC_1204MachineNumber_ 10028d2c     <common>
 0003:00009d30       ___native_startup_state    10028d30     <common>
 0003:00009d34       ___native_startup_lock     10028d34     <common>
 0003:00009d38       ___onexitend               10028d38     <common>
 0003:00009d3c       ___onexitbegin             10028d3c     <common>
 0003:00009d40       ___sse2_available          10028d40     <common>
 0003:00009d44       ___dyn_tls_init_callback   10028d44     <common>

 entry point at        0001:0001ba57

 Static symbols

 0001:00000df0       _c1_info_helper            10001df0 f   c1_CART3_BladeFlap_IPC_1204.obj
 0001:00001b30       _c1_emlrt_marshallOut      10002b30 f   c1_CART3_BladeFlap_IPC_1204.obj
 0001:00001b90       _c1_b_emlrt_marshallOut    10002b90 f   c1_CART3_BladeFlap_IPC_1204.obj
 0001:00002160       _get_sim_state_c1_CART3_BladeFlap_IPC_1204 10003160 f   c1_CART3_BladeFlap_IPC_1204.obj
 0001:00002280       _sf_get_sim_state_info_c1_CART3_BladeFlap_IPC_1204 10003280 f   c1_CART3_BladeFlap_IPC_1204.obj
 0001:00002400       _set_sim_state_c1_CART3_BladeFlap_IPC_1204 10003400 f   c1_CART3_BladeFlap_IPC_1204.obj
 0001:000024c0       _c1_update_debugger_state_c1_CART3_BladeFlap_IPC_1204 100034c0 f   c1_CART3_BladeFlap_IPC_1204.obj
 0001:000024d0       _c1_emlrt_marshallIn       100034d0 f   c1_CART3_BladeFlap_IPC_1204.obj
 0001:00002520       _c1_b_emlrt_marshallIn     10003520 f   c1_CART3_BladeFlap_IPC_1204.obj
 0001:00002570       _c1_d_emlrt_marshallIn     10003570 f   c1_CART3_BladeFlap_IPC_1204.obj
 0001:000025c0       _c1_e_emlrt_marshallIn     100035c0 f   c1_CART3_BladeFlap_IPC_1204.obj
 0001:00002670       _mdlProcessParameters_c1_CART3_BladeFlap_IPC_1204 10003670 f   c1_CART3_BladeFlap_IPC_1204.obj
 0001:00002720       _initialize_params_c1_CART3_BladeFlap_IPC_1204 10003720 f   c1_CART3_BladeFlap_IPC_1204.obj
 0001:00002730       _mdlSetWorkWidths_c1_CART3_BladeFlap_IPC_1204 10003730 f   c1_CART3_BladeFlap_IPC_1204.obj
 0001:00002ad0       _sf_get_instance_specialization 10003ad0 f   c1_CART3_BladeFlap_IPC_1204.obj
 0001:00002ae0       _mdlStart_c1_CART3_BladeFlap_IPC_1204 10003ae0 f   c1_CART3_BladeFlap_IPC_1204.obj
 0001:00002c80       _init_dsm_address_info     10003c80 f   c1_CART3_BladeFlap_IPC_1204.obj
 0001:00002c90       _chart_debug_initialization 10003c90 f   c1_CART3_BladeFlap_IPC_1204.obj
 0001:000031d0       _init_script_number_translation 100041d0 f   c1_CART3_BladeFlap_IPC_1204.obj
 0001:000031e0       _c1_sf_marshallOut         100041e0 f   c1_CART3_BladeFlap_IPC_1204.obj
 0001:00003260       _c1_sf_marshallIn          10004260 f   c1_CART3_BladeFlap_IPC_1204.obj
 0001:000032e0       _sf_opaque_initialize_c1_CART3_BladeFlap_IPC_1204 100042e0 f   c1_CART3_BladeFlap_IPC_1204.obj
 0001:00003310       _initialize_c1_CART3_BladeFlap_IPC_1204 10004310 f   c1_CART3_BladeFlap_IPC_1204.obj
 0001:00003340       _sf_opaque_enable_c1_CART3_BladeFlap_IPC_1204 10004340 f   c1_CART3_BladeFlap_IPC_1204.obj
 0001:00003360       _enable_c1_CART3_BladeFlap_IPC_1204 10004360 f   c1_CART3_BladeFlap_IPC_1204.obj
 0001:00003380       _sf_opaque_disable_c1_CART3_BladeFlap_IPC_1204 10004380 f   c1_CART3_BladeFlap_IPC_1204.obj
 0001:000033a0       _disable_c1_CART3_BladeFlap_IPC_1204 100043a0 f   c1_CART3_BladeFlap_IPC_1204.obj
 0001:000033c0       _sf_opaque_gateway_c1_CART3_BladeFlap_IPC_1204 100043c0 f   c1_CART3_BladeFlap_IPC_1204.obj
 0001:000033e0       _sf_gateway_c1_CART3_BladeFlap_IPC_1204 100043e0 f   c1_CART3_BladeFlap_IPC_1204.obj
 0001:000038f0       _sf_opaque_get_sim_state_c1_CART3_BladeFlap_IPC_1204 100048f0 f   c1_CART3_BladeFlap_IPC_1204.obj
 0001:00003910       _sf_opaque_set_sim_state_c1_CART3_BladeFlap_IPC_1204 10004910 f   c1_CART3_BladeFlap_IPC_1204.obj
 0001:00003930       _sf_opaque_terminate_c1_CART3_BladeFlap_IPC_1204 10004930 f   c1_CART3_BladeFlap_IPC_1204.obj
 0001:000039c0       _finalize_c1_CART3_BladeFlap_IPC_1204 100049c0 f   c1_CART3_BladeFlap_IPC_1204.obj
 0001:000039d0       _sf_opaque_init_subchart_simstructs 100049d0 f   c1_CART3_BladeFlap_IPC_1204.obj
 0001:000039f0       _initSimStructsc1_CART3_BladeFlap_IPC_1204 100049f0 f   c1_CART3_BladeFlap_IPC_1204.obj
 0001:00003a00       _mdlRTW_c1_CART3_BladeFlap_IPC_1204 10004a00 f   c1_CART3_BladeFlap_IPC_1204.obj
 0001:00003a90       _c2_info_helper            10004a90 f   c2_CART3_BladeFlap_IPC_1204.obj
 0001:00005310       _c2_emlrt_marshallOut      10006310 f   c2_CART3_BladeFlap_IPC_1204.obj
 0001:00005370       _c2_b_emlrt_marshallOut    10006370 f   c2_CART3_BladeFlap_IPC_1204.obj
 0001:00005950       _get_sim_state_c2_CART3_BladeFlap_IPC_1204 10006950 f   c2_CART3_BladeFlap_IPC_1204.obj
 0001:00005aa0       _sf_get_sim_state_info_c2_CART3_BladeFlap_IPC_1204 10006aa0 f   c2_CART3_BladeFlap_IPC_1204.obj
 0001:00005c20       _set_sim_state_c2_CART3_BladeFlap_IPC_1204 10006c20 f   c2_CART3_BladeFlap_IPC_1204.obj
 0001:00005d20       _c2_update_debugger_state_c2_CART3_BladeFlap_IPC_1204 10006d20 f   c2_CART3_BladeFlap_IPC_1204.obj
 0001:00005d30       _c2_emlrt_marshallIn       10006d30 f   c2_CART3_BladeFlap_IPC_1204.obj
 0001:00005d80       _c2_b_emlrt_marshallIn     10006d80 f   c2_CART3_BladeFlap_IPC_1204.obj
 0001:00005e10       _c2_e_emlrt_marshallIn     10006e10 f   c2_CART3_BladeFlap_IPC_1204.obj
 0001:00005e60       _c2_f_emlrt_marshallIn     10006e60 f   c2_CART3_BladeFlap_IPC_1204.obj
 0001:00005f10       _mdlProcessParameters_c2_CART3_BladeFlap_IPC_1204 10006f10 f   c2_CART3_BladeFlap_IPC_1204.obj
 0001:00005fc0       _initialize_params_c2_CART3_BladeFlap_IPC_1204 10006fc0 f   c2_CART3_BladeFlap_IPC_1204.obj
 0001:00005fd0       _mdlSetWorkWidths_c2_CART3_BladeFlap_IPC_1204 10006fd0 f   c2_CART3_BladeFlap_IPC_1204.obj
 0001:00006370       _sf_get_instance_specialization 10007370 f   c2_CART3_BladeFlap_IPC_1204.obj
 0001:00006380       _mdlStart_c2_CART3_BladeFlap_IPC_1204 10007380 f   c2_CART3_BladeFlap_IPC_1204.obj
 0001:00006520       _init_dsm_address_info     10007520 f   c2_CART3_BladeFlap_IPC_1204.obj
 0001:00006530       _chart_debug_initialization 10007530 f   c2_CART3_BladeFlap_IPC_1204.obj
 0001:00006a50       _init_script_number_translation 10007a50 f   c2_CART3_BladeFlap_IPC_1204.obj
 0001:00006a60       _c2_sf_marshallOut         10007a60 f   c2_CART3_BladeFlap_IPC_1204.obj
 0001:00006bc0       _c2_sf_marshallIn          10007bc0 f   c2_CART3_BladeFlap_IPC_1204.obj
 0001:00006ca0       _c2_b_sf_marshallOut       10007ca0 f   c2_CART3_BladeFlap_IPC_1204.obj
 0001:00006d20       _sf_opaque_initialize_c2_CART3_BladeFlap_IPC_1204 10007d20 f   c2_CART3_BladeFlap_IPC_1204.obj
 0001:00006d50       _initialize_c2_CART3_BladeFlap_IPC_1204 10007d50 f   c2_CART3_BladeFlap_IPC_1204.obj
 0001:00006d80       _sf_opaque_enable_c2_CART3_BladeFlap_IPC_1204 10007d80 f   c2_CART3_BladeFlap_IPC_1204.obj
 0001:00006da0       _enable_c2_CART3_BladeFlap_IPC_1204 10007da0 f   c2_CART3_BladeFlap_IPC_1204.obj
 0001:00006dc0       _sf_opaque_disable_c2_CART3_BladeFlap_IPC_1204 10007dc0 f   c2_CART3_BladeFlap_IPC_1204.obj
 0001:00006de0       _disable_c2_CART3_BladeFlap_IPC_1204 10007de0 f   c2_CART3_BladeFlap_IPC_1204.obj
 0001:00006e00       _sf_opaque_gateway_c2_CART3_BladeFlap_IPC_1204 10007e00 f   c2_CART3_BladeFlap_IPC_1204.obj
 0001:00006e20       _sf_gateway_c2_CART3_BladeFlap_IPC_1204 10007e20 f   c2_CART3_BladeFlap_IPC_1204.obj
 0001:00006ff0       _c2_chartstep_c2_CART3_BladeFlap_IPC_1204 10007ff0 f   c2_CART3_BladeFlap_IPC_1204.obj
 0001:00007650       _c2_b_sf_marshallIn        10008650 f   c2_CART3_BladeFlap_IPC_1204.obj
 0001:000076d0       _c2_c_emlrt_marshallIn     100086d0 f   c2_CART3_BladeFlap_IPC_1204.obj
 0001:00007720       _sf_opaque_get_sim_state_c2_CART3_BladeFlap_IPC_1204 10008720 f   c2_CART3_BladeFlap_IPC_1204.obj
 0001:00007740       _sf_opaque_set_sim_state_c2_CART3_BladeFlap_IPC_1204 10008740 f   c2_CART3_BladeFlap_IPC_1204.obj
 0001:00007760       _sf_opaque_terminate_c2_CART3_BladeFlap_IPC_1204 10008760 f   c2_CART3_BladeFlap_IPC_1204.obj
 0001:000077f0       _finalize_c2_CART3_BladeFlap_IPC_1204 100087f0 f   c2_CART3_BladeFlap_IPC_1204.obj
 0001:00007800       _sf_opaque_init_subchart_simstructs 10008800 f   c2_CART3_BladeFlap_IPC_1204.obj
 0001:00007820       _initSimStructsc2_CART3_BladeFlap_IPC_1204 10008820 f   c2_CART3_BladeFlap_IPC_1204.obj
 0001:00007830       _mdlRTW_c2_CART3_BladeFlap_IPC_1204 10008830 f   c2_CART3_BladeFlap_IPC_1204.obj
 0001:000078d0       _c3_info_helper            100088d0 f   c3_CART3_BladeFlap_IPC_1204.obj
 0001:00009150       _c3_emlrt_marshallOut      1000a150 f   c3_CART3_BladeFlap_IPC_1204.obj
 0001:000091b0       _c3_b_emlrt_marshallOut    1000a1b0 f   c3_CART3_BladeFlap_IPC_1204.obj
 0001:00009790       _get_sim_state_c3_CART3_BladeFlap_IPC_1204 1000a790 f   c3_CART3_BladeFlap_IPC_1204.obj
 0001:000098e0       _sf_get_sim_state_info_c3_CART3_BladeFlap_IPC_1204 1000a8e0 f   c3_CART3_BladeFlap_IPC_1204.obj
 0001:00009a60       _set_sim_state_c3_CART3_BladeFlap_IPC_1204 1000aa60 f   c3_CART3_BladeFlap_IPC_1204.obj
 0001:00009b60       _c3_update_debugger_state_c3_CART3_BladeFlap_IPC_1204 1000ab60 f   c3_CART3_BladeFlap_IPC_1204.obj
 0001:00009b70       _c3_emlrt_marshallIn       1000ab70 f   c3_CART3_BladeFlap_IPC_1204.obj
 0001:00009bc0       _c3_b_emlrt_marshallIn     1000abc0 f   c3_CART3_BladeFlap_IPC_1204.obj
 0001:00009c50       _c3_e_emlrt_marshallIn     1000ac50 f   c3_CART3_BladeFlap_IPC_1204.obj
 0001:00009ca0       _c3_f_emlrt_marshallIn     1000aca0 f   c3_CART3_BladeFlap_IPC_1204.obj
 0001:00009d50       _mdlProcessParameters_c3_CART3_BladeFlap_IPC_1204 1000ad50 f   c3_CART3_BladeFlap_IPC_1204.obj
 0001:00009e00       _initialize_params_c3_CART3_BladeFlap_IPC_1204 1000ae00 f   c3_CART3_BladeFlap_IPC_1204.obj
 0001:00009e10       _mdlSetWorkWidths_c3_CART3_BladeFlap_IPC_1204 1000ae10 f   c3_CART3_BladeFlap_IPC_1204.obj
 0001:0000a1b0       _sf_get_instance_specialization 1000b1b0 f   c3_CART3_BladeFlap_IPC_1204.obj
 0001:0000a1c0       _mdlStart_c3_CART3_BladeFlap_IPC_1204 1000b1c0 f   c3_CART3_BladeFlap_IPC_1204.obj
 0001:0000a360       _init_dsm_address_info     1000b360 f   c3_CART3_BladeFlap_IPC_1204.obj
 0001:0000a370       _chart_debug_initialization 1000b370 f   c3_CART3_BladeFlap_IPC_1204.obj
 0001:0000a890       _init_script_number_translation 1000b890 f   c3_CART3_BladeFlap_IPC_1204.obj
 0001:0000a8a0       _c3_sf_marshallOut         1000b8a0 f   c3_CART3_BladeFlap_IPC_1204.obj
 0001:0000aa20       _c3_sf_marshallIn          1000ba20 f   c3_CART3_BladeFlap_IPC_1204.obj
 0001:0000ab00       _c3_b_sf_marshallOut       1000bb00 f   c3_CART3_BladeFlap_IPC_1204.obj
 0001:0000ab80       _sf_opaque_initialize_c3_CART3_BladeFlap_IPC_1204 1000bb80 f   c3_CART3_BladeFlap_IPC_1204.obj
 0001:0000abb0       _initialize_c3_CART3_BladeFlap_IPC_1204 1000bbb0 f   c3_CART3_BladeFlap_IPC_1204.obj
 0001:0000abe0       _sf_opaque_enable_c3_CART3_BladeFlap_IPC_1204 1000bbe0 f   c3_CART3_BladeFlap_IPC_1204.obj
 0001:0000ac00       _enable_c3_CART3_BladeFlap_IPC_1204 1000bc00 f   c3_CART3_BladeFlap_IPC_1204.obj
 0001:0000ac20       _sf_opaque_disable_c3_CART3_BladeFlap_IPC_1204 1000bc20 f   c3_CART3_BladeFlap_IPC_1204.obj
 0001:0000ac40       _disable_c3_CART3_BladeFlap_IPC_1204 1000bc40 f   c3_CART3_BladeFlap_IPC_1204.obj
 0001:0000ac60       _sf_opaque_gateway_c3_CART3_BladeFlap_IPC_1204 1000bc60 f   c3_CART3_BladeFlap_IPC_1204.obj
 0001:0000ac80       _sf_gateway_c3_CART3_BladeFlap_IPC_1204 1000bc80 f   c3_CART3_BladeFlap_IPC_1204.obj
 0001:0000ae50       _c3_chartstep_c3_CART3_BladeFlap_IPC_1204 1000be50 f   c3_CART3_BladeFlap_IPC_1204.obj
 0001:0000b490       _c3_b_sf_marshallIn        1000c490 f   c3_CART3_BladeFlap_IPC_1204.obj
 0001:0000b510       _c3_c_emlrt_marshallIn     1000c510 f   c3_CART3_BladeFlap_IPC_1204.obj
 0001:0000b560       _sf_opaque_get_sim_state_c3_CART3_BladeFlap_IPC_1204 1000c560 f   c3_CART3_BladeFlap_IPC_1204.obj
 0001:0000b580       _sf_opaque_set_sim_state_c3_CART3_BladeFlap_IPC_1204 1000c580 f   c3_CART3_BladeFlap_IPC_1204.obj
 0001:0000b5a0       _sf_opaque_terminate_c3_CART3_BladeFlap_IPC_1204 1000c5a0 f   c3_CART3_BladeFlap_IPC_1204.obj
 0001:0000b630       _finalize_c3_CART3_BladeFlap_IPC_1204 1000c630 f   c3_CART3_BladeFlap_IPC_1204.obj
 0001:0000b640       _sf_opaque_init_subchart_simstructs 1000c640 f   c3_CART3_BladeFlap_IPC_1204.obj
 0001:0000b660       _initSimStructsc3_CART3_BladeFlap_IPC_1204 1000c660 f   c3_CART3_BladeFlap_IPC_1204.obj
 0001:0000b670       _mdlRTW_c3_CART3_BladeFlap_IPC_1204 1000c670 f   c3_CART3_BladeFlap_IPC_1204.obj
 0001:0000b730       _c4_info_helper            1000c730 f   c4_CART3_BladeFlap_IPC_1204.obj
 0001:0000e520       _c4_emlrt_marshallOut      1000f520 f   c4_CART3_BladeFlap_IPC_1204.obj
 0001:0000e580       _c4_b_emlrt_marshallOut    1000f580 f   c4_CART3_BladeFlap_IPC_1204.obj
 0001:0000eb60       _get_sim_state_c4_CART3_BladeFlap_IPC_1204 1000fb60 f   c4_CART3_BladeFlap_IPC_1204.obj
 0001:0000ecb0       _sf_get_sim_state_info_c4_CART3_BladeFlap_IPC_1204 1000fcb0 f   c4_CART3_BladeFlap_IPC_1204.obj
 0001:0000ee30       _set_sim_state_c4_CART3_BladeFlap_IPC_1204 1000fe30 f   c4_CART3_BladeFlap_IPC_1204.obj
 0001:0000ef30       _c4_update_debugger_state_c4_CART3_BladeFlap_IPC_1204 1000ff30 f   c4_CART3_BladeFlap_IPC_1204.obj
 0001:0000ef40       _c4_emlrt_marshallIn       1000ff40 f   c4_CART3_BladeFlap_IPC_1204.obj
 0001:0000ef90       _c4_b_emlrt_marshallIn     1000ff90 f   c4_CART3_BladeFlap_IPC_1204.obj
 0001:0000f010       _c4_f_emlrt_marshallIn     10010010 f   c4_CART3_BladeFlap_IPC_1204.obj
 0001:0000f060       _c4_g_emlrt_marshallIn     10010060 f   c4_CART3_BladeFlap_IPC_1204.obj
 0001:0000f110       _mdlProcessParameters_c4_CART3_BladeFlap_IPC_1204 10010110 f   c4_CART3_BladeFlap_IPC_1204.obj
 0001:0000f1c0       _initialize_params_c4_CART3_BladeFlap_IPC_1204 100101c0 f   c4_CART3_BladeFlap_IPC_1204.obj
 0001:0000f1d0       _mdlSetWorkWidths_c4_CART3_BladeFlap_IPC_1204 100101d0 f   c4_CART3_BladeFlap_IPC_1204.obj
 0001:0000f570       _sf_get_instance_specialization 10010570 f   c4_CART3_BladeFlap_IPC_1204.obj
 0001:0000f580       _mdlStart_c4_CART3_BladeFlap_IPC_1204 10010580 f   c4_CART3_BladeFlap_IPC_1204.obj
 0001:0000f720       _init_dsm_address_info     10010720 f   c4_CART3_BladeFlap_IPC_1204.obj
 0001:0000f730       _chart_debug_initialization 10010730 f   c4_CART3_BladeFlap_IPC_1204.obj
 0001:0000fc50       _init_script_number_translation 10010c50 f   c4_CART3_BladeFlap_IPC_1204.obj
 0001:0000fc60       _c4_sf_marshallOut         10010c60 f   c4_CART3_BladeFlap_IPC_1204.obj
 0001:0000fd40       _c4_sf_marshallIn          10010d40 f   c4_CART3_BladeFlap_IPC_1204.obj
 0001:0000fdf0       _c4_b_sf_marshallOut       10010df0 f   c4_CART3_BladeFlap_IPC_1204.obj
 0001:0000fe70       _sf_opaque_initialize_c4_CART3_BladeFlap_IPC_1204 10010e70 f   c4_CART3_BladeFlap_IPC_1204.obj
 0001:0000fea0       _initialize_c4_CART3_BladeFlap_IPC_1204 10010ea0 f   c4_CART3_BladeFlap_IPC_1204.obj
 0001:0000fed0       _sf_opaque_enable_c4_CART3_BladeFlap_IPC_1204 10010ed0 f   c4_CART3_BladeFlap_IPC_1204.obj
 0001:0000fef0       _enable_c4_CART3_BladeFlap_IPC_1204 10010ef0 f   c4_CART3_BladeFlap_IPC_1204.obj
 0001:0000ff10       _sf_opaque_disable_c4_CART3_BladeFlap_IPC_1204 10010f10 f   c4_CART3_BladeFlap_IPC_1204.obj
 0001:0000ff30       _disable_c4_CART3_BladeFlap_IPC_1204 10010f30 f   c4_CART3_BladeFlap_IPC_1204.obj
 0001:0000ff50       _sf_opaque_gateway_c4_CART3_BladeFlap_IPC_1204 10010f50 f   c4_CART3_BladeFlap_IPC_1204.obj
 0001:0000ff70       _sf_gateway_c4_CART3_BladeFlap_IPC_1204 10010f70 f   c4_CART3_BladeFlap_IPC_1204.obj
 0001:00010160       _c4_chartstep_c4_CART3_BladeFlap_IPC_1204 10011160 f   c4_CART3_BladeFlap_IPC_1204.obj
 0001:000109c0       _c4_b_sf_marshallIn        100119c0 f   c4_CART3_BladeFlap_IPC_1204.obj
 0001:00010a40       _c4_c_emlrt_marshallIn     10011a40 f   c4_CART3_BladeFlap_IPC_1204.obj
 0001:00010a90       _c4_c_sf_marshallOut       10011a90 f   c4_CART3_BladeFlap_IPC_1204.obj
 0001:00010c40       _c4_c_sf_marshallIn        10011c40 f   c4_CART3_BladeFlap_IPC_1204.obj
 0001:00010d20       _c4_d_emlrt_marshallIn     10011d20 f   c4_CART3_BladeFlap_IPC_1204.obj
 0001:00010db0       _c4_eml_scalar_eg          10011db0 f   c4_CART3_BladeFlap_IPC_1204.obj
 0001:00010dc0       _c4_b_eml_xgemm            10011dc0 f   c4_CART3_BladeFlap_IPC_1204.obj
 0001:00010e50       _sf_opaque_get_sim_state_c4_CART3_BladeFlap_IPC_1204 10011e50 f   c4_CART3_BladeFlap_IPC_1204.obj
 0001:00010e70       _sf_opaque_set_sim_state_c4_CART3_BladeFlap_IPC_1204 10011e70 f   c4_CART3_BladeFlap_IPC_1204.obj
 0001:00010e90       _sf_opaque_terminate_c4_CART3_BladeFlap_IPC_1204 10011e90 f   c4_CART3_BladeFlap_IPC_1204.obj
 0001:00010f20       _finalize_c4_CART3_BladeFlap_IPC_1204 10011f20 f   c4_CART3_BladeFlap_IPC_1204.obj
 0001:00010f30       _sf_opaque_init_subchart_simstructs 10011f30 f   c4_CART3_BladeFlap_IPC_1204.obj
 0001:00010f50       _initSimStructsc4_CART3_BladeFlap_IPC_1204 10011f50 f   c4_CART3_BladeFlap_IPC_1204.obj
 0001:00010f60       _mdlRTW_c4_CART3_BladeFlap_IPC_1204 10011f60 f   c4_CART3_BladeFlap_IPC_1204.obj
 0001:00011010       _c5_info_helper            10012010 f   c5_CART3_BladeFlap_IPC_1204.obj
 0001:00013e00       _c5_emlrt_marshallOut      10014e00 f   c5_CART3_BladeFlap_IPC_1204.obj
 0001:00013e60       _c5_b_emlrt_marshallOut    10014e60 f   c5_CART3_BladeFlap_IPC_1204.obj
 0001:00014440       _get_sim_state_c5_CART3_BladeFlap_IPC_1204 10015440 f   c5_CART3_BladeFlap_IPC_1204.obj
 0001:00014590       _sf_get_sim_state_info_c5_CART3_BladeFlap_IPC_1204 10015590 f   c5_CART3_BladeFlap_IPC_1204.obj
 0001:00014710       _set_sim_state_c5_CART3_BladeFlap_IPC_1204 10015710 f   c5_CART3_BladeFlap_IPC_1204.obj
 0001:00014810       _c5_update_debugger_state_c5_CART3_BladeFlap_IPC_1204 10015810 f   c5_CART3_BladeFlap_IPC_1204.obj
 0001:00014820       _c5_emlrt_marshallIn       10015820 f   c5_CART3_BladeFlap_IPC_1204.obj
 0001:00014870       _c5_b_emlrt_marshallIn     10015870 f   c5_CART3_BladeFlap_IPC_1204.obj
 0001:000148f0       _c5_f_emlrt_marshallIn     100158f0 f   c5_CART3_BladeFlap_IPC_1204.obj
 0001:00014940       _c5_g_emlrt_marshallIn     10015940 f   c5_CART3_BladeFlap_IPC_1204.obj
 0001:000149f0       _mdlProcessParameters_c5_CART3_BladeFlap_IPC_1204 100159f0 f   c5_CART3_BladeFlap_IPC_1204.obj
 0001:00014aa0       _initialize_params_c5_CART3_BladeFlap_IPC_1204 10015aa0 f   c5_CART3_BladeFlap_IPC_1204.obj
 0001:00014ab0       _mdlSetWorkWidths_c5_CART3_BladeFlap_IPC_1204 10015ab0 f   c5_CART3_BladeFlap_IPC_1204.obj
 0001:00014e50       _sf_get_instance_specialization 10015e50 f   c5_CART3_BladeFlap_IPC_1204.obj
 0001:00014e60       _mdlStart_c5_CART3_BladeFlap_IPC_1204 10015e60 f   c5_CART3_BladeFlap_IPC_1204.obj
 0001:00015000       _init_dsm_address_info     10016000 f   c5_CART3_BladeFlap_IPC_1204.obj
 0001:00015010       _chart_debug_initialization 10016010 f   c5_CART3_BladeFlap_IPC_1204.obj
 0001:00015530       _init_script_number_translation 10016530 f   c5_CART3_BladeFlap_IPC_1204.obj
 0001:00015540       _c5_sf_marshallOut         10016540 f   c5_CART3_BladeFlap_IPC_1204.obj
 0001:00015620       _c5_sf_marshallIn          10016620 f   c5_CART3_BladeFlap_IPC_1204.obj
 0001:000156d0       _c5_b_sf_marshallOut       100166d0 f   c5_CART3_BladeFlap_IPC_1204.obj
 0001:00015750       _sf_opaque_initialize_c5_CART3_BladeFlap_IPC_1204 10016750 f   c5_CART3_BladeFlap_IPC_1204.obj
 0001:00015780       _initialize_c5_CART3_BladeFlap_IPC_1204 10016780 f   c5_CART3_BladeFlap_IPC_1204.obj
 0001:000157b0       _sf_opaque_enable_c5_CART3_BladeFlap_IPC_1204 100167b0 f   c5_CART3_BladeFlap_IPC_1204.obj
 0001:000157d0       _enable_c5_CART3_BladeFlap_IPC_1204 100167d0 f   c5_CART3_BladeFlap_IPC_1204.obj
 0001:000157f0       _sf_opaque_disable_c5_CART3_BladeFlap_IPC_1204 100167f0 f   c5_CART3_BladeFlap_IPC_1204.obj
 0001:00015810       _disable_c5_CART3_BladeFlap_IPC_1204 10016810 f   c5_CART3_BladeFlap_IPC_1204.obj
 0001:00015830       _sf_opaque_gateway_c5_CART3_BladeFlap_IPC_1204 10016830 f   c5_CART3_BladeFlap_IPC_1204.obj
 0001:00015850       _sf_gateway_c5_CART3_BladeFlap_IPC_1204 10016850 f   c5_CART3_BladeFlap_IPC_1204.obj
 0001:00015a40       _c5_chartstep_c5_CART3_BladeFlap_IPC_1204 10016a40 f   c5_CART3_BladeFlap_IPC_1204.obj
 0001:00016270       _c5_b_sf_marshallIn        10017270 f   c5_CART3_BladeFlap_IPC_1204.obj
 0001:000162f0       _c5_c_emlrt_marshallIn     100172f0 f   c5_CART3_BladeFlap_IPC_1204.obj
 0001:00016340       _c5_c_sf_marshallOut       10017340 f   c5_CART3_BladeFlap_IPC_1204.obj
 0001:000164a0       _c5_c_sf_marshallIn        100174a0 f   c5_CART3_BladeFlap_IPC_1204.obj
 0001:00016580       _c5_d_emlrt_marshallIn     10017580 f   c5_CART3_BladeFlap_IPC_1204.obj
 0001:00016610       _c5_eml_scalar_eg          10017610 f   c5_CART3_BladeFlap_IPC_1204.obj
 0001:00016620       _c5_b_eml_xgemm            10017620 f   c5_CART3_BladeFlap_IPC_1204.obj
 0001:000166b0       _sf_opaque_get_sim_state_c5_CART3_BladeFlap_IPC_1204 100176b0 f   c5_CART3_BladeFlap_IPC_1204.obj
 0001:000166d0       _sf_opaque_set_sim_state_c5_CART3_BladeFlap_IPC_1204 100176d0 f   c5_CART3_BladeFlap_IPC_1204.obj
 0001:000166f0       _sf_opaque_terminate_c5_CART3_BladeFlap_IPC_1204 100176f0 f   c5_CART3_BladeFlap_IPC_1204.obj
 0001:00016780       _finalize_c5_CART3_BladeFlap_IPC_1204 10017780 f   c5_CART3_BladeFlap_IPC_1204.obj
 0001:00016790       _sf_opaque_init_subchart_simstructs 10017790 f   c5_CART3_BladeFlap_IPC_1204.obj
 0001:000167b0       _initSimStructsc5_CART3_BladeFlap_IPC_1204 100177b0 f   c5_CART3_BladeFlap_IPC_1204.obj
 0001:000167c0       _mdlRTW_c5_CART3_BladeFlap_IPC_1204 100177c0 f   c5_CART3_BladeFlap_IPC_1204.obj
 0001:00016f00       _getChartInfoFromSimStruct 10017f00 f   CART3_BladeFlap_IPC_1204_sfun_registry.obj
 0001:00018000       __ssFatalError             10019000 f   CART3_BladeFlap_IPC_1204_sfun_registry.obj
 0001:0001a360       _ProcessMexSfunctionCmdLineCall 1001b360 f   CART3_BladeFlap_IPC_1204_sfun_registry.obj
 0001:0001a480       _sf_debug_api_wrapper      1001b480 f   CART3_BladeFlap_IPC_1204_sfun_registry.obj
 0001:0001a4b0       _mdlStart                  1001b4b0 f   CART3_BladeFlap_IPC_1204_sfun_registry.obj
 0001:0001a4d0       _mdl_start_processing      1001b4d0 f   CART3_BladeFlap_IPC_1204_sfun_registry.obj
 0001:0001a540       _mdlTerminate              1001b540 f   CART3_BladeFlap_IPC_1204_sfun_registry.obj
 0001:0001a560       _mdl_terminate_processing  1001b560 f   CART3_BladeFlap_IPC_1204_sfun_registry.obj
 0001:0001a5d0       _mdlInitializeSampleTimes  1001b5d0 f   CART3_BladeFlap_IPC_1204_sfun_registry.obj
 0001:0001a5f0       _mdlZeroCrossings          1001b5f0 f   CART3_BladeFlap_IPC_1204_sfun_registry.obj
 0001:0001a610       _mdl_zeroCrossings_processing 1001b610 f   CART3_BladeFlap_IPC_1204_sfun_registry.obj
 0001:0001a640       _mdlDerivatives            1001b640 f   CART3_BladeFlap_IPC_1204_sfun_registry.obj
 0001:0001a660       _mdl_derivatives_processing 1001b660 f   CART3_BladeFlap_IPC_1204_sfun_registry.obj
 0001:0001a6a0       _mdlInitializeConditions   1001b6a0 f   CART3_BladeFlap_IPC_1204_sfun_registry.obj
 0001:0001a6c0       _mdl_initialize_conditions_processing 1001b6c0 f   CART3_BladeFlap_IPC_1204_sfun_registry.obj
 0001:0001a700       _mdlEnable                 1001b700 f   CART3_BladeFlap_IPC_1204_sfun_registry.obj
 0001:0001a720       _mdl_enable_processing     1001b720 f   CART3_BladeFlap_IPC_1204_sfun_registry.obj
 0001:0001a750       _mdlDisable                1001b750 f   CART3_BladeFlap_IPC_1204_sfun_registry.obj
 0001:0001a770       _mdl_disable_processing    1001b770 f   CART3_BladeFlap_IPC_1204_sfun_registry.obj
 0001:0001a7a0       _mdlOutputs                1001b7a0 f   CART3_BladeFlap_IPC_1204_sfun_registry.obj
 0001:0001a7c0       _mdl_outputs_processing    1001b7c0 f   CART3_BladeFlap_IPC_1204_sfun_registry.obj
 0001:0001a890       _mdl_outputs_continuous_legacy 1001b890 f   CART3_BladeFlap_IPC_1204_sfun_registry.obj
 0001:0001a960       _mdlGetTimeOfNextVarHit    1001b960 f   CART3_BladeFlap_IPC_1204_sfun_registry.obj
 0001:0001a9a0       __ProcessMexSfunctionCmdLineCall 1001b9a0 f   CART3_BladeFlap_IPC_1204_sfun_registry.obj
 0001:0001afc0       _mdlSetWorkWidths          1001bfc0 f   CART3_BladeFlap_IPC_1204_sfun_registry.obj
 0001:0001afe0       _mdlProcessParameters      1001bfe0 f   CART3_BladeFlap_IPC_1204_sfun_registry.obj
 0001:0001b000       _mdlInitializeSizes        1001c000 f   CART3_BladeFlap_IPC_1204_sfun_registry.obj
 0001:0001b020       _mdlExtModeExec            1001c020 f   CART3_BladeFlap_IPC_1204_sfun_registry.obj
 0001:0001b040       _mdl_ext_mode_exec_processing 1001c040 f   CART3_BladeFlap_IPC_1204_sfun_registry.obj
 0001:0001b080       _mdlRTW                    1001c080 f   CART3_BladeFlap_IPC_1204_sfun_registry.obj
 0001:0001b0b0       __CreateSimStruct          1001c0b0 f   CART3_BladeFlap_IPC_1204_sfun_registry.obj
 0001:0001b1e0       __RegNumInputPortsCB       1001c1e0 f   CART3_BladeFlap_IPC_1204_sfun_registry.obj
 0001:0001b240       __RegNumOutputPortsCB      1001c240 f   CART3_BladeFlap_IPC_1204_sfun_registry.obj
 0001:0001b6e9       _pre_c_init                1001c6e9 f   MSVCRT:crtdll.obj
 0001:0001b941       ___DllMainCRTStartup       1001c941 f   MSVCRT:crtdll.obj
