 CART3_BasicTest_3states_MPC_sfun

 Timestamp is 58ae70c1 (Wed Feb 22 22:18:57 2017)

 Preferred load address is 10000000

 Start         Length     Name                   Class
 0001:00000000 0001e8aaH .text                   CODE
 0002:00000000 00000214H .idata$5                DATA
 0002:00000214 00000004H .CRT$XCA                DATA
 0002:00000218 00000004H .CRT$XCZ                DATA
 0002:0000021c 00000004H .CRT$XIA                DATA
 0002:00000220 00000004H .CRT$XIAA               DATA
 0002:00000224 00000004H .CRT$XIC                DATA
 0002:00000228 00000004H .CRT$XIZ                DATA
 0002:00000230 00000730H .rdata                  DATA
 0002:00000960 00000004H .rdata$sxdata           DATA
 0002:00000964 00000004H .rtc$IAA                DATA
 0002:00000968 00000004H .rtc$IZZ                DATA
 0002:0000096c 00000004H .rtc$TAA                DATA
 0002:00000970 00000004H .rtc$TZZ                DATA
 0002:00000978 00000064H .xdata$x                DATA
 0002:000009dc 00000078H .idata$2                DATA
 0002:00000a54 00000014H .idata$3                DATA
 0002:00000a68 00000214H .idata$4                DATA
 0002:00000c7c 00000b5eH .idata$6                DATA
 0002:000017e0 00000066H .edata                  DATA
 0003:00000000 00004300H .data                   DATA
 0003:00004300 00000444H .bss                    DATA

  Address         Publics by Value              Rva+Base       Lib:Object

 0000:00000000       __except_list              00000000     <absolute>
 0000:00000001       ___safe_se_handler_count   00000001     <absolute>
 0000:00009876       __ldused                   00009876     <absolute>
 0000:00009876       __fltused                  00009876     <absolute>
 0000:00000000       ___ImageBase               10000000     <linker-defined>
 0001:00000000       _CART3_BasicTest_3states_MPC_initializer 10001000 f   CART3_BasicTest_3states_MPC_sfun.obj
 0001:00000010       _CART3_BasicTest_3states_MPC_terminator 10001010 f   CART3_BasicTest_3states_MPC_sfun.obj
 0001:00000020       _sf_CART3_BasicTest_3states_MPC_method_dispatcher 10001020 f   CART3_BasicTest_3states_MPC_sfun.obj
 0001:00000030       _sf_CART3_BasicTest_3states_MPC_process_check_sum_call 10001030 f   CART3_BasicTest_3states_MPC_sfun.obj
 0001:000003c0       _sf_CART3_BasicTest_3states_MPC_autoinheritance_info 100013c0 f   CART3_BasicTest_3states_MPC_sfun.obj
 0001:000004a0       _sf_CART3_BasicTest_3states_MPC_get_eml_resolved_functions_info 100014a0 f   CART3_BasicTest_3states_MPC_sfun.obj
 0001:00000560       _sf_CART3_BasicTest_3states_MPC_third_party_uses_info 10001560 f   CART3_BasicTest_3states_MPC_sfun.obj
 0001:00000660       _sf_CART3_BasicTest_3states_MPC_updateBuildInfo_args_info 10001660 f   CART3_BasicTest_3states_MPC_sfun.obj
 0001:00000760       _CART3_BasicTest_3states_MPC_debug_initialize 10001760 f   CART3_BasicTest_3states_MPC_sfun.obj
 0001:000007c0       _CART3_BasicTest_3states_MPC_register_exported_symbols 100017c0 f   CART3_BasicTest_3states_MPC_sfun.obj
 0001:000007d0       _load_CART3_BasicTest_3states_MPC_optimization_info 100017d0 f   CART3_BasicTest_3states_MPC_sfun.obj
 0001:00000810       _unload_CART3_BasicTest_3states_MPC_optimization_info 10001810 f   CART3_BasicTest_3states_MPC_sfun.obj
 0001:00000840       _sf_process_check_sum_call 10001840 f   CART3_BasicTest_3states_MPC_sfun_registry.obj
 0001:00000890       _sf_process_autoinheritance_call 10001890 f   CART3_BasicTest_3states_MPC_sfun_registry.obj
 0001:00000a40       _sf_process_get_third_party_uses_info_call 10001a40 f   CART3_BasicTest_3states_MPC_sfun_registry.obj
 0001:00000bf0       _sf_process_get_updateBuildInfo_args_info_call 10001bf0 f   CART3_BasicTest_3states_MPC_sfun_registry.obj
 0001:00000da0       _sf_process_get_eml_resolved_functions_info_call 10001da0 f   CART3_BasicTest_3states_MPC_sfun_registry.obj
 0001:00000f20       _sf_mex_unlock_call        10001f20 f   CART3_BasicTest_3states_MPC_sfun_registry.obj
 0001:00000fb0       _sf_machine_global_initializer_called 10001fb0 f   CART3_BasicTest_3states_MPC_sfun_registry.obj
 0001:00000fd0       _sf_machine_global_method_dispatcher 10001fd0 f   CART3_BasicTest_3states_MPC_sfun_registry.obj
 0001:00001040       _sf_machine_global_terminator 10002040 f   CART3_BasicTest_3states_MPC_sfun_registry.obj
 0001:00001080       _sf_register_machine_exported_symbols 10002080 f   CART3_BasicTest_3states_MPC_sfun_registry.obj
 0001:000010a0       _callCustomFcn             100020a0 f   CART3_BasicTest_3states_MPC_sfun_registry.obj
 0001:000010b0       _sf_machine_global_initializer 100020b0 f   CART3_BasicTest_3states_MPC_sfun_registry.obj
 0001:00001140       _mdlGetSimState            10002140 f   CART3_BasicTest_3states_MPC_sfun_registry.obj
 0001:000011a0       _mdlSetSimState            100021a0 f   CART3_BasicTest_3states_MPC_sfun_registry.obj
 0001:000011d0       __ssSetStateAbsTol         100021d0 f   CART3_BasicTest_3states_MPC_sfun_registry.obj
 0001:00001270       __ssGetAbsTol              10002270 f   CART3_BasicTest_3states_MPC_sfun_registry.obj
 0001:000012c0       __ssSetInputPortMatrixDimensions 100022c0 f   CART3_BasicTest_3states_MPC_sfun_registry.obj
 0001:00001370       __ssSetOutputPortMatrixDimensions 10002370 f   CART3_BasicTest_3states_MPC_sfun_registry.obj
 0001:00001420       __ssSetInputPortVectorDimension 10002420 f   CART3_BasicTest_3states_MPC_sfun_registry.obj
 0001:000014a0       __ssSetOutputPortVectorDimension 100024a0 f   CART3_BasicTest_3states_MPC_sfun_registry.obj
 0001:00001520       _ssIsRunTimeParamTunable   10002520 f   CART3_BasicTest_3states_MPC_sfun_registry.obj
 0001:00001580       _ssGetSFuncBlockHandle     10002580 f   CART3_BasicTest_3states_MPC_sfun_registry.obj
 0001:000015d0       __ssGetCurrentInputPortWidth 100025d0 f   CART3_BasicTest_3states_MPC_sfun_registry.obj
 0001:000016a0       __ssGetCurrentOutputPortWidth 100026a0 f   CART3_BasicTest_3states_MPC_sfun_registry.obj
 0001:00001770       __ssGetCallSystemNumFcnCallDestinations 10002770 f   CART3_BasicTest_3states_MPC_sfun_registry.obj
 0001:000017d0       _ssWarning                 100027d0 f   CART3_BasicTest_3states_MPC_sfun_registry.obj
 0001:000018b0       _ssGetIsZeroCrossControlDisabled 100028b0 f   CART3_BasicTest_3states_MPC_sfun_registry.obj
 0001:00001910       _ssSetIsInputPortUsedForContZcSignal 10002910 f   CART3_BasicTest_3states_MPC_sfun_registry.obj
 0001:00001960       _ssSetZcSignalIsZcElementDisc 10002960 f   CART3_BasicTest_3states_MPC_sfun_registry.obj
 0001:000019e0       _ssSetZcSignalName         100029e0 f   CART3_BasicTest_3states_MPC_sfun_registry.obj
 0001:00001a30       _ssSetZcSignalWidth        10002a30 f   CART3_BasicTest_3states_MPC_sfun_registry.obj
 0001:00001a80       _ssSetZcSignalZcEventType  10002a80 f   CART3_BasicTest_3states_MPC_sfun_registry.obj
 0001:00001ad0       _ssSetZcSignalType         10002ad0 f   CART3_BasicTest_3states_MPC_sfun_registry.obj
 0001:00001b20       _ssSetZcSignalZcTol        10002b20 f   CART3_BasicTest_3states_MPC_sfun_registry.obj
 0001:00001b70       _ssSetZcSignalNeedsEventNotification 10002b70 f   CART3_BasicTest_3states_MPC_sfun_registry.obj
 0001:00001bc0       _ssCreateAndAddZcSignalInfo 10002bc0 f   CART3_BasicTest_3states_MPC_sfun_registry.obj
 0001:00001c20       _ssCloneAndAddZcSignalInfo 10002c20 f   CART3_BasicTest_3states_MPC_sfun_registry.obj
 0001:00001c80       _ssGetNumZcSignals         10002c80 f   CART3_BasicTest_3states_MPC_sfun_registry.obj
 0001:00001ce0       _ssGetZcSignalVector       10002ce0 f   CART3_BasicTest_3states_MPC_sfun_registry.obj
 0001:00001d40       _ssGetZcSignalZcEvents     10002d40 f   CART3_BasicTest_3states_MPC_sfun_registry.obj
 0001:00001da0       _ssGetZcSignalName         10002da0 f   CART3_BasicTest_3states_MPC_sfun_registry.obj
 0001:00001e00       _ssGetZcSignalWidth        10002e00 f   CART3_BasicTest_3states_MPC_sfun_registry.obj
 0001:00001e60       _ssGetZcSignalZcEventType  10002e60 f   CART3_BasicTest_3states_MPC_sfun_registry.obj
 0001:00001ec0       _ssGetZcSignalType         10002ec0 f   CART3_BasicTest_3states_MPC_sfun_registry.obj
 0001:00001f20       _ssGetZcSignalZcTol        10002f20 f   CART3_BasicTest_3states_MPC_sfun_registry.obj
 0001:00001f80       _ssGetZcSignalNeedsEventNotification 10002f80 f   CART3_BasicTest_3states_MPC_sfun_registry.obj
 0001:00001fe0       _ssGetZcSignalIsZcElementDisc 10002fe0 f   CART3_BasicTest_3states_MPC_sfun_registry.obj
 0001:00002060       _ssGetIsInputPortElementContinuous 10003060 f   CART3_BasicTest_3states_MPC_sfun_registry.obj
 0001:000020e0       __ssGetInputPortSignalPtrsFcn 100030e0 f   CART3_BasicTest_3states_MPC_sfun_registry.obj
 0001:000022e0       __ssGetInputPortSignalFcn  100032e0 f   CART3_BasicTest_3states_MPC_sfun_registry.obj
 0001:00002470       __ssSetInputPortDirectFeedThroughFcn 10003470 f   CART3_BasicTest_3states_MPC_sfun_registry.obj
 0001:000025a0       __ssSetInputPortReusableFcn 100035a0 f   CART3_BasicTest_3states_MPC_sfun_registry.obj
 0001:00002630       __ssSetOutputPortReusableFcn 10003630 f   CART3_BasicTest_3states_MPC_sfun_registry.obj
 0001:000026c0       _ssGetDTypeIdFromMxArray   100036c0 f   CART3_BasicTest_3states_MPC_sfun_registry.obj
 0001:000027b0       _ssWriteRTWStr             100037b0 f   CART3_BasicTest_3states_MPC_sfun_registry.obj
 0001:000027f0       _ssWriteRTWMxVectParam     100037f0 f   CART3_BasicTest_3states_MPC_sfun_registry.obj
 0001:00002830       _ssWriteRTWMx2dMatParam    10003830 f   CART3_BasicTest_3states_MPC_sfun_registry.obj
 0001:00002870       _ssWriteRTWNameValuePair   10003870 f   CART3_BasicTest_3states_MPC_sfun_registry.obj
 0001:00002be0       _ssWriteRTWParameters      10003be0 f   CART3_BasicTest_3states_MPC_sfun_registry.obj
 0001:00002f80       _ssWriteRTWParamSettings   10003f80 f   CART3_BasicTest_3states_MPC_sfun_registry.obj
 0001:00003430       _ssWriteRTWWorkVect        10004430 f   CART3_BasicTest_3states_MPC_sfun_registry.obj
 0001:000037c0       _mexFunction               100047c0 f   CART3_BasicTest_3states_MPC_sfun_registry.obj
 0001:00005510       _ProcessMexSfunctionEveryCall 10006510 f   CART3_BasicTest_3states_MPC_sfun_registry.obj
 0001:0000562e       _sf_debug_set_machine_data_thresholds 1000662e f   sf_runtime:sf_runtime.dll
 0001:00005634       _sf_debug_set_machine_event_thresholds 10006634 f   sf_runtime:sf_runtime.dll
 0001:0000563a       _sf_debug_initialize_machine 1000663a f   sf_runtime:sf_runtime.dll
 0001:00005640       _sf_load_rtw_optimization_info 10006640 f   sf_runtime:sf_runtime.dll
 0001:00005646       _sf_debug_terminate        10006646 f   sf_runtime:sf_runtime.dll
 0001:0000564c       _sf_debug_create_debug_instance_struct 1000664c f   sf_runtime:sf_runtime.dll
 0001:00005652       _sim_mode_is_rtw_gen       10006652 f   sf_runtime:sf_runtime.dll
 0001:00005658       _sf_debug_api              10006658 f   sf_runtime:sf_runtime.dll
 0001:0000565e       _callMdlMethodAndReportError 1000665e f   sf_runtime:sf_runtime.dll
 0001:00005664       _call_sf_machine_global_method_dispatcher 10006664 f   sf_runtime:sf_runtime.dll
 0001:0000566a       _sf_clear_error_manager_info 1000666a f   sf_runtime:sf_runtime.dll
 0001:00005670       _sf_mex_error_direct_call  10006670 f   sf_runtime:sf_runtime.dll
 0001:00005676       _mxGetScalar               10006676 f   libmx:libmx.dll
 0001:0000567c       _mxGetPr                   1000667c f   libmx:libmx.dll
 0001:00005682       _mxCreateDoubleMatrix_730  10006682 f   libmx:libmx.dll
 0001:00005688       _mxGetString_730           10006688 f   libmx:libmx.dll
 0001:0000568e       _mxIsChar                  1000668e f   libmx:libmx.dll
 0001:00005694       _mxDestroyArray            10006694 f   libmx:libmx.dll
 0001:0000569a       _mxCreateString            1000669a f   libmx:libmx.dll
 0001:000056a0       _mxGetClassID              100066a0 f   libmx:libmx.dll
 0001:000056a6       _mxIsNumeric               100066a6 f   libmx:libmx.dll
 0001:000056ac       _mxIsComplex               100066ac f   libmx:libmx.dll
 0001:000056b2       _mxGetN                    100066b2 f   libmx:libmx.dll
 0001:000056b8       _mxGetM                    100066b8 f   libmx:libmx.dll
 0001:000056be       _mxCalloc                  100066be f   libmx:libmx.dll
 0001:000056c4       _mexMakeArrayPersistent    100066c4 f   libmex:libmex.dll
 0001:000056ca       _mexUnlock                 100066ca f   libmex:libmex.dll
 0001:000056d0       _mexIsLocked               100066d0 f   libmex:libmex.dll
 0001:000056d6       _mexWarnMsgTxt             100066d6 f   libmex:libmex.dll
 0001:000056dc       _mexCallMATLAB             100066dc f   libmex:libmex.dll
 0001:000056e2       _mexErrMsgTxt              100066e2 f   libmex:libmex.dll
 0001:000056e8       _mexLock                   100066e8 f   libmex:libmex.dll
 0001:000056f0       _mpclib_initializer        100066f0 f   mpclib_sfun:mpclib_sfun.obj
 0001:00005700       _mpclib_terminator         10006700 f   mpclib_sfun:mpclib_sfun.obj
 0001:00005710       _sf_mpclib_method_dispatcher 10006710 f   mpclib_sfun:mpclib_sfun.obj
 0001:00005760       _sf_mpclib_process_check_sum_call 10006760 f   mpclib_sfun:mpclib_sfun.obj
 0001:000059d0       _sf_mpclib_autoinheritance_info 100069d0 f   mpclib_sfun:mpclib_sfun.obj
 0001:00005b30       _sf_mpclib_get_eml_resolved_functions_info 10006b30 f   mpclib_sfun:mpclib_sfun.obj
 0001:00005c50       _sf_mpclib_third_party_uses_info 10006c50 f   mpclib_sfun:mpclib_sfun.obj
 0001:00005db0       _sf_mpclib_updateBuildInfo_args_info 10006db0 f   mpclib_sfun:mpclib_sfun.obj
 0001:00005f10       _mpclib_debug_initialize   10006f10 f   mpclib_sfun:mpclib_sfun.obj
 0001:00005f70       _mpclib_register_exported_symbols 10006f70 f   mpclib_sfun:mpclib_sfun.obj
 0001:00005f80       _load_mpclib_optimization_info 10006f80 f   mpclib_sfun:mpclib_sfun.obj
 0001:00005fc0       _unload_mpclib_optimization_info 10006fc0 f   mpclib_sfun:mpclib_sfun.obj
 0001:00005ff0       _sf_c4_mpclib_get_eml_resolved_functions_info 10006ff0 f   mpclib_sfun:c4_mpclib.obj
 0001:00006040       _sf_c4_mpclib_get_check_sum 10007040 f   mpclib_sfun:c4_mpclib.obj
 0001:000060a0       _sf_c4_mpclib_get_autoinheritance_info 100070a0 f   mpclib_sfun:c4_mpclib.obj
 0001:00006fb0       _sf_c4_mpclib_third_party_uses_info 10007fb0 f   mpclib_sfun:c4_mpclib.obj
 0001:00006fd0       _sf_c4_mpclib_updateBuildInfo_args_info 10007fd0 f   mpclib_sfun:c4_mpclib.obj
 0001:00006ff0       _sf_internal_get_sim_state_c4_mpclib 10007ff0 f   mpclib_sfun:c4_mpclib.obj
 0001:00007460       _sf_internal_set_sim_state_c4_mpclib 10008460 f   mpclib_sfun:c4_mpclib.obj
 0001:00007a00       _c4_mpclib_method_dispatcher 10008a00 f   mpclib_sfun:c4_mpclib.obj
 0001:0000ad60       _sf_c3_mpclib_get_eml_resolved_functions_info 1000bd60 f   mpclib_sfun:c3_mpclib.obj
 0001:0000adb0       _sf_c3_mpclib_get_check_sum 1000bdb0 f   mpclib_sfun:c3_mpclib.obj
 0001:0000ae10       _sf_c3_mpclib_get_autoinheritance_info 1000be10 f   mpclib_sfun:c3_mpclib.obj
 0001:0000fae0       _sf_c3_mpclib_third_party_uses_info 10010ae0 f   mpclib_sfun:c3_mpclib.obj
 0001:0000fb00       _sf_c3_mpclib_updateBuildInfo_args_info 10010b00 f   mpclib_sfun:c3_mpclib.obj
 0001:0000fb20       _sf_internal_get_sim_state_c3_mpclib 10010b20 f   mpclib_sfun:c3_mpclib.obj
 0001:00010070       _sf_internal_set_sim_state_c3_mpclib 10011070 f   mpclib_sfun:c3_mpclib.obj
 0001:00010670       _c3_mpclib_method_dispatcher 10011670 f   mpclib_sfun:c3_mpclib.obj
 0001:0001dd2e       _strcmp                    1001ed2e f   MSVCRT:MSVCR100.dll
 0001:0001dd40       @__security_check_cookie@4 1001ed40 f   MSVCRT:secchk.obj
 0001:0001dd50       _free                      1001ed50 f   MSVCRT:MSVCR100.dll
 0001:0001dd56       _sprintf                   1001ed56 f   MSVCRT:MSVCR100.dll
 0001:0001dd5c       _malloc                    1001ed5c f   MSVCRT:MSVCR100.dll
 0001:0001dd62       _strlen                    1001ed62 f   MSVCRT:MSVCR100.dll
 0001:0001dd68       _strcat                    1001ed68 f   MSVCRT:MSVCR100.dll
 0001:0001dd70       __ftol2_sse                1001ed70 f   MSVCRT:ftol2.obj
 0001:0001dd79       __ftol2_pentium4           1001ed79 f   MSVCRT:ftol2.obj
 0001:0001dd8c       __ftol2_sse_excpt          1001ed8c f   MSVCRT:ftol2.obj
 0001:0001dda6       __ftol2                    1001eda6 f   MSVCRT:ftol2.obj
 0001:0001de1c       _memcpy                    1001ee1c f   MSVCRT:MSVCR100.dll
 0001:0001de22       _NtCurrentTeb              1001ee22 f i MSVCRT:crtdll.obj
 0001:0001de77       __CRT_INIT@12              1001ee77 f   MSVCRT:crtdll.obj
 0001:0001e197       __DllMainCRTStartup@12     1001f197 f   MSVCRT:crtdll.obj
 0001:0001e1ba       _memset                    1001f1ba f   MSVCRT:MSVCR100.dll
 0001:0001e1c0       __chkstk                   1001f1c0 f   MSVCRT:chkstk.obj
 0001:0001e1c0       __alloca_probe             1001f1c0     MSVCRT:chkstk.obj
 0001:0001e1eb       ___report_gsfailure        1001f1eb f   MSVCRT:gs_report.obj
 0001:0001e2f1       ___sse2_available_init     1001f2f1 f   MSVCRT:cpu_disp.obj
 0001:0001e301       ___clean_type_info_names   1001f301 f   MSVCRT:tncleanup.obj
 0001:0001e30d       __onexit                   1001f30d f   MSVCRT:atonexit.obj
 0001:0001e3ae       _atexit                    1001f3ae f   MSVCRT:atonexit.obj
 0001:0001e3c5       __RTC_Initialize           1001f3c5 f   MSVCRT:_initsect_.obj
 0001:0001e3eb       __RTC_Terminate            1001f3eb f   MSVCRT:_initsect_.obj
 0001:0001e412       __malloc_crt               1001f412 f   MSVCRT:MSVCR100.dll
 0001:0001e418       __encoded_null             1001f418 f   MSVCRT:MSVCR100.dll
 0001:0001e420       __ValidateImageBase        1001f420 f   MSVCRT:pesect.obj
 0001:0001e460       __FindPESection            1001f460 f   MSVCRT:pesect.obj
 0001:0001e4b0       __IsNonwritableInCurrentImage 1001f4b0 f   MSVCRT:pesect.obj
 0001:0001e56c       __initterm                 1001f56c f   MSVCRT:MSVCR100.dll
 0001:0001e572       __initterm_e               1001f572 f   MSVCRT:MSVCR100.dll
 0001:0001e578       __amsg_exit                1001f578 f   MSVCRT:MSVCR100.dll
 0001:0001e57e       ___CppXcptFilter           1001f57e f   MSVCRT:MSVCR100.dll
 0001:0001e584       _DllMain@12                1001f584 f   MSVCRT:dllmain.obj
 0001:0001e5b0       __SEH_prolog4              1001f5b0 f   MSVCRT:sehprolg4.obj
 0001:0001e5f5       __SEH_epilog4              1001f5f5 f   MSVCRT:sehprolg4.obj
 0001:0001e609       __except_handler4          1001f609 f   MSVCRT:chandler4gs.obj
 0001:0001e62e       ___security_init_cookie    1001f62e f   MSVCRT:gs_support.obj
 0001:0001e6ca       __crt_debugger_hook        1001f6ca f   MSVCRT:MSVCR100.dll
 0001:0001e6d0       ___clean_type_info_names_internal 1001f6d0 f   MSVCRT:MSVCR100.dll
 0001:0001e6d6       __unlock                   1001f6d6 f   MSVCRT:MSVCR100.dll
 0001:0001e6dc       ___dllonexit               1001f6dc f   MSVCRT:MSVCR100.dll
 0001:0001e6e2       __lock                     1001f6e2 f   MSVCRT:MSVCR100.dll
 0001:0001e6e8       __except_handler4_common   1001f6e8 f   MSVCRT:MSVCR100.dll
 0001:0001e6ee       _EncodePointer@4           1001f6ee f   kernel32:KERNEL32.dll
 0001:0001e6f4       _DecodePointer@4           1001f6f4 f   kernel32:KERNEL32.dll
 0001:0001e6fa       _InterlockedExchange@8     1001f6fa f   kernel32:KERNEL32.dll
 0001:0001e700       _Sleep@4                   1001f700 f   kernel32:KERNEL32.dll
 0001:0001e706       _InterlockedCompareExchange@12 1001f706 f   kernel32:KERNEL32.dll
 0001:0001e70c       _TerminateProcess@8        1001f70c f   kernel32:KERNEL32.dll
 0001:0001e712       _GetCurrentProcess@0       1001f712 f   kernel32:KERNEL32.dll
 0001:0001e718       _UnhandledExceptionFilter@4 1001f718 f   kernel32:KERNEL32.dll
 0001:0001e71e       _SetUnhandledExceptionFilter@4 1001f71e f   kernel32:KERNEL32.dll
 0001:0001e724       _IsDebuggerPresent@0       1001f724 f   kernel32:KERNEL32.dll
 0001:0001e72a       _IsProcessorFeaturePresent@4 1001f72a f   kernel32:KERNEL32.dll
 0001:0001e730       _DisableThreadLibraryCalls@4 1001f730 f   kernel32:KERNEL32.dll
 0001:0001e736       _QueryPerformanceCounter@4 1001f736 f   kernel32:KERNEL32.dll
 0001:0001e73c       _GetTickCount@0            1001f73c f   kernel32:KERNEL32.dll
 0001:0001e742       _GetCurrentThreadId@0      1001f742 f   kernel32:KERNEL32.dll
 0001:0001e748       _GetCurrentProcessId@0     1001f748 f   kernel32:KERNEL32.dll
 0001:0001e74e       _GetSystemTimeAsFileTime@4 1001f74e f   kernel32:KERNEL32.dll
 0001:0001e754       _sf_mex_assign             1001f754 f   sf_runtime:sf_runtime.dll
 0001:0001e75a       _sf_mex_create             1001f75a f   sf_runtime:sf_runtime.dll
 0001:0001e760       _sf_mex_error_message      1001f760 f   sf_runtime:sf_runtime.dll
 0001:0001e766       _sf_mex_call_matlab        1001f766 f   sf_runtime:sf_runtime.dll
 0001:0001e76c       _sf_mex_setcell            1001f76c f   sf_runtime:sf_runtime.dll
 0001:0001e772       _sf_mex_createcellmatrix   1001f772 f   sf_runtime:sf_runtime.dll
 0001:0001e778       _sf_mex_decode_encoded_mx_struct_array 1001f778 f   sf_runtime:sf_runtime.dll
 0001:0001e77e       _sf_mex_destroy            1001f77e f   sf_runtime:sf_runtime.dll
 0001:0001e784       _sf_mex_getcell            1001f784 f   sf_runtime:sf_runtime.dll
 0001:0001e78a       _sf_mex_dup                1001f78a f   sf_runtime:sf_runtime.dll
 0001:0001e790       _sf_mex_import             1001f790 f   sf_runtime:sf_runtime.dll
 0001:0001e796       _sf_mex_import_named       1001f796 f   sf_runtime:sf_runtime.dll
 0001:0001e79c       _sf_mex_get_sfun_param     1001f79c f   sf_runtime:sf_runtime.dll
 0001:0001e7a2       _sf_set_rtw_dwork_info     1001f7a2 f   sf_runtime:sf_runtime.dll
 0001:0001e7a8       _sf_mark_chart_reusable_outputs 1001f7a8 f   sf_runtime:sf_runtime.dll
 0001:0001e7ae       _sf_mark_chart_expressionable_inputs 1001f7ae f   sf_runtime:sf_runtime.dll
 0001:0001e7b4       _sf_update_buildInfo       1001f7b4 f   sf_runtime:sf_runtime.dll
 0001:0001e7ba       _sf_rtw_info_uint_prop     1001f7ba f   sf_runtime:sf_runtime.dll
 0001:0001e7c0       _sf_is_chart_inlinable     1001f7c0 f   sf_runtime:sf_runtime.dll
 0001:0001e7c6       _sim_mode_is_external      1001f7c6 f   sf_runtime:sf_runtime.dll
 0001:0001e7cc       _sf_debug_reset_current_state_configuration 1001f7cc f   sf_runtime:sf_runtime.dll
 0001:0001e7d2       _sf_debug_set_instance_data_value_ptr 1001f7d2 f   sf_runtime:sf_runtime.dll
 0001:0001e7d8       _sf_debug_set_chart_data_compiled_props 1001f7d8 f   sf_runtime:sf_runtime.dll
 0001:0001e7de       _cv_eml_init_mcdc          1001f7de f   sf_runtime:sf_runtime.dll
 0001:0001e7e4       _cv_eml_init_if            1001f7e4 f   sf_runtime:sf_runtime.dll
 0001:0001e7ea       _cv_eml_init_fcn           1001f7ea f   sf_runtime:sf_runtime.dll
 0001:0001e7f0       _cv_eml_init_script        1001f7f0 f   sf_runtime:sf_runtime.dll
 0001:0001e7f6       _sf_debug_cv_init_trans    1001f7f6 f   sf_runtime:sf_runtime.dll
 0001:0001e7fc       _sf_debug_cv_init_state    1001f7fc f   sf_runtime:sf_runtime.dll
 0001:0001e802       _sf_debug_cv_init_chart    1001f802 f   sf_runtime:sf_runtime.dll
 0001:0001e808       _sf_debug_set_chart_decomposition 1001f808 f   sf_runtime:sf_runtime.dll
 0001:0001e80e       _sf_debug_set_chart_substate_count 1001f80e f   sf_runtime:sf_runtime.dll
 0001:0001e814       _sf_debug_set_chart_state_info 1001f814 f   sf_runtime:sf_runtime.dll
 0001:0001e81a       _sf_debug_set_chart_data_props 1001f81a f   sf_runtime:sf_runtime.dll
 0001:0001e820       _sf_debug_set_chart_event_thresholds 1001f820 f   sf_runtime:sf_runtime.dll
 0001:0001e826       _sf_debug_set_chart_disable_implicit_casting 1001f826 f   sf_runtime:sf_runtime.dll
 0001:0001e82c       _sf_debug_initialize_chart 1001f82c f   sf_runtime:sf_runtime.dll
 0001:0001e832       _sf_get_time               1001f832 f   sf_runtime:sf_runtime.dll
 0001:0001e838       _sf_debug_data_range_wrapper 1001f838 f   sf_runtime:sf_runtime.dll
 0001:0001e83e       _sf_debug_check_for_state_inconsistency 1001f83e f   sf_runtime:sf_runtime.dll
 0001:0001e844       _sf_debug_symbol_scope_pop 1001f844 f   sf_runtime:sf_runtime.dll
 0001:0001e84a       _sf_mex_call_debug         1001f84a f   sf_runtime:sf_runtime.dll
 0001:0001e850       _eml_debug_line_call       1001f850 f   sf_runtime:sf_runtime.dll
 0001:0001e856       _cv_eml_eval               1001f856 f   sf_runtime:sf_runtime.dll
 0001:0001e85c       _sf_debug_symbol_scope_add_eml_importable 1001f85c f   sf_runtime:sf_runtime.dll
 0001:0001e862       _sf_debug_symbol_scope_add_eml 1001f862 f   sf_runtime:sf_runtime.dll
 0001:0001e868       _sf_debug_symbol_scope_push_eml 1001f868 f   sf_runtime:sf_runtime.dll
 0001:0001e86e       _sf_debug_call             1001f86e f   sf_runtime:sf_runtime.dll
 0001:0001e874       _sf_debug_symbol_scope_push 1001f874 f   sf_runtime:sf_runtime.dll
 0001:0001e87a       _sf_clear_rtw_identifier   1001f87a f   sf_runtime:sf_runtime.dll
 0001:0001e880       _mxDuplicateArray          1001f880 f   libmx:libmx.dll
 0001:0001e886       _mxCreateDoubleScalar      1001f886 f   libmx:libmx.dll
 0001:0001e88c       _mxSetField_730            1001f88c f   libmx:libmx.dll
 0001:0001e892       _mxCreateStructMatrix_730  1001f892 f   libmx:libmx.dll
 0001:0001e898       _mxCreateCellMatrix_730    1001f898 f   libmx:libmx.dll
 0001:0001e89e       _utMalloc                  1001f89e f   libut:libut.dll
 0001:0001e8a4       _utFree                    1001f8a4 f   libut:libut.dll
 0002:00000000       __imp__IsDebuggerPresent@0 10020000     kernel32:KERNEL32.dll
 0002:00000004       __imp__DisableThreadLibraryCalls@4 10020004     kernel32:KERNEL32.dll
 0002:00000008       __imp__IsProcessorFeaturePresent@4 10020008     kernel32:KERNEL32.dll
 0002:0000000c       __imp__SetUnhandledExceptionFilter@4 1002000c     kernel32:KERNEL32.dll
 0002:00000010       __imp__UnhandledExceptionFilter@4 10020010     kernel32:KERNEL32.dll
 0002:00000014       __imp__GetCurrentProcess@0 10020014     kernel32:KERNEL32.dll
 0002:00000018       __imp__TerminateProcess@8  10020018     kernel32:KERNEL32.dll
 0002:0000001c       __imp__InterlockedCompareExchange@12 1002001c     kernel32:KERNEL32.dll
 0002:00000020       __imp__GetSystemTimeAsFileTime@4 10020020     kernel32:KERNEL32.dll
 0002:00000024       __imp__GetCurrentProcessId@0 10020024     kernel32:KERNEL32.dll
 0002:00000028       __imp__GetCurrentThreadId@0 10020028     kernel32:KERNEL32.dll
 0002:0000002c       __imp__GetTickCount@0      1002002c     kernel32:KERNEL32.dll
 0002:00000030       __imp__Sleep@4             10020030     kernel32:KERNEL32.dll
 0002:00000034       __imp__InterlockedExchange@8 10020034     kernel32:KERNEL32.dll
 0002:00000038       __imp__DecodePointer@4     10020038     kernel32:KERNEL32.dll
 0002:0000003c       __imp__EncodePointer@4     1002003c     kernel32:KERNEL32.dll
 0002:00000040       __imp__QueryPerformanceCounter@4 10020040     kernel32:KERNEL32.dll
 0002:00000044       \177KERNEL32_NULL_THUNK_DATA 10020044     kernel32:KERNEL32.dll
 0002:00000048       __imp___encoded_null       10020048     MSVCRT:MSVCR100.dll
 0002:0000004c       __imp___except_handler4_common 1002004c     MSVCRT:MSVCR100.dll
 0002:00000050       __imp___onexit             10020050     MSVCRT:MSVCR100.dll
 0002:00000054       __imp___lock               10020054     MSVCRT:MSVCR100.dll
 0002:00000058       __imp____dllonexit         10020058     MSVCRT:MSVCR100.dll
 0002:0000005c       __imp___unlock             1002005c     MSVCRT:MSVCR100.dll
 0002:00000060       __imp____clean_type_info_names_internal 10020060     MSVCRT:MSVCR100.dll
 0002:00000064       __imp___crt_debugger_hook  10020064     MSVCRT:MSVCR100.dll
 0002:00000068       __imp____CppXcptFilter     10020068     MSVCRT:MSVCR100.dll
 0002:0000006c       __imp___amsg_exit          1002006c     MSVCRT:MSVCR100.dll
 0002:00000070       __imp___initterm_e         10020070     MSVCRT:MSVCR100.dll
 0002:00000074       __imp___initterm           10020074     MSVCRT:MSVCR100.dll
 0002:00000078       __imp__strcmp              10020078     MSVCRT:MSVCR100.dll
 0002:0000007c       __imp___malloc_crt         1002007c     MSVCRT:MSVCR100.dll
 0002:00000080       __imp__memset              10020080     MSVCRT:MSVCR100.dll
 0002:00000084       __imp__memcpy              10020084     MSVCRT:MSVCR100.dll
 0002:00000088       __imp__strcat              10020088     MSVCRT:MSVCR100.dll
 0002:0000008c       __imp__free                1002008c     MSVCRT:MSVCR100.dll
 0002:00000090       __imp__sprintf             10020090     MSVCRT:MSVCR100.dll
 0002:00000094       __imp__malloc              10020094     MSVCRT:MSVCR100.dll
 0002:00000098       __imp__strlen              10020098     MSVCRT:MSVCR100.dll
 0002:0000009c       \177MSVCR100_NULL_THUNK_DATA 1002009c     MSVCRT:MSVCR100.dll
 0002:000000a0       __imp__mexCallMATLAB       100200a0     libmex:libmex.dll
 0002:000000a4       __imp__mexLock             100200a4     libmex:libmex.dll
 0002:000000a8       __imp__mexErrMsgTxt        100200a8     libmex:libmex.dll
 0002:000000ac       __imp__mexMakeArrayPersistent 100200ac     libmex:libmex.dll
 0002:000000b0       __imp__mexWarnMsgTxt       100200b0     libmex:libmex.dll
 0002:000000b4       __imp__mexIsLocked         100200b4     libmex:libmex.dll
 0002:000000b8       __imp__mexUnlock           100200b8     libmex:libmex.dll
 0002:000000bc       \177libmex_NULL_THUNK_DATA 100200bc     libmex:libmex.dll
 0002:000000c0       __imp__mxIsChar            100200c0     libmx:libmx.dll
 0002:000000c4       __imp__mxCalloc            100200c4     libmx:libmx.dll
 0002:000000c8       __imp__mxGetM              100200c8     libmx:libmx.dll
 0002:000000cc       __imp__mxGetN              100200cc     libmx:libmx.dll
 0002:000000d0       __imp__mxIsComplex         100200d0     libmx:libmx.dll
 0002:000000d4       __imp__mxIsNumeric         100200d4     libmx:libmx.dll
 0002:000000d8       __imp__mxGetClassID        100200d8     libmx:libmx.dll
 0002:000000dc       __imp__mxCreateString      100200dc     libmx:libmx.dll
 0002:000000e0       __imp__mxGetString_730     100200e0     libmx:libmx.dll
 0002:000000e4       __imp__mxCreateDoubleMatrix_730 100200e4     libmx:libmx.dll
 0002:000000e8       __imp__mxGetPr             100200e8     libmx:libmx.dll
 0002:000000ec       __imp__mxGetScalar         100200ec     libmx:libmx.dll
 0002:000000f0       __imp__mxDuplicateArray    100200f0     libmx:libmx.dll
 0002:000000f4       __imp__mxCreateDoubleScalar 100200f4     libmx:libmx.dll
 0002:000000f8       __imp__mxSetField_730      100200f8     libmx:libmx.dll
 0002:000000fc       __imp__mxCreateStructMatrix_730 100200fc     libmx:libmx.dll
 0002:00000100       __imp__mxCreateCellMatrix_730 10020100     libmx:libmx.dll
 0002:00000104       __imp__mxDestroyArray      10020104     libmx:libmx.dll
 0002:00000108       \177libmx_NULL_THUNK_DATA  10020108     libmx:libmx.dll
 0002:0000010c       __imp__utFree              1002010c     libut:libut.dll
 0002:00000110       __imp__utMalloc            10020110     libut:libut.dll
 0002:00000114       \177libut_NULL_THUNK_DATA  10020114     libut:libut.dll
 0002:00000118       __imp__sf_mex_error_direct_call 10020118     sf_runtime:sf_runtime.dll
 0002:0000011c       __imp__sf_clear_error_manager_info 1002011c     sf_runtime:sf_runtime.dll
 0002:00000120       __imp__call_sf_machine_global_method_dispatcher 10020120     sf_runtime:sf_runtime.dll
 0002:00000124       __imp__callMdlMethodAndReportError 10020124     sf_runtime:sf_runtime.dll
 0002:00000128       __imp__sf_mex_assign       10020128     sf_runtime:sf_runtime.dll
 0002:0000012c       __imp__sf_mex_create       1002012c     sf_runtime:sf_runtime.dll
 0002:00000130       __imp__sf_mex_error_message 10020130     sf_runtime:sf_runtime.dll
 0002:00000134       __imp__sf_mex_call_matlab  10020134     sf_runtime:sf_runtime.dll
 0002:00000138       __imp__sf_mex_setcell      10020138     sf_runtime:sf_runtime.dll
 0002:0000013c       __imp__sf_mex_createcellmatrix 1002013c     sf_runtime:sf_runtime.dll
 0002:00000140       __imp__sf_mex_decode_encoded_mx_struct_array 10020140     sf_runtime:sf_runtime.dll
 0002:00000144       __imp__sf_mex_destroy      10020144     sf_runtime:sf_runtime.dll
 0002:00000148       __imp__sf_mex_getcell      10020148     sf_runtime:sf_runtime.dll
 0002:0000014c       __imp__sf_mex_dup          1002014c     sf_runtime:sf_runtime.dll
 0002:00000150       __imp__sf_mex_import       10020150     sf_runtime:sf_runtime.dll
 0002:00000154       __imp__sf_mex_import_named 10020154     sf_runtime:sf_runtime.dll
 0002:00000158       __imp__sf_mex_get_sfun_param 10020158     sf_runtime:sf_runtime.dll
 0002:0000015c       __imp__sf_set_rtw_dwork_info 1002015c     sf_runtime:sf_runtime.dll
 0002:00000160       __imp__sf_mark_chart_reusable_outputs 10020160     sf_runtime:sf_runtime.dll
 0002:00000164       __imp__sf_mark_chart_expressionable_inputs 10020164     sf_runtime:sf_runtime.dll
 0002:00000168       __imp__sf_update_buildInfo 10020168     sf_runtime:sf_runtime.dll
 0002:0000016c       __imp__sf_rtw_info_uint_prop 1002016c     sf_runtime:sf_runtime.dll
 0002:00000170       __imp__sf_is_chart_inlinable 10020170     sf_runtime:sf_runtime.dll
 0002:00000174       __imp__sim_mode_is_external 10020174     sf_runtime:sf_runtime.dll
 0002:00000178       __imp__sf_debug_reset_current_state_configuration 10020178     sf_runtime:sf_runtime.dll
 0002:0000017c       __imp__sf_debug_set_instance_data_value_ptr 1002017c     sf_runtime:sf_runtime.dll
 0002:00000180       __imp__sf_debug_set_chart_data_compiled_props 10020180     sf_runtime:sf_runtime.dll
 0002:00000184       __imp__cv_eml_init_mcdc    10020184     sf_runtime:sf_runtime.dll
 0002:00000188       __imp__cv_eml_init_if      10020188     sf_runtime:sf_runtime.dll
 0002:0000018c       __imp__cv_eml_init_fcn     1002018c     sf_runtime:sf_runtime.dll
 0002:00000190       __imp__cv_eml_init_script  10020190     sf_runtime:sf_runtime.dll
 0002:00000194       __imp__sf_debug_cv_init_trans 10020194     sf_runtime:sf_runtime.dll
 0002:00000198       __imp__sf_debug_cv_init_state 10020198     sf_runtime:sf_runtime.dll
 0002:0000019c       __imp__sf_debug_cv_init_chart 1002019c     sf_runtime:sf_runtime.dll
 0002:000001a0       __imp__sf_debug_set_chart_decomposition 100201a0     sf_runtime:sf_runtime.dll
 0002:000001a4       __imp__sf_debug_set_chart_substate_count 100201a4     sf_runtime:sf_runtime.dll
 0002:000001a8       __imp__sf_debug_set_chart_state_info 100201a8     sf_runtime:sf_runtime.dll
 0002:000001ac       __imp__sf_debug_set_chart_data_props 100201ac     sf_runtime:sf_runtime.dll
 0002:000001b0       __imp__sf_debug_set_chart_event_thresholds 100201b0     sf_runtime:sf_runtime.dll
 0002:000001b4       __imp__sf_debug_set_chart_disable_implicit_casting 100201b4     sf_runtime:sf_runtime.dll
 0002:000001b8       __imp__sf_debug_initialize_chart 100201b8     sf_runtime:sf_runtime.dll
 0002:000001bc       __imp__sf_get_time         100201bc     sf_runtime:sf_runtime.dll
 0002:000001c0       __imp__sf_debug_data_range_wrapper 100201c0     sf_runtime:sf_runtime.dll
 0002:000001c4       __imp__sf_debug_check_for_state_inconsistency 100201c4     sf_runtime:sf_runtime.dll
 0002:000001c8       __imp__sf_debug_symbol_scope_pop 100201c8     sf_runtime:sf_runtime.dll
 0002:000001cc       __imp__sf_mex_call_debug   100201cc     sf_runtime:sf_runtime.dll
 0002:000001d0       __imp__eml_debug_line_call 100201d0     sf_runtime:sf_runtime.dll
 0002:000001d4       __imp__cv_eml_eval         100201d4     sf_runtime:sf_runtime.dll
 0002:000001d8       __imp__sf_debug_symbol_scope_add_eml_importable 100201d8     sf_runtime:sf_runtime.dll
 0002:000001dc       __imp__sf_debug_symbol_scope_add_eml 100201dc     sf_runtime:sf_runtime.dll
 0002:000001e0       __imp__sf_debug_symbol_scope_push_eml 100201e0     sf_runtime:sf_runtime.dll
 0002:000001e4       __imp__sf_debug_call       100201e4     sf_runtime:sf_runtime.dll
 0002:000001e8       __imp__sf_debug_symbol_scope_push 100201e8     sf_runtime:sf_runtime.dll
 0002:000001ec       __imp__sf_clear_rtw_identifier 100201ec     sf_runtime:sf_runtime.dll
 0002:000001f0       __imp__sf_debug_api        100201f0     sf_runtime:sf_runtime.dll
 0002:000001f4       __imp__sim_mode_is_rtw_gen 100201f4     sf_runtime:sf_runtime.dll
 0002:000001f8       __imp__sf_debug_create_debug_instance_struct 100201f8     sf_runtime:sf_runtime.dll
 0002:000001fc       __imp__sf_debug_terminate  100201fc     sf_runtime:sf_runtime.dll
 0002:00000200       __imp__sf_load_rtw_optimization_info 10020200     sf_runtime:sf_runtime.dll
 0002:00000204       __imp__sf_debug_initialize_machine 10020204     sf_runtime:sf_runtime.dll
 0002:00000208       __imp__sf_debug_set_machine_event_thresholds 10020208     sf_runtime:sf_runtime.dll
 0002:0000020c       __imp__sf_debug_set_machine_data_thresholds 1002020c     sf_runtime:sf_runtime.dll
 0002:00000210       \177sf_runtime_NULL_THUNK_DATA 10020210     sf_runtime:sf_runtime.dll
 0002:00000214       ___xc_a                    10020214     MSVCRT:cinitexe.obj
 0002:00000218       ___xc_z                    10020218     MSVCRT:cinitexe.obj
 0002:0000021c       ___xi_a                    1002021c     MSVCRT:cinitexe.obj
 0002:00000228       ___xi_z                    10020228     MSVCRT:cinitexe.obj
 0002:00000230       __real@41e0adee1de00000    10020230     CART3_BasicTest_3states_MPC_sfun.obj
 0002:00000238       __real@41d692f0ebc00000    10020238     CART3_BasicTest_3states_MPC_sfun.obj
 0002:00000240       __real@417b265ab0000000    10020240     CART3_BasicTest_3states_MPC_sfun.obj
 0002:00000248       __real@41c98baff6000000    10020248     CART3_BasicTest_3states_MPC_sfun.obj
 0002:00000250       __real@41d187d0c8400000    10020250     CART3_BasicTest_3states_MPC_sfun.obj
 0002:00000258       __real@41cff744e8000000    10020258     CART3_BasicTest_3states_MPC_sfun.obj
 0002:00000260       __real@41b7e1066f000000    10020260     CART3_BasicTest_3states_MPC_sfun.obj
 0002:00000268       __real@41c845d7be800000    10020268     CART3_BasicTest_3states_MPC_sfun.obj
 0002:00000270       __real@41b88f9a1f000000    10020270     CART3_BasicTest_3states_MPC_sfun.obj
 0002:00000278       __real@41e0b8935b600000    10020278     CART3_BasicTest_3states_MPC_sfun.obj
 0002:00000280       __real@41e321c659e00000    10020280     CART3_BasicTest_3states_MPC_sfun.obj
 0002:00000288       __real@41c4183e35800000    10020288     CART3_BasicTest_3states_MPC_sfun.obj
 0002:00000290       __real@0000000000000000    10020290     CART3_BasicTest_3states_MPC_sfun.obj
 0002:00000298       __real@41c3446ee1000000    10020298     CART3_BasicTest_3states_MPC_sfun.obj
 0002:000002a0       __real@41b3f8b5ba000000    100202a0     CART3_BasicTest_3states_MPC_sfun.obj
 0002:000002a8       __real@41e0ac5228a00000    100202a8     CART3_BasicTest_3states_MPC_sfun.obj
 0002:000002b0       __real@41ca36f2b3000000    100202b0     CART3_BasicTest_3states_MPC_sfun.obj
 0002:000002b8       _DYNAMIC_DIMENSION_DEF     100202b8     CART3_BasicTest_3states_MPC_sfun_registry.obj
 0002:000002c8       __ssBadLevel2InputAccessMsg 100202c8     CART3_BasicTest_3states_MPC_sfun_registry.obj
 0002:00000450       __ssBadLevel2DirectFeedMsg 10020450     CART3_BasicTest_3states_MPC_sfun_registry.obj
 0002:00000590       __ssBadLevel2DirectFeedSolutionMsg 10020590     CART3_BasicTest_3states_MPC_sfun_registry.obj
 0002:00000600       __ssBadLevel2ZeroDirectFeedMsg 10020600     CART3_BasicTest_3states_MPC_sfun_registry.obj
 0002:00000740       __ssBadLevel2ZeroDirectFeedMsg2 10020740     CART3_BasicTest_3states_MPC_sfun_registry.obj
 0002:00000828       __real@bff0000000000000    10020828     CART3_BasicTest_3states_MPC_sfun_registry.obj
 0002:00000830       __real@4153d65940000000    10020830     CART3_BasicTest_3states_MPC_sfun_registry.obj
 0002:00000838       __real@41ae962320000000    10020838     mpclib_sfun:mpclib_sfun.obj
 0002:00000840       __real@41eaf683f0000000    10020840     mpclib_sfun:mpclib_sfun.obj
 0002:00000848       __real@41e9d7fe66c00000    10020848     mpclib_sfun:mpclib_sfun.obj
 0002:00000850       __real@41d72cd199c00000    10020850     mpclib_sfun:mpclib_sfun.obj
 0002:00000858       __real@41e610999e800000    10020858     mpclib_sfun:c4_mpclib.obj
 0002:00000860       __real@41cdb01769800000    10020860     mpclib_sfun:c4_mpclib.obj
 0002:00000868       __real@41dd702293400000    10020868     mpclib_sfun:c4_mpclib.obj
 0002:00000870       __real@41d00230f7c00000    10020870     mpclib_sfun:c4_mpclib.obj
 0002:00000878       __real@4026000000000000    10020878     mpclib_sfun:c4_mpclib.obj
 0002:00000880       __real@4024000000000000    10020880     mpclib_sfun:c4_mpclib.obj
 0002:00000888       __real@3ff0000000000000    10020888     mpclib_sfun:c4_mpclib.obj
 0002:00000890       __real@4008000000000000    10020890     mpclib_sfun:c4_mpclib.obj
 0002:00000898       __real@41e9a54483400000    10020898     mpclib_sfun:c3_mpclib.obj
 0002:000008a0       __real@41ce54d58f000000    100208a0     mpclib_sfun:c3_mpclib.obj
 0002:000008a8       __real@41ea8810cb000000    100208a8     mpclib_sfun:c3_mpclib.obj
 0002:000008b0       __real@41e847a666800000    100208b0     mpclib_sfun:c3_mpclib.obj
 0002:000008b8       __real@4000000000000000    100208b8     mpclib_sfun:c3_mpclib.obj
 0002:000008c0       __real@4020000000000000    100208c0     mpclib_sfun:c3_mpclib.obj
 0002:000008c8       __real@4010000000000000    100208c8     mpclib_sfun:c3_mpclib.obj
 0002:000008d0       __real@3e266d34f3ef44b6    100208d0     mpclib_sfun:c3_mpclib.obj
 0002:000008d8       __real@be06596974a5bbd4    100208d8     mpclib_sfun:c3_mpclib.obj
 0002:000008e0       __real@405e000000000000    100208e0     mpclib_sfun:c3_mpclib.obj
 0002:000008e8       __real@4014000000000000    100208e8     mpclib_sfun:c3_mpclib.obj
 0002:000008f0       __real@404f800000000000    100208f0     mpclib_sfun:c3_mpclib.obj
 0002:000008f8       __pDefaultRawDllMain       100208f8     MSVCRT:crtdll.obj
 0002:000008f8       __pRawDllMain              100208f8     MSVCRT:crtdll.obj
 0002:00000904       ?ProcessDetach@NativeDll@<CrtImplementationDetails>@@0IB 10020904     MSVCRT:tncleanup.obj
 0002:00000908       ?ProcessAttach@NativeDll@<CrtImplementationDetails>@@0IB 10020908     MSVCRT:tncleanup.obj
 0002:0000090c       ?ThreadAttach@NativeDll@<CrtImplementationDetails>@@0IB 1002090c     MSVCRT:tncleanup.obj
 0002:00000910       ?ThreadDetach@NativeDll@<CrtImplementationDetails>@@0IB 10020910     MSVCRT:tncleanup.obj
 0002:00000914       ?ProcessVerifier@NativeDll@<CrtImplementationDetails>@@0IB 10020914     MSVCRT:tncleanup.obj
 0002:00000918       __load_config_used         10020918     MSVCRT:loadcfg.obj
 0002:00000960       ___safe_se_handler_table   10020960     <linker-defined>
 0002:00000964       ___rtc_iaa                 10020964     MSVCRT:_initsect_.obj
 0002:00000968       ___rtc_izz                 10020968     MSVCRT:_initsect_.obj
 0002:0000096c       ___rtc_taa                 1002096c     MSVCRT:_initsect_.obj
 0002:00000970       ___rtc_tzz                 10020970     MSVCRT:_initsect_.obj
 0002:000009dc       __IMPORT_DESCRIPTOR_sf_runtime 100209dc     sf_runtime:sf_runtime.dll
 0002:000009f0       __IMPORT_DESCRIPTOR_libmx  100209f0     libmx:libmx.dll
 0002:00000a04       __IMPORT_DESCRIPTOR_libmex 10020a04     libmex:libmex.dll
 0002:00000a18       __IMPORT_DESCRIPTOR_MSVCR100 10020a18     MSVCRT:MSVCR100.dll
 0002:00000a2c       __IMPORT_DESCRIPTOR_KERNEL32 10020a2c     kernel32:KERNEL32.dll
 0002:00000a40       __IMPORT_DESCRIPTOR_libut  10020a40     libut:libut.dll
 0002:00000a54       __NULL_IMPORT_DESCRIPTOR   10020a54     sf_runtime:sf_runtime.dll
 0003:000002f0       _DYNAMIC_DIMENSION         100222f0     CART3_BasicTest_3states_MPC_sfun_registry.obj
 0003:000042e8       ___security_cookie         100262e8     MSVCRT:gs_cookie.obj
 0003:000042ec       ___security_cookie_complement 100262ec     MSVCRT:gs_cookie.obj
 0003:000042f0       ___native_dllmain_reason   100262f0     MSVCRT:natstart.obj
 0003:000042f4       ___native_vcclrit_reason   100262f4     MSVCRT:natstart.obj
 0003:000043d0       _sfGlobalDebugInstanceStruct 100263d0     CART3_BasicTest_3states_MPC_sfun_registry.obj
 0003:0000471c       ?__type_info_root_node@@3U__type_info_node@@A 1002671c     MSVCRT:tncleanup.obj
 0003:00004724       __CART3_BasicTest_3states_MPCMachineNumber_ 10026724     <common>
 0003:00004728       __mpclibMachineNumber_     10026728     <common>
 0003:0000472c       ___native_startup_state    1002672c     <common>
 0003:00004730       ___native_startup_lock     10026730     <common>
 0003:00004734       ___onexitend               10026734     <common>
 0003:00004738       ___onexitbegin             10026738     <common>
 0003:0000473c       ___sse2_available          1002673c     <common>
 0003:00004740       ___dyn_tls_init_callback   10026740     <common>

 entry point at        0001:0001e197

 Static symbols

 0001:00001170       _getChartInfoFromSimStruct 10002170 f   CART3_BasicTest_3states_MPC_sfun_registry.obj
 0001:00002270       __ssFatalError             10003270 f   CART3_BasicTest_3states_MPC_sfun_registry.obj
 0001:000045d0       _ProcessMexSfunctionCmdLineCall 100055d0 f   CART3_BasicTest_3states_MPC_sfun_registry.obj
 0001:000046f0       _sf_debug_api_wrapper      100056f0 f   CART3_BasicTest_3states_MPC_sfun_registry.obj
 0001:00004720       _mdlStart                  10005720 f   CART3_BasicTest_3states_MPC_sfun_registry.obj
 0001:00004740       _mdl_start_processing      10005740 f   CART3_BasicTest_3states_MPC_sfun_registry.obj
 0001:000047b0       _mdlTerminate              100057b0 f   CART3_BasicTest_3states_MPC_sfun_registry.obj
 0001:000047d0       _mdl_terminate_processing  100057d0 f   CART3_BasicTest_3states_MPC_sfun_registry.obj
 0001:00004840       _mdlInitializeSampleTimes  10005840 f   CART3_BasicTest_3states_MPC_sfun_registry.obj
 0001:00004860       _mdlZeroCrossings          10005860 f   CART3_BasicTest_3states_MPC_sfun_registry.obj
 0001:00004880       _mdl_zeroCrossings_processing 10005880 f   CART3_BasicTest_3states_MPC_sfun_registry.obj
 0001:000048b0       _mdlDerivatives            100058b0 f   CART3_BasicTest_3states_MPC_sfun_registry.obj
 0001:000048d0       _mdl_derivatives_processing 100058d0 f   CART3_BasicTest_3states_MPC_sfun_registry.obj
 0001:00004910       _mdlInitializeConditions   10005910 f   CART3_BasicTest_3states_MPC_sfun_registry.obj
 0001:00004930       _mdl_initialize_conditions_processing 10005930 f   CART3_BasicTest_3states_MPC_sfun_registry.obj
 0001:00004970       _mdlEnable                 10005970 f   CART3_BasicTest_3states_MPC_sfun_registry.obj
 0001:00004990       _mdl_enable_processing     10005990 f   CART3_BasicTest_3states_MPC_sfun_registry.obj
 0001:000049c0       _mdlDisable                100059c0 f   CART3_BasicTest_3states_MPC_sfun_registry.obj
 0001:000049e0       _mdl_disable_processing    100059e0 f   CART3_BasicTest_3states_MPC_sfun_registry.obj
 0001:00004a10       _mdlOutputs                10005a10 f   CART3_BasicTest_3states_MPC_sfun_registry.obj
 0001:00004a30       _mdl_outputs_processing    10005a30 f   CART3_BasicTest_3states_MPC_sfun_registry.obj
 0001:00004b00       _mdl_outputs_continuous_legacy 10005b00 f   CART3_BasicTest_3states_MPC_sfun_registry.obj
 0001:00004bd0       _mdlGetTimeOfNextVarHit    10005bd0 f   CART3_BasicTest_3states_MPC_sfun_registry.obj
 0001:00004c10       __ProcessMexSfunctionCmdLineCall 10005c10 f   CART3_BasicTest_3states_MPC_sfun_registry.obj
 0001:00005230       _mdlSetWorkWidths          10006230 f   CART3_BasicTest_3states_MPC_sfun_registry.obj
 0001:00005250       _mdlProcessParameters      10006250 f   CART3_BasicTest_3states_MPC_sfun_registry.obj
 0001:00005270       _mdlInitializeSizes        10006270 f   CART3_BasicTest_3states_MPC_sfun_registry.obj
 0001:00005290       _mdlExtModeExec            10006290 f   CART3_BasicTest_3states_MPC_sfun_registry.obj
 0001:000052b0       _mdl_ext_mode_exec_processing 100062b0 f   CART3_BasicTest_3states_MPC_sfun_registry.obj
 0001:000052f0       _mdlRTW                    100062f0 f   CART3_BasicTest_3states_MPC_sfun_registry.obj
 0001:00005320       __CreateSimStruct          10006320 f   CART3_BasicTest_3states_MPC_sfun_registry.obj
 0001:00005450       __RegNumInputPortsCB       10006450 f   CART3_BasicTest_3states_MPC_sfun_registry.obj
 0001:000054b0       __RegNumOutputPortsCB      100064b0 f   CART3_BasicTest_3states_MPC_sfun_registry.obj
 0001:000070d0       _get_sim_state_c4_mpclib   100080d0 f   mpclib_sfun:c4_mpclib.obj
 0001:000073c0       _sf_get_sim_state_info_c4_mpclib 100083c0 f   mpclib_sfun:c4_mpclib.obj
 0001:00007540       _set_sim_state_c4_mpclib   10008540 f   mpclib_sfun:c4_mpclib.obj
 0001:00007710       _c4_update_debugger_state_c4_mpclib 10008710 f   mpclib_sfun:c4_mpclib.obj
 0001:00007720       _c4_emlrt_marshallIn       10008720 f   mpclib_sfun:c4_mpclib.obj
 0001:00007770       _c4_b_emlrt_marshallIn     10008770 f   mpclib_sfun:c4_mpclib.obj
 0001:000077f0       _c4_c_emlrt_marshallIn     100087f0 f   mpclib_sfun:c4_mpclib.obj
 0001:00007840       _c4_d_emlrt_marshallIn     10008840 f   mpclib_sfun:c4_mpclib.obj
 0001:000078c0       _c4_e_emlrt_marshallIn     100088c0 f   mpclib_sfun:c4_mpclib.obj
 0001:00007910       _c4_f_emlrt_marshallIn     10008910 f   mpclib_sfun:c4_mpclib.obj
 0001:00007960       _c4_i_emlrt_marshallIn     10008960 f   mpclib_sfun:c4_mpclib.obj
 0001:000079b0       _c4_j_emlrt_marshallIn     100089b0 f   mpclib_sfun:c4_mpclib.obj
 0001:00007a60       _mdlProcessParameters_c4_mpclib 10008a60 f   mpclib_sfun:c4_mpclib.obj
 0001:00007b10       _initialize_params_c4_mpclib 10008b10 f   mpclib_sfun:c4_mpclib.obj
 0001:00007d20       _mdlSetWorkWidths_c4_mpclib 10008d20 f   mpclib_sfun:c4_mpclib.obj
 0001:000084d0       _sf_get_instance_specialization 100094d0 f   mpclib_sfun:c4_mpclib.obj
 0001:000084e0       _mdlStart_c4_mpclib        100094e0 f   mpclib_sfun:c4_mpclib.obj
 0001:00008680       _init_dsm_address_info     10009680 f   mpclib_sfun:c4_mpclib.obj
 0001:00008690       _chart_debug_initialization 10009690 f   mpclib_sfun:c4_mpclib.obj
 0001:000093e0       _init_script_number_translation 1000a3e0 f   mpclib_sfun:c4_mpclib.obj
 0001:000093f0       _c4_sf_marshallOut         1000a3f0 f   mpclib_sfun:c4_mpclib.obj
 0001:00009470       _c4_sf_marshallIn          1000a470 f   mpclib_sfun:c4_mpclib.obj
 0001:000094f0       _c4_b_sf_marshallOut       1000a4f0 f   mpclib_sfun:c4_mpclib.obj
 0001:00009600       _c4_b_sf_marshallIn        1000a600 f   mpclib_sfun:c4_mpclib.obj
 0001:000096b0       _c4_c_sf_marshallOut       1000a6b0 f   mpclib_sfun:c4_mpclib.obj
 0001:000097c0       _c4_c_sf_marshallIn        1000a7c0 f   mpclib_sfun:c4_mpclib.obj
 0001:00009870       _c4_d_sf_marshallOut       1000a870 f   mpclib_sfun:c4_mpclib.obj
 0001:000098f0       _c4_e_sf_marshallIn        1000a8f0 f   mpclib_sfun:c4_mpclib.obj
 0001:00009970       _c4_h_emlrt_marshallIn     1000a970 f   mpclib_sfun:c4_mpclib.obj
 0001:000099c0       _sf_opaque_initialize_c4_mpclib 1000a9c0 f   mpclib_sfun:c4_mpclib.obj
 0001:000099f0       _initialize_c4_mpclib      1000a9f0 f   mpclib_sfun:c4_mpclib.obj
 0001:00009a20       _sf_opaque_enable_c4_mpclib 1000aa20 f   mpclib_sfun:c4_mpclib.obj
 0001:00009a40       _enable_c4_mpclib          1000aa40 f   mpclib_sfun:c4_mpclib.obj
 0001:00009a60       _sf_opaque_disable_c4_mpclib 1000aa60 f   mpclib_sfun:c4_mpclib.obj
 0001:00009a80       _disable_c4_mpclib         1000aa80 f   mpclib_sfun:c4_mpclib.obj
 0001:00009aa0       _sf_opaque_gateway_c4_mpclib 1000aaa0 f   mpclib_sfun:c4_mpclib.obj
 0001:00009ac0       _sf_gateway_c4_mpclib      1000aac0 f   mpclib_sfun:c4_mpclib.obj
 0001:0000ac20       _sf_opaque_get_sim_state_c4_mpclib 1000bc20 f   mpclib_sfun:c4_mpclib.obj
 0001:0000ac40       _sf_opaque_set_sim_state_c4_mpclib 1000bc40 f   mpclib_sfun:c4_mpclib.obj
 0001:0000ac60       _sf_opaque_terminate_c4_mpclib 1000bc60 f   mpclib_sfun:c4_mpclib.obj
 0001:0000acf0       _finalize_c4_mpclib        1000bcf0 f   mpclib_sfun:c4_mpclib.obj
 0001:0000ad00       _sf_opaque_init_subchart_simstructs 1000bd00 f   mpclib_sfun:c4_mpclib.obj
 0001:0000ad20       _initSimStructsc4_mpclib   1000bd20 f   mpclib_sfun:c4_mpclib.obj
 0001:0000ad30       _mdlRTW_c4_mpclib          1000bd30 f   mpclib_sfun:c4_mpclib.obj
 0001:0000fc00       _get_sim_state_c3_mpclib   10010c00 f   mpclib_sfun:c3_mpclib.obj
 0001:0000ffd0       _sf_get_sim_state_info_c3_mpclib 10010fd0 f   mpclib_sfun:c3_mpclib.obj
 0001:00010150       _set_sim_state_c3_mpclib   10011150 f   mpclib_sfun:c3_mpclib.obj
 0001:00010380       _c3_update_debugger_state_c3_mpclib 10011380 f   mpclib_sfun:c3_mpclib.obj
 0001:00010390       _c3_emlrt_marshallIn       10011390 f   mpclib_sfun:c3_mpclib.obj
 0001:000103e0       _c3_b_emlrt_marshallIn     100113e0 f   mpclib_sfun:c3_mpclib.obj
 0001:00010430       _c3_c_emlrt_marshallIn     10011430 f   mpclib_sfun:c3_mpclib.obj
 0001:00010480       _c3_d_emlrt_marshallIn     10011480 f   mpclib_sfun:c3_mpclib.obj
 0001:00010500       _c3_e_emlrt_marshallIn     10011500 f   mpclib_sfun:c3_mpclib.obj
 0001:00010550       _c3_f_emlrt_marshallIn     10011550 f   mpclib_sfun:c3_mpclib.obj
 0001:000105d0       _c3_t_emlrt_marshallIn     100115d0 f   mpclib_sfun:c3_mpclib.obj
 0001:00010620       _c3_u_emlrt_marshallIn     10011620 f   mpclib_sfun:c3_mpclib.obj
 0001:000106d0       _mdlProcessParameters_c3_mpclib 100116d0 f   mpclib_sfun:c3_mpclib.obj
 0001:00010780       _initialize_params_c3_mpclib 10011780 f   mpclib_sfun:c3_mpclib.obj
 0001:00011840       _mdlSetWorkWidths_c3_mpclib 10012840 f   mpclib_sfun:c3_mpclib.obj
 0001:00013580       _sf_get_instance_specialization 10014580 f   mpclib_sfun:c3_mpclib.obj
 0001:00013590       _mdlStart_c3_mpclib        10014590 f   mpclib_sfun:c3_mpclib.obj
 0001:00013730       _init_dsm_address_info     10014730 f   mpclib_sfun:c3_mpclib.obj
 0001:00013740       _chart_debug_initialization 10014740 f   mpclib_sfun:c3_mpclib.obj
 0001:00016e60       _init_script_number_translation 10017e60 f   mpclib_sfun:c3_mpclib.obj
 0001:00016e70       _c3_sf_marshallOut         10017e70 f   mpclib_sfun:c3_mpclib.obj
 0001:00016f50       _c3_sf_marshallIn          10017f50 f   mpclib_sfun:c3_mpclib.obj
 0001:00017000       _c3_b_sf_marshallOut       10018000 f   mpclib_sfun:c3_mpclib.obj
 0001:00017080       _c3_b_sf_marshallIn        10018080 f   mpclib_sfun:c3_mpclib.obj
 0001:00017100       _c3_c_sf_marshallOut       10018100 f   mpclib_sfun:c3_mpclib.obj
 0001:000171e0       _c3_c_sf_marshallIn        100181e0 f   mpclib_sfun:c3_mpclib.obj
 0001:00017290       _c3_d_sf_marshallOut       10018290 f   mpclib_sfun:c3_mpclib.obj
 0001:00017370       _c3_e_sf_marshallOut       10018370 f   mpclib_sfun:c3_mpclib.obj
 0001:00017480       _c3_f_sf_marshallOut       10018480 f   mpclib_sfun:c3_mpclib.obj
 0001:00017610       _c3_g_sf_marshallOut       10018610 f   mpclib_sfun:c3_mpclib.obj
 0001:00017790       _c3_h_sf_marshallOut       10018790 f   mpclib_sfun:c3_mpclib.obj
 0001:00017880       _c3_i_sf_marshallOut       10018880 f   mpclib_sfun:c3_mpclib.obj
 0001:00017900       _c3_j_sf_marshallOut       10018900 f   mpclib_sfun:c3_mpclib.obj
 0001:000179e0       _c3_k_sf_marshallOut       100189e0 f   mpclib_sfun:c3_mpclib.obj
 0001:00017b60       _c3_l_sf_marshallOut       10018b60 f   mpclib_sfun:c3_mpclib.obj
 0001:00017c70       _c3_m_sf_marshallOut       10018c70 f   mpclib_sfun:c3_mpclib.obj
 0001:00017df0       _c3_n_sf_marshallOut       10018df0 f   mpclib_sfun:c3_mpclib.obj
 0001:00017f70       _c3_o_sf_marshallOut       10018f70 f   mpclib_sfun:c3_mpclib.obj
 0001:00018110       _c3_p_sf_marshallOut       10019110 f   mpclib_sfun:c3_mpclib.obj
 0001:000181e0       _c3_q_sf_marshallOut       100191e0 f   mpclib_sfun:c3_mpclib.obj
 0001:00018360       _c3_e_sf_marshallIn        10019360 f   mpclib_sfun:c3_mpclib.obj
 0001:000183e0       _c3_h_emlrt_marshallIn     100193e0 f   mpclib_sfun:c3_mpclib.obj
 0001:00018430       _c3_f_sf_marshallIn        10019430 f   mpclib_sfun:c3_mpclib.obj
 0001:00018510       _c3_i_emlrt_marshallIn     10019510 f   mpclib_sfun:c3_mpclib.obj
 0001:000185a0       _c3_g_sf_marshallIn        100195a0 f   mpclib_sfun:c3_mpclib.obj
 0001:00018680       _c3_j_emlrt_marshallIn     10019680 f   mpclib_sfun:c3_mpclib.obj
 0001:00018710       _c3_h_sf_marshallIn        10019710 f   mpclib_sfun:c3_mpclib.obj
 0001:000187b0       _c3_k_emlrt_marshallIn     100197b0 f   mpclib_sfun:c3_mpclib.obj
 0001:00018820       _c3_i_sf_marshallIn        10019820 f   mpclib_sfun:c3_mpclib.obj
 0001:00018940       _c3_l_emlrt_marshallIn     10019940 f   mpclib_sfun:c3_mpclib.obj
 0001:000189e0       _c3_j_sf_marshallIn        100199e0 f   mpclib_sfun:c3_mpclib.obj
 0001:00018b00       _c3_m_emlrt_marshallIn     10019b00 f   mpclib_sfun:c3_mpclib.obj
 0001:00018ba0       _c3_k_sf_marshallIn        10019ba0 f   mpclib_sfun:c3_mpclib.obj
 0001:00018c50       _c3_n_emlrt_marshallIn     10019c50 f   mpclib_sfun:c3_mpclib.obj
 0001:00018cd0       _c3_l_sf_marshallIn        10019cd0 f   mpclib_sfun:c3_mpclib.obj
 0001:00018de0       _c3_o_emlrt_marshallIn     10019de0 f   mpclib_sfun:c3_mpclib.obj
 0001:00018e70       _c3_m_sf_marshallIn        10019e70 f   mpclib_sfun:c3_mpclib.obj
 0001:00018f70       _c3_p_emlrt_marshallIn     10019f70 f   mpclib_sfun:c3_mpclib.obj
 0001:00019010       _c3_n_sf_marshallIn        1001a010 f   mpclib_sfun:c3_mpclib.obj
 0001:000190c0       _c3_q_emlrt_marshallIn     1001a0c0 f   mpclib_sfun:c3_mpclib.obj
 0001:00019140       _c3_o_sf_marshallIn        1001a140 f   mpclib_sfun:c3_mpclib.obj
 0001:000191f0       _c3_r_emlrt_marshallIn     1001a1f0 f   mpclib_sfun:c3_mpclib.obj
 0001:00019280       _c3_p_sf_marshallIn        1001a280 f   mpclib_sfun:c3_mpclib.obj
 0001:000193a0       _c3_s_emlrt_marshallIn     1001a3a0 f   mpclib_sfun:c3_mpclib.obj
 0001:00019440       _sf_opaque_initialize_c3_mpclib 1001a440 f   mpclib_sfun:c3_mpclib.obj
 0001:00019470       _initialize_c3_mpclib      1001a470 f   mpclib_sfun:c3_mpclib.obj
 0001:000194a0       _sf_opaque_enable_c3_mpclib 1001a4a0 f   mpclib_sfun:c3_mpclib.obj
 0001:000194c0       _enable_c3_mpclib          1001a4c0 f   mpclib_sfun:c3_mpclib.obj
 0001:000194e0       _sf_opaque_disable_c3_mpclib 1001a4e0 f   mpclib_sfun:c3_mpclib.obj
 0001:00019500       _disable_c3_mpclib         1001a500 f   mpclib_sfun:c3_mpclib.obj
 0001:00019520       _sf_opaque_gateway_c3_mpclib 1001a520 f   mpclib_sfun:c3_mpclib.obj
 0001:00019540       _sf_gateway_c3_mpclib      1001a540 f   mpclib_sfun:c3_mpclib.obj
 0001:0001dbf0       _sf_opaque_get_sim_state_c3_mpclib 1001ebf0 f   mpclib_sfun:c3_mpclib.obj
 0001:0001dc10       _sf_opaque_set_sim_state_c3_mpclib 1001ec10 f   mpclib_sfun:c3_mpclib.obj
 0001:0001dc30       _sf_opaque_terminate_c3_mpclib 1001ec30 f   mpclib_sfun:c3_mpclib.obj
 0001:0001dcc0       _finalize_c3_mpclib        1001ecc0 f   mpclib_sfun:c3_mpclib.obj
 0001:0001dcd0       _sf_opaque_init_subchart_simstructs 1001ecd0 f   mpclib_sfun:c3_mpclib.obj
 0001:0001dcf0       _initSimStructsc3_mpclib   1001ecf0 f   mpclib_sfun:c3_mpclib.obj
 0001:0001dd00       _mdlRTW_c3_mpclib          1001ed00 f   mpclib_sfun:c3_mpclib.obj
 0001:0001de29       _pre_c_init                1001ee29 f   MSVCRT:crtdll.obj
 0001:0001e081       ___DllMainCRTStartup       1001f081 f   MSVCRT:crtdll.obj
