 CART3_PMSG_sfun

 Timestamp is 5988ecca (Mon Aug 07 16:42:18 2017)

 Preferred load address is 10000000

 Start         Length     Name                   Class
 0001:00000000 00028c34H .text                   CODE
 0002:00000000 00000230H .idata$5                DATA
 0002:00000230 00000004H .CRT$XCA                DATA
 0002:00000234 00000004H .CRT$XCZ                DATA
 0002:00000238 00000004H .CRT$XIA                DATA
 0002:0000023c 00000004H .CRT$XIAA               DATA
 0002:00000240 00000004H .CRT$XIC                DATA
 0002:00000244 00000004H .CRT$XIZ                DATA
 0002:00000248 000008b8H .rdata                  DATA
 0002:00000b00 00000004H .rdata$sxdata           DATA
 0002:00000b04 00000004H .rtc$IAA                DATA
 0002:00000b08 00000004H .rtc$IZZ                DATA
 0002:00000b0c 00000004H .rtc$TAA                DATA
 0002:00000b10 00000004H .rtc$TZZ                DATA
 0002:00000b18 00000064H .xdata$x                DATA
 0002:00000b7c 0000008cH .idata$2                DATA
 0002:00000c08 00000014H .idata$3                DATA
 0002:00000c1c 00000230H .idata$4                DATA
 0002:00000e4c 00000bfcH .idata$6                DATA
 0002:00001a50 00000055H .edata                  DATA
 0003:00000000 0000cb00H .data                   DATA
 0003:0000cb00 00000498H .bss                    DATA

  Address         Publics by Value              Rva+Base       Lib:Object

 0000:00000000       __except_list              00000000     <absolute>
 0000:00000001       ___safe_se_handler_count   00000001     <absolute>
 0000:00009876       __fltused                  00009876     <absolute>
 0000:00009876       __ldused                   00009876     <absolute>
 0000:00000000       ___ImageBase               10000000     <linker-defined>
 0001:00000000       _CART3_PMSG_initializer    10001000 f   CART3_PMSG_sfun.obj
 0001:00000010       _CART3_PMSG_terminator     10001010 f   CART3_PMSG_sfun.obj
 0001:00000020       _sf_CART3_PMSG_method_dispatcher 10001020 f   CART3_PMSG_sfun.obj
 0001:00000140       _sf_CART3_PMSG_process_check_sum_call 10001140 f   CART3_PMSG_sfun.obj
 0001:00000590       _sf_CART3_PMSG_autoinheritance_info 10001590 f   CART3_PMSG_sfun.obj
 0001:00000890       _sf_CART3_PMSG_get_eml_resolved_functions_info 10001890 f   CART3_PMSG_sfun.obj
 0001:00000ae0       _sf_CART3_PMSG_third_party_uses_info 10001ae0 f   CART3_PMSG_sfun.obj
 0001:00000d60       _sf_CART3_PMSG_updateBuildInfo_args_info 10001d60 f   CART3_PMSG_sfun.obj
 0001:00000fe0       _CART3_PMSG_debug_initialize 10001fe0 f   CART3_PMSG_sfun.obj
 0001:00001040       _CART3_PMSG_register_exported_symbols 10002040 f   CART3_PMSG_sfun.obj
 0001:00001050       _load_CART3_PMSG_optimization_info 10002050 f   CART3_PMSG_sfun.obj
 0001:00001090       _unload_CART3_PMSG_optimization_info 10002090 f   CART3_PMSG_sfun.obj
 0001:000010d0       _sf_c1_CART3_PMSG_get_eml_resolved_functions_info 100020d0 f   c1_CART3_PMSG.obj
 0001:000022e0       _sf_c1_CART3_PMSG_get_check_sum 100032e0 f   c1_CART3_PMSG.obj
 0001:00002340       _sf_c1_CART3_PMSG_get_autoinheritance_info 10003340 f   c1_CART3_PMSG.obj
 0001:00002740       _sf_c1_CART3_PMSG_third_party_uses_info 10003740 f   c1_CART3_PMSG.obj
 0001:00002760       _sf_c1_CART3_PMSG_updateBuildInfo_args_info 10003760 f   c1_CART3_PMSG.obj
 0001:00002780       _sf_internal_get_sim_state_c1_CART3_PMSG 10003780 f   c1_CART3_PMSG.obj
 0001:00002a20       _sf_internal_set_sim_state_c1_CART3_PMSG 10003a20 f   c1_CART3_PMSG.obj
 0001:00002d10       _c1_CART3_PMSG_method_dispatcher 10003d10 f   c1_CART3_PMSG.obj
 0001:00004080       _sf_c2_CART3_PMSG_get_eml_resolved_functions_info 10005080 f   c2_CART3_PMSG.obj
 0001:00006d80       _sf_c2_CART3_PMSG_get_check_sum 10007d80 f   c2_CART3_PMSG.obj
 0001:00006de0       _sf_c2_CART3_PMSG_get_autoinheritance_info 10007de0 f   c2_CART3_PMSG.obj
 0001:00007400       _sf_c2_CART3_PMSG_third_party_uses_info 10008400 f   c2_CART3_PMSG.obj
 0001:00007420       _sf_c2_CART3_PMSG_updateBuildInfo_args_info 10008420 f   c2_CART3_PMSG.obj
 0001:00007440       _sf_internal_get_sim_state_c2_CART3_PMSG 10008440 f   c2_CART3_PMSG.obj
 0001:00007ac0       _sf_internal_set_sim_state_c2_CART3_PMSG 10008ac0 f   c2_CART3_PMSG.obj
 0001:00008300       _c2_CART3_PMSG_method_dispatcher 10009300 f   c2_CART3_PMSG.obj
 0001:0000b410       _sf_c3_CART3_PMSG_get_eml_resolved_functions_info 1000c410 f   c3_CART3_PMSG.obj
 0001:0000db30       _sf_c3_CART3_PMSG_get_check_sum 1000eb30 f   c3_CART3_PMSG.obj
 0001:0000db90       _sf_c3_CART3_PMSG_get_autoinheritance_info 1000eb90 f   c3_CART3_PMSG.obj
 0001:0000dea0       _sf_c3_CART3_PMSG_third_party_uses_info 1000eea0 f   c3_CART3_PMSG.obj
 0001:0000dec0       _sf_c3_CART3_PMSG_updateBuildInfo_args_info 1000eec0 f   c3_CART3_PMSG.obj
 0001:0000dee0       _sf_internal_get_sim_state_c3_CART3_PMSG 1000eee0 f   c3_CART3_PMSG.obj
 0001:0000e180       _sf_internal_set_sim_state_c3_CART3_PMSG 1000f180 f   c3_CART3_PMSG.obj
 0001:0000e470       _c3_CART3_PMSG_method_dispatcher 1000f470 f   c3_CART3_PMSG.obj
 0001:0000ff90       _sf_c4_CART3_PMSG_get_eml_resolved_functions_info 10010f90 f   c4_CART3_PMSG.obj
 0001:0000ffe0       _sf_c4_CART3_PMSG_get_check_sum 10010fe0 f   c4_CART3_PMSG.obj
 0001:00010040       _sf_c4_CART3_PMSG_get_autoinheritance_info 10011040 f   c4_CART3_PMSG.obj
 0001:00010350       _sf_c4_CART3_PMSG_third_party_uses_info 10011350 f   c4_CART3_PMSG.obj
 0001:00010370       _sf_c4_CART3_PMSG_updateBuildInfo_args_info 10011370 f   c4_CART3_PMSG.obj
 0001:00010390       _sf_internal_get_sim_state_c4_CART3_PMSG 10011390 f   c4_CART3_PMSG.obj
 0001:00010630       _sf_internal_set_sim_state_c4_CART3_PMSG 10011630 f   c4_CART3_PMSG.obj
 0001:00010920       _c4_CART3_PMSG_method_dispatcher 10011920 f   c4_CART3_PMSG.obj
 0001:00011d80       _sf_c5_CART3_PMSG_get_eml_resolved_functions_info 10012d80 f   c5_CART3_PMSG.obj
 0001:00012bd0       _sf_c5_CART3_PMSG_get_check_sum 10013bd0 f   c5_CART3_PMSG.obj
 0001:00012c30       _sf_c5_CART3_PMSG_get_autoinheritance_info 10013c30 f   c5_CART3_PMSG.obj
 0001:00012f40       _sf_c5_CART3_PMSG_third_party_uses_info 10013f40 f   c5_CART3_PMSG.obj
 0001:00012f60       _sf_c5_CART3_PMSG_updateBuildInfo_args_info 10013f60 f   c5_CART3_PMSG.obj
 0001:00012f80       _sf_internal_get_sim_state_c5_CART3_PMSG 10013f80 f   c5_CART3_PMSG.obj
 0001:00013220       _sf_internal_set_sim_state_c5_CART3_PMSG 10014220 f   c5_CART3_PMSG.obj
 0001:00013510       _c5_CART3_PMSG_method_dispatcher 10014510 f   c5_CART3_PMSG.obj
 0001:00014780       _sf_c6_CART3_PMSG_get_eml_resolved_functions_info 10015780 f   c6_CART3_PMSG.obj
 0001:00016ea0       _sf_c6_CART3_PMSG_get_check_sum 10017ea0 f   c6_CART3_PMSG.obj
 0001:00016f00       _sf_c6_CART3_PMSG_get_autoinheritance_info 10017f00 f   c6_CART3_PMSG.obj
 0001:00017760       _sf_c6_CART3_PMSG_third_party_uses_info 10018760 f   c6_CART3_PMSG.obj
 0001:00017780       _sf_c6_CART3_PMSG_updateBuildInfo_args_info 10018780 f   c6_CART3_PMSG.obj
 0001:000177a0       _sf_internal_get_sim_state_c6_CART3_PMSG 100187a0 f   c6_CART3_PMSG.obj
 0001:00017b10       _sf_internal_set_sim_state_c6_CART3_PMSG 10018b10 f   c6_CART3_PMSG.obj
 0001:00017e80       _c6_CART3_PMSG_method_dispatcher 10018e80 f   c6_CART3_PMSG.obj
 0001:00019dc0       _sf_c7_CART3_PMSG_get_eml_resolved_functions_info 1001adc0 f   c7_CART3_PMSG.obj
 0001:00019e10       _sf_c7_CART3_PMSG_get_check_sum 1001ae10 f   c7_CART3_PMSG.obj
 0001:00019e70       _sf_c7_CART3_PMSG_get_autoinheritance_info 1001ae70 f   c7_CART3_PMSG.obj
 0001:0001a6c0       _sf_c7_CART3_PMSG_third_party_uses_info 1001b6c0 f   c7_CART3_PMSG.obj
 0001:0001a6e0       _sf_c7_CART3_PMSG_updateBuildInfo_args_info 1001b6e0 f   c7_CART3_PMSG.obj
 0001:0001a700       _sf_internal_get_sim_state_c7_CART3_PMSG 1001b700 f   c7_CART3_PMSG.obj
 0001:0001ab40       _sf_internal_set_sim_state_c7_CART3_PMSG 1001bb40 f   c7_CART3_PMSG.obj
 0001:0001b070       _c7_CART3_PMSG_method_dispatcher 1001c070 f   c7_CART3_PMSG.obj
 0001:0001d490       _sf_c10_CART3_PMSG_get_eml_resolved_functions_info 1001e490 f   c10_CART3_PMSG.obj
 0001:0001f7c0       _sf_c10_CART3_PMSG_get_check_sum 100207c0 f   c10_CART3_PMSG.obj
 0001:0001f820       _sf_c10_CART3_PMSG_get_autoinheritance_info 10020820 f   c10_CART3_PMSG.obj
 0001:000202a0       _sf_c10_CART3_PMSG_third_party_uses_info 100212a0 f   c10_CART3_PMSG.obj
 0001:000202c0       _sf_c10_CART3_PMSG_updateBuildInfo_args_info 100212c0 f   c10_CART3_PMSG.obj
 0001:000202e0       _sf_internal_get_sim_state_c10_CART3_PMSG 100212e0 f   c10_CART3_PMSG.obj
 0001:00020650       _sf_internal_set_sim_state_c10_CART3_PMSG 10021650 f   c10_CART3_PMSG.obj
 0001:000209c0       _c10_CART3_PMSG_method_dispatcher 100219c0 f   c10_CART3_PMSG.obj
 0001:00023430       _sf_process_check_sum_call 10024430 f   CART3_PMSG_sfun_registry.obj
 0001:00023460       _sf_process_autoinheritance_call 10024460 f   CART3_PMSG_sfun_registry.obj
 0001:000235a0       _sf_process_get_third_party_uses_info_call 100245a0 f   CART3_PMSG_sfun_registry.obj
 0001:000236e0       _sf_process_get_updateBuildInfo_args_info_call 100246e0 f   CART3_PMSG_sfun_registry.obj
 0001:00023820       _sf_process_get_eml_resolved_functions_info_call 10024820 f   CART3_PMSG_sfun_registry.obj
 0001:00023940       _sf_mex_unlock_call        10024940 f   CART3_PMSG_sfun_registry.obj
 0001:000239d0       _sf_machine_global_initializer_called 100249d0 f   CART3_PMSG_sfun_registry.obj
 0001:000239f0       _sf_machine_global_method_dispatcher 100249f0 f   CART3_PMSG_sfun_registry.obj
 0001:00023a30       _sf_machine_global_terminator 10024a30 f   CART3_PMSG_sfun_registry.obj
 0001:00023a70       _sf_register_machine_exported_symbols 10024a70 f   CART3_PMSG_sfun_registry.obj
 0001:00023a90       _callCustomFcn             10024a90 f   CART3_PMSG_sfun_registry.obj
 0001:00023aa0       _sf_machine_global_initializer 10024aa0 f   CART3_PMSG_sfun_registry.obj
 0001:00023b10       _mdlGetSimState            10024b10 f   CART3_PMSG_sfun_registry.obj
 0001:00023b70       _mdlSetSimState            10024b70 f   CART3_PMSG_sfun_registry.obj
 0001:00023ba0       __ssSetStateAbsTol         10024ba0 f   CART3_PMSG_sfun_registry.obj
 0001:00023c40       __ssGetAbsTol              10024c40 f   CART3_PMSG_sfun_registry.obj
 0001:00023c90       __ssSetInputPortMatrixDimensions 10024c90 f   CART3_PMSG_sfun_registry.obj
 0001:00023d40       __ssSetOutputPortMatrixDimensions 10024d40 f   CART3_PMSG_sfun_registry.obj
 0001:00023df0       __ssSetInputPortVectorDimension 10024df0 f   CART3_PMSG_sfun_registry.obj
 0001:00023e70       __ssSetOutputPortVectorDimension 10024e70 f   CART3_PMSG_sfun_registry.obj
 0001:00023ef0       _ssIsRunTimeParamTunable   10024ef0 f   CART3_PMSG_sfun_registry.obj
 0001:00023f50       _ssGetSFuncBlockHandle     10024f50 f   CART3_PMSG_sfun_registry.obj
 0001:00023fa0       __ssGetCurrentInputPortWidth 10024fa0 f   CART3_PMSG_sfun_registry.obj
 0001:00024070       __ssGetCurrentOutputPortWidth 10025070 f   CART3_PMSG_sfun_registry.obj
 0001:00024140       __ssGetCallSystemNumFcnCallDestinations 10025140 f   CART3_PMSG_sfun_registry.obj
 0001:000241a0       _ssWarning                 100251a0 f   CART3_PMSG_sfun_registry.obj
 0001:00024280       _ssGetIsZeroCrossControlDisabled 10025280 f   CART3_PMSG_sfun_registry.obj
 0001:000242e0       _ssSetIsInputPortUsedForContZcSignal 100252e0 f   CART3_PMSG_sfun_registry.obj
 0001:00024330       _ssSetZcSignalIsZcElementDisc 10025330 f   CART3_PMSG_sfun_registry.obj
 0001:000243b0       _ssSetZcSignalName         100253b0 f   CART3_PMSG_sfun_registry.obj
 0001:00024400       _ssSetZcSignalWidth        10025400 f   CART3_PMSG_sfun_registry.obj
 0001:00024450       _ssSetZcSignalZcEventType  10025450 f   CART3_PMSG_sfun_registry.obj
 0001:000244a0       _ssSetZcSignalType         100254a0 f   CART3_PMSG_sfun_registry.obj
 0001:000244f0       _ssSetZcSignalZcTol        100254f0 f   CART3_PMSG_sfun_registry.obj
 0001:00024540       _ssSetZcSignalNeedsEventNotification 10025540 f   CART3_PMSG_sfun_registry.obj
 0001:00024590       _ssCreateAndAddZcSignalInfo 10025590 f   CART3_PMSG_sfun_registry.obj
 0001:000245f0       _ssCloneAndAddZcSignalInfo 100255f0 f   CART3_PMSG_sfun_registry.obj
 0001:00024650       _ssGetNumZcSignals         10025650 f   CART3_PMSG_sfun_registry.obj
 0001:000246b0       _ssGetZcSignalVector       100256b0 f   CART3_PMSG_sfun_registry.obj
 0001:00024710       _ssGetZcSignalZcEvents     10025710 f   CART3_PMSG_sfun_registry.obj
 0001:00024770       _ssGetZcSignalName         10025770 f   CART3_PMSG_sfun_registry.obj
 0001:000247d0       _ssGetZcSignalWidth        100257d0 f   CART3_PMSG_sfun_registry.obj
 0001:00024830       _ssGetZcSignalZcEventType  10025830 f   CART3_PMSG_sfun_registry.obj
 0001:00024890       _ssGetZcSignalType         10025890 f   CART3_PMSG_sfun_registry.obj
 0001:000248f0       _ssGetZcSignalZcTol        100258f0 f   CART3_PMSG_sfun_registry.obj
 0001:00024950       _ssGetZcSignalNeedsEventNotification 10025950 f   CART3_PMSG_sfun_registry.obj
 0001:000249b0       _ssGetZcSignalIsZcElementDisc 100259b0 f   CART3_PMSG_sfun_registry.obj
 0001:00024a30       _ssGetIsInputPortElementContinuous 10025a30 f   CART3_PMSG_sfun_registry.obj
 0001:00024ab0       __ssGetInputPortSignalPtrsFcn 10025ab0 f   CART3_PMSG_sfun_registry.obj
 0001:00024cb0       __ssGetInputPortSignalFcn  10025cb0 f   CART3_PMSG_sfun_registry.obj
 0001:00024e40       __ssSetInputPortDirectFeedThroughFcn 10025e40 f   CART3_PMSG_sfun_registry.obj
 0001:00024f70       __ssSetInputPortReusableFcn 10025f70 f   CART3_PMSG_sfun_registry.obj
 0001:00025000       __ssSetOutputPortReusableFcn 10026000 f   CART3_PMSG_sfun_registry.obj
 0001:00025090       _ssGetDTypeIdFromMxArray   10026090 f   CART3_PMSG_sfun_registry.obj
 0001:00025180       _ssWriteRTWStr             10026180 f   CART3_PMSG_sfun_registry.obj
 0001:000251c0       _ssWriteRTWMxVectParam     100261c0 f   CART3_PMSG_sfun_registry.obj
 0001:00025200       _ssWriteRTWMx2dMatParam    10026200 f   CART3_PMSG_sfun_registry.obj
 0001:00025240       _ssWriteRTWNameValuePair   10026240 f   CART3_PMSG_sfun_registry.obj
 0001:000255b0       _ssWriteRTWParameters      100265b0 f   CART3_PMSG_sfun_registry.obj
 0001:00025950       _ssWriteRTWParamSettings   10026950 f   CART3_PMSG_sfun_registry.obj
 0001:00025e00       _ssWriteRTWWorkVect        10026e00 f   CART3_PMSG_sfun_registry.obj
 0001:00026190       _mexFunction               10027190 f   CART3_PMSG_sfun_registry.obj
 0001:00027ee0       _ProcessMexSfunctionEveryCall 10028ee0 f   CART3_PMSG_sfun_registry.obj
 0001:00027ffe       _sf_debug_set_machine_data_thresholds 10028ffe f   sf_runtime:sf_runtime.dll
 0001:00028004       _sf_debug_set_machine_event_thresholds 10029004 f   sf_runtime:sf_runtime.dll
 0001:0002800a       _sf_debug_initialize_machine 1002900a f   sf_runtime:sf_runtime.dll
 0001:00028010       _sf_load_rtw_optimization_info 10029010 f   sf_runtime:sf_runtime.dll
 0001:00028016       _sf_mex_emlrtNameCapturePostProcessR2012a 10029016 f   sf_runtime:sf_runtime.dll
 0001:0002801c       _sf_mex_assign             1002901c f   sf_runtime:sf_runtime.dll
 0001:00028022       _sf_mex_createstruct       10029022 f   sf_runtime:sf_runtime.dll
 0001:00028028       _sf_mex_destroy            10029028 f   sf_runtime:sf_runtime.dll
 0001:0002802e       _sf_mex_duplicatearraysafe 1002902e f   sf_runtime:sf_runtime.dll
 0001:00028034       _sf_mex_createcellmatrix   10029034 f   sf_runtime:sf_runtime.dll
 0001:0002803a       _sf_mex_addfield           1002903a f   sf_runtime:sf_runtime.dll
 0001:00028040       _sf_mex_create             10029040 f   sf_runtime:sf_runtime.dll
 0001:00028046       _sf_mex_error_message      10029046 f   sf_runtime:sf_runtime.dll
 0001:0002804c       _sf_mex_call_matlab        1002904c f   sf_runtime:sf_runtime.dll
 0001:00028052       _sf_mex_setcell            10029052 f   sf_runtime:sf_runtime.dll
 0001:00028058       _sf_mex_decode_encoded_mx_struct_array 10029058 f   sf_runtime:sf_runtime.dll
 0001:0002805e       _sf_mex_getcell            1002905e f   sf_runtime:sf_runtime.dll
 0001:00028064       _sf_mex_dup                10029064 f   sf_runtime:sf_runtime.dll
 0001:0002806a       _sf_mex_import             1002906a f   sf_runtime:sf_runtime.dll
 0001:00028070       _sf_set_rtw_dwork_info     10029070 f   sf_runtime:sf_runtime.dll
 0001:00028076       _sf_mark_chart_reusable_outputs 10029076 f   sf_runtime:sf_runtime.dll
 0001:0002807c       _sf_mark_chart_expressionable_inputs 1002907c f   sf_runtime:sf_runtime.dll
 0001:00028082       _sf_update_buildInfo       10029082 f   sf_runtime:sf_runtime.dll
 0001:00028088       _sf_rtw_info_uint_prop     10029088 f   sf_runtime:sf_runtime.dll
 0001:0002808e       _sf_is_chart_inlinable     1002908e f   sf_runtime:sf_runtime.dll
 0001:00028094       _sim_mode_is_external      10029094 f   sf_runtime:sf_runtime.dll
 0001:0002809a       _sim_mode_is_rtw_gen       1002909a f   sf_runtime:sf_runtime.dll
 0001:000280a0       _sf_debug_reset_current_state_configuration 100290a0 f   sf_runtime:sf_runtime.dll
 0001:000280a6       _sf_debug_set_instance_data_value_ptr 100290a6 f   sf_runtime:sf_runtime.dll
 0001:000280ac       _sf_debug_set_chart_data_compiled_props 100290ac f   sf_runtime:sf_runtime.dll
 0001:000280b2       _cv_eml_init_fcn           100290b2 f   sf_runtime:sf_runtime.dll
 0001:000280b8       _cv_eml_init_script        100290b8 f   sf_runtime:sf_runtime.dll
 0001:000280be       _sf_debug_cv_init_trans    100290be f   sf_runtime:sf_runtime.dll
 0001:000280c4       _sf_debug_cv_init_state    100290c4 f   sf_runtime:sf_runtime.dll
 0001:000280ca       _sf_debug_cv_init_chart    100290ca f   sf_runtime:sf_runtime.dll
 0001:000280d0       _sf_debug_set_chart_decomposition 100290d0 f   sf_runtime:sf_runtime.dll
 0001:000280d6       _sf_debug_set_chart_substate_count 100290d6 f   sf_runtime:sf_runtime.dll
 0001:000280dc       _sf_debug_set_chart_state_info 100290dc f   sf_runtime:sf_runtime.dll
 0001:000280e2       _sf_debug_set_chart_data_props 100290e2 f   sf_runtime:sf_runtime.dll
 0001:000280e8       _sf_debug_set_chart_event_thresholds 100290e8 f   sf_runtime:sf_runtime.dll
 0001:000280ee       _sf_debug_set_chart_disable_implicit_casting 100290ee f   sf_runtime:sf_runtime.dll
 0001:000280f4       _sf_debug_initialize_chart 100290f4 f   sf_runtime:sf_runtime.dll
 0001:000280fa       _sf_get_time               100290fa f   sf_runtime:sf_runtime.dll
 0001:00028100       _sf_debug_check_for_state_inconsistency 10029100 f   sf_runtime:sf_runtime.dll
 0001:00028106       _sf_debug_symbol_scope_pop 10029106 f   sf_runtime:sf_runtime.dll
 0001:0002810c       _eml_debug_line_call       1002910c f   sf_runtime:sf_runtime.dll
 0001:00028112       _cv_eml_eval               10029112 f   sf_runtime:sf_runtime.dll
 0001:00028118       _sf_debug_symbol_scope_add_eml_importable 10029118 f   sf_runtime:sf_runtime.dll
 0001:0002811e       _sf_debug_symbol_scope_add_eml 1002911e f   sf_runtime:sf_runtime.dll
 0001:00028124       _sf_debug_symbol_scope_push_eml 10029124 f   sf_runtime:sf_runtime.dll
 0001:0002812a       _sf_debug_data_range_wrapper 1002912a f   sf_runtime:sf_runtime.dll
 0001:00028130       _sf_debug_call             10029130 f   sf_runtime:sf_runtime.dll
 0001:00028136       _sf_debug_symbol_scope_push 10029136 f   sf_runtime:sf_runtime.dll
 0001:0002813c       _sf_clear_rtw_identifier   1002913c f   sf_runtime:sf_runtime.dll
 0001:00028142       _cv_eml_init_mcdc          10029142 f   sf_runtime:sf_runtime.dll
 0001:00028148       _cv_eml_init_if            10029148 f   sf_runtime:sf_runtime.dll
 0001:0002814e       _sf_mex_call_debug         1002914e f   sf_runtime:sf_runtime.dll
 0001:00028154       _sf_debug_terminate        10029154 f   sf_runtime:sf_runtime.dll
 0001:0002815a       _sf_debug_create_debug_instance_struct 1002915a f   sf_runtime:sf_runtime.dll
 0001:00028160       _sf_debug_api              10029160 f   sf_runtime:sf_runtime.dll
 0001:00028166       _callMdlMethodAndReportError 10029166 f   sf_runtime:sf_runtime.dll
 0001:0002816c       _call_sf_machine_global_method_dispatcher 1002916c f   sf_runtime:sf_runtime.dll
 0001:00028172       _sf_clear_error_manager_info 10029172 f   sf_runtime:sf_runtime.dll
 0001:00028178       _sf_mex_error_direct_call  10029178 f   sf_runtime:sf_runtime.dll
 0001:0002817e       _mxGetScalar               1002917e f   libmx:libmx.dll
 0001:00028184       _mxGetPr                   10029184 f   libmx:libmx.dll
 0001:0002818a       _mxCreateDoubleMatrix_730  1002918a f   libmx:libmx.dll
 0001:00028190       _mxGetString_730           10029190 f   libmx:libmx.dll
 0001:00028196       _mxIsChar                  10029196 f   libmx:libmx.dll
 0001:0002819c       _mxDestroyArray            1002919c f   libmx:libmx.dll
 0001:000281a2       _mxDuplicateArray          100291a2 f   libmx:libmx.dll
 0001:000281a8       _mxCreateDoubleScalar      100291a8 f   libmx:libmx.dll
 0001:000281ae       _mxSetField_730            100291ae f   libmx:libmx.dll
 0001:000281b4       _mxCreateString            100291b4 f   libmx:libmx.dll
 0001:000281ba       _mxCreateStructMatrix_730  100291ba f   libmx:libmx.dll
 0001:000281c0       _mxCreateCellMatrix_730    100291c0 f   libmx:libmx.dll
 0001:000281c6       _mxIsEmpty                 100291c6 f   libmx:libmx.dll
 0001:000281cc       _mxGetClassID              100291cc f   libmx:libmx.dll
 0001:000281d2       _mxIsNumeric               100291d2 f   libmx:libmx.dll
 0001:000281d8       _mxIsComplex               100291d8 f   libmx:libmx.dll
 0001:000281de       _mxGetN                    100291de f   libmx:libmx.dll
 0001:000281e4       _mxGetM                    100291e4 f   libmx:libmx.dll
 0001:000281ea       _mxCalloc                  100291ea f   libmx:libmx.dll
 0001:000281f0       _mexMakeArrayPersistent    100291f0 f   libmex:libmex.dll
 0001:000281f6       _mexUnlock                 100291f6 f   libmex:libmex.dll
 0001:000281fc       _mexIsLocked               100291fc f   libmex:libmex.dll
 0001:00028202       _mexWarnMsgTxt             10029202 f   libmex:libmex.dll
 0001:00028208       _mexCallMATLAB             10029208 f   libmex:libmex.dll
 0001:0002820e       _mexErrMsgTxt              1002920e f   libmex:libmex.dll
 0001:00028214       _mexLock                   10029214 f   libmex:libmex.dll
 0001:0002821a       _utMalloc                  1002921a f   libut:libut.dll
 0001:00028220       _utFree                    10029220 f   libut:libut.dll
 0001:00028226       _muDoubleScalarSqrt        10029226 f   libmwmathutil:libmwmathutil.dll
 0001:0002822c       _muDoubleScalarMax         1002922c f   libmwmathutil:libmwmathutil.dll
 0001:00028232       _muDoubleScalarMin         10029232 f   libmwmathutil:libmwmathutil.dll
 0001:00028238       _strcmp                    10029238 f   MSVCRT:MSVCR100.dll
 0001:00028240       @__security_check_cookie@4 10029240 f   MSVCRT:secchk.obj
 0001:00028250       _strlen                    10029250 f   MSVCRT:MSVCR100.dll
 0001:00028256       _memset                    10029256 f   MSVCRT:MSVCR100.dll
 0001:0002825c       _free                      1002925c f   MSVCRT:MSVCR100.dll
 0001:00028262       _sprintf                   10029262 f   MSVCRT:MSVCR100.dll
 0001:00028268       _malloc                    10029268 f   MSVCRT:MSVCR100.dll
 0001:0002826e       _strcat                    1002926e f   MSVCRT:MSVCR100.dll
 0001:00028280       __ftol2_sse                10029280 f   MSVCRT:ftol2.obj
 0001:00028289       __ftol2_pentium4           10029289 f   MSVCRT:ftol2.obj
 0001:0002829c       __ftol2_sse_excpt          1002929c f   MSVCRT:ftol2.obj
 0001:000282b6       __ftol2                    100292b6 f   MSVCRT:ftol2.obj
 0001:0002832c       _memcpy                    1002932c f   MSVCRT:MSVCR100.dll
 0001:00028332       _NtCurrentTeb              10029332 f i MSVCRT:crtdll.obj
 0001:00028387       __CRT_INIT@12              10029387 f   MSVCRT:crtdll.obj
 0001:000286a7       __DllMainCRTStartup@12     100296a7 f   MSVCRT:crtdll.obj
 0001:000286ca       ___report_gsfailure        100296ca f   MSVCRT:gs_report.obj
 0001:000287d0       ___sse2_available_init     100297d0 f   MSVCRT:cpu_disp.obj
 0001:000287e0       ___clean_type_info_names   100297e0 f   MSVCRT:tncleanup.obj
 0001:000287ec       __onexit                   100297ec f   MSVCRT:atonexit.obj
 0001:0002888d       _atexit                    1002988d f   MSVCRT:atonexit.obj
 0001:000288a4       __RTC_Initialize           100298a4 f   MSVCRT:_initsect_.obj
 0001:000288ca       __RTC_Terminate            100298ca f   MSVCRT:_initsect_.obj
 0001:000288f0       __malloc_crt               100298f0 f   MSVCRT:MSVCR100.dll
 0001:000288f6       __encoded_null             100298f6 f   MSVCRT:MSVCR100.dll
 0001:00028900       __ValidateImageBase        10029900 f   MSVCRT:pesect.obj
 0001:00028940       __FindPESection            10029940 f   MSVCRT:pesect.obj
 0001:00028990       __IsNonwritableInCurrentImage 10029990 f   MSVCRT:pesect.obj
 0001:00028a4c       __initterm                 10029a4c f   MSVCRT:MSVCR100.dll
 0001:00028a52       __initterm_e               10029a52 f   MSVCRT:MSVCR100.dll
 0001:00028a58       __amsg_exit                10029a58 f   MSVCRT:MSVCR100.dll
 0001:00028a5e       ___CppXcptFilter           10029a5e f   MSVCRT:MSVCR100.dll
 0001:00028a64       _DllMain@12                10029a64 f   MSVCRT:dllmain.obj
 0001:00028a90       __SEH_prolog4              10029a90 f   MSVCRT:sehprolg4.obj
 0001:00028ad5       __SEH_epilog4              10029ad5 f   MSVCRT:sehprolg4.obj
 0001:00028ae9       __except_handler4          10029ae9 f   MSVCRT:chandler4gs.obj
 0001:00028b0e       ___security_init_cookie    10029b0e f   MSVCRT:gs_support.obj
 0001:00028baa       __crt_debugger_hook        10029baa f   MSVCRT:MSVCR100.dll
 0001:00028bb0       ___clean_type_info_names_internal 10029bb0 f   MSVCRT:MSVCR100.dll
 0001:00028bb6       __unlock                   10029bb6 f   MSVCRT:MSVCR100.dll
 0001:00028bbc       ___dllonexit               10029bbc f   MSVCRT:MSVCR100.dll
 0001:00028bc2       __lock                     10029bc2 f   MSVCRT:MSVCR100.dll
 0001:00028bc8       __except_handler4_common   10029bc8 f   MSVCRT:MSVCR100.dll
 0001:00028bce       _EncodePointer@4           10029bce f   kernel32:KERNEL32.dll
 0001:00028bd4       _DecodePointer@4           10029bd4 f   kernel32:KERNEL32.dll
 0001:00028bda       _InterlockedExchange@8     10029bda f   kernel32:KERNEL32.dll
 0001:00028be0       _Sleep@4                   10029be0 f   kernel32:KERNEL32.dll
 0001:00028be6       _InterlockedCompareExchange@12 10029be6 f   kernel32:KERNEL32.dll
 0001:00028bec       _TerminateProcess@8        10029bec f   kernel32:KERNEL32.dll
 0001:00028bf2       _GetCurrentProcess@0       10029bf2 f   kernel32:KERNEL32.dll
 0001:00028bf8       _UnhandledExceptionFilter@4 10029bf8 f   kernel32:KERNEL32.dll
 0001:00028bfe       _SetUnhandledExceptionFilter@4 10029bfe f   kernel32:KERNEL32.dll
 0001:00028c04       _IsDebuggerPresent@0       10029c04 f   kernel32:KERNEL32.dll
 0001:00028c0a       _IsProcessorFeaturePresent@4 10029c0a f   kernel32:KERNEL32.dll
 0001:00028c10       _DisableThreadLibraryCalls@4 10029c10 f   kernel32:KERNEL32.dll
 0001:00028c16       _QueryPerformanceCounter@4 10029c16 f   kernel32:KERNEL32.dll
 0001:00028c1c       _GetTickCount@0            10029c1c f   kernel32:KERNEL32.dll
 0001:00028c22       _GetCurrentThreadId@0      10029c22 f   kernel32:KERNEL32.dll
 0001:00028c28       _GetCurrentProcessId@0     10029c28 f   kernel32:KERNEL32.dll
 0001:00028c2e       _GetSystemTimeAsFileTime@4 10029c2e f   kernel32:KERNEL32.dll
 0002:00000000       __imp__GetSystemTimeAsFileTime@4 1002a000     kernel32:KERNEL32.dll
 0002:00000004       __imp__GetCurrentProcessId@0 1002a004     kernel32:KERNEL32.dll
 0002:00000008       __imp__GetCurrentThreadId@0 1002a008     kernel32:KERNEL32.dll
 0002:0000000c       __imp__GetTickCount@0      1002a00c     kernel32:KERNEL32.dll
 0002:00000010       __imp__QueryPerformanceCounter@4 1002a010     kernel32:KERNEL32.dll
 0002:00000014       __imp__DisableThreadLibraryCalls@4 1002a014     kernel32:KERNEL32.dll
 0002:00000018       __imp__IsProcessorFeaturePresent@4 1002a018     kernel32:KERNEL32.dll
 0002:0000001c       __imp__IsDebuggerPresent@0 1002a01c     kernel32:KERNEL32.dll
 0002:00000020       __imp__SetUnhandledExceptionFilter@4 1002a020     kernel32:KERNEL32.dll
 0002:00000024       __imp__UnhandledExceptionFilter@4 1002a024     kernel32:KERNEL32.dll
 0002:00000028       __imp__GetCurrentProcess@0 1002a028     kernel32:KERNEL32.dll
 0002:0000002c       __imp__TerminateProcess@8  1002a02c     kernel32:KERNEL32.dll
 0002:00000030       __imp__InterlockedCompareExchange@12 1002a030     kernel32:KERNEL32.dll
 0002:00000034       __imp__Sleep@4             1002a034     kernel32:KERNEL32.dll
 0002:00000038       __imp__InterlockedExchange@8 1002a038     kernel32:KERNEL32.dll
 0002:0000003c       __imp__DecodePointer@4     1002a03c     kernel32:KERNEL32.dll
 0002:00000040       __imp__EncodePointer@4     1002a040     kernel32:KERNEL32.dll
 0002:00000044       \177KERNEL32_NULL_THUNK_DATA 1002a044     kernel32:KERNEL32.dll
 0002:00000048       __imp___except_handler4_common 1002a048     MSVCRT:MSVCR100.dll
 0002:0000004c       __imp___onexit             1002a04c     MSVCRT:MSVCR100.dll
 0002:00000050       __imp___lock               1002a050     MSVCRT:MSVCR100.dll
 0002:00000054       __imp____dllonexit         1002a054     MSVCRT:MSVCR100.dll
 0002:00000058       __imp___unlock             1002a058     MSVCRT:MSVCR100.dll
 0002:0000005c       __imp____clean_type_info_names_internal 1002a05c     MSVCRT:MSVCR100.dll
 0002:00000060       __imp___crt_debugger_hook  1002a060     MSVCRT:MSVCR100.dll
 0002:00000064       __imp____CppXcptFilter     1002a064     MSVCRT:MSVCR100.dll
 0002:00000068       __imp___amsg_exit          1002a068     MSVCRT:MSVCR100.dll
 0002:0000006c       __imp___initterm_e         1002a06c     MSVCRT:MSVCR100.dll
 0002:00000070       __imp___initterm           1002a070     MSVCRT:MSVCR100.dll
 0002:00000074       __imp___encoded_null       1002a074     MSVCRT:MSVCR100.dll
 0002:00000078       __imp___malloc_crt         1002a078     MSVCRT:MSVCR100.dll
 0002:0000007c       __imp__memcpy              1002a07c     MSVCRT:MSVCR100.dll
 0002:00000080       __imp__strcat              1002a080     MSVCRT:MSVCR100.dll
 0002:00000084       __imp__malloc              1002a084     MSVCRT:MSVCR100.dll
 0002:00000088       __imp__sprintf             1002a088     MSVCRT:MSVCR100.dll
 0002:0000008c       __imp__free                1002a08c     MSVCRT:MSVCR100.dll
 0002:00000090       __imp__memset              1002a090     MSVCRT:MSVCR100.dll
 0002:00000094       __imp__strlen              1002a094     MSVCRT:MSVCR100.dll
 0002:00000098       __imp__strcmp              1002a098     MSVCRT:MSVCR100.dll
 0002:0000009c       \177MSVCR100_NULL_THUNK_DATA 1002a09c     MSVCRT:MSVCR100.dll
 0002:000000a0       __imp__mexErrMsgTxt        1002a0a0     libmex:libmex.dll
 0002:000000a4       __imp__mexUnlock           1002a0a4     libmex:libmex.dll
 0002:000000a8       __imp__mexIsLocked         1002a0a8     libmex:libmex.dll
 0002:000000ac       __imp__mexWarnMsgTxt       1002a0ac     libmex:libmex.dll
 0002:000000b0       __imp__mexLock             1002a0b0     libmex:libmex.dll
 0002:000000b4       __imp__mexMakeArrayPersistent 1002a0b4     libmex:libmex.dll
 0002:000000b8       __imp__mexCallMATLAB       1002a0b8     libmex:libmex.dll
 0002:000000bc       \177libmex_NULL_THUNK_DATA 1002a0bc     libmex:libmex.dll
 0002:000000c0       __imp__muDoubleScalarMax   1002a0c0     libmwmathutil:libmwmathutil.dll
 0002:000000c4       __imp__muDoubleScalarMin   1002a0c4     libmwmathutil:libmwmathutil.dll
 0002:000000c8       __imp__muDoubleScalarSqrt  1002a0c8     libmwmathutil:libmwmathutil.dll
 0002:000000cc       \177libmwmathutil_NULL_THUNK_DATA 1002a0cc     libmwmathutil:libmwmathutil.dll
 0002:000000d0       __imp__mxCalloc            1002a0d0     libmx:libmx.dll
 0002:000000d4       __imp__mxGetM              1002a0d4     libmx:libmx.dll
 0002:000000d8       __imp__mxGetN              1002a0d8     libmx:libmx.dll
 0002:000000dc       __imp__mxIsComplex         1002a0dc     libmx:libmx.dll
 0002:000000e0       __imp__mxIsNumeric         1002a0e0     libmx:libmx.dll
 0002:000000e4       __imp__mxGetClassID        1002a0e4     libmx:libmx.dll
 0002:000000e8       __imp__mxIsEmpty           1002a0e8     libmx:libmx.dll
 0002:000000ec       __imp__mxCreateCellMatrix_730 1002a0ec     libmx:libmx.dll
 0002:000000f0       __imp__mxCreateStructMatrix_730 1002a0f0     libmx:libmx.dll
 0002:000000f4       __imp__mxCreateString      1002a0f4     libmx:libmx.dll
 0002:000000f8       __imp__mxSetField_730      1002a0f8     libmx:libmx.dll
 0002:000000fc       __imp__mxCreateDoubleScalar 1002a0fc     libmx:libmx.dll
 0002:00000100       __imp__mxGetScalar         1002a100     libmx:libmx.dll
 0002:00000104       __imp__mxGetPr             1002a104     libmx:libmx.dll
 0002:00000108       __imp__mxCreateDoubleMatrix_730 1002a108     libmx:libmx.dll
 0002:0000010c       __imp__mxGetString_730     1002a10c     libmx:libmx.dll
 0002:00000110       __imp__mxIsChar            1002a110     libmx:libmx.dll
 0002:00000114       __imp__mxDestroyArray      1002a114     libmx:libmx.dll
 0002:00000118       __imp__mxDuplicateArray    1002a118     libmx:libmx.dll
 0002:0000011c       \177libmx_NULL_THUNK_DATA  1002a11c     libmx:libmx.dll
 0002:00000120       __imp__utMalloc            1002a120     libut:libut.dll
 0002:00000124       __imp__utFree              1002a124     libut:libut.dll
 0002:00000128       \177libut_NULL_THUNK_DATA  1002a128     libut:libut.dll
 0002:0000012c       __imp__call_sf_machine_global_method_dispatcher 1002a12c     sf_runtime:sf_runtime.dll
 0002:00000130       __imp__callMdlMethodAndReportError 1002a130     sf_runtime:sf_runtime.dll
 0002:00000134       __imp__sf_debug_api        1002a134     sf_runtime:sf_runtime.dll
 0002:00000138       __imp__sf_debug_create_debug_instance_struct 1002a138     sf_runtime:sf_runtime.dll
 0002:0000013c       __imp__sf_debug_terminate  1002a13c     sf_runtime:sf_runtime.dll
 0002:00000140       __imp__sf_mex_call_debug   1002a140     sf_runtime:sf_runtime.dll
 0002:00000144       __imp__cv_eml_init_if      1002a144     sf_runtime:sf_runtime.dll
 0002:00000148       __imp__cv_eml_init_mcdc    1002a148     sf_runtime:sf_runtime.dll
 0002:0000014c       __imp__sf_clear_error_manager_info 1002a14c     sf_runtime:sf_runtime.dll
 0002:00000150       __imp__sf_debug_symbol_scope_push 1002a150     sf_runtime:sf_runtime.dll
 0002:00000154       __imp__sf_debug_call       1002a154     sf_runtime:sf_runtime.dll
 0002:00000158       __imp__sf_debug_data_range_wrapper 1002a158     sf_runtime:sf_runtime.dll
 0002:0000015c       __imp__sf_debug_symbol_scope_push_eml 1002a15c     sf_runtime:sf_runtime.dll
 0002:00000160       __imp__sf_debug_symbol_scope_add_eml 1002a160     sf_runtime:sf_runtime.dll
 0002:00000164       __imp__sf_debug_symbol_scope_add_eml_importable 1002a164     sf_runtime:sf_runtime.dll
 0002:00000168       __imp__cv_eml_eval         1002a168     sf_runtime:sf_runtime.dll
 0002:0000016c       __imp__eml_debug_line_call 1002a16c     sf_runtime:sf_runtime.dll
 0002:00000170       __imp__sf_debug_symbol_scope_pop 1002a170     sf_runtime:sf_runtime.dll
 0002:00000174       __imp__sf_mex_error_direct_call 1002a174     sf_runtime:sf_runtime.dll
 0002:00000178       __imp__sf_clear_rtw_identifier 1002a178     sf_runtime:sf_runtime.dll
 0002:0000017c       __imp__sf_debug_check_for_state_inconsistency 1002a17c     sf_runtime:sf_runtime.dll
 0002:00000180       __imp__sf_get_time         1002a180     sf_runtime:sf_runtime.dll
 0002:00000184       __imp__sf_debug_initialize_chart 1002a184     sf_runtime:sf_runtime.dll
 0002:00000188       __imp__sf_debug_set_chart_disable_implicit_casting 1002a188     sf_runtime:sf_runtime.dll
 0002:0000018c       __imp__sf_debug_set_chart_event_thresholds 1002a18c     sf_runtime:sf_runtime.dll
 0002:00000190       __imp__sf_debug_set_chart_data_props 1002a190     sf_runtime:sf_runtime.dll
 0002:00000194       __imp__sf_debug_set_chart_state_info 1002a194     sf_runtime:sf_runtime.dll
 0002:00000198       __imp__sf_debug_set_chart_substate_count 1002a198     sf_runtime:sf_runtime.dll
 0002:0000019c       __imp__sf_debug_set_chart_decomposition 1002a19c     sf_runtime:sf_runtime.dll
 0002:000001a0       __imp__sf_debug_cv_init_chart 1002a1a0     sf_runtime:sf_runtime.dll
 0002:000001a4       __imp__sf_debug_cv_init_state 1002a1a4     sf_runtime:sf_runtime.dll
 0002:000001a8       __imp__sf_debug_cv_init_trans 1002a1a8     sf_runtime:sf_runtime.dll
 0002:000001ac       __imp__cv_eml_init_script  1002a1ac     sf_runtime:sf_runtime.dll
 0002:000001b0       __imp__cv_eml_init_fcn     1002a1b0     sf_runtime:sf_runtime.dll
 0002:000001b4       __imp__sf_debug_set_chart_data_compiled_props 1002a1b4     sf_runtime:sf_runtime.dll
 0002:000001b8       __imp__sf_debug_set_instance_data_value_ptr 1002a1b8     sf_runtime:sf_runtime.dll
 0002:000001bc       __imp__sf_debug_reset_current_state_configuration 1002a1bc     sf_runtime:sf_runtime.dll
 0002:000001c0       __imp__sim_mode_is_rtw_gen 1002a1c0     sf_runtime:sf_runtime.dll
 0002:000001c4       __imp__sim_mode_is_external 1002a1c4     sf_runtime:sf_runtime.dll
 0002:000001c8       __imp__sf_is_chart_inlinable 1002a1c8     sf_runtime:sf_runtime.dll
 0002:000001cc       __imp__sf_rtw_info_uint_prop 1002a1cc     sf_runtime:sf_runtime.dll
 0002:000001d0       __imp__sf_update_buildInfo 1002a1d0     sf_runtime:sf_runtime.dll
 0002:000001d4       __imp__sf_mark_chart_expressionable_inputs 1002a1d4     sf_runtime:sf_runtime.dll
 0002:000001d8       __imp__sf_mark_chart_reusable_outputs 1002a1d8     sf_runtime:sf_runtime.dll
 0002:000001dc       __imp__sf_set_rtw_dwork_info 1002a1dc     sf_runtime:sf_runtime.dll
 0002:000001e0       __imp__sf_mex_import       1002a1e0     sf_runtime:sf_runtime.dll
 0002:000001e4       __imp__sf_mex_dup          1002a1e4     sf_runtime:sf_runtime.dll
 0002:000001e8       __imp__sf_mex_getcell      1002a1e8     sf_runtime:sf_runtime.dll
 0002:000001ec       __imp__sf_mex_decode_encoded_mx_struct_array 1002a1ec     sf_runtime:sf_runtime.dll
 0002:000001f0       __imp__sf_mex_setcell      1002a1f0     sf_runtime:sf_runtime.dll
 0002:000001f4       __imp__sf_mex_call_matlab  1002a1f4     sf_runtime:sf_runtime.dll
 0002:000001f8       __imp__sf_mex_error_message 1002a1f8     sf_runtime:sf_runtime.dll
 0002:000001fc       __imp__sf_mex_create       1002a1fc     sf_runtime:sf_runtime.dll
 0002:00000200       __imp__sf_mex_addfield     1002a200     sf_runtime:sf_runtime.dll
 0002:00000204       __imp__sf_mex_createcellmatrix 1002a204     sf_runtime:sf_runtime.dll
 0002:00000208       __imp__sf_mex_duplicatearraysafe 1002a208     sf_runtime:sf_runtime.dll
 0002:0000020c       __imp__sf_mex_destroy      1002a20c     sf_runtime:sf_runtime.dll
 0002:00000210       __imp__sf_mex_createstruct 1002a210     sf_runtime:sf_runtime.dll
 0002:00000214       __imp__sf_mex_assign       1002a214     sf_runtime:sf_runtime.dll
 0002:00000218       __imp__sf_mex_emlrtNameCapturePostProcessR2012a 1002a218     sf_runtime:sf_runtime.dll
 0002:0000021c       __imp__sf_load_rtw_optimization_info 1002a21c     sf_runtime:sf_runtime.dll
 0002:00000220       __imp__sf_debug_initialize_machine 1002a220     sf_runtime:sf_runtime.dll
 0002:00000224       __imp__sf_debug_set_machine_event_thresholds 1002a224     sf_runtime:sf_runtime.dll
 0002:00000228       __imp__sf_debug_set_machine_data_thresholds 1002a228     sf_runtime:sf_runtime.dll
 0002:0000022c       \177sf_runtime_NULL_THUNK_DATA 1002a22c     sf_runtime:sf_runtime.dll
 0002:00000230       ___xc_a                    1002a230     MSVCRT:cinitexe.obj
 0002:00000234       ___xc_z                    1002a234     MSVCRT:cinitexe.obj
 0002:00000238       ___xi_a                    1002a238     MSVCRT:cinitexe.obj
 0002:00000244       ___xi_z                    1002a244     MSVCRT:cinitexe.obj
 0002:00000248       __real@41d893d538400000    1002a248     CART3_PMSG_sfun.obj
 0002:00000250       __real@41ed81c49b400000    1002a250     CART3_PMSG_sfun.obj
 0002:00000258       __real@41e9c2639c800000    1002a258     CART3_PMSG_sfun.obj
 0002:00000260       __real@41decce349c00000    1002a260     CART3_PMSG_sfun.obj
 0002:00000268       __real@41d187d0c8400000    1002a268     CART3_PMSG_sfun.obj
 0002:00000270       __real@41cff744e8000000    1002a270     CART3_PMSG_sfun.obj
 0002:00000278       __real@41b7e1066f000000    1002a278     CART3_PMSG_sfun.obj
 0002:00000280       __real@41c845d7be800000    1002a280     CART3_PMSG_sfun.obj
 0002:00000288       __real@41d54b0976000000    1002a288     CART3_PMSG_sfun.obj
 0002:00000290       __real@41ef860009a00000    1002a290     CART3_PMSG_sfun.obj
 0002:00000298       __real@41e330828a200000    1002a298     CART3_PMSG_sfun.obj
 0002:000002a0       __real@41e6a97919600000    1002a2a0     CART3_PMSG_sfun.obj
 0002:000002a8       __real@0000000000000000    1002a2a8     CART3_PMSG_sfun.obj
 0002:000002b0       __real@41e5b0f080a00000    1002a2b0     CART3_PMSG_sfun.obj
 0002:000002b8       __real@41dde0e850c00000    1002a2b8     CART3_PMSG_sfun.obj
 0002:000002c0       __real@4152760240000000    1002a2c0     CART3_PMSG_sfun.obj
 0002:000002c8       __real@41d397f0edc00000    1002a2c8     CART3_PMSG_sfun.obj
 0002:000002d0       __real@41e45c278ac00000    1002a2d0     c1_CART3_PMSG.obj
 0002:000002d8       __real@41ef29cfe4e00000    1002a2d8     c1_CART3_PMSG.obj
 0002:000002e0       __real@41e1117978400000    1002a2e0     c1_CART3_PMSG.obj
 0002:000002e8       __real@41d85bcc3f000000    1002a2e8     c1_CART3_PMSG.obj
 0002:000002f0       __real@4024000000000000    1002a2f0     c1_CART3_PMSG.obj
 0002:000002f8       __real@3ff0000000000000    1002a2f8     c1_CART3_PMSG.obj
 0002:00000300       __real@3fb85c933156a628    1002a300     c1_CART3_PMSG.obj
 0002:00000308       __real@3fecf46d99d52b3b    1002a308     c1_CART3_PMSG.obj
 0002:00000310       __real@4000000000000000    1002a310     c1_CART3_PMSG.obj
 0002:00000318       __real@41e31a75f0800000    1002a318     c2_CART3_PMSG.obj
 0002:00000320       __real@41ec352455200000    1002a320     c2_CART3_PMSG.obj
 0002:00000328       __real@41e61af1c7400000    1002a328     c2_CART3_PMSG.obj
 0002:00000330       __real@41e5e56501600000    1002a330     c2_CART3_PMSG.obj
 0002:00000338       __real@41612a8800000000    1002a338     c2_CART3_PMSG.obj
 0002:00000340       __real@41107ac000000000    1002a340     c2_CART3_PMSG.obj
 0002:00000348       __real@40a7700000000000    1002a348     c2_CART3_PMSG.obj
 0002:00000350       __real@3ffecccccccccccd    1002a350     c2_CART3_PMSG.obj
 0002:00000358       __real@4054f1a6c638d03f    1002a358     c2_CART3_PMSG.obj
 0002:00000360       __real@4014000000000000    1002a360     c2_CART3_PMSG.obj
 0002:00000368       __real@40b0853e76c8b439    1002a368     c2_CART3_PMSG.obj
 0002:00000370       __real@4008000000000000    1002a370     c2_CART3_PMSG.obj
 0002:00000378       __real@41d67e9769c00000    1002a378     c3_CART3_PMSG.obj
 0002:00000380       __real@41db052382800000    1002a380     c3_CART3_PMSG.obj
 0002:00000388       __real@41db6f6356400000    1002a388     c3_CART3_PMSG.obj
 0002:00000390       __real@41e3feb8f9600000    1002a390     c3_CART3_PMSG.obj
 0002:00000398       __real@407afa3d70a3d70a    1002a398     c3_CART3_PMSG.obj
 0002:000003a0       __real@4098c00000000000    1002a3a0     c3_CART3_PMSG.obj
 0002:000003a8       __real@404606fdf3b645a2    1002a3a8     c3_CART3_PMSG.obj
 0002:000003b0       __real@4097000000000000    1002a3b0     c3_CART3_PMSG.obj
 0002:000003b8       __real@3fb4d3018a193498    1002a3b8     c3_CART3_PMSG.obj
 0002:000003c0       __real@403e000000000000    1002a3c0     c3_CART3_PMSG.obj
 0002:000003c8       __real@400921fb54442d18    1002a3c8     c3_CART3_PMSG.obj
 0002:000003d0       __real@40b98dc159d1ab11    1002a3d0     c3_CART3_PMSG.obj
 0002:000003d8       __real@4099000000000000    1002a3d8     c3_CART3_PMSG.obj
 0002:000003e0       __real@404594fdf3b645a2    1002a3e0     c3_CART3_PMSG.obj
 0002:000003e8       __real@40ab88bd70a3d70a    1002a3e8     c3_CART3_PMSG.obj
 0002:000003f0       __real@401c666666666666    1002a3f0     c3_CART3_PMSG.obj
 0002:000003f8       __real@3fddcfaacd9e83e4    1002a3f8     c3_CART3_PMSG.obj
 0002:00000400       __real@4034000000000000    1002a400     c3_CART3_PMSG.obj
 0002:00000408       __real@41e7af660ea00000    1002a408     c4_CART3_PMSG.obj
 0002:00000410       __real@41d54c90bc800000    1002a410     c4_CART3_PMSG.obj
 0002:00000418       __real@41e0b61b0b000000    1002a418     c4_CART3_PMSG.obj
 0002:00000420       __real@41e84b3ab6a00000    1002a420     c4_CART3_PMSG.obj
 0002:00000428       __real@3ff199999999999a    1002a428     c4_CART3_PMSG.obj
 0002:00000430       __real@3feccccccccccccd    1002a430     c4_CART3_PMSG.obj
 0002:00000438       __real@41e0657948200000    1002a438     c5_CART3_PMSG.obj
 0002:00000440       __real@41cdcf4dbf000000    1002a440     c5_CART3_PMSG.obj
 0002:00000448       __real@41eef471e7400000    1002a448     c5_CART3_PMSG.obj
 0002:00000450       __real@41dfc7365a800000    1002a450     c5_CART3_PMSG.obj
 0002:00000458       __real@3fab9ba84fde35d1    1002a458     c5_CART3_PMSG.obj
 0002:00000460       __real@41bb871fbd000000    1002a460     c6_CART3_PMSG.obj
 0002:00000468       __real@41b445e14c000000    1002a468     c6_CART3_PMSG.obj
 0002:00000470       __real@41e0a60064800000    1002a470     c6_CART3_PMSG.obj
 0002:00000478       __real@41e9cbb1f7200000    1002a478     c6_CART3_PMSG.obj
 0002:00000480       __real@bff0000000000000    1002a480     c6_CART3_PMSG.obj
 0002:00000488       __real@3fa3333333333334    1002a488     c6_CART3_PMSG.obj
 0002:00000490       __real@4059000000000000    1002a490     c6_CART3_PMSG.obj
 0002:00000498       __real@3fa999999999999a    1002a498     c6_CART3_PMSG.obj
 0002:000004a0       __real@3fe0000000000000    1002a4a0     c6_CART3_PMSG.obj
 0002:000004a8       __real@4010000000000000    1002a4a8     c6_CART3_PMSG.obj
 0002:000004b0       __real@41e265affb400000    1002a4b0     c7_CART3_PMSG.obj
 0002:000004b8       __real@41e131c80cc00000    1002a4b8     c7_CART3_PMSG.obj
 0002:000004c0       __real@419fc787d8000000    1002a4c0     c7_CART3_PMSG.obj
 0002:000004c8       __real@41eb8e1ad1200000    1002a4c8     c7_CART3_PMSG.obj
 0002:000004d0       __real@41dc6ee102000000    1002a4d0     c10_CART3_PMSG.obj
 0002:000004d8       __real@41ea586db4800000    1002a4d8     c10_CART3_PMSG.obj
 0002:000004e0       __real@41ed364631c00000    1002a4e0     c10_CART3_PMSG.obj
 0002:000004e8       __real@41e041d143800000    1002a4e8     c10_CART3_PMSG.obj
 0002:000004f0       __real@c039000000000000    1002a4f0     c10_CART3_PMSG.obj
 0002:000004f8       __real@4066800000000000    1002a4f8     c10_CART3_PMSG.obj
 0002:00000500       __real@4039000000000000    1002a500     c10_CART3_PMSG.obj
 0002:00000508       __real@c024000000000000    1002a508     c10_CART3_PMSG.obj
 0002:00000510       __real@4056800000000000    1002a510     c10_CART3_PMSG.obj
 0002:00000518       __real@4018000000000000    1002a518     c10_CART3_PMSG.obj
 0002:00000520       _DYNAMIC_DIMENSION_DEF     1002a520     CART3_PMSG_sfun_registry.obj
 0002:00000530       __ssBadLevel2InputAccessMsg 1002a530     CART3_PMSG_sfun_registry.obj
 0002:000006b8       __ssBadLevel2DirectFeedMsg 1002a6b8     CART3_PMSG_sfun_registry.obj
 0002:000007f8       __ssBadLevel2DirectFeedSolutionMsg 1002a7f8     CART3_PMSG_sfun_registry.obj
 0002:00000868       __ssBadLevel2ZeroDirectFeedMsg 1002a868     CART3_PMSG_sfun_registry.obj
 0002:000009a8       __ssBadLevel2ZeroDirectFeedMsg2 1002a9a8     CART3_PMSG_sfun_registry.obj
 0002:00000a90       __real@4153d65940000000    1002aa90     CART3_PMSG_sfun_registry.obj
 0002:00000a98       __pDefaultRawDllMain       1002aa98     MSVCRT:crtdll.obj
 0002:00000a98       __pRawDllMain              1002aa98     MSVCRT:crtdll.obj
 0002:00000aa4       ?ProcessDetach@NativeDll@<CrtImplementationDetails>@@0IB 1002aaa4     MSVCRT:tncleanup.obj
 0002:00000aa8       ?ProcessAttach@NativeDll@<CrtImplementationDetails>@@0IB 1002aaa8     MSVCRT:tncleanup.obj
 0002:00000aac       ?ThreadAttach@NativeDll@<CrtImplementationDetails>@@0IB 1002aaac     MSVCRT:tncleanup.obj
 0002:00000ab0       ?ThreadDetach@NativeDll@<CrtImplementationDetails>@@0IB 1002aab0     MSVCRT:tncleanup.obj
 0002:00000ab4       ?ProcessVerifier@NativeDll@<CrtImplementationDetails>@@0IB 1002aab4     MSVCRT:tncleanup.obj
 0002:00000ab8       __load_config_used         1002aab8     MSVCRT:loadcfg.obj
 0002:00000b00       ___safe_se_handler_table   1002ab00     <linker-defined>
 0002:00000b04       ___rtc_iaa                 1002ab04     MSVCRT:_initsect_.obj
 0002:00000b08       ___rtc_izz                 1002ab08     MSVCRT:_initsect_.obj
 0002:00000b0c       ___rtc_taa                 1002ab0c     MSVCRT:_initsect_.obj
 0002:00000b10       ___rtc_tzz                 1002ab10     MSVCRT:_initsect_.obj
 0002:00000b7c       __IMPORT_DESCRIPTOR_sf_runtime 1002ab7c     sf_runtime:sf_runtime.dll
 0002:00000b90       __IMPORT_DESCRIPTOR_libmx  1002ab90     libmx:libmx.dll
 0002:00000ba4       __IMPORT_DESCRIPTOR_libmex 1002aba4     libmex:libmex.dll
 0002:00000bb8       __IMPORT_DESCRIPTOR_libut  1002abb8     libut:libut.dll
 0002:00000bcc       __IMPORT_DESCRIPTOR_libmwmathutil 1002abcc     libmwmathutil:libmwmathutil.dll
 0002:00000be0       __IMPORT_DESCRIPTOR_MSVCR100 1002abe0     MSVCRT:MSVCR100.dll
 0002:00000bf4       __IMPORT_DESCRIPTOR_KERNEL32 1002abf4     kernel32:KERNEL32.dll
 0002:00000c08       __NULL_IMPORT_DESCRIPTOR   1002ac08     sf_runtime:sf_runtime.dll
 0003:0000bf58       _DYNAMIC_DIMENSION         10037f58     CART3_PMSG_sfun_registry.obj
 0003:0000cae4       ___security_cookie         10038ae4     MSVCRT:gs_cookie.obj
 0003:0000cae8       ___security_cookie_complement 10038ae8     MSVCRT:gs_cookie.obj
 0003:0000caf0       ___native_dllmain_reason   10038af0     MSVCRT:natstart.obj
 0003:0000caf4       ___native_vcclrit_reason   10038af4     MSVCRT:natstart.obj
 0003:0000cc40       _sfGlobalDebugInstanceStruct 10038c40     CART3_PMSG_sfun_registry.obj
 0003:0000cf74       ?__type_info_root_node@@3U__type_info_node@@A 10038f74     MSVCRT:tncleanup.obj
 0003:0000cf7c       __CART3_PMSGMachineNumber_ 10038f7c     <common>
 0003:0000cf80       ___native_startup_state    10038f80     <common>
 0003:0000cf84       ___native_startup_lock     10038f84     <common>
 0003:0000cf88       ___onexitend               10038f88     <common>
 0003:0000cf8c       ___onexitbegin             10038f8c     <common>
 0003:0000cf90       ___sse2_available          10038f90     <common>
 0003:0000cf94       ___dyn_tls_init_callback   10038f94     <common>

 entry point at        0001:000286a7

 Static symbols

 0001:00001130       _c1_info_helper            10002130 f   c1_CART3_PMSG.obj
 0001:00002230       _c1_emlrt_marshallOut      10003230 f   c1_CART3_PMSG.obj
 0001:00002290       _c1_b_emlrt_marshallOut    10003290 f   c1_CART3_PMSG.obj
 0001:00002860       _get_sim_state_c1_CART3_PMSG 10003860 f   c1_CART3_PMSG.obj
 0001:00002980       _sf_get_sim_state_info_c1_CART3_PMSG 10003980 f   c1_CART3_PMSG.obj
 0001:00002b00       _set_sim_state_c1_CART3_PMSG 10003b00 f   c1_CART3_PMSG.obj
 0001:00002bc0       _c1_update_debugger_state_c1_CART3_PMSG 10003bc0 f   c1_CART3_PMSG.obj
 0001:00002bd0       _c1_emlrt_marshallIn       10003bd0 f   c1_CART3_PMSG.obj
 0001:00002c20       _c1_b_emlrt_marshallIn     10003c20 f   c1_CART3_PMSG.obj
 0001:00002c70       _c1_d_emlrt_marshallIn     10003c70 f   c1_CART3_PMSG.obj
 0001:00002cc0       _c1_e_emlrt_marshallIn     10003cc0 f   c1_CART3_PMSG.obj
 0001:00002d70       _mdlProcessParameters_c1_CART3_PMSG 10003d70 f   c1_CART3_PMSG.obj
 0001:00002e20       _initialize_params_c1_CART3_PMSG 10003e20 f   c1_CART3_PMSG.obj
 0001:00002e30       _mdlSetWorkWidths_c1_CART3_PMSG 10003e30 f   c1_CART3_PMSG.obj
 0001:000031d0       _sf_get_instance_specialization 100041d0 f   c1_CART3_PMSG.obj
 0001:000031e0       _mdlStart_c1_CART3_PMSG    100041e0 f   c1_CART3_PMSG.obj
 0001:00003380       _init_dsm_address_info     10004380 f   c1_CART3_PMSG.obj
 0001:00003390       _chart_debug_initialization 10004390 f   c1_CART3_PMSG.obj
 0001:000038a0       _init_script_number_translation 100048a0 f   c1_CART3_PMSG.obj
 0001:000038b0       _c1_sf_marshallOut         100048b0 f   c1_CART3_PMSG.obj
 0001:00003930       _c1_sf_marshallIn          10004930 f   c1_CART3_PMSG.obj
 0001:000039b0       _sf_opaque_initialize_c1_CART3_PMSG 100049b0 f   c1_CART3_PMSG.obj
 0001:000039e0       _initialize_c1_CART3_PMSG  100049e0 f   c1_CART3_PMSG.obj
 0001:00003a10       _sf_opaque_enable_c1_CART3_PMSG 10004a10 f   c1_CART3_PMSG.obj
 0001:00003a30       _enable_c1_CART3_PMSG      10004a30 f   c1_CART3_PMSG.obj
 0001:00003a50       _sf_opaque_disable_c1_CART3_PMSG 10004a50 f   c1_CART3_PMSG.obj
 0001:00003a70       _disable_c1_CART3_PMSG     10004a70 f   c1_CART3_PMSG.obj
 0001:00003a90       _sf_opaque_gateway_c1_CART3_PMSG 10004a90 f   c1_CART3_PMSG.obj
 0001:00003ab0       _sf_gateway_c1_CART3_PMSG  10004ab0 f   c1_CART3_PMSG.obj
 0001:00003f30       _sf_opaque_get_sim_state_c1_CART3_PMSG 10004f30 f   c1_CART3_PMSG.obj
 0001:00003f50       _sf_opaque_set_sim_state_c1_CART3_PMSG 10004f50 f   c1_CART3_PMSG.obj
 0001:00003f70       _sf_opaque_terminate_c1_CART3_PMSG 10004f70 f   c1_CART3_PMSG.obj
 0001:00004000       _finalize_c1_CART3_PMSG    10005000 f   c1_CART3_PMSG.obj
 0001:00004010       _sf_opaque_init_subchart_simstructs 10005010 f   c1_CART3_PMSG.obj
 0001:00004030       _initSimStructsc1_CART3_PMSG 10005030 f   c1_CART3_PMSG.obj
 0001:00004040       _mdlRTW_c1_CART3_PMSG      10005040 f   c1_CART3_PMSG.obj
 0001:000040e0       _c2_info_helper            100050e0 f   c2_CART3_PMSG.obj
 0001:00006cd0       _c2_emlrt_marshallOut      10007cd0 f   c2_CART3_PMSG.obj
 0001:00006d30       _c2_b_emlrt_marshallOut    10007d30 f   c2_CART3_PMSG.obj
 0001:00007520       _get_sim_state_c2_CART3_PMSG 10008520 f   c2_CART3_PMSG.obj
 0001:00007a20       _sf_get_sim_state_info_c2_CART3_PMSG 10008a20 f   c2_CART3_PMSG.obj
 0001:00007ba0       _set_sim_state_c2_CART3_PMSG 10008ba0 f   c2_CART3_PMSG.obj
 0001:00007da0       _c2_update_debugger_state_c2_CART3_PMSG 10008da0 f   c2_CART3_PMSG.obj
 0001:00007db0       _c2_emlrt_marshallIn       10008db0 f   c2_CART3_PMSG.obj
 0001:00007e00       _c2_b_emlrt_marshallIn     10008e00 f   c2_CART3_PMSG.obj
 0001:00007e80       _c2_c_emlrt_marshallIn     10008e80 f   c2_CART3_PMSG.obj
 0001:00007ed0       _c2_d_emlrt_marshallIn     10008ed0 f   c2_CART3_PMSG.obj
 0001:00007f50       _c2_e_emlrt_marshallIn     10008f50 f   c2_CART3_PMSG.obj
 0001:00007fa0       _c2_f_emlrt_marshallIn     10008fa0 f   c2_CART3_PMSG.obj
 0001:00008020       _c2_g_emlrt_marshallIn     10009020 f   c2_CART3_PMSG.obj
 0001:00008070       _c2_h_emlrt_marshallIn     10009070 f   c2_CART3_PMSG.obj
 0001:000080f0       _c2_i_emlrt_marshallIn     100090f0 f   c2_CART3_PMSG.obj
 0001:00008140       _c2_j_emlrt_marshallIn     10009140 f   c2_CART3_PMSG.obj
 0001:000081c0       _c2_k_emlrt_marshallIn     100091c0 f   c2_CART3_PMSG.obj
 0001:00008210       _c2_l_emlrt_marshallIn     10009210 f   c2_CART3_PMSG.obj
 0001:00008260       _c2_n_emlrt_marshallIn     10009260 f   c2_CART3_PMSG.obj
 0001:000082b0       _c2_o_emlrt_marshallIn     100092b0 f   c2_CART3_PMSG.obj
 0001:00008360       _mdlProcessParameters_c2_CART3_PMSG 10009360 f   c2_CART3_PMSG.obj
 0001:00008410       _initialize_params_c2_CART3_PMSG 10009410 f   c2_CART3_PMSG.obj
 0001:00008420       _mdlSetWorkWidths_c2_CART3_PMSG 10009420 f   c2_CART3_PMSG.obj
 0001:000087f0       _sf_get_instance_specialization 100097f0 f   c2_CART3_PMSG.obj
 0001:00008800       _mdlStart_c2_CART3_PMSG    10009800 f   c2_CART3_PMSG.obj
 0001:000089a0       _init_dsm_address_info     100099a0 f   c2_CART3_PMSG.obj
 0001:000089b0       _chart_debug_initialization 100099b0 f   c2_CART3_PMSG.obj
 0001:000091e0       _init_script_number_translation 1000a1e0 f   c2_CART3_PMSG.obj
 0001:000091f0       _c2_f_sf_marshallOut       1000a1f0 f   c2_CART3_PMSG.obj
 0001:00009270       _c2_f_sf_marshallIn        1000a270 f   c2_CART3_PMSG.obj
 0001:000092f0       _sf_opaque_initialize_c2_CART3_PMSG 1000a2f0 f   c2_CART3_PMSG.obj
 0001:00009320       _initialize_c2_CART3_PMSG  1000a320 f   c2_CART3_PMSG.obj
 0001:00009390       _sf_opaque_enable_c2_CART3_PMSG 1000a390 f   c2_CART3_PMSG.obj
 0001:000093b0       _enable_c2_CART3_PMSG      1000a3b0 f   c2_CART3_PMSG.obj
 0001:000093d0       _sf_opaque_disable_c2_CART3_PMSG 1000a3d0 f   c2_CART3_PMSG.obj
 0001:000093f0       _disable_c2_CART3_PMSG     1000a3f0 f   c2_CART3_PMSG.obj
 0001:00009410       _sf_opaque_gateway_c2_CART3_PMSG 1000a410 f   c2_CART3_PMSG.obj
 0001:00009430       _sf_gateway_c2_CART3_PMSG  1000a430 f   c2_CART3_PMSG.obj
 0001:00009680       _c2_chartstep_c2_CART3_PMSG 1000a680 f   c2_CART3_PMSG.obj
 0001:0000aba0       _c2_sf_marshallOut         1000bba0 f   c2_CART3_PMSG.obj
 0001:0000ac50       _c2_sf_marshallIn          1000bc50 f   c2_CART3_PMSG.obj
 0001:0000acd0       _c2_b_sf_marshallOut       1000bcd0 f   c2_CART3_PMSG.obj
 0001:0000ad80       _c2_b_sf_marshallIn        1000bd80 f   c2_CART3_PMSG.obj
 0001:0000ae00       _c2_c_sf_marshallOut       1000be00 f   c2_CART3_PMSG.obj
 0001:0000aeb0       _c2_c_sf_marshallIn        1000beb0 f   c2_CART3_PMSG.obj
 0001:0000af30       _c2_d_sf_marshallOut       1000bf30 f   c2_CART3_PMSG.obj
 0001:0000afe0       _c2_d_sf_marshallIn        1000bfe0 f   c2_CART3_PMSG.obj
 0001:0000b060       _c2_e_sf_marshallOut       1000c060 f   c2_CART3_PMSG.obj
 0001:0000b110       _c2_e_sf_marshallIn        1000c110 f   c2_CART3_PMSG.obj
 0001:0000b190       _c2_eml_scalar_eg          1000c190 f   c2_CART3_PMSG.obj
 0001:0000b1a0       _c2_eml_error              1000c1a0 f   c2_CART3_PMSG.obj
 0001:0000b2d0       _sf_opaque_get_sim_state_c2_CART3_PMSG 1000c2d0 f   c2_CART3_PMSG.obj
 0001:0000b2f0       _sf_opaque_set_sim_state_c2_CART3_PMSG 1000c2f0 f   c2_CART3_PMSG.obj
 0001:0000b310       _sf_opaque_terminate_c2_CART3_PMSG 1000c310 f   c2_CART3_PMSG.obj
 0001:0000b3a0       _finalize_c2_CART3_PMSG    1000c3a0 f   c2_CART3_PMSG.obj
 0001:0000b3b0       _sf_opaque_init_subchart_simstructs 1000c3b0 f   c2_CART3_PMSG.obj
 0001:0000b3d0       _initSimStructsc2_CART3_PMSG 1000c3d0 f   c2_CART3_PMSG.obj
 0001:0000b3e0       _mdlRTW_c2_CART3_PMSG      1000c3e0 f   c2_CART3_PMSG.obj
 0001:0000b470       _c3_info_helper            1000c470 f   c3_CART3_PMSG.obj
 0001:0000da80       _c3_emlrt_marshallOut      1000ea80 f   c3_CART3_PMSG.obj
 0001:0000dae0       _c3_b_emlrt_marshallOut    1000eae0 f   c3_CART3_PMSG.obj
 0001:0000dfc0       _get_sim_state_c3_CART3_PMSG 1000efc0 f   c3_CART3_PMSG.obj
 0001:0000e0e0       _sf_get_sim_state_info_c3_CART3_PMSG 1000f0e0 f   c3_CART3_PMSG.obj
 0001:0000e260       _set_sim_state_c3_CART3_PMSG 1000f260 f   c3_CART3_PMSG.obj
 0001:0000e320       _c3_update_debugger_state_c3_CART3_PMSG 1000f320 f   c3_CART3_PMSG.obj
 0001:0000e330       _c3_emlrt_marshallIn       1000f330 f   c3_CART3_PMSG.obj
 0001:0000e380       _c3_b_emlrt_marshallIn     1000f380 f   c3_CART3_PMSG.obj
 0001:0000e3d0       _c3_d_emlrt_marshallIn     1000f3d0 f   c3_CART3_PMSG.obj
 0001:0000e420       _c3_e_emlrt_marshallIn     1000f420 f   c3_CART3_PMSG.obj
 0001:0000e4d0       _mdlProcessParameters_c3_CART3_PMSG 1000f4d0 f   c3_CART3_PMSG.obj
 0001:0000e580       _initialize_params_c3_CART3_PMSG 1000f580 f   c3_CART3_PMSG.obj
 0001:0000e590       _mdlSetWorkWidths_c3_CART3_PMSG 1000f590 f   c3_CART3_PMSG.obj
 0001:0000e910       _sf_get_instance_specialization 1000f910 f   c3_CART3_PMSG.obj
 0001:0000e920       _mdlStart_c3_CART3_PMSG    1000f920 f   c3_CART3_PMSG.obj
 0001:0000eac0       _init_dsm_address_info     1000fac0 f   c3_CART3_PMSG.obj
 0001:0000ead0       _chart_debug_initialization 1000fad0 f   c3_CART3_PMSG.obj
 0001:0000f030       _init_script_number_translation 10010030 f   c3_CART3_PMSG.obj
 0001:0000f040       _c3_sf_marshallOut         10010040 f   c3_CART3_PMSG.obj
 0001:0000f0c0       _c3_sf_marshallIn          100100c0 f   c3_CART3_PMSG.obj
 0001:0000f140       _sf_opaque_initialize_c3_CART3_PMSG 10010140 f   c3_CART3_PMSG.obj
 0001:0000f170       _initialize_c3_CART3_PMSG  10010170 f   c3_CART3_PMSG.obj
 0001:0000f1a0       _sf_opaque_enable_c3_CART3_PMSG 100101a0 f   c3_CART3_PMSG.obj
 0001:0000f1c0       _enable_c3_CART3_PMSG      100101c0 f   c3_CART3_PMSG.obj
 0001:0000f1e0       _sf_opaque_disable_c3_CART3_PMSG 100101e0 f   c3_CART3_PMSG.obj
 0001:0000f200       _disable_c3_CART3_PMSG     10010200 f   c3_CART3_PMSG.obj
 0001:0000f220       _sf_opaque_gateway_c3_CART3_PMSG 10010220 f   c3_CART3_PMSG.obj
 0001:0000f240       _sf_gateway_c3_CART3_PMSG  10010240 f   c3_CART3_PMSG.obj
 0001:0000fe40       _c3_eml_scalar_eg          10010e40 f   c3_CART3_PMSG.obj
 0001:0000fe50       _sf_opaque_get_sim_state_c3_CART3_PMSG 10010e50 f   c3_CART3_PMSG.obj
 0001:0000fe70       _sf_opaque_set_sim_state_c3_CART3_PMSG 10010e70 f   c3_CART3_PMSG.obj
 0001:0000fe90       _sf_opaque_terminate_c3_CART3_PMSG 10010e90 f   c3_CART3_PMSG.obj
 0001:0000ff20       _finalize_c3_CART3_PMSG    10010f20 f   c3_CART3_PMSG.obj
 0001:0000ff30       _sf_opaque_init_subchart_simstructs 10010f30 f   c3_CART3_PMSG.obj
 0001:0000ff50       _initSimStructsc3_CART3_PMSG 10010f50 f   c3_CART3_PMSG.obj
 0001:0000ff60       _mdlRTW_c3_CART3_PMSG      10010f60 f   c3_CART3_PMSG.obj
 0001:00010470       _get_sim_state_c4_CART3_PMSG 10011470 f   c4_CART3_PMSG.obj
 0001:00010590       _sf_get_sim_state_info_c4_CART3_PMSG 10011590 f   c4_CART3_PMSG.obj
 0001:00010710       _set_sim_state_c4_CART3_PMSG 10011710 f   c4_CART3_PMSG.obj
 0001:000107d0       _c4_update_debugger_state_c4_CART3_PMSG 100117d0 f   c4_CART3_PMSG.obj
 0001:000107e0       _c4_emlrt_marshallIn       100117e0 f   c4_CART3_PMSG.obj
 0001:00010830       _c4_b_emlrt_marshallIn     10011830 f   c4_CART3_PMSG.obj
 0001:00010880       _c4_d_emlrt_marshallIn     10011880 f   c4_CART3_PMSG.obj
 0001:000108d0       _c4_e_emlrt_marshallIn     100118d0 f   c4_CART3_PMSG.obj
 0001:00010980       _mdlProcessParameters_c4_CART3_PMSG 10011980 f   c4_CART3_PMSG.obj
 0001:00010a30       _initialize_params_c4_CART3_PMSG 10011a30 f   c4_CART3_PMSG.obj
 0001:00010a40       _mdlSetWorkWidths_c4_CART3_PMSG 10011a40 f   c4_CART3_PMSG.obj
 0001:00010dc0       _sf_get_instance_specialization 10011dc0 f   c4_CART3_PMSG.obj
 0001:00010dd0       _mdlStart_c4_CART3_PMSG    10011dd0 f   c4_CART3_PMSG.obj
 0001:00010f70       _init_dsm_address_info     10011f70 f   c4_CART3_PMSG.obj
 0001:00010f80       _chart_debug_initialization 10011f80 f   c4_CART3_PMSG.obj
 0001:00011450       _init_script_number_translation 10012450 f   c4_CART3_PMSG.obj
 0001:00011460       _c4_sf_marshallOut         10012460 f   c4_CART3_PMSG.obj
 0001:000114e0       _c4_sf_marshallIn          100124e0 f   c4_CART3_PMSG.obj
 0001:00011560       _sf_opaque_initialize_c4_CART3_PMSG 10012560 f   c4_CART3_PMSG.obj
 0001:00011590       _initialize_c4_CART3_PMSG  10012590 f   c4_CART3_PMSG.obj
 0001:000115c0       _sf_opaque_enable_c4_CART3_PMSG 100125c0 f   c4_CART3_PMSG.obj
 0001:000115e0       _enable_c4_CART3_PMSG      100125e0 f   c4_CART3_PMSG.obj
 0001:00011600       _sf_opaque_disable_c4_CART3_PMSG 10012600 f   c4_CART3_PMSG.obj
 0001:00011620       _disable_c4_CART3_PMSG     10012620 f   c4_CART3_PMSG.obj
 0001:00011640       _sf_opaque_gateway_c4_CART3_PMSG 10012640 f   c4_CART3_PMSG.obj
 0001:00011660       _sf_gateway_c4_CART3_PMSG  10012660 f   c4_CART3_PMSG.obj
 0001:00011c40       _sf_opaque_get_sim_state_c4_CART3_PMSG 10012c40 f   c4_CART3_PMSG.obj
 0001:00011c60       _sf_opaque_set_sim_state_c4_CART3_PMSG 10012c60 f   c4_CART3_PMSG.obj
 0001:00011c80       _sf_opaque_terminate_c4_CART3_PMSG 10012c80 f   c4_CART3_PMSG.obj
 0001:00011d10       _finalize_c4_CART3_PMSG    10012d10 f   c4_CART3_PMSG.obj
 0001:00011d20       _sf_opaque_init_subchart_simstructs 10012d20 f   c4_CART3_PMSG.obj
 0001:00011d40       _initSimStructsc4_CART3_PMSG 10012d40 f   c4_CART3_PMSG.obj
 0001:00011d50       _mdlRTW_c4_CART3_PMSG      10012d50 f   c4_CART3_PMSG.obj
 0001:00011de0       _c5_info_helper            10012de0 f   c5_CART3_PMSG.obj
 0001:00012b20       _c5_emlrt_marshallOut      10013b20 f   c5_CART3_PMSG.obj
 0001:00012b80       _c5_b_emlrt_marshallOut    10013b80 f   c5_CART3_PMSG.obj
 0001:00013060       _get_sim_state_c5_CART3_PMSG 10014060 f   c5_CART3_PMSG.obj
 0001:00013180       _sf_get_sim_state_info_c5_CART3_PMSG 10014180 f   c5_CART3_PMSG.obj
 0001:00013300       _set_sim_state_c5_CART3_PMSG 10014300 f   c5_CART3_PMSG.obj
 0001:000133c0       _c5_update_debugger_state_c5_CART3_PMSG 100143c0 f   c5_CART3_PMSG.obj
 0001:000133d0       _c5_emlrt_marshallIn       100143d0 f   c5_CART3_PMSG.obj
 0001:00013420       _c5_b_emlrt_marshallIn     10014420 f   c5_CART3_PMSG.obj
 0001:00013470       _c5_d_emlrt_marshallIn     10014470 f   c5_CART3_PMSG.obj
 0001:000134c0       _c5_e_emlrt_marshallIn     100144c0 f   c5_CART3_PMSG.obj
 0001:00013570       _mdlProcessParameters_c5_CART3_PMSG 10014570 f   c5_CART3_PMSG.obj
 0001:00013620       _initialize_params_c5_CART3_PMSG 10014620 f   c5_CART3_PMSG.obj
 0001:00013630       _mdlSetWorkWidths_c5_CART3_PMSG 10014630 f   c5_CART3_PMSG.obj
 0001:000139b0       _sf_get_instance_specialization 100149b0 f   c5_CART3_PMSG.obj
 0001:000139c0       _mdlStart_c5_CART3_PMSG    100149c0 f   c5_CART3_PMSG.obj
 0001:00013b60       _init_dsm_address_info     10014b60 f   c5_CART3_PMSG.obj
 0001:00013b70       _chart_debug_initialization 10014b70 f   c5_CART3_PMSG.obj
 0001:00013fc0       _init_script_number_translation 10014fc0 f   c5_CART3_PMSG.obj
 0001:00013fd0       _c5_sf_marshallOut         10014fd0 f   c5_CART3_PMSG.obj
 0001:00014050       _c5_sf_marshallIn          10015050 f   c5_CART3_PMSG.obj
 0001:000140d0       _sf_opaque_initialize_c5_CART3_PMSG 100150d0 f   c5_CART3_PMSG.obj
 0001:00014100       _initialize_c5_CART3_PMSG  10015100 f   c5_CART3_PMSG.obj
 0001:00014130       _sf_opaque_enable_c5_CART3_PMSG 10015130 f   c5_CART3_PMSG.obj
 0001:00014150       _enable_c5_CART3_PMSG      10015150 f   c5_CART3_PMSG.obj
 0001:00014170       _sf_opaque_disable_c5_CART3_PMSG 10015170 f   c5_CART3_PMSG.obj
 0001:00014190       _disable_c5_CART3_PMSG     10015190 f   c5_CART3_PMSG.obj
 0001:000141b0       _sf_opaque_gateway_c5_CART3_PMSG 100151b0 f   c5_CART3_PMSG.obj
 0001:000141d0       _sf_gateway_c5_CART3_PMSG  100151d0 f   c5_CART3_PMSG.obj
 0001:00014630       _sf_opaque_get_sim_state_c5_CART3_PMSG 10015630 f   c5_CART3_PMSG.obj
 0001:00014650       _sf_opaque_set_sim_state_c5_CART3_PMSG 10015650 f   c5_CART3_PMSG.obj
 0001:00014670       _sf_opaque_terminate_c5_CART3_PMSG 10015670 f   c5_CART3_PMSG.obj
 0001:00014700       _finalize_c5_CART3_PMSG    10015700 f   c5_CART3_PMSG.obj
 0001:00014710       _sf_opaque_init_subchart_simstructs 10015710 f   c5_CART3_PMSG.obj
 0001:00014730       _initSimStructsc5_CART3_PMSG 10015730 f   c5_CART3_PMSG.obj
 0001:00014740       _mdlRTW_c5_CART3_PMSG      10015740 f   c5_CART3_PMSG.obj
 0001:000147e0       _c6_info_helper            100157e0 f   c6_CART3_PMSG.obj
 0001:00016df0       _c6_emlrt_marshallOut      10017df0 f   c6_CART3_PMSG.obj
 0001:00016e50       _c6_b_emlrt_marshallOut    10017e50 f   c6_CART3_PMSG.obj
 0001:00017880       _get_sim_state_c6_CART3_PMSG 10018880 f   c6_CART3_PMSG.obj
 0001:00017a70       _sf_get_sim_state_info_c6_CART3_PMSG 10018a70 f   c6_CART3_PMSG.obj
 0001:00017bf0       _set_sim_state_c6_CART3_PMSG 10018bf0 f   c6_CART3_PMSG.obj
 0001:00017d30       _c6_update_debugger_state_c6_CART3_PMSG 10018d30 f   c6_CART3_PMSG.obj
 0001:00017d40       _c6_emlrt_marshallIn       10018d40 f   c6_CART3_PMSG.obj
 0001:00017d90       _c6_b_emlrt_marshallIn     10018d90 f   c6_CART3_PMSG.obj
 0001:00017de0       _c6_d_emlrt_marshallIn     10018de0 f   c6_CART3_PMSG.obj
 0001:00017e30       _c6_e_emlrt_marshallIn     10018e30 f   c6_CART3_PMSG.obj
 0001:00017ee0       _mdlProcessParameters_c6_CART3_PMSG 10018ee0 f   c6_CART3_PMSG.obj
 0001:00017f90       _initialize_params_c6_CART3_PMSG 10018f90 f   c6_CART3_PMSG.obj
 0001:00017fa0       _mdlSetWorkWidths_c6_CART3_PMSG 10018fa0 f   c6_CART3_PMSG.obj
 0001:00018390       _sf_get_instance_specialization 10019390 f   c6_CART3_PMSG.obj
 0001:000183a0       _mdlStart_c6_CART3_PMSG    100193a0 f   c6_CART3_PMSG.obj
 0001:00018540       _init_dsm_address_info     10019540 f   c6_CART3_PMSG.obj
 0001:00018550       _chart_debug_initialization 10019550 f   c6_CART3_PMSG.obj
 0001:00018dc0       _init_script_number_translation 10019dc0 f   c6_CART3_PMSG.obj
 0001:00018dd0       _c6_sf_marshallOut         10019dd0 f   c6_CART3_PMSG.obj
 0001:00018e50       _c6_sf_marshallIn          10019e50 f   c6_CART3_PMSG.obj
 0001:00018ed0       _c6_b_sf_marshallOut       10019ed0 f   c6_CART3_PMSG.obj
 0001:00018f50       _sf_opaque_initialize_c6_CART3_PMSG 10019f50 f   c6_CART3_PMSG.obj
 0001:00018f80       _initialize_c6_CART3_PMSG  10019f80 f   c6_CART3_PMSG.obj
 0001:00018fb0       _sf_opaque_enable_c6_CART3_PMSG 10019fb0 f   c6_CART3_PMSG.obj
 0001:00018fd0       _enable_c6_CART3_PMSG      10019fd0 f   c6_CART3_PMSG.obj
 0001:00018ff0       _sf_opaque_disable_c6_CART3_PMSG 10019ff0 f   c6_CART3_PMSG.obj
 0001:00019010       _disable_c6_CART3_PMSG     1001a010 f   c6_CART3_PMSG.obj
 0001:00019030       _sf_opaque_gateway_c6_CART3_PMSG 1001a030 f   c6_CART3_PMSG.obj
 0001:00019050       _sf_gateway_c6_CART3_PMSG  1001a050 f   c6_CART3_PMSG.obj
 0001:00019c20       _c6_mpower                 1001ac20 f   c6_CART3_PMSG.obj
 0001:00019c60       _c6_eml_scalar_eg          1001ac60 f   c6_CART3_PMSG.obj
 0001:00019c70       _sf_opaque_get_sim_state_c6_CART3_PMSG 1001ac70 f   c6_CART3_PMSG.obj
 0001:00019c90       _sf_opaque_set_sim_state_c6_CART3_PMSG 1001ac90 f   c6_CART3_PMSG.obj
 0001:00019cb0       _sf_opaque_terminate_c6_CART3_PMSG 1001acb0 f   c6_CART3_PMSG.obj
 0001:00019d40       _finalize_c6_CART3_PMSG    1001ad40 f   c6_CART3_PMSG.obj
 0001:00019d50       _sf_opaque_init_subchart_simstructs 1001ad50 f   c6_CART3_PMSG.obj
 0001:00019d70       _initSimStructsc6_CART3_PMSG 1001ad70 f   c6_CART3_PMSG.obj
 0001:00019d80       _mdlRTW_c6_CART3_PMSG      1001ad80 f   c6_CART3_PMSG.obj
 0001:0001a7e0       _get_sim_state_c7_CART3_PMSG 1001b7e0 f   c7_CART3_PMSG.obj
 0001:0001aaa0       _sf_get_sim_state_info_c7_CART3_PMSG 1001baa0 f   c7_CART3_PMSG.obj
 0001:0001ac20       _set_sim_state_c7_CART3_PMSG 1001bc20 f   c7_CART3_PMSG.obj
 0001:0001ad80       _c7_update_debugger_state_c7_CART3_PMSG 1001bd80 f   c7_CART3_PMSG.obj
 0001:0001ad90       _c7_emlrt_marshallIn       1001bd90 f   c7_CART3_PMSG.obj
 0001:0001ade0       _c7_b_emlrt_marshallIn     1001bde0 f   c7_CART3_PMSG.obj
 0001:0001ae60       _c7_c_emlrt_marshallIn     1001be60 f   c7_CART3_PMSG.obj
 0001:0001aeb0       _c7_d_emlrt_marshallIn     1001beb0 f   c7_CART3_PMSG.obj
 0001:0001af30       _c7_e_emlrt_marshallIn     1001bf30 f   c7_CART3_PMSG.obj
 0001:0001af80       _c7_f_emlrt_marshallIn     1001bf80 f   c7_CART3_PMSG.obj
 0001:0001afd0       _c7_h_emlrt_marshallIn     1001bfd0 f   c7_CART3_PMSG.obj
 0001:0001b020       _c7_i_emlrt_marshallIn     1001c020 f   c7_CART3_PMSG.obj
 0001:0001b0d0       _mdlProcessParameters_c7_CART3_PMSG 1001c0d0 f   c7_CART3_PMSG.obj
 0001:0001b180       _initialize_params_c7_CART3_PMSG 1001c180 f   c7_CART3_PMSG.obj
 0001:0001b190       _mdlSetWorkWidths_c7_CART3_PMSG 1001c190 f   c7_CART3_PMSG.obj
 0001:0001b5a0       _sf_get_instance_specialization 1001c5a0 f   c7_CART3_PMSG.obj
 0001:0001b5b0       _mdlStart_c7_CART3_PMSG    1001c5b0 f   c7_CART3_PMSG.obj
 0001:0001b750       _init_dsm_address_info     1001c750 f   c7_CART3_PMSG.obj
 0001:0001b760       _chart_debug_initialization 1001c760 f   c7_CART3_PMSG.obj
 0001:0001c0f0       _init_script_number_translation 1001d0f0 f   c7_CART3_PMSG.obj
 0001:0001c100       _c7_c_sf_marshallOut       1001d100 f   c7_CART3_PMSG.obj
 0001:0001c180       _c7_c_sf_marshallIn        1001d180 f   c7_CART3_PMSG.obj
 0001:0001c200       _c7_d_sf_marshallOut       1001d200 f   c7_CART3_PMSG.obj
 0001:0001c280       _sf_opaque_initialize_c7_CART3_PMSG 1001d280 f   c7_CART3_PMSG.obj
 0001:0001c2b0       _initialize_c7_CART3_PMSG  1001d2b0 f   c7_CART3_PMSG.obj
 0001:0001c300       _sf_opaque_enable_c7_CART3_PMSG 1001d300 f   c7_CART3_PMSG.obj
 0001:0001c320       _enable_c7_CART3_PMSG      1001d320 f   c7_CART3_PMSG.obj
 0001:0001c340       _sf_opaque_disable_c7_CART3_PMSG 1001d340 f   c7_CART3_PMSG.obj
 0001:0001c360       _disable_c7_CART3_PMSG     1001d360 f   c7_CART3_PMSG.obj
 0001:0001c380       _sf_opaque_gateway_c7_CART3_PMSG 1001d380 f   c7_CART3_PMSG.obj
 0001:0001c3a0       _sf_gateway_c7_CART3_PMSG  1001d3a0 f   c7_CART3_PMSG.obj
 0001:0001d0f0       _c7_sf_marshallOut         1001e0f0 f   c7_CART3_PMSG.obj
 0001:0001d1a0       _c7_sf_marshallIn          1001e1a0 f   c7_CART3_PMSG.obj
 0001:0001d220       _c7_b_sf_marshallOut       1001e220 f   c7_CART3_PMSG.obj
 0001:0001d2d0       _c7_b_sf_marshallIn        1001e2d0 f   c7_CART3_PMSG.obj
 0001:0001d350       _sf_opaque_get_sim_state_c7_CART3_PMSG 1001e350 f   c7_CART3_PMSG.obj
 0001:0001d370       _sf_opaque_set_sim_state_c7_CART3_PMSG 1001e370 f   c7_CART3_PMSG.obj
 0001:0001d390       _sf_opaque_terminate_c7_CART3_PMSG 1001e390 f   c7_CART3_PMSG.obj
 0001:0001d420       _finalize_c7_CART3_PMSG    1001e420 f   c7_CART3_PMSG.obj
 0001:0001d430       _sf_opaque_init_subchart_simstructs 1001e430 f   c7_CART3_PMSG.obj
 0001:0001d450       _initSimStructsc7_CART3_PMSG 1001e450 f   c7_CART3_PMSG.obj
 0001:0001d460       _mdlRTW_c7_CART3_PMSG      1001e460 f   c7_CART3_PMSG.obj
 0001:0001d4f0       _c10_info_helper           1001e4f0 f   c10_CART3_PMSG.obj
 0001:0001f710       _c10_emlrt_marshallOut     10020710 f   c10_CART3_PMSG.obj
 0001:0001f770       _c10_b_emlrt_marshallOut   10020770 f   c10_CART3_PMSG.obj
 0001:000203c0       _get_sim_state_c10_CART3_PMSG 100213c0 f   c10_CART3_PMSG.obj
 0001:000205b0       _sf_get_sim_state_info_c10_CART3_PMSG 100215b0 f   c10_CART3_PMSG.obj
 0001:00020730       _set_sim_state_c10_CART3_PMSG 10021730 f   c10_CART3_PMSG.obj
 0001:00020870       _c10_update_debugger_state_c10_CART3_PMSG 10021870 f   c10_CART3_PMSG.obj
 0001:00020880       _c10_emlrt_marshallIn      10021880 f   c10_CART3_PMSG.obj
 0001:000208d0       _c10_b_emlrt_marshallIn    100218d0 f   c10_CART3_PMSG.obj
 0001:00020920       _c10_d_emlrt_marshallIn    10021920 f   c10_CART3_PMSG.obj
 0001:00020970       _c10_e_emlrt_marshallIn    10021970 f   c10_CART3_PMSG.obj
 0001:00020a20       _mdlProcessParameters_c10_CART3_PMSG 10021a20 f   c10_CART3_PMSG.obj
 0001:00020ad0       _initialize_params_c10_CART3_PMSG 10021ad0 f   c10_CART3_PMSG.obj
 0001:00020ae0       _mdlSetWorkWidths_c10_CART3_PMSG 10021ae0 f   c10_CART3_PMSG.obj
 0001:00020f10       _sf_get_instance_specialization 10021f10 f   c10_CART3_PMSG.obj
 0001:00020f20       _mdlStart_c10_CART3_PMSG   10021f20 f   c10_CART3_PMSG.obj
 0001:000210c0       _init_dsm_address_info     100220c0 f   c10_CART3_PMSG.obj
 0001:000210d0       _chart_debug_initialization 100220d0 f   c10_CART3_PMSG.obj
 0001:00021a80       _init_script_number_translation 10022a80 f   c10_CART3_PMSG.obj
 0001:00021a90       _c10_sf_marshallOut        10022a90 f   c10_CART3_PMSG.obj
 0001:00021b10       _c10_sf_marshallIn         10022b10 f   c10_CART3_PMSG.obj
 0001:00021b90       _sf_opaque_initialize_c10_CART3_PMSG 10022b90 f   c10_CART3_PMSG.obj
 0001:00021bc0       _initialize_c10_CART3_PMSG 10022bc0 f   c10_CART3_PMSG.obj
 0001:00021bf0       _sf_opaque_enable_c10_CART3_PMSG 10022bf0 f   c10_CART3_PMSG.obj
 0001:00021c10       _enable_c10_CART3_PMSG     10022c10 f   c10_CART3_PMSG.obj
 0001:00021c30       _sf_opaque_disable_c10_CART3_PMSG 10022c30 f   c10_CART3_PMSG.obj
 0001:00021c50       _disable_c10_CART3_PMSG    10022c50 f   c10_CART3_PMSG.obj
 0001:00021c70       _sf_opaque_gateway_c10_CART3_PMSG 10022c70 f   c10_CART3_PMSG.obj
 0001:00021c90       _sf_gateway_c10_CART3_PMSG 10022c90 f   c10_CART3_PMSG.obj
 0001:00022010       _c10_chartstep_c10_CART3_PMSG 10023010 f   c10_CART3_PMSG.obj
 0001:000232e0       _c10_eml_scalar_eg         100242e0 f   c10_CART3_PMSG.obj
 0001:000232f0       _sf_opaque_get_sim_state_c10_CART3_PMSG 100242f0 f   c10_CART3_PMSG.obj
 0001:00023310       _sf_opaque_set_sim_state_c10_CART3_PMSG 10024310 f   c10_CART3_PMSG.obj
 0001:00023330       _sf_opaque_terminate_c10_CART3_PMSG 10024330 f   c10_CART3_PMSG.obj
 0001:000233c0       _finalize_c10_CART3_PMSG   100243c0 f   c10_CART3_PMSG.obj
 0001:000233d0       _sf_opaque_init_subchart_simstructs 100243d0 f   c10_CART3_PMSG.obj
 0001:000233f0       _initSimStructsc10_CART3_PMSG 100243f0 f   c10_CART3_PMSG.obj
 0001:00023400       _mdlRTW_c10_CART3_PMSG     10024400 f   c10_CART3_PMSG.obj
 0001:00023b40       _getChartInfoFromSimStruct 10024b40 f   CART3_PMSG_sfun_registry.obj
 0001:00024c40       __ssFatalError             10025c40 f   CART3_PMSG_sfun_registry.obj
 0001:00026fa0       _ProcessMexSfunctionCmdLineCall 10027fa0 f   CART3_PMSG_sfun_registry.obj
 0001:000270c0       _sf_debug_api_wrapper      100280c0 f   CART3_PMSG_sfun_registry.obj
 0001:000270f0       _mdlStart                  100280f0 f   CART3_PMSG_sfun_registry.obj
 0001:00027110       _mdl_start_processing      10028110 f   CART3_PMSG_sfun_registry.obj
 0001:00027180       _mdlTerminate              10028180 f   CART3_PMSG_sfun_registry.obj
 0001:000271a0       _mdl_terminate_processing  100281a0 f   CART3_PMSG_sfun_registry.obj
 0001:00027210       _mdlInitializeSampleTimes  10028210 f   CART3_PMSG_sfun_registry.obj
 0001:00027230       _mdlZeroCrossings          10028230 f   CART3_PMSG_sfun_registry.obj
 0001:00027250       _mdl_zeroCrossings_processing 10028250 f   CART3_PMSG_sfun_registry.obj
 0001:00027280       _mdlDerivatives            10028280 f   CART3_PMSG_sfun_registry.obj
 0001:000272a0       _mdl_derivatives_processing 100282a0 f   CART3_PMSG_sfun_registry.obj
 0001:000272e0       _mdlInitializeConditions   100282e0 f   CART3_PMSG_sfun_registry.obj
 0001:00027300       _mdl_initialize_conditions_processing 10028300 f   CART3_PMSG_sfun_registry.obj
 0001:00027340       _mdlEnable                 10028340 f   CART3_PMSG_sfun_registry.obj
 0001:00027360       _mdl_enable_processing     10028360 f   CART3_PMSG_sfun_registry.obj
 0001:00027390       _mdlDisable                10028390 f   CART3_PMSG_sfun_registry.obj
 0001:000273b0       _mdl_disable_processing    100283b0 f   CART3_PMSG_sfun_registry.obj
 0001:000273e0       _mdlOutputs                100283e0 f   CART3_PMSG_sfun_registry.obj
 0001:00027400       _mdl_outputs_processing    10028400 f   CART3_PMSG_sfun_registry.obj
 0001:000274d0       _mdl_outputs_continuous_legacy 100284d0 f   CART3_PMSG_sfun_registry.obj
 0001:000275a0       _mdlGetTimeOfNextVarHit    100285a0 f   CART3_PMSG_sfun_registry.obj
 0001:000275e0       __ProcessMexSfunctionCmdLineCall 100285e0 f   CART3_PMSG_sfun_registry.obj
 0001:00027c00       _mdlSetWorkWidths          10028c00 f   CART3_PMSG_sfun_registry.obj
 0001:00027c20       _mdlProcessParameters      10028c20 f   CART3_PMSG_sfun_registry.obj
 0001:00027c40       _mdlInitializeSizes        10028c40 f   CART3_PMSG_sfun_registry.obj
 0001:00027c60       _mdlExtModeExec            10028c60 f   CART3_PMSG_sfun_registry.obj
 0001:00027c80       _mdl_ext_mode_exec_processing 10028c80 f   CART3_PMSG_sfun_registry.obj
 0001:00027cc0       _mdlRTW                    10028cc0 f   CART3_PMSG_sfun_registry.obj
 0001:00027cf0       __CreateSimStruct          10028cf0 f   CART3_PMSG_sfun_registry.obj
 0001:00027e20       __RegNumInputPortsCB       10028e20 f   CART3_PMSG_sfun_registry.obj
 0001:00027e80       __RegNumOutputPortsCB      10028e80 f   CART3_PMSG_sfun_registry.obj
 0001:00028339       _pre_c_init                10029339 f   MSVCRT:crtdll.obj
 0001:00028591       ___DllMainCRTStartup       10029591 f   MSVCRT:crtdll.obj
