 CART3_BasicTest_sfun

 Timestamp is 588ecea8 (Sun Jan 29 22:27:04 2017)

 Preferred load address is 10000000

 Start         Length     Name                   Class
 0001:00000000 0000aa34H .text                   CODE
 0002:00000000 00000218H .idata$5                DATA
 0002:00000218 00000004H .CRT$XCA                DATA
 0002:0000021c 00000004H .CRT$XCZ                DATA
 0002:00000220 00000004H .CRT$XIA                DATA
 0002:00000224 00000004H .CRT$XIAA               DATA
 0002:00000228 00000004H .CRT$XIC                DATA
 0002:0000022c 00000004H .CRT$XIZ                DATA
 0002:00000230 000006d8H .rdata                  DATA
 0002:00000910 00000004H .rdata$sxdata           DATA
 0002:00000914 00000004H .rtc$IAA                DATA
 0002:00000918 00000004H .rtc$IZZ                DATA
 0002:0000091c 00000004H .rtc$TAA                DATA
 0002:00000920 00000004H .rtc$TZZ                DATA
 0002:00000928 00000064H .xdata$x                DATA
 0002:0000098c 00000078H .idata$2                DATA
 0002:00000a04 00000014H .idata$3                DATA
 0002:00000a18 00000218H .idata$4                DATA
 0002:00000c30 00000b8cH .idata$6                DATA
 0002:000017c0 0000005aH .edata                  DATA
 0003:00000000 00002250H .data                   DATA
 0003:00002250 00000440H .bss                    DATA

  Address         Publics by Value              Rva+Base       Lib:Object

 0000:00000000       __except_list              00000000     <absolute>
 0000:00000001       ___safe_se_handler_count   00000001     <absolute>
 0000:00009876       __ldused                   00009876     <absolute>
 0000:00009876       __fltused                  00009876     <absolute>
 0000:00000000       ___ImageBase               10000000     <linker-defined>
 0001:00000000       _CART3_BasicTest_initializer 10001000 f   CART3_BasicTest_sfun.obj
 0001:00000010       _CART3_BasicTest_terminator 10001010 f   CART3_BasicTest_sfun.obj
 0001:00000020       _sf_CART3_BasicTest_method_dispatcher 10001020 f   CART3_BasicTest_sfun.obj
 0001:00000070       _sf_CART3_BasicTest_process_check_sum_call 10001070 f   CART3_BasicTest_sfun.obj
 0001:00000430       _sf_CART3_BasicTest_autoinheritance_info 10001430 f   CART3_BasicTest_sfun.obj
 0001:00000590       _sf_CART3_BasicTest_get_eml_resolved_functions_info 10001590 f   CART3_BasicTest_sfun.obj
 0001:000006b0       _sf_CART3_BasicTest_third_party_uses_info 100016b0 f   CART3_BasicTest_sfun.obj
 0001:00000810       _sf_CART3_BasicTest_updateBuildInfo_args_info 10001810 f   CART3_BasicTest_sfun.obj
 0001:00000970       _CART3_BasicTest_debug_initialize 10001970 f   CART3_BasicTest_sfun.obj
 0001:000009d0       _CART3_BasicTest_register_exported_symbols 100019d0 f   CART3_BasicTest_sfun.obj
 0001:000009e0       _load_CART3_BasicTest_optimization_info 100019e0 f   CART3_BasicTest_sfun.obj
 0001:00000a20       _unload_CART3_BasicTest_optimization_info 10001a20 f   CART3_BasicTest_sfun.obj
 0001:00000a50       _sf_c4_CART3_BasicTest_get_eml_resolved_functions_info 10001a50 f   c4_CART3_BasicTest.obj
 0001:00000aa0       _sf_c4_CART3_BasicTest_get_check_sum 10001aa0 f   c4_CART3_BasicTest.obj
 0001:00000b00       _sf_c4_CART3_BasicTest_get_autoinheritance_info 10001b00 f   c4_CART3_BasicTest.obj
 0001:00000e10       _sf_c4_CART3_BasicTest_third_party_uses_info 10001e10 f   c4_CART3_BasicTest.obj
 0001:00000e30       _sf_c4_CART3_BasicTest_updateBuildInfo_args_info 10001e30 f   c4_CART3_BasicTest.obj
 0001:00000e50       _sf_internal_get_sim_state_c4_CART3_BasicTest 10001e50 f   c4_CART3_BasicTest.obj
 0001:000010f0       _sf_internal_set_sim_state_c4_CART3_BasicTest 100020f0 f   c4_CART3_BasicTest.obj
 0001:000013e0       _c4_CART3_BasicTest_method_dispatcher 100023e0 f   c4_CART3_BasicTest.obj
 0001:00002860       _sf_c5_CART3_BasicTest_get_eml_resolved_functions_info 10003860 f   c5_CART3_BasicTest.obj
 0001:000036b0       _sf_c5_CART3_BasicTest_get_check_sum 100046b0 f   c5_CART3_BasicTest.obj
 0001:00003710       _sf_c5_CART3_BasicTest_get_autoinheritance_info 10004710 f   c5_CART3_BasicTest.obj
 0001:00003a20       _sf_c5_CART3_BasicTest_third_party_uses_info 10004a20 f   c5_CART3_BasicTest.obj
 0001:00003a40       _sf_c5_CART3_BasicTest_updateBuildInfo_args_info 10004a40 f   c5_CART3_BasicTest.obj
 0001:00003a60       _sf_internal_get_sim_state_c5_CART3_BasicTest 10004a60 f   c5_CART3_BasicTest.obj
 0001:00003d00       _sf_internal_set_sim_state_c5_CART3_BasicTest 10004d00 f   c5_CART3_BasicTest.obj
 0001:00003ff0       _c5_CART3_BasicTest_method_dispatcher 10004ff0 f   c5_CART3_BasicTest.obj
 0001:00005250       _sf_process_check_sum_call 10006250 f   CART3_BasicTest_sfun_registry.obj
 0001:00005280       _sf_process_autoinheritance_call 10006280 f   CART3_BasicTest_sfun_registry.obj
 0001:000053c0       _sf_process_get_third_party_uses_info_call 100063c0 f   CART3_BasicTest_sfun_registry.obj
 0001:00005500       _sf_process_get_updateBuildInfo_args_info_call 10006500 f   CART3_BasicTest_sfun_registry.obj
 0001:00005640       _sf_process_get_eml_resolved_functions_info_call 10006640 f   CART3_BasicTest_sfun_registry.obj
 0001:00005760       _sf_mex_unlock_call        10006760 f   CART3_BasicTest_sfun_registry.obj
 0001:000057f0       _sf_machine_global_initializer_called 100067f0 f   CART3_BasicTest_sfun_registry.obj
 0001:00005810       _sf_machine_global_method_dispatcher 10006810 f   CART3_BasicTest_sfun_registry.obj
 0001:00005850       _sf_machine_global_terminator 10006850 f   CART3_BasicTest_sfun_registry.obj
 0001:00005890       _sf_register_machine_exported_symbols 10006890 f   CART3_BasicTest_sfun_registry.obj
 0001:000058b0       _callCustomFcn             100068b0 f   CART3_BasicTest_sfun_registry.obj
 0001:000058c0       _sf_machine_global_initializer 100068c0 f   CART3_BasicTest_sfun_registry.obj
 0001:00005930       _mdlGetSimState            10006930 f   CART3_BasicTest_sfun_registry.obj
 0001:00005990       _mdlSetSimState            10006990 f   CART3_BasicTest_sfun_registry.obj
 0001:000059c0       __ssSetStateAbsTol         100069c0 f   CART3_BasicTest_sfun_registry.obj
 0001:00005a60       __ssGetAbsTol              10006a60 f   CART3_BasicTest_sfun_registry.obj
 0001:00005ab0       __ssSetInputPortMatrixDimensions 10006ab0 f   CART3_BasicTest_sfun_registry.obj
 0001:00005b60       __ssSetOutputPortMatrixDimensions 10006b60 f   CART3_BasicTest_sfun_registry.obj
 0001:00005c10       __ssSetInputPortVectorDimension 10006c10 f   CART3_BasicTest_sfun_registry.obj
 0001:00005c90       __ssSetOutputPortVectorDimension 10006c90 f   CART3_BasicTest_sfun_registry.obj
 0001:00005d10       _ssIsRunTimeParamTunable   10006d10 f   CART3_BasicTest_sfun_registry.obj
 0001:00005d70       _ssGetSFuncBlockHandle     10006d70 f   CART3_BasicTest_sfun_registry.obj
 0001:00005dc0       __ssGetCurrentInputPortWidth 10006dc0 f   CART3_BasicTest_sfun_registry.obj
 0001:00005e90       __ssGetCurrentOutputPortWidth 10006e90 f   CART3_BasicTest_sfun_registry.obj
 0001:00005f60       __ssGetCallSystemNumFcnCallDestinations 10006f60 f   CART3_BasicTest_sfun_registry.obj
 0001:00005fc0       _ssWarning                 10006fc0 f   CART3_BasicTest_sfun_registry.obj
 0001:000060a0       _ssGetIsZeroCrossControlDisabled 100070a0 f   CART3_BasicTest_sfun_registry.obj
 0001:00006100       _ssSetIsInputPortUsedForContZcSignal 10007100 f   CART3_BasicTest_sfun_registry.obj
 0001:00006150       _ssSetZcSignalIsZcElementDisc 10007150 f   CART3_BasicTest_sfun_registry.obj
 0001:000061d0       _ssSetZcSignalName         100071d0 f   CART3_BasicTest_sfun_registry.obj
 0001:00006220       _ssSetZcSignalWidth        10007220 f   CART3_BasicTest_sfun_registry.obj
 0001:00006270       _ssSetZcSignalZcEventType  10007270 f   CART3_BasicTest_sfun_registry.obj
 0001:000062c0       _ssSetZcSignalType         100072c0 f   CART3_BasicTest_sfun_registry.obj
 0001:00006310       _ssSetZcSignalZcTol        10007310 f   CART3_BasicTest_sfun_registry.obj
 0001:00006360       _ssSetZcSignalNeedsEventNotification 10007360 f   CART3_BasicTest_sfun_registry.obj
 0001:000063b0       _ssCreateAndAddZcSignalInfo 100073b0 f   CART3_BasicTest_sfun_registry.obj
 0001:00006410       _ssCloneAndAddZcSignalInfo 10007410 f   CART3_BasicTest_sfun_registry.obj
 0001:00006470       _ssGetNumZcSignals         10007470 f   CART3_BasicTest_sfun_registry.obj
 0001:000064d0       _ssGetZcSignalVector       100074d0 f   CART3_BasicTest_sfun_registry.obj
 0001:00006530       _ssGetZcSignalZcEvents     10007530 f   CART3_BasicTest_sfun_registry.obj
 0001:00006590       _ssGetZcSignalName         10007590 f   CART3_BasicTest_sfun_registry.obj
 0001:000065f0       _ssGetZcSignalWidth        100075f0 f   CART3_BasicTest_sfun_registry.obj
 0001:00006650       _ssGetZcSignalZcEventType  10007650 f   CART3_BasicTest_sfun_registry.obj
 0001:000066b0       _ssGetZcSignalType         100076b0 f   CART3_BasicTest_sfun_registry.obj
 0001:00006710       _ssGetZcSignalZcTol        10007710 f   CART3_BasicTest_sfun_registry.obj
 0001:00006770       _ssGetZcSignalNeedsEventNotification 10007770 f   CART3_BasicTest_sfun_registry.obj
 0001:000067d0       _ssGetZcSignalIsZcElementDisc 100077d0 f   CART3_BasicTest_sfun_registry.obj
 0001:00006850       _ssGetIsInputPortElementContinuous 10007850 f   CART3_BasicTest_sfun_registry.obj
 0001:000068d0       __ssGetInputPortSignalPtrsFcn 100078d0 f   CART3_BasicTest_sfun_registry.obj
 0001:00006ad0       __ssGetInputPortSignalFcn  10007ad0 f   CART3_BasicTest_sfun_registry.obj
 0001:00006c60       __ssSetInputPortDirectFeedThroughFcn 10007c60 f   CART3_BasicTest_sfun_registry.obj
 0001:00006d90       __ssSetInputPortReusableFcn 10007d90 f   CART3_BasicTest_sfun_registry.obj
 0001:00006e20       __ssSetOutputPortReusableFcn 10007e20 f   CART3_BasicTest_sfun_registry.obj
 0001:00006eb0       _ssGetDTypeIdFromMxArray   10007eb0 f   CART3_BasicTest_sfun_registry.obj
 0001:00006fa0       _ssWriteRTWStr             10007fa0 f   CART3_BasicTest_sfun_registry.obj
 0001:00006fe0       _ssWriteRTWMxVectParam     10007fe0 f   CART3_BasicTest_sfun_registry.obj
 0001:00007020       _ssWriteRTWMx2dMatParam    10008020 f   CART3_BasicTest_sfun_registry.obj
 0001:00007060       _ssWriteRTWNameValuePair   10008060 f   CART3_BasicTest_sfun_registry.obj
 0001:000073d0       _ssWriteRTWParameters      100083d0 f   CART3_BasicTest_sfun_registry.obj
 0001:00007770       _ssWriteRTWParamSettings   10008770 f   CART3_BasicTest_sfun_registry.obj
 0001:00007c20       _ssWriteRTWWorkVect        10008c20 f   CART3_BasicTest_sfun_registry.obj
 0001:00007fb0       _mexFunction               10008fb0 f   CART3_BasicTest_sfun_registry.obj
 0001:00009d00       _ProcessMexSfunctionEveryCall 1000ad00 f   CART3_BasicTest_sfun_registry.obj
 0001:00009e1e       _sf_debug_set_machine_data_thresholds 1000ae1e f   sf_runtime:sf_runtime.dll
 0001:00009e24       _sf_debug_set_machine_event_thresholds 1000ae24 f   sf_runtime:sf_runtime.dll
 0001:00009e2a       _sf_debug_initialize_machine 1000ae2a f   sf_runtime:sf_runtime.dll
 0001:00009e30       _sf_load_rtw_optimization_info 1000ae30 f   sf_runtime:sf_runtime.dll
 0001:00009e36       _sf_mex_assign             1000ae36 f   sf_runtime:sf_runtime.dll
 0001:00009e3c       _sf_mex_create             1000ae3c f   sf_runtime:sf_runtime.dll
 0001:00009e42       _sf_mex_error_message      1000ae42 f   sf_runtime:sf_runtime.dll
 0001:00009e48       _sf_mex_call_matlab        1000ae48 f   sf_runtime:sf_runtime.dll
 0001:00009e4e       _sf_mex_setcell            1000ae4e f   sf_runtime:sf_runtime.dll
 0001:00009e54       _sf_mex_createcellmatrix   1000ae54 f   sf_runtime:sf_runtime.dll
 0001:00009e5a       _sf_mex_decode_encoded_mx_struct_array 1000ae5a f   sf_runtime:sf_runtime.dll
 0001:00009e60       _sf_mex_destroy            1000ae60 f   sf_runtime:sf_runtime.dll
 0001:00009e66       _sf_mex_getcell            1000ae66 f   sf_runtime:sf_runtime.dll
 0001:00009e6c       _sf_mex_dup                1000ae6c f   sf_runtime:sf_runtime.dll
 0001:00009e72       _sf_mex_import             1000ae72 f   sf_runtime:sf_runtime.dll
 0001:00009e78       _sf_set_rtw_dwork_info     1000ae78 f   sf_runtime:sf_runtime.dll
 0001:00009e7e       _sf_mark_chart_reusable_outputs 1000ae7e f   sf_runtime:sf_runtime.dll
 0001:00009e84       _sf_mark_chart_expressionable_inputs 1000ae84 f   sf_runtime:sf_runtime.dll
 0001:00009e8a       _sf_update_buildInfo       1000ae8a f   sf_runtime:sf_runtime.dll
 0001:00009e90       _sf_rtw_info_uint_prop     1000ae90 f   sf_runtime:sf_runtime.dll
 0001:00009e96       _sf_is_chart_inlinable     1000ae96 f   sf_runtime:sf_runtime.dll
 0001:00009e9c       _sim_mode_is_external      1000ae9c f   sf_runtime:sf_runtime.dll
 0001:00009ea2       _sim_mode_is_rtw_gen       1000aea2 f   sf_runtime:sf_runtime.dll
 0001:00009ea8       _sf_debug_reset_current_state_configuration 1000aea8 f   sf_runtime:sf_runtime.dll
 0001:00009eae       _sf_debug_set_instance_data_value_ptr 1000aeae f   sf_runtime:sf_runtime.dll
 0001:00009eb4       _sf_debug_set_chart_data_compiled_props 1000aeb4 f   sf_runtime:sf_runtime.dll
 0001:00009eba       _cv_eml_init_mcdc          1000aeba f   sf_runtime:sf_runtime.dll
 0001:00009ec0       _cv_eml_init_if            1000aec0 f   sf_runtime:sf_runtime.dll
 0001:00009ec6       _cv_eml_init_fcn           1000aec6 f   sf_runtime:sf_runtime.dll
 0001:00009ecc       _cv_eml_init_script        1000aecc f   sf_runtime:sf_runtime.dll
 0001:00009ed2       _sf_debug_cv_init_trans    1000aed2 f   sf_runtime:sf_runtime.dll
 0001:00009ed8       _sf_debug_cv_init_state    1000aed8 f   sf_runtime:sf_runtime.dll
 0001:00009ede       _sf_debug_cv_init_chart    1000aede f   sf_runtime:sf_runtime.dll
 0001:00009ee4       _sf_debug_set_chart_decomposition 1000aee4 f   sf_runtime:sf_runtime.dll
 0001:00009eea       _sf_debug_set_chart_substate_count 1000aeea f   sf_runtime:sf_runtime.dll
 0001:00009ef0       _sf_debug_set_chart_state_info 1000aef0 f   sf_runtime:sf_runtime.dll
 0001:00009ef6       _sf_debug_set_chart_data_props 1000aef6 f   sf_runtime:sf_runtime.dll
 0001:00009efc       _sf_debug_set_chart_event_thresholds 1000aefc f   sf_runtime:sf_runtime.dll
 0001:00009f02       _sf_debug_set_chart_disable_implicit_casting 1000af02 f   sf_runtime:sf_runtime.dll
 0001:00009f08       _sf_debug_initialize_chart 1000af08 f   sf_runtime:sf_runtime.dll
 0001:00009f0e       _sf_get_time               1000af0e f   sf_runtime:sf_runtime.dll
 0001:00009f14       _sf_debug_check_for_state_inconsistency 1000af14 f   sf_runtime:sf_runtime.dll
 0001:00009f1a       _sf_debug_symbol_scope_pop 1000af1a f   sf_runtime:sf_runtime.dll
 0001:00009f20       _eml_debug_line_call       1000af20 f   sf_runtime:sf_runtime.dll
 0001:00009f26       _cv_eml_eval               1000af26 f   sf_runtime:sf_runtime.dll
 0001:00009f2c       _sf_debug_symbol_scope_add_eml 1000af2c f   sf_runtime:sf_runtime.dll
 0001:00009f32       _sf_debug_symbol_scope_add_eml_importable 1000af32 f   sf_runtime:sf_runtime.dll
 0001:00009f38       _sf_debug_symbol_scope_push_eml 1000af38 f   sf_runtime:sf_runtime.dll
 0001:00009f3e       _sf_debug_data_range_wrapper 1000af3e f   sf_runtime:sf_runtime.dll
 0001:00009f44       _sf_debug_call             1000af44 f   sf_runtime:sf_runtime.dll
 0001:00009f4a       _sf_debug_symbol_scope_push 1000af4a f   sf_runtime:sf_runtime.dll
 0001:00009f50       _sf_clear_rtw_identifier   1000af50 f   sf_runtime:sf_runtime.dll
 0001:00009f56       _sf_mex_emlrtNameCapturePostProcessR2012a 1000af56 f   sf_runtime:sf_runtime.dll
 0001:00009f5c       _sf_mex_createstruct       1000af5c f   sf_runtime:sf_runtime.dll
 0001:00009f62       _sf_mex_duplicatearraysafe 1000af62 f   sf_runtime:sf_runtime.dll
 0001:00009f68       _sf_mex_addfield           1000af68 f   sf_runtime:sf_runtime.dll
 0001:00009f6e       _sf_debug_terminate        1000af6e f   sf_runtime:sf_runtime.dll
 0001:00009f74       _sf_debug_create_debug_instance_struct 1000af74 f   sf_runtime:sf_runtime.dll
 0001:00009f7a       _sf_debug_api              1000af7a f   sf_runtime:sf_runtime.dll
 0001:00009f80       _callMdlMethodAndReportError 1000af80 f   sf_runtime:sf_runtime.dll
 0001:00009f86       _call_sf_machine_global_method_dispatcher 1000af86 f   sf_runtime:sf_runtime.dll
 0001:00009f8c       _sf_clear_error_manager_info 1000af8c f   sf_runtime:sf_runtime.dll
 0001:00009f92       _sf_mex_error_direct_call  1000af92 f   sf_runtime:sf_runtime.dll
 0001:00009f98       _mxGetScalar               1000af98 f   libmx:libmx.dll
 0001:00009f9e       _mxGetPr                   1000af9e f   libmx:libmx.dll
 0001:00009fa4       _mxCreateDoubleMatrix_730  1000afa4 f   libmx:libmx.dll
 0001:00009faa       _mxGetString_730           1000afaa f   libmx:libmx.dll
 0001:00009fb0       _mxIsChar                  1000afb0 f   libmx:libmx.dll
 0001:00009fb6       _mxDestroyArray            1000afb6 f   libmx:libmx.dll
 0001:00009fbc       _mxDuplicateArray          1000afbc f   libmx:libmx.dll
 0001:00009fc2       _mxCreateDoubleScalar      1000afc2 f   libmx:libmx.dll
 0001:00009fc8       _mxSetField_730            1000afc8 f   libmx:libmx.dll
 0001:00009fce       _mxCreateString            1000afce f   libmx:libmx.dll
 0001:00009fd4       _mxCreateStructMatrix_730  1000afd4 f   libmx:libmx.dll
 0001:00009fda       _mxCreateCellMatrix_730    1000afda f   libmx:libmx.dll
 0001:00009fe0       _mxGetClassID              1000afe0 f   libmx:libmx.dll
 0001:00009fe6       _mxIsNumeric               1000afe6 f   libmx:libmx.dll
 0001:00009fec       _mxIsComplex               1000afec f   libmx:libmx.dll
 0001:00009ff2       _mxGetN                    1000aff2 f   libmx:libmx.dll
 0001:00009ff8       _mxGetM                    1000aff8 f   libmx:libmx.dll
 0001:00009ffe       _mxCalloc                  1000affe f   libmx:libmx.dll
 0001:0000a004       _mexMakeArrayPersistent    1000b004 f   libmex:libmex.dll
 0001:0000a00a       _mexUnlock                 1000b00a f   libmex:libmex.dll
 0001:0000a010       _mexIsLocked               1000b010 f   libmex:libmex.dll
 0001:0000a016       _mexWarnMsgTxt             1000b016 f   libmex:libmex.dll
 0001:0000a01c       _mexCallMATLAB             1000b01c f   libmex:libmex.dll
 0001:0000a022       _mexErrMsgTxt              1000b022 f   libmex:libmex.dll
 0001:0000a028       _mexLock                   1000b028 f   libmex:libmex.dll
 0001:0000a02e       _utMalloc                  1000b02e f   libut:libut.dll
 0001:0000a034       _utFree                    1000b034 f   libut:libut.dll
 0001:0000a03a       _strcmp                    1000b03a f   MSVCRT:MSVCR100.dll
 0001:0000a040       @__security_check_cookie@4 1000b040 f   MSVCRT:secchk.obj
 0001:0000a050       _memset                    1000b050 f   MSVCRT:MSVCR100.dll
 0001:0000a056       _strlen                    1000b056 f   MSVCRT:MSVCR100.dll
 0001:0000a05c       _free                      1000b05c f   MSVCRT:MSVCR100.dll
 0001:0000a062       _sprintf                   1000b062 f   MSVCRT:MSVCR100.dll
 0001:0000a068       _malloc                    1000b068 f   MSVCRT:MSVCR100.dll
 0001:0000a06e       _strcat                    1000b06e f   MSVCRT:MSVCR100.dll
 0001:0000a080       __ftol2_sse                1000b080 f   MSVCRT:ftol2.obj
 0001:0000a089       __ftol2_pentium4           1000b089 f   MSVCRT:ftol2.obj
 0001:0000a09c       __ftol2_sse_excpt          1000b09c f   MSVCRT:ftol2.obj
 0001:0000a0b6       __ftol2                    1000b0b6 f   MSVCRT:ftol2.obj
 0001:0000a12c       _memcpy                    1000b12c f   MSVCRT:MSVCR100.dll
 0001:0000a132       _NtCurrentTeb              1000b132 f i MSVCRT:crtdll.obj
 0001:0000a187       __CRT_INIT@12              1000b187 f   MSVCRT:crtdll.obj
 0001:0000a4a7       __DllMainCRTStartup@12     1000b4a7 f   MSVCRT:crtdll.obj
 0001:0000a4ca       ___report_gsfailure        1000b4ca f   MSVCRT:gs_report.obj
 0001:0000a5d0       ___sse2_available_init     1000b5d0 f   MSVCRT:cpu_disp.obj
 0001:0000a5e0       ___clean_type_info_names   1000b5e0 f   MSVCRT:tncleanup.obj
 0001:0000a5ec       __onexit                   1000b5ec f   MSVCRT:atonexit.obj
 0001:0000a68d       _atexit                    1000b68d f   MSVCRT:atonexit.obj
 0001:0000a6a4       __RTC_Initialize           1000b6a4 f   MSVCRT:_initsect_.obj
 0001:0000a6ca       __RTC_Terminate            1000b6ca f   MSVCRT:_initsect_.obj
 0001:0000a6f0       __malloc_crt               1000b6f0 f   MSVCRT:MSVCR100.dll
 0001:0000a6f6       __encoded_null             1000b6f6 f   MSVCRT:MSVCR100.dll
 0001:0000a700       __ValidateImageBase        1000b700 f   MSVCRT:pesect.obj
 0001:0000a740       __FindPESection            1000b740 f   MSVCRT:pesect.obj
 0001:0000a790       __IsNonwritableInCurrentImage 1000b790 f   MSVCRT:pesect.obj
 0001:0000a84c       __initterm                 1000b84c f   MSVCRT:MSVCR100.dll
 0001:0000a852       __initterm_e               1000b852 f   MSVCRT:MSVCR100.dll
 0001:0000a858       __amsg_exit                1000b858 f   MSVCRT:MSVCR100.dll
 0001:0000a85e       ___CppXcptFilter           1000b85e f   MSVCRT:MSVCR100.dll
 0001:0000a864       _DllMain@12                1000b864 f   MSVCRT:dllmain.obj
 0001:0000a890       __SEH_prolog4              1000b890 f   MSVCRT:sehprolg4.obj
 0001:0000a8d5       __SEH_epilog4              1000b8d5 f   MSVCRT:sehprolg4.obj
 0001:0000a8e9       __except_handler4          1000b8e9 f   MSVCRT:chandler4gs.obj
 0001:0000a90e       ___security_init_cookie    1000b90e f   MSVCRT:gs_support.obj
 0001:0000a9aa       __crt_debugger_hook        1000b9aa f   MSVCRT:MSVCR100.dll
 0001:0000a9b0       ___clean_type_info_names_internal 1000b9b0 f   MSVCRT:MSVCR100.dll
 0001:0000a9b6       __unlock                   1000b9b6 f   MSVCRT:MSVCR100.dll
 0001:0000a9bc       ___dllonexit               1000b9bc f   MSVCRT:MSVCR100.dll
 0001:0000a9c2       __lock                     1000b9c2 f   MSVCRT:MSVCR100.dll
 0001:0000a9c8       __except_handler4_common   1000b9c8 f   MSVCRT:MSVCR100.dll
 0001:0000a9ce       _EncodePointer@4           1000b9ce f   kernel32:KERNEL32.dll
 0001:0000a9d4       _DecodePointer@4           1000b9d4 f   kernel32:KERNEL32.dll
 0001:0000a9da       _InterlockedExchange@8     1000b9da f   kernel32:KERNEL32.dll
 0001:0000a9e0       _Sleep@4                   1000b9e0 f   kernel32:KERNEL32.dll
 0001:0000a9e6       _InterlockedCompareExchange@12 1000b9e6 f   kernel32:KERNEL32.dll
 0001:0000a9ec       _TerminateProcess@8        1000b9ec f   kernel32:KERNEL32.dll
 0001:0000a9f2       _GetCurrentProcess@0       1000b9f2 f   kernel32:KERNEL32.dll
 0001:0000a9f8       _UnhandledExceptionFilter@4 1000b9f8 f   kernel32:KERNEL32.dll
 0001:0000a9fe       _SetUnhandledExceptionFilter@4 1000b9fe f   kernel32:KERNEL32.dll
 0001:0000aa04       _IsDebuggerPresent@0       1000ba04 f   kernel32:KERNEL32.dll
 0001:0000aa0a       _IsProcessorFeaturePresent@4 1000ba0a f   kernel32:KERNEL32.dll
 0001:0000aa10       _DisableThreadLibraryCalls@4 1000ba10 f   kernel32:KERNEL32.dll
 0001:0000aa16       _QueryPerformanceCounter@4 1000ba16 f   kernel32:KERNEL32.dll
 0001:0000aa1c       _GetTickCount@0            1000ba1c f   kernel32:KERNEL32.dll
 0001:0000aa22       _GetCurrentThreadId@0      1000ba22 f   kernel32:KERNEL32.dll
 0001:0000aa28       _GetCurrentProcessId@0     1000ba28 f   kernel32:KERNEL32.dll
 0001:0000aa2e       _GetSystemTimeAsFileTime@4 1000ba2e f   kernel32:KERNEL32.dll
 0002:00000000       __imp__GetSystemTimeAsFileTime@4 1000c000     kernel32:KERNEL32.dll
 0002:00000004       __imp__GetCurrentProcessId@0 1000c004     kernel32:KERNEL32.dll
 0002:00000008       __imp__GetCurrentThreadId@0 1000c008     kernel32:KERNEL32.dll
 0002:0000000c       __imp__GetTickCount@0      1000c00c     kernel32:KERNEL32.dll
 0002:00000010       __imp__QueryPerformanceCounter@4 1000c010     kernel32:KERNEL32.dll
 0002:00000014       __imp__DisableThreadLibraryCalls@4 1000c014     kernel32:KERNEL32.dll
 0002:00000018       __imp__IsProcessorFeaturePresent@4 1000c018     kernel32:KERNEL32.dll
 0002:0000001c       __imp__IsDebuggerPresent@0 1000c01c     kernel32:KERNEL32.dll
 0002:00000020       __imp__SetUnhandledExceptionFilter@4 1000c020     kernel32:KERNEL32.dll
 0002:00000024       __imp__UnhandledExceptionFilter@4 1000c024     kernel32:KERNEL32.dll
 0002:00000028       __imp__GetCurrentProcess@0 1000c028     kernel32:KERNEL32.dll
 0002:0000002c       __imp__TerminateProcess@8  1000c02c     kernel32:KERNEL32.dll
 0002:00000030       __imp__InterlockedCompareExchange@12 1000c030     kernel32:KERNEL32.dll
 0002:00000034       __imp__Sleep@4             1000c034     kernel32:KERNEL32.dll
 0002:00000038       __imp__InterlockedExchange@8 1000c038     kernel32:KERNEL32.dll
 0002:0000003c       __imp__DecodePointer@4     1000c03c     kernel32:KERNEL32.dll
 0002:00000040       __imp__EncodePointer@4     1000c040     kernel32:KERNEL32.dll
 0002:00000044       \177KERNEL32_NULL_THUNK_DATA 1000c044     kernel32:KERNEL32.dll
 0002:00000048       __imp___except_handler4_common 1000c048     MSVCRT:MSVCR100.dll
 0002:0000004c       __imp___onexit             1000c04c     MSVCRT:MSVCR100.dll
 0002:00000050       __imp___lock               1000c050     MSVCRT:MSVCR100.dll
 0002:00000054       __imp____dllonexit         1000c054     MSVCRT:MSVCR100.dll
 0002:00000058       __imp___unlock             1000c058     MSVCRT:MSVCR100.dll
 0002:0000005c       __imp____clean_type_info_names_internal 1000c05c     MSVCRT:MSVCR100.dll
 0002:00000060       __imp___crt_debugger_hook  1000c060     MSVCRT:MSVCR100.dll
 0002:00000064       __imp____CppXcptFilter     1000c064     MSVCRT:MSVCR100.dll
 0002:00000068       __imp___amsg_exit          1000c068     MSVCRT:MSVCR100.dll
 0002:0000006c       __imp___initterm_e         1000c06c     MSVCRT:MSVCR100.dll
 0002:00000070       __imp___initterm           1000c070     MSVCRT:MSVCR100.dll
 0002:00000074       __imp___encoded_null       1000c074     MSVCRT:MSVCR100.dll
 0002:00000078       __imp___malloc_crt         1000c078     MSVCRT:MSVCR100.dll
 0002:0000007c       __imp__memcpy              1000c07c     MSVCRT:MSVCR100.dll
 0002:00000080       __imp__strcat              1000c080     MSVCRT:MSVCR100.dll
 0002:00000084       __imp__malloc              1000c084     MSVCRT:MSVCR100.dll
 0002:00000088       __imp__sprintf             1000c088     MSVCRT:MSVCR100.dll
 0002:0000008c       __imp__free                1000c08c     MSVCRT:MSVCR100.dll
 0002:00000090       __imp__strlen              1000c090     MSVCRT:MSVCR100.dll
 0002:00000094       __imp__memset              1000c094     MSVCRT:MSVCR100.dll
 0002:00000098       __imp__strcmp              1000c098     MSVCRT:MSVCR100.dll
 0002:0000009c       \177MSVCR100_NULL_THUNK_DATA 1000c09c     MSVCRT:MSVCR100.dll
 0002:000000a0       __imp__mexLock             1000c0a0     libmex:libmex.dll
 0002:000000a4       __imp__mexErrMsgTxt        1000c0a4     libmex:libmex.dll
 0002:000000a8       __imp__mexCallMATLAB       1000c0a8     libmex:libmex.dll
 0002:000000ac       __imp__mexWarnMsgTxt       1000c0ac     libmex:libmex.dll
 0002:000000b0       __imp__mexIsLocked         1000c0b0     libmex:libmex.dll
 0002:000000b4       __imp__mexUnlock           1000c0b4     libmex:libmex.dll
 0002:000000b8       __imp__mexMakeArrayPersistent 1000c0b8     libmex:libmex.dll
 0002:000000bc       \177libmex_NULL_THUNK_DATA 1000c0bc     libmex:libmex.dll
 0002:000000c0       __imp__mxCalloc            1000c0c0     libmx:libmx.dll
 0002:000000c4       __imp__mxGetM              1000c0c4     libmx:libmx.dll
 0002:000000c8       __imp__mxGetN              1000c0c8     libmx:libmx.dll
 0002:000000cc       __imp__mxIsComplex         1000c0cc     libmx:libmx.dll
 0002:000000d0       __imp__mxIsNumeric         1000c0d0     libmx:libmx.dll
 0002:000000d4       __imp__mxGetClassID        1000c0d4     libmx:libmx.dll
 0002:000000d8       __imp__mxCreateCellMatrix_730 1000c0d8     libmx:libmx.dll
 0002:000000dc       __imp__mxCreateStructMatrix_730 1000c0dc     libmx:libmx.dll
 0002:000000e0       __imp__mxCreateString      1000c0e0     libmx:libmx.dll
 0002:000000e4       __imp__mxSetField_730      1000c0e4     libmx:libmx.dll
 0002:000000e8       __imp__mxCreateDoubleScalar 1000c0e8     libmx:libmx.dll
 0002:000000ec       __imp__mxDuplicateArray    1000c0ec     libmx:libmx.dll
 0002:000000f0       __imp__mxDestroyArray      1000c0f0     libmx:libmx.dll
 0002:000000f4       __imp__mxIsChar            1000c0f4     libmx:libmx.dll
 0002:000000f8       __imp__mxGetString_730     1000c0f8     libmx:libmx.dll
 0002:000000fc       __imp__mxGetScalar         1000c0fc     libmx:libmx.dll
 0002:00000100       __imp__mxGetPr             1000c100     libmx:libmx.dll
 0002:00000104       __imp__mxCreateDoubleMatrix_730 1000c104     libmx:libmx.dll
 0002:00000108       \177libmx_NULL_THUNK_DATA  1000c108     libmx:libmx.dll
 0002:0000010c       __imp__utMalloc            1000c10c     libut:libut.dll
 0002:00000110       __imp__utFree              1000c110     libut:libut.dll
 0002:00000114       \177libut_NULL_THUNK_DATA  1000c114     libut:libut.dll
 0002:00000118       __imp__call_sf_machine_global_method_dispatcher 1000c118     sf_runtime:sf_runtime.dll
 0002:0000011c       __imp__callMdlMethodAndReportError 1000c11c     sf_runtime:sf_runtime.dll
 0002:00000120       __imp__sf_debug_api        1000c120     sf_runtime:sf_runtime.dll
 0002:00000124       __imp__sf_debug_create_debug_instance_struct 1000c124     sf_runtime:sf_runtime.dll
 0002:00000128       __imp__sf_debug_terminate  1000c128     sf_runtime:sf_runtime.dll
 0002:0000012c       __imp__sf_mex_addfield     1000c12c     sf_runtime:sf_runtime.dll
 0002:00000130       __imp__sf_mex_duplicatearraysafe 1000c130     sf_runtime:sf_runtime.dll
 0002:00000134       __imp__sf_mex_createstruct 1000c134     sf_runtime:sf_runtime.dll
 0002:00000138       __imp__sf_mex_emlrtNameCapturePostProcessR2012a 1000c138     sf_runtime:sf_runtime.dll
 0002:0000013c       __imp__sf_clear_rtw_identifier 1000c13c     sf_runtime:sf_runtime.dll
 0002:00000140       __imp__sf_clear_error_manager_info 1000c140     sf_runtime:sf_runtime.dll
 0002:00000144       __imp__sf_debug_call       1000c144     sf_runtime:sf_runtime.dll
 0002:00000148       __imp__sf_debug_data_range_wrapper 1000c148     sf_runtime:sf_runtime.dll
 0002:0000014c       __imp__sf_debug_symbol_scope_push_eml 1000c14c     sf_runtime:sf_runtime.dll
 0002:00000150       __imp__sf_debug_symbol_scope_add_eml_importable 1000c150     sf_runtime:sf_runtime.dll
 0002:00000154       __imp__sf_debug_symbol_scope_add_eml 1000c154     sf_runtime:sf_runtime.dll
 0002:00000158       __imp__cv_eml_eval         1000c158     sf_runtime:sf_runtime.dll
 0002:0000015c       __imp__eml_debug_line_call 1000c15c     sf_runtime:sf_runtime.dll
 0002:00000160       __imp__sf_debug_symbol_scope_pop 1000c160     sf_runtime:sf_runtime.dll
 0002:00000164       __imp__sf_debug_check_for_state_inconsistency 1000c164     sf_runtime:sf_runtime.dll
 0002:00000168       __imp__sf_get_time         1000c168     sf_runtime:sf_runtime.dll
 0002:0000016c       __imp__sf_mex_error_direct_call 1000c16c     sf_runtime:sf_runtime.dll
 0002:00000170       __imp__sf_debug_symbol_scope_push 1000c170     sf_runtime:sf_runtime.dll
 0002:00000174       __imp__sf_debug_initialize_chart 1000c174     sf_runtime:sf_runtime.dll
 0002:00000178       __imp__sf_debug_set_chart_disable_implicit_casting 1000c178     sf_runtime:sf_runtime.dll
 0002:0000017c       __imp__sf_debug_set_chart_event_thresholds 1000c17c     sf_runtime:sf_runtime.dll
 0002:00000180       __imp__sf_debug_set_chart_data_props 1000c180     sf_runtime:sf_runtime.dll
 0002:00000184       __imp__sf_debug_set_chart_state_info 1000c184     sf_runtime:sf_runtime.dll
 0002:00000188       __imp__sf_debug_set_chart_substate_count 1000c188     sf_runtime:sf_runtime.dll
 0002:0000018c       __imp__sf_debug_set_chart_decomposition 1000c18c     sf_runtime:sf_runtime.dll
 0002:00000190       __imp__sf_debug_cv_init_chart 1000c190     sf_runtime:sf_runtime.dll
 0002:00000194       __imp__sf_debug_cv_init_state 1000c194     sf_runtime:sf_runtime.dll
 0002:00000198       __imp__sf_debug_cv_init_trans 1000c198     sf_runtime:sf_runtime.dll
 0002:0000019c       __imp__cv_eml_init_script  1000c19c     sf_runtime:sf_runtime.dll
 0002:000001a0       __imp__cv_eml_init_fcn     1000c1a0     sf_runtime:sf_runtime.dll
 0002:000001a4       __imp__cv_eml_init_if      1000c1a4     sf_runtime:sf_runtime.dll
 0002:000001a8       __imp__cv_eml_init_mcdc    1000c1a8     sf_runtime:sf_runtime.dll
 0002:000001ac       __imp__sf_debug_set_chart_data_compiled_props 1000c1ac     sf_runtime:sf_runtime.dll
 0002:000001b0       __imp__sf_debug_set_instance_data_value_ptr 1000c1b0     sf_runtime:sf_runtime.dll
 0002:000001b4       __imp__sf_debug_reset_current_state_configuration 1000c1b4     sf_runtime:sf_runtime.dll
 0002:000001b8       __imp__sim_mode_is_rtw_gen 1000c1b8     sf_runtime:sf_runtime.dll
 0002:000001bc       __imp__sim_mode_is_external 1000c1bc     sf_runtime:sf_runtime.dll
 0002:000001c0       __imp__sf_is_chart_inlinable 1000c1c0     sf_runtime:sf_runtime.dll
 0002:000001c4       __imp__sf_rtw_info_uint_prop 1000c1c4     sf_runtime:sf_runtime.dll
 0002:000001c8       __imp__sf_update_buildInfo 1000c1c8     sf_runtime:sf_runtime.dll
 0002:000001cc       __imp__sf_mark_chart_expressionable_inputs 1000c1cc     sf_runtime:sf_runtime.dll
 0002:000001d0       __imp__sf_mark_chart_reusable_outputs 1000c1d0     sf_runtime:sf_runtime.dll
 0002:000001d4       __imp__sf_set_rtw_dwork_info 1000c1d4     sf_runtime:sf_runtime.dll
 0002:000001d8       __imp__sf_mex_import       1000c1d8     sf_runtime:sf_runtime.dll
 0002:000001dc       __imp__sf_mex_dup          1000c1dc     sf_runtime:sf_runtime.dll
 0002:000001e0       __imp__sf_mex_getcell      1000c1e0     sf_runtime:sf_runtime.dll
 0002:000001e4       __imp__sf_mex_destroy      1000c1e4     sf_runtime:sf_runtime.dll
 0002:000001e8       __imp__sf_mex_decode_encoded_mx_struct_array 1000c1e8     sf_runtime:sf_runtime.dll
 0002:000001ec       __imp__sf_mex_createcellmatrix 1000c1ec     sf_runtime:sf_runtime.dll
 0002:000001f0       __imp__sf_mex_setcell      1000c1f0     sf_runtime:sf_runtime.dll
 0002:000001f4       __imp__sf_mex_call_matlab  1000c1f4     sf_runtime:sf_runtime.dll
 0002:000001f8       __imp__sf_mex_error_message 1000c1f8     sf_runtime:sf_runtime.dll
 0002:000001fc       __imp__sf_mex_create       1000c1fc     sf_runtime:sf_runtime.dll
 0002:00000200       __imp__sf_mex_assign       1000c200     sf_runtime:sf_runtime.dll
 0002:00000204       __imp__sf_load_rtw_optimization_info 1000c204     sf_runtime:sf_runtime.dll
 0002:00000208       __imp__sf_debug_initialize_machine 1000c208     sf_runtime:sf_runtime.dll
 0002:0000020c       __imp__sf_debug_set_machine_event_thresholds 1000c20c     sf_runtime:sf_runtime.dll
 0002:00000210       __imp__sf_debug_set_machine_data_thresholds 1000c210     sf_runtime:sf_runtime.dll
 0002:00000214       \177sf_runtime_NULL_THUNK_DATA 1000c214     sf_runtime:sf_runtime.dll
 0002:00000218       ___xc_a                    1000c218     MSVCRT:cinitexe.obj
 0002:0000021c       ___xc_z                    1000c21c     MSVCRT:cinitexe.obj
 0002:00000220       ___xi_a                    1000c220     MSVCRT:cinitexe.obj
 0002:0000022c       ___xi_z                    1000c22c     MSVCRT:cinitexe.obj
 0002:00000230       __real@41d2de67ba800000    1000c230     CART3_BasicTest_sfun.obj
 0002:00000238       __real@41ec901325600000    1000c238     CART3_BasicTest_sfun.obj
 0002:00000240       __real@41c32dd7a6800000    1000c240     CART3_BasicTest_sfun.obj
 0002:00000248       __real@41b5e8c65e000000    1000c248     CART3_BasicTest_sfun.obj
 0002:00000250       __real@41d187d0c8400000    1000c250     CART3_BasicTest_sfun.obj
 0002:00000258       __real@41cff744e8000000    1000c258     CART3_BasicTest_sfun.obj
 0002:00000260       __real@41b7e1066f000000    1000c260     CART3_BasicTest_sfun.obj
 0002:00000268       __real@41c845d7be800000    1000c268     CART3_BasicTest_sfun.obj
 0002:00000270       __real@41e63d48b9c00000    1000c270     CART3_BasicTest_sfun.obj
 0002:00000278       __real@41e45acfa0200000    1000c278     CART3_BasicTest_sfun.obj
 0002:00000280       __real@41ed9a66ef000000    1000c280     CART3_BasicTest_sfun.obj
 0002:00000288       __real@41ef27ba2ac00000    1000c288     CART3_BasicTest_sfun.obj
 0002:00000290       __real@0000000000000000    1000c290     CART3_BasicTest_sfun.obj
 0002:00000298       __real@41e19e1c56800000    1000c298     CART3_BasicTest_sfun.obj
 0002:000002a0       __real@41eb13c6c8e00000    1000c2a0     CART3_BasicTest_sfun.obj
 0002:000002a8       __real@41ea3dd053800000    1000c2a8     CART3_BasicTest_sfun.obj
 0002:000002b0       __real@41d61315a8000000    1000c2b0     CART3_BasicTest_sfun.obj
 0002:000002b8       __real@41e7af660ea00000    1000c2b8     c4_CART3_BasicTest.obj
 0002:000002c0       __real@41d54c90bc800000    1000c2c0     c4_CART3_BasicTest.obj
 0002:000002c8       __real@41e0b61b0b000000    1000c2c8     c4_CART3_BasicTest.obj
 0002:000002d0       __real@41e84b3ab6a00000    1000c2d0     c4_CART3_BasicTest.obj
 0002:000002d8       __real@4024000000000000    1000c2d8     c4_CART3_BasicTest.obj
 0002:000002e0       __real@3ff0000000000000    1000c2e0     c4_CART3_BasicTest.obj
 0002:000002e8       __real@3ff199999999999a    1000c2e8     c4_CART3_BasicTest.obj
 0002:000002f0       __real@3feccccccccccccd    1000c2f0     c4_CART3_BasicTest.obj
 0002:000002f8       __real@41e0657948200000    1000c2f8     c5_CART3_BasicTest.obj
 0002:00000300       __real@41cdcf4dbf000000    1000c300     c5_CART3_BasicTest.obj
 0002:00000308       __real@41eef471e7400000    1000c308     c5_CART3_BasicTest.obj
 0002:00000310       __real@41dfc7365a800000    1000c310     c5_CART3_BasicTest.obj
 0002:00000318       __real@3fab9ba84fde35d1    1000c318     c5_CART3_BasicTest.obj
 0002:00000320       _DYNAMIC_DIMENSION_DEF     1000c320     CART3_BasicTest_sfun_registry.obj
 0002:00000330       __ssBadLevel2InputAccessMsg 1000c330     CART3_BasicTest_sfun_registry.obj
 0002:000004b8       __ssBadLevel2DirectFeedMsg 1000c4b8     CART3_BasicTest_sfun_registry.obj
 0002:000005f8       __ssBadLevel2DirectFeedSolutionMsg 1000c5f8     CART3_BasicTest_sfun_registry.obj
 0002:00000668       __ssBadLevel2ZeroDirectFeedMsg 1000c668     CART3_BasicTest_sfun_registry.obj
 0002:000007a8       __ssBadLevel2ZeroDirectFeedMsg2 1000c7a8     CART3_BasicTest_sfun_registry.obj
 0002:00000890       __real@bff0000000000000    1000c890     CART3_BasicTest_sfun_registry.obj
 0002:00000898       __real@4153d65940000000    1000c898     CART3_BasicTest_sfun_registry.obj
 0002:000008a0       __pRawDllMain              1000c8a0     MSVCRT:crtdll.obj
 0002:000008a0       __pDefaultRawDllMain       1000c8a0     MSVCRT:crtdll.obj
 0002:000008ac       ?ProcessDetach@NativeDll@<CrtImplementationDetails>@@0IB 1000c8ac     MSVCRT:tncleanup.obj
 0002:000008b0       ?ProcessAttach@NativeDll@<CrtImplementationDetails>@@0IB 1000c8b0     MSVCRT:tncleanup.obj
 0002:000008b4       ?ThreadAttach@NativeDll@<CrtImplementationDetails>@@0IB 1000c8b4     MSVCRT:tncleanup.obj
 0002:000008b8       ?ThreadDetach@NativeDll@<CrtImplementationDetails>@@0IB 1000c8b8     MSVCRT:tncleanup.obj
 0002:000008bc       ?ProcessVerifier@NativeDll@<CrtImplementationDetails>@@0IB 1000c8bc     MSVCRT:tncleanup.obj
 0002:000008c0       __load_config_used         1000c8c0     MSVCRT:loadcfg.obj
 0002:00000910       ___safe_se_handler_table   1000c910     <linker-defined>
 0002:00000914       ___rtc_iaa                 1000c914     MSVCRT:_initsect_.obj
 0002:00000918       ___rtc_izz                 1000c918     MSVCRT:_initsect_.obj
 0002:0000091c       ___rtc_taa                 1000c91c     MSVCRT:_initsect_.obj
 0002:00000920       ___rtc_tzz                 1000c920     MSVCRT:_initsect_.obj
 0002:0000098c       __IMPORT_DESCRIPTOR_sf_runtime 1000c98c     sf_runtime:sf_runtime.dll
 0002:000009a0       __IMPORT_DESCRIPTOR_libmx  1000c9a0     libmx:libmx.dll
 0002:000009b4       __IMPORT_DESCRIPTOR_libmex 1000c9b4     libmex:libmex.dll
 0002:000009c8       __IMPORT_DESCRIPTOR_libut  1000c9c8     libut:libut.dll
 0002:000009dc       __IMPORT_DESCRIPTOR_MSVCR100 1000c9dc     MSVCRT:MSVCR100.dll
 0002:000009f0       __IMPORT_DESCRIPTOR_KERNEL32 1000c9f0     kernel32:KERNEL32.dll
 0002:00000a04       __NULL_IMPORT_DESCRIPTOR   1000ca04     sf_runtime:sf_runtime.dll
 0003:000016a4       _DYNAMIC_DIMENSION         1000f6a4     CART3_BasicTest_sfun_registry.obj
 0003:00002230       ___security_cookie         10010230     MSVCRT:gs_cookie.obj
 0003:00002234       ___security_cookie_complement 10010234     MSVCRT:gs_cookie.obj
 0003:00002240       ___native_dllmain_reason   10010240     MSVCRT:natstart.obj
 0003:00002244       ___native_vcclrit_reason   10010244     MSVCRT:natstart.obj
 0003:00002338       _sfGlobalDebugInstanceStruct 10010338     CART3_BasicTest_sfun_registry.obj
 0003:0000266c       ?__type_info_root_node@@3U__type_info_node@@A 1001066c     MSVCRT:tncleanup.obj
 0003:00002674       __CART3_BasicTestMachineNumber_ 10010674     <common>
 0003:00002678       ___native_startup_state    10010678     <common>
 0003:0000267c       ___native_startup_lock     1001067c     <common>
 0003:00002680       ___onexitend               10010680     <common>
 0003:00002684       ___onexitbegin             10010684     <common>
 0003:00002688       ___sse2_available          10010688     <common>
 0003:0000268c       ___dyn_tls_init_callback   1001068c     <common>

 entry point at        0001:0000a4a7

 Static symbols

 0001:00000f30       _get_sim_state_c4_CART3_BasicTest 10001f30 f   c4_CART3_BasicTest.obj
 0001:00001050       _sf_get_sim_state_info_c4_CART3_BasicTest 10002050 f   c4_CART3_BasicTest.obj
 0001:000011d0       _set_sim_state_c4_CART3_BasicTest 100021d0 f   c4_CART3_BasicTest.obj
 0001:00001290       _c4_update_debugger_state_c4_CART3_BasicTest 10002290 f   c4_CART3_BasicTest.obj
 0001:000012a0       _c4_emlrt_marshallIn       100022a0 f   c4_CART3_BasicTest.obj
 0001:000012f0       _c4_b_emlrt_marshallIn     100022f0 f   c4_CART3_BasicTest.obj
 0001:00001340       _c4_d_emlrt_marshallIn     10002340 f   c4_CART3_BasicTest.obj
 0001:00001390       _c4_e_emlrt_marshallIn     10002390 f   c4_CART3_BasicTest.obj
 0001:00001440       _mdlProcessParameters_c4_CART3_BasicTest 10002440 f   c4_CART3_BasicTest.obj
 0001:000014f0       _initialize_params_c4_CART3_BasicTest 100024f0 f   c4_CART3_BasicTest.obj
 0001:00001500       _mdlSetWorkWidths_c4_CART3_BasicTest 10002500 f   c4_CART3_BasicTest.obj
 0001:00001880       _sf_get_instance_specialization 10002880 f   c4_CART3_BasicTest.obj
 0001:00001890       _mdlStart_c4_CART3_BasicTest 10002890 f   c4_CART3_BasicTest.obj
 0001:00001a30       _init_dsm_address_info     10002a30 f   c4_CART3_BasicTest.obj
 0001:00001a40       _chart_debug_initialization 10002a40 f   c4_CART3_BasicTest.obj
 0001:00001f10       _init_script_number_translation 10002f10 f   c4_CART3_BasicTest.obj
 0001:00001f20       _c4_sf_marshallOut         10002f20 f   c4_CART3_BasicTest.obj
 0001:00001fa0       _c4_sf_marshallIn          10002fa0 f   c4_CART3_BasicTest.obj
 0001:00002020       _sf_opaque_initialize_c4_CART3_BasicTest 10003020 f   c4_CART3_BasicTest.obj
 0001:00002050       _initialize_c4_CART3_BasicTest 10003050 f   c4_CART3_BasicTest.obj
 0001:00002080       _sf_opaque_enable_c4_CART3_BasicTest 10003080 f   c4_CART3_BasicTest.obj
 0001:000020a0       _enable_c4_CART3_BasicTest 100030a0 f   c4_CART3_BasicTest.obj
 0001:000020c0       _sf_opaque_disable_c4_CART3_BasicTest 100030c0 f   c4_CART3_BasicTest.obj
 0001:000020e0       _disable_c4_CART3_BasicTest 100030e0 f   c4_CART3_BasicTest.obj
 0001:00002100       _sf_opaque_gateway_c4_CART3_BasicTest 10003100 f   c4_CART3_BasicTest.obj
 0001:00002120       _sf_gateway_c4_CART3_BasicTest 10003120 f   c4_CART3_BasicTest.obj
 0001:00002700       _sf_opaque_get_sim_state_c4_CART3_BasicTest 10003700 f   c4_CART3_BasicTest.obj
 0001:00002720       _sf_opaque_set_sim_state_c4_CART3_BasicTest 10003720 f   c4_CART3_BasicTest.obj
 0001:00002740       _sf_opaque_terminate_c4_CART3_BasicTest 10003740 f   c4_CART3_BasicTest.obj
 0001:000027d0       _finalize_c4_CART3_BasicTest 100037d0 f   c4_CART3_BasicTest.obj
 0001:000027e0       _sf_opaque_init_subchart_simstructs 100037e0 f   c4_CART3_BasicTest.obj
 0001:00002800       _initSimStructsc4_CART3_BasicTest 10003800 f   c4_CART3_BasicTest.obj
 0001:00002810       _mdlRTW_c4_CART3_BasicTest 10003810 f   c4_CART3_BasicTest.obj
 0001:000028c0       _c5_info_helper            100038c0 f   c5_CART3_BasicTest.obj
 0001:00003600       _c5_emlrt_marshallOut      10004600 f   c5_CART3_BasicTest.obj
 0001:00003660       _c5_b_emlrt_marshallOut    10004660 f   c5_CART3_BasicTest.obj
 0001:00003b40       _get_sim_state_c5_CART3_BasicTest 10004b40 f   c5_CART3_BasicTest.obj
 0001:00003c60       _sf_get_sim_state_info_c5_CART3_BasicTest 10004c60 f   c5_CART3_BasicTest.obj
 0001:00003de0       _set_sim_state_c5_CART3_BasicTest 10004de0 f   c5_CART3_BasicTest.obj
 0001:00003ea0       _c5_update_debugger_state_c5_CART3_BasicTest 10004ea0 f   c5_CART3_BasicTest.obj
 0001:00003eb0       _c5_emlrt_marshallIn       10004eb0 f   c5_CART3_BasicTest.obj
 0001:00003f00       _c5_b_emlrt_marshallIn     10004f00 f   c5_CART3_BasicTest.obj
 0001:00003f50       _c5_d_emlrt_marshallIn     10004f50 f   c5_CART3_BasicTest.obj
 0001:00003fa0       _c5_e_emlrt_marshallIn     10004fa0 f   c5_CART3_BasicTest.obj
 0001:00004050       _mdlProcessParameters_c5_CART3_BasicTest 10005050 f   c5_CART3_BasicTest.obj
 0001:00004100       _initialize_params_c5_CART3_BasicTest 10005100 f   c5_CART3_BasicTest.obj
 0001:00004110       _mdlSetWorkWidths_c5_CART3_BasicTest 10005110 f   c5_CART3_BasicTest.obj
 0001:00004490       _sf_get_instance_specialization 10005490 f   c5_CART3_BasicTest.obj
 0001:000044a0       _mdlStart_c5_CART3_BasicTest 100054a0 f   c5_CART3_BasicTest.obj
 0001:00004640       _init_dsm_address_info     10005640 f   c5_CART3_BasicTest.obj
 0001:00004650       _chart_debug_initialization 10005650 f   c5_CART3_BasicTest.obj
 0001:00004aa0       _init_script_number_translation 10005aa0 f   c5_CART3_BasicTest.obj
 0001:00004ab0       _c5_sf_marshallOut         10005ab0 f   c5_CART3_BasicTest.obj
 0001:00004b30       _c5_sf_marshallIn          10005b30 f   c5_CART3_BasicTest.obj
 0001:00004bb0       _sf_opaque_initialize_c5_CART3_BasicTest 10005bb0 f   c5_CART3_BasicTest.obj
 0001:00004be0       _initialize_c5_CART3_BasicTest 10005be0 f   c5_CART3_BasicTest.obj
 0001:00004c10       _sf_opaque_enable_c5_CART3_BasicTest 10005c10 f   c5_CART3_BasicTest.obj
 0001:00004c30       _enable_c5_CART3_BasicTest 10005c30 f   c5_CART3_BasicTest.obj
 0001:00004c50       _sf_opaque_disable_c5_CART3_BasicTest 10005c50 f   c5_CART3_BasicTest.obj
 0001:00004c70       _disable_c5_CART3_BasicTest 10005c70 f   c5_CART3_BasicTest.obj
 0001:00004c90       _sf_opaque_gateway_c5_CART3_BasicTest 10005c90 f   c5_CART3_BasicTest.obj
 0001:00004cb0       _sf_gateway_c5_CART3_BasicTest 10005cb0 f   c5_CART3_BasicTest.obj
 0001:00005110       _sf_opaque_get_sim_state_c5_CART3_BasicTest 10006110 f   c5_CART3_BasicTest.obj
 0001:00005130       _sf_opaque_set_sim_state_c5_CART3_BasicTest 10006130 f   c5_CART3_BasicTest.obj
 0001:00005150       _sf_opaque_terminate_c5_CART3_BasicTest 10006150 f   c5_CART3_BasicTest.obj
 0001:000051e0       _finalize_c5_CART3_BasicTest 100061e0 f   c5_CART3_BasicTest.obj
 0001:000051f0       _sf_opaque_init_subchart_simstructs 100061f0 f   c5_CART3_BasicTest.obj
 0001:00005210       _initSimStructsc5_CART3_BasicTest 10006210 f   c5_CART3_BasicTest.obj
 0001:00005220       _mdlRTW_c5_CART3_BasicTest 10006220 f   c5_CART3_BasicTest.obj
 0001:00005960       _getChartInfoFromSimStruct 10006960 f   CART3_BasicTest_sfun_registry.obj
 0001:00006a60       __ssFatalError             10007a60 f   CART3_BasicTest_sfun_registry.obj
 0001:00008dc0       _ProcessMexSfunctionCmdLineCall 10009dc0 f   CART3_BasicTest_sfun_registry.obj
 0001:00008ee0       _sf_debug_api_wrapper      10009ee0 f   CART3_BasicTest_sfun_registry.obj
 0001:00008f10       _mdlStart                  10009f10 f   CART3_BasicTest_sfun_registry.obj
 0001:00008f30       _mdl_start_processing      10009f30 f   CART3_BasicTest_sfun_registry.obj
 0001:00008fa0       _mdlTerminate              10009fa0 f   CART3_BasicTest_sfun_registry.obj
 0001:00008fc0       _mdl_terminate_processing  10009fc0 f   CART3_BasicTest_sfun_registry.obj
 0001:00009030       _mdlInitializeSampleTimes  1000a030 f   CART3_BasicTest_sfun_registry.obj
 0001:00009050       _mdlZeroCrossings          1000a050 f   CART3_BasicTest_sfun_registry.obj
 0001:00009070       _mdl_zeroCrossings_processing 1000a070 f   CART3_BasicTest_sfun_registry.obj
 0001:000090a0       _mdlDerivatives            1000a0a0 f   CART3_BasicTest_sfun_registry.obj
 0001:000090c0       _mdl_derivatives_processing 1000a0c0 f   CART3_BasicTest_sfun_registry.obj
 0001:00009100       _mdlInitializeConditions   1000a100 f   CART3_BasicTest_sfun_registry.obj
 0001:00009120       _mdl_initialize_conditions_processing 1000a120 f   CART3_BasicTest_sfun_registry.obj
 0001:00009160       _mdlEnable                 1000a160 f   CART3_BasicTest_sfun_registry.obj
 0001:00009180       _mdl_enable_processing     1000a180 f   CART3_BasicTest_sfun_registry.obj
 0001:000091b0       _mdlDisable                1000a1b0 f   CART3_BasicTest_sfun_registry.obj
 0001:000091d0       _mdl_disable_processing    1000a1d0 f   CART3_BasicTest_sfun_registry.obj
 0001:00009200       _mdlOutputs                1000a200 f   CART3_BasicTest_sfun_registry.obj
 0001:00009220       _mdl_outputs_processing    1000a220 f   CART3_BasicTest_sfun_registry.obj
 0001:000092f0       _mdl_outputs_continuous_legacy 1000a2f0 f   CART3_BasicTest_sfun_registry.obj
 0001:000093c0       _mdlGetTimeOfNextVarHit    1000a3c0 f   CART3_BasicTest_sfun_registry.obj
 0001:00009400       __ProcessMexSfunctionCmdLineCall 1000a400 f   CART3_BasicTest_sfun_registry.obj
 0001:00009a20       _mdlSetWorkWidths          1000aa20 f   CART3_BasicTest_sfun_registry.obj
 0001:00009a40       _mdlProcessParameters      1000aa40 f   CART3_BasicTest_sfun_registry.obj
 0001:00009a60       _mdlInitializeSizes        1000aa60 f   CART3_BasicTest_sfun_registry.obj
 0001:00009a80       _mdlExtModeExec            1000aa80 f   CART3_BasicTest_sfun_registry.obj
 0001:00009aa0       _mdl_ext_mode_exec_processing 1000aaa0 f   CART3_BasicTest_sfun_registry.obj
 0001:00009ae0       _mdlRTW                    1000aae0 f   CART3_BasicTest_sfun_registry.obj
 0001:00009b10       __CreateSimStruct          1000ab10 f   CART3_BasicTest_sfun_registry.obj
 0001:00009c40       __RegNumInputPortsCB       1000ac40 f   CART3_BasicTest_sfun_registry.obj
 0001:00009ca0       __RegNumOutputPortsCB      1000aca0 f   CART3_BasicTest_sfun_registry.obj
 0001:0000a139       _pre_c_init                1000b139 f   MSVCRT:crtdll.obj
 0001:0000a391       ___DllMainCRTStartup       1000b391 f   MSVCRT:crtdll.obj
