 CART3_BasicTest_3states_IET_sfun

 Timestamp is 597917d5 (Wed Jul 26 16:29:41 2017)

 Preferred load address is 10000000

 Start         Length     Name                   Class
 0001:00000000 0000f444H .text                   CODE
 0002:00000000 00000218H .idata$5                DATA
 0002:00000218 00000004H .CRT$XCA                DATA
 0002:0000021c 00000004H .CRT$XCZ                DATA
 0002:00000220 00000004H .CRT$XIA                DATA
 0002:00000224 00000004H .CRT$XIAA               DATA
 0002:00000228 00000004H .CRT$XIC                DATA
 0002:0000022c 00000004H .CRT$XIZ                DATA
 0002:00000230 000006d8H .rdata                  DATA
 0002:00000910 00000004H .rdata$sxdata           DATA
 0002:00000914 00000004H .rtc$IAA                DATA
 0002:00000918 00000004H .rtc$IZZ                DATA
 0002:0000091c 00000004H .rtc$TAA                DATA
 0002:00000920 00000004H .rtc$TZZ                DATA
 0002:00000928 00000064H .xdata$x                DATA
 0002:0000098c 00000078H .idata$2                DATA
 0002:00000a04 00000014H .idata$3                DATA
 0002:00000a18 00000218H .idata$4                DATA
 0002:00000c30 00000b8cH .idata$6                DATA
 0002:000017c0 00000066H .edata                  DATA
 0003:00000000 000037b0H .data                   DATA
 0003:000037b0 00000458H .bss                    DATA

  Address         Publics by Value              Rva+Base       Lib:Object

 0000:00000000       __except_list              00000000     <absolute>
 0000:00000001       ___safe_se_handler_count   00000001     <absolute>
 0000:00009876       __fltused                  00009876     <absolute>
 0000:00009876       __ldused                   00009876     <absolute>
 0000:00000000       ___ImageBase               10000000     <linker-defined>
 0001:00000000       _CART3_BasicTest_3states_IET_initializer 10001000 f   CART3_BasicTest_3states_IET_sfun.obj
 0001:00000010       _CART3_BasicTest_3states_IET_terminator 10001010 f   CART3_BasicTest_3states_IET_sfun.obj
 0001:00000020       _sf_CART3_BasicTest_3states_IET_method_dispatcher 10001020 f   CART3_BasicTest_3states_IET_sfun.obj
 0001:000000b0       _sf_CART3_BasicTest_3states_IET_process_check_sum_call 100010b0 f   CART3_BasicTest_3states_IET_sfun.obj
 0001:000004b0       _sf_CART3_BasicTest_3states_IET_autoinheritance_info 100014b0 f   CART3_BasicTest_3states_IET_sfun.obj
 0001:000006a0       _sf_CART3_BasicTest_3states_IET_get_eml_resolved_functions_info 100016a0 f   CART3_BasicTest_3states_IET_sfun.obj
 0001:00000830       _sf_CART3_BasicTest_3states_IET_third_party_uses_info 10001830 f   CART3_BasicTest_3states_IET_sfun.obj
 0001:00000a00       _sf_CART3_BasicTest_3states_IET_updateBuildInfo_args_info 10001a00 f   CART3_BasicTest_3states_IET_sfun.obj
 0001:00000bd0       _CART3_BasicTest_3states_IET_debug_initialize 10001bd0 f   CART3_BasicTest_3states_IET_sfun.obj
 0001:00000c30       _CART3_BasicTest_3states_IET_register_exported_symbols 10001c30 f   CART3_BasicTest_3states_IET_sfun.obj
 0001:00000c40       _load_CART3_BasicTest_3states_IET_optimization_info 10001c40 f   CART3_BasicTest_3states_IET_sfun.obj
 0001:00000c80       _unload_CART3_BasicTest_3states_IET_optimization_info 10001c80 f   CART3_BasicTest_3states_IET_sfun.obj
 0001:00000cb0       _sf_c1_CART3_BasicTest_3states_IET_get_eml_resolved_functions_info 10001cb0 f   c1_CART3_BasicTest_3states_IET.obj
 0001:00001b00       _sf_c1_CART3_BasicTest_3states_IET_get_check_sum 10002b00 f   c1_CART3_BasicTest_3states_IET.obj
 0001:00001b60       _sf_c1_CART3_BasicTest_3states_IET_get_autoinheritance_info 10002b60 f   c1_CART3_BasicTest_3states_IET.obj
 0001:00001e70       _sf_c1_CART3_BasicTest_3states_IET_third_party_uses_info 10002e70 f   c1_CART3_BasicTest_3states_IET.obj
 0001:00001e90       _sf_c1_CART3_BasicTest_3states_IET_updateBuildInfo_args_info 10002e90 f   c1_CART3_BasicTest_3states_IET.obj
 0001:00001eb0       _sf_internal_get_sim_state_c1_CART3_BasicTest_3states_IET 10002eb0 f   c1_CART3_BasicTest_3states_IET.obj
 0001:00002150       _sf_internal_set_sim_state_c1_CART3_BasicTest_3states_IET 10003150 f   c1_CART3_BasicTest_3states_IET.obj
 0001:00002440       _c1_CART3_BasicTest_3states_IET_method_dispatcher 10003440 f   c1_CART3_BasicTest_3states_IET.obj
 0001:00003690       _sf_c2_CART3_BasicTest_3states_IET_get_eml_resolved_functions_info 10004690 f   c2_CART3_BasicTest_3states_IET.obj
 0001:000036e0       _sf_c2_CART3_BasicTest_3states_IET_get_check_sum 100046e0 f   c2_CART3_BasicTest_3states_IET.obj
 0001:00003740       _sf_c2_CART3_BasicTest_3states_IET_get_autoinheritance_info 10004740 f   c2_CART3_BasicTest_3states_IET.obj
 0001:00003a50       _sf_c2_CART3_BasicTest_3states_IET_third_party_uses_info 10004a50 f   c2_CART3_BasicTest_3states_IET.obj
 0001:00003a70       _sf_c2_CART3_BasicTest_3states_IET_updateBuildInfo_args_info 10004a70 f   c2_CART3_BasicTest_3states_IET.obj
 0001:00003a90       _sf_internal_get_sim_state_c2_CART3_BasicTest_3states_IET 10004a90 f   c2_CART3_BasicTest_3states_IET.obj
 0001:00003d30       _sf_internal_set_sim_state_c2_CART3_BasicTest_3states_IET 10004d30 f   c2_CART3_BasicTest_3states_IET.obj
 0001:00004020       _c2_CART3_BasicTest_3states_IET_method_dispatcher 10005020 f   c2_CART3_BasicTest_3states_IET.obj
 0001:00005480       _sf_c4_CART3_BasicTest_3states_IET_get_eml_resolved_functions_info 10006480 f   c4_CART3_BasicTest_3states_IET.obj
 0001:000054d0       _sf_c4_CART3_BasicTest_3states_IET_get_check_sum 100064d0 f   c4_CART3_BasicTest_3states_IET.obj
 0001:00005530       _sf_c4_CART3_BasicTest_3states_IET_get_autoinheritance_info 10006530 f   c4_CART3_BasicTest_3states_IET.obj
 0001:00005840       _sf_c4_CART3_BasicTest_3states_IET_third_party_uses_info 10006840 f   c4_CART3_BasicTest_3states_IET.obj
 0001:00005860       _sf_c4_CART3_BasicTest_3states_IET_updateBuildInfo_args_info 10006860 f   c4_CART3_BasicTest_3states_IET.obj
 0001:00005880       _sf_internal_get_sim_state_c4_CART3_BasicTest_3states_IET 10006880 f   c4_CART3_BasicTest_3states_IET.obj
 0001:00005b20       _sf_internal_set_sim_state_c4_CART3_BasicTest_3states_IET 10006b20 f   c4_CART3_BasicTest_3states_IET.obj
 0001:00005e10       _c4_CART3_BasicTest_3states_IET_method_dispatcher 10006e10 f   c4_CART3_BasicTest_3states_IET.obj
 0001:00007270       _sf_c5_CART3_BasicTest_3states_IET_get_eml_resolved_functions_info 10008270 f   c5_CART3_BasicTest_3states_IET.obj
 0001:000080c0       _sf_c5_CART3_BasicTest_3states_IET_get_check_sum 100090c0 f   c5_CART3_BasicTest_3states_IET.obj
 0001:00008120       _sf_c5_CART3_BasicTest_3states_IET_get_autoinheritance_info 10009120 f   c5_CART3_BasicTest_3states_IET.obj
 0001:00008430       _sf_c5_CART3_BasicTest_3states_IET_third_party_uses_info 10009430 f   c5_CART3_BasicTest_3states_IET.obj
 0001:00008450       _sf_c5_CART3_BasicTest_3states_IET_updateBuildInfo_args_info 10009450 f   c5_CART3_BasicTest_3states_IET.obj
 0001:00008470       _sf_internal_get_sim_state_c5_CART3_BasicTest_3states_IET 10009470 f   c5_CART3_BasicTest_3states_IET.obj
 0001:00008710       _sf_internal_set_sim_state_c5_CART3_BasicTest_3states_IET 10009710 f   c5_CART3_BasicTest_3states_IET.obj
 0001:00008a00       _c5_CART3_BasicTest_3states_IET_method_dispatcher 10009a00 f   c5_CART3_BasicTest_3states_IET.obj
 0001:00009c60       _sf_process_check_sum_call 1000ac60 f   CART3_BasicTest_3states_IET_sfun_registry.obj
 0001:00009c90       _sf_process_autoinheritance_call 1000ac90 f   CART3_BasicTest_3states_IET_sfun_registry.obj
 0001:00009dd0       _sf_process_get_third_party_uses_info_call 1000add0 f   CART3_BasicTest_3states_IET_sfun_registry.obj
 0001:00009f10       _sf_process_get_updateBuildInfo_args_info_call 1000af10 f   CART3_BasicTest_3states_IET_sfun_registry.obj
 0001:0000a050       _sf_process_get_eml_resolved_functions_info_call 1000b050 f   CART3_BasicTest_3states_IET_sfun_registry.obj
 0001:0000a170       _sf_mex_unlock_call        1000b170 f   CART3_BasicTest_3states_IET_sfun_registry.obj
 0001:0000a200       _sf_machine_global_initializer_called 1000b200 f   CART3_BasicTest_3states_IET_sfun_registry.obj
 0001:0000a220       _sf_machine_global_method_dispatcher 1000b220 f   CART3_BasicTest_3states_IET_sfun_registry.obj
 0001:0000a260       _sf_machine_global_terminator 1000b260 f   CART3_BasicTest_3states_IET_sfun_registry.obj
 0001:0000a2a0       _sf_register_machine_exported_symbols 1000b2a0 f   CART3_BasicTest_3states_IET_sfun_registry.obj
 0001:0000a2c0       _callCustomFcn             1000b2c0 f   CART3_BasicTest_3states_IET_sfun_registry.obj
 0001:0000a2d0       _sf_machine_global_initializer 1000b2d0 f   CART3_BasicTest_3states_IET_sfun_registry.obj
 0001:0000a340       _mdlGetSimState            1000b340 f   CART3_BasicTest_3states_IET_sfun_registry.obj
 0001:0000a3a0       _mdlSetSimState            1000b3a0 f   CART3_BasicTest_3states_IET_sfun_registry.obj
 0001:0000a3d0       __ssSetStateAbsTol         1000b3d0 f   CART3_BasicTest_3states_IET_sfun_registry.obj
 0001:0000a470       __ssGetAbsTol              1000b470 f   CART3_BasicTest_3states_IET_sfun_registry.obj
 0001:0000a4c0       __ssSetInputPortMatrixDimensions 1000b4c0 f   CART3_BasicTest_3states_IET_sfun_registry.obj
 0001:0000a570       __ssSetOutputPortMatrixDimensions 1000b570 f   CART3_BasicTest_3states_IET_sfun_registry.obj
 0001:0000a620       __ssSetInputPortVectorDimension 1000b620 f   CART3_BasicTest_3states_IET_sfun_registry.obj
 0001:0000a6a0       __ssSetOutputPortVectorDimension 1000b6a0 f   CART3_BasicTest_3states_IET_sfun_registry.obj
 0001:0000a720       _ssIsRunTimeParamTunable   1000b720 f   CART3_BasicTest_3states_IET_sfun_registry.obj
 0001:0000a780       _ssGetSFuncBlockHandle     1000b780 f   CART3_BasicTest_3states_IET_sfun_registry.obj
 0001:0000a7d0       __ssGetCurrentInputPortWidth 1000b7d0 f   CART3_BasicTest_3states_IET_sfun_registry.obj
 0001:0000a8a0       __ssGetCurrentOutputPortWidth 1000b8a0 f   CART3_BasicTest_3states_IET_sfun_registry.obj
 0001:0000a970       __ssGetCallSystemNumFcnCallDestinations 1000b970 f   CART3_BasicTest_3states_IET_sfun_registry.obj
 0001:0000a9d0       _ssWarning                 1000b9d0 f   CART3_BasicTest_3states_IET_sfun_registry.obj
 0001:0000aab0       _ssGetIsZeroCrossControlDisabled 1000bab0 f   CART3_BasicTest_3states_IET_sfun_registry.obj
 0001:0000ab10       _ssSetIsInputPortUsedForContZcSignal 1000bb10 f   CART3_BasicTest_3states_IET_sfun_registry.obj
 0001:0000ab60       _ssSetZcSignalIsZcElementDisc 1000bb60 f   CART3_BasicTest_3states_IET_sfun_registry.obj
 0001:0000abe0       _ssSetZcSignalName         1000bbe0 f   CART3_BasicTest_3states_IET_sfun_registry.obj
 0001:0000ac30       _ssSetZcSignalWidth        1000bc30 f   CART3_BasicTest_3states_IET_sfun_registry.obj
 0001:0000ac80       _ssSetZcSignalZcEventType  1000bc80 f   CART3_BasicTest_3states_IET_sfun_registry.obj
 0001:0000acd0       _ssSetZcSignalType         1000bcd0 f   CART3_BasicTest_3states_IET_sfun_registry.obj
 0001:0000ad20       _ssSetZcSignalZcTol        1000bd20 f   CART3_BasicTest_3states_IET_sfun_registry.obj
 0001:0000ad70       _ssSetZcSignalNeedsEventNotification 1000bd70 f   CART3_BasicTest_3states_IET_sfun_registry.obj
 0001:0000adc0       _ssCreateAndAddZcSignalInfo 1000bdc0 f   CART3_BasicTest_3states_IET_sfun_registry.obj
 0001:0000ae20       _ssCloneAndAddZcSignalInfo 1000be20 f   CART3_BasicTest_3states_IET_sfun_registry.obj
 0001:0000ae80       _ssGetNumZcSignals         1000be80 f   CART3_BasicTest_3states_IET_sfun_registry.obj
 0001:0000aee0       _ssGetZcSignalVector       1000bee0 f   CART3_BasicTest_3states_IET_sfun_registry.obj
 0001:0000af40       _ssGetZcSignalZcEvents     1000bf40 f   CART3_BasicTest_3states_IET_sfun_registry.obj
 0001:0000afa0       _ssGetZcSignalName         1000bfa0 f   CART3_BasicTest_3states_IET_sfun_registry.obj
 0001:0000b000       _ssGetZcSignalWidth        1000c000 f   CART3_BasicTest_3states_IET_sfun_registry.obj
 0001:0000b060       _ssGetZcSignalZcEventType  1000c060 f   CART3_BasicTest_3states_IET_sfun_registry.obj
 0001:0000b0c0       _ssGetZcSignalType         1000c0c0 f   CART3_BasicTest_3states_IET_sfun_registry.obj
 0001:0000b120       _ssGetZcSignalZcTol        1000c120 f   CART3_BasicTest_3states_IET_sfun_registry.obj
 0001:0000b180       _ssGetZcSignalNeedsEventNotification 1000c180 f   CART3_BasicTest_3states_IET_sfun_registry.obj
 0001:0000b1e0       _ssGetZcSignalIsZcElementDisc 1000c1e0 f   CART3_BasicTest_3states_IET_sfun_registry.obj
 0001:0000b260       _ssGetIsInputPortElementContinuous 1000c260 f   CART3_BasicTest_3states_IET_sfun_registry.obj
 0001:0000b2e0       __ssGetInputPortSignalPtrsFcn 1000c2e0 f   CART3_BasicTest_3states_IET_sfun_registry.obj
 0001:0000b4e0       __ssGetInputPortSignalFcn  1000c4e0 f   CART3_BasicTest_3states_IET_sfun_registry.obj
 0001:0000b670       __ssSetInputPortDirectFeedThroughFcn 1000c670 f   CART3_BasicTest_3states_IET_sfun_registry.obj
 0001:0000b7a0       __ssSetInputPortReusableFcn 1000c7a0 f   CART3_BasicTest_3states_IET_sfun_registry.obj
 0001:0000b830       __ssSetOutputPortReusableFcn 1000c830 f   CART3_BasicTest_3states_IET_sfun_registry.obj
 0001:0000b8c0       _ssGetDTypeIdFromMxArray   1000c8c0 f   CART3_BasicTest_3states_IET_sfun_registry.obj
 0001:0000b9b0       _ssWriteRTWStr             1000c9b0 f   CART3_BasicTest_3states_IET_sfun_registry.obj
 0001:0000b9f0       _ssWriteRTWMxVectParam     1000c9f0 f   CART3_BasicTest_3states_IET_sfun_registry.obj
 0001:0000ba30       _ssWriteRTWMx2dMatParam    1000ca30 f   CART3_BasicTest_3states_IET_sfun_registry.obj
 0001:0000ba70       _ssWriteRTWNameValuePair   1000ca70 f   CART3_BasicTest_3states_IET_sfun_registry.obj
 0001:0000bde0       _ssWriteRTWParameters      1000cde0 f   CART3_BasicTest_3states_IET_sfun_registry.obj
 0001:0000c180       _ssWriteRTWParamSettings   1000d180 f   CART3_BasicTest_3states_IET_sfun_registry.obj
 0001:0000c630       _ssWriteRTWWorkVect        1000d630 f   CART3_BasicTest_3states_IET_sfun_registry.obj
 0001:0000c9c0       _mexFunction               1000d9c0 f   CART3_BasicTest_3states_IET_sfun_registry.obj
 0001:0000e710       _ProcessMexSfunctionEveryCall 1000f710 f   CART3_BasicTest_3states_IET_sfun_registry.obj
 0001:0000e82e       _sf_debug_set_machine_data_thresholds 1000f82e f   sf_runtime:sf_runtime.dll
 0001:0000e834       _sf_debug_set_machine_event_thresholds 1000f834 f   sf_runtime:sf_runtime.dll
 0001:0000e83a       _sf_debug_initialize_machine 1000f83a f   sf_runtime:sf_runtime.dll
 0001:0000e840       _sf_load_rtw_optimization_info 1000f840 f   sf_runtime:sf_runtime.dll
 0001:0000e846       _sf_mex_emlrtNameCapturePostProcessR2012a 1000f846 f   sf_runtime:sf_runtime.dll
 0001:0000e84c       _sf_mex_assign             1000f84c f   sf_runtime:sf_runtime.dll
 0001:0000e852       _sf_mex_createstruct       1000f852 f   sf_runtime:sf_runtime.dll
 0001:0000e858       _sf_mex_destroy            1000f858 f   sf_runtime:sf_runtime.dll
 0001:0000e85e       _sf_mex_duplicatearraysafe 1000f85e f   sf_runtime:sf_runtime.dll
 0001:0000e864       _sf_mex_createcellmatrix   1000f864 f   sf_runtime:sf_runtime.dll
 0001:0000e86a       _sf_mex_addfield           1000f86a f   sf_runtime:sf_runtime.dll
 0001:0000e870       _sf_mex_create             1000f870 f   sf_runtime:sf_runtime.dll
 0001:0000e876       _sf_mex_error_message      1000f876 f   sf_runtime:sf_runtime.dll
 0001:0000e87c       _sf_mex_call_matlab        1000f87c f   sf_runtime:sf_runtime.dll
 0001:0000e882       _sf_mex_setcell            1000f882 f   sf_runtime:sf_runtime.dll
 0001:0000e888       _sf_mex_decode_encoded_mx_struct_array 1000f888 f   sf_runtime:sf_runtime.dll
 0001:0000e88e       _sf_mex_getcell            1000f88e f   sf_runtime:sf_runtime.dll
 0001:0000e894       _sf_mex_dup                1000f894 f   sf_runtime:sf_runtime.dll
 0001:0000e89a       _sf_mex_import             1000f89a f   sf_runtime:sf_runtime.dll
 0001:0000e8a0       _sf_set_rtw_dwork_info     1000f8a0 f   sf_runtime:sf_runtime.dll
 0001:0000e8a6       _sf_mark_chart_reusable_outputs 1000f8a6 f   sf_runtime:sf_runtime.dll
 0001:0000e8ac       _sf_mark_chart_expressionable_inputs 1000f8ac f   sf_runtime:sf_runtime.dll
 0001:0000e8b2       _sf_update_buildInfo       1000f8b2 f   sf_runtime:sf_runtime.dll
 0001:0000e8b8       _sf_rtw_info_uint_prop     1000f8b8 f   sf_runtime:sf_runtime.dll
 0001:0000e8be       _sf_is_chart_inlinable     1000f8be f   sf_runtime:sf_runtime.dll
 0001:0000e8c4       _sim_mode_is_external      1000f8c4 f   sf_runtime:sf_runtime.dll
 0001:0000e8ca       _sim_mode_is_rtw_gen       1000f8ca f   sf_runtime:sf_runtime.dll
 0001:0000e8d0       _sf_debug_reset_current_state_configuration 1000f8d0 f   sf_runtime:sf_runtime.dll
 0001:0000e8d6       _sf_debug_set_instance_data_value_ptr 1000f8d6 f   sf_runtime:sf_runtime.dll
 0001:0000e8dc       _sf_debug_set_chart_data_compiled_props 1000f8dc f   sf_runtime:sf_runtime.dll
 0001:0000e8e2       _cv_eml_init_fcn           1000f8e2 f   sf_runtime:sf_runtime.dll
 0001:0000e8e8       _cv_eml_init_script        1000f8e8 f   sf_runtime:sf_runtime.dll
 0001:0000e8ee       _sf_debug_cv_init_trans    1000f8ee f   sf_runtime:sf_runtime.dll
 0001:0000e8f4       _sf_debug_cv_init_state    1000f8f4 f   sf_runtime:sf_runtime.dll
 0001:0000e8fa       _sf_debug_cv_init_chart    1000f8fa f   sf_runtime:sf_runtime.dll
 0001:0000e900       _sf_debug_set_chart_decomposition 1000f900 f   sf_runtime:sf_runtime.dll
 0001:0000e906       _sf_debug_set_chart_substate_count 1000f906 f   sf_runtime:sf_runtime.dll
 0001:0000e90c       _sf_debug_set_chart_state_info 1000f90c f   sf_runtime:sf_runtime.dll
 0001:0000e912       _sf_debug_set_chart_data_props 1000f912 f   sf_runtime:sf_runtime.dll
 0001:0000e918       _sf_debug_set_chart_event_thresholds 1000f918 f   sf_runtime:sf_runtime.dll
 0001:0000e91e       _sf_debug_set_chart_disable_implicit_casting 1000f91e f   sf_runtime:sf_runtime.dll
 0001:0000e924       _sf_debug_initialize_chart 1000f924 f   sf_runtime:sf_runtime.dll
 0001:0000e92a       _sf_get_time               1000f92a f   sf_runtime:sf_runtime.dll
 0001:0000e930       _sf_debug_check_for_state_inconsistency 1000f930 f   sf_runtime:sf_runtime.dll
 0001:0000e936       _sf_debug_symbol_scope_pop 1000f936 f   sf_runtime:sf_runtime.dll
 0001:0000e93c       _eml_debug_line_call       1000f93c f   sf_runtime:sf_runtime.dll
 0001:0000e942       _cv_eml_eval               1000f942 f   sf_runtime:sf_runtime.dll
 0001:0000e948       _sf_debug_symbol_scope_add_eml_importable 1000f948 f   sf_runtime:sf_runtime.dll
 0001:0000e94e       _sf_debug_symbol_scope_add_eml 1000f94e f   sf_runtime:sf_runtime.dll
 0001:0000e954       _sf_debug_symbol_scope_push_eml 1000f954 f   sf_runtime:sf_runtime.dll
 0001:0000e95a       _sf_debug_data_range_wrapper 1000f95a f   sf_runtime:sf_runtime.dll
 0001:0000e960       _sf_debug_call             1000f960 f   sf_runtime:sf_runtime.dll
 0001:0000e966       _sf_debug_symbol_scope_push 1000f966 f   sf_runtime:sf_runtime.dll
 0001:0000e96c       _sf_clear_rtw_identifier   1000f96c f   sf_runtime:sf_runtime.dll
 0001:0000e972       _cv_eml_init_mcdc          1000f972 f   sf_runtime:sf_runtime.dll
 0001:0000e978       _cv_eml_init_if            1000f978 f   sf_runtime:sf_runtime.dll
 0001:0000e97e       _sf_debug_terminate        1000f97e f   sf_runtime:sf_runtime.dll
 0001:0000e984       _sf_debug_create_debug_instance_struct 1000f984 f   sf_runtime:sf_runtime.dll
 0001:0000e98a       _sf_debug_api              1000f98a f   sf_runtime:sf_runtime.dll
 0001:0000e990       _callMdlMethodAndReportError 1000f990 f   sf_runtime:sf_runtime.dll
 0001:0000e996       _call_sf_machine_global_method_dispatcher 1000f996 f   sf_runtime:sf_runtime.dll
 0001:0000e99c       _sf_clear_error_manager_info 1000f99c f   sf_runtime:sf_runtime.dll
 0001:0000e9a2       _sf_mex_error_direct_call  1000f9a2 f   sf_runtime:sf_runtime.dll
 0001:0000e9a8       _mxGetScalar               1000f9a8 f   libmx:libmx.dll
 0001:0000e9ae       _mxGetPr                   1000f9ae f   libmx:libmx.dll
 0001:0000e9b4       _mxCreateDoubleMatrix_730  1000f9b4 f   libmx:libmx.dll
 0001:0000e9ba       _mxGetString_730           1000f9ba f   libmx:libmx.dll
 0001:0000e9c0       _mxIsChar                  1000f9c0 f   libmx:libmx.dll
 0001:0000e9c6       _mxDestroyArray            1000f9c6 f   libmx:libmx.dll
 0001:0000e9cc       _mxDuplicateArray          1000f9cc f   libmx:libmx.dll
 0001:0000e9d2       _mxCreateDoubleScalar      1000f9d2 f   libmx:libmx.dll
 0001:0000e9d8       _mxSetField_730            1000f9d8 f   libmx:libmx.dll
 0001:0000e9de       _mxCreateString            1000f9de f   libmx:libmx.dll
 0001:0000e9e4       _mxCreateStructMatrix_730  1000f9e4 f   libmx:libmx.dll
 0001:0000e9ea       _mxCreateCellMatrix_730    1000f9ea f   libmx:libmx.dll
 0001:0000e9f0       _mxGetClassID              1000f9f0 f   libmx:libmx.dll
 0001:0000e9f6       _mxIsNumeric               1000f9f6 f   libmx:libmx.dll
 0001:0000e9fc       _mxIsComplex               1000f9fc f   libmx:libmx.dll
 0001:0000ea02       _mxGetN                    1000fa02 f   libmx:libmx.dll
 0001:0000ea08       _mxGetM                    1000fa08 f   libmx:libmx.dll
 0001:0000ea0e       _mxCalloc                  1000fa0e f   libmx:libmx.dll
 0001:0000ea14       _mexMakeArrayPersistent    1000fa14 f   libmex:libmex.dll
 0001:0000ea1a       _mexUnlock                 1000fa1a f   libmex:libmex.dll
 0001:0000ea20       _mexIsLocked               1000fa20 f   libmex:libmex.dll
 0001:0000ea26       _mexWarnMsgTxt             1000fa26 f   libmex:libmex.dll
 0001:0000ea2c       _mexCallMATLAB             1000fa2c f   libmex:libmex.dll
 0001:0000ea32       _mexErrMsgTxt              1000fa32 f   libmex:libmex.dll
 0001:0000ea38       _mexLock                   1000fa38 f   libmex:libmex.dll
 0001:0000ea3e       _utMalloc                  1000fa3e f   libut:libut.dll
 0001:0000ea44       _utFree                    1000fa44 f   libut:libut.dll
 0001:0000ea4a       _strcmp                    1000fa4a f   MSVCRT:MSVCR100.dll
 0001:0000ea50       @__security_check_cookie@4 1000fa50 f   MSVCRT:secchk.obj
 0001:0000ea60       _strlen                    1000fa60 f   MSVCRT:MSVCR100.dll
 0001:0000ea66       _memset                    1000fa66 f   MSVCRT:MSVCR100.dll
 0001:0000ea6c       _free                      1000fa6c f   MSVCRT:MSVCR100.dll
 0001:0000ea72       _sprintf                   1000fa72 f   MSVCRT:MSVCR100.dll
 0001:0000ea78       _malloc                    1000fa78 f   MSVCRT:MSVCR100.dll
 0001:0000ea7e       _strcat                    1000fa7e f   MSVCRT:MSVCR100.dll
 0001:0000ea90       __ftol2_sse                1000fa90 f   MSVCRT:ftol2.obj
 0001:0000ea99       __ftol2_pentium4           1000fa99 f   MSVCRT:ftol2.obj
 0001:0000eaac       __ftol2_sse_excpt          1000faac f   MSVCRT:ftol2.obj
 0001:0000eac6       __ftol2                    1000fac6 f   MSVCRT:ftol2.obj
 0001:0000eb3c       _memcpy                    1000fb3c f   MSVCRT:MSVCR100.dll
 0001:0000eb42       _NtCurrentTeb              1000fb42 f i MSVCRT:crtdll.obj
 0001:0000eb97       __CRT_INIT@12              1000fb97 f   MSVCRT:crtdll.obj
 0001:0000eeb7       __DllMainCRTStartup@12     1000feb7 f   MSVCRT:crtdll.obj
 0001:0000eeda       ___report_gsfailure        1000feda f   MSVCRT:gs_report.obj
 0001:0000efe0       ___sse2_available_init     1000ffe0 f   MSVCRT:cpu_disp.obj
 0001:0000eff0       ___clean_type_info_names   1000fff0 f   MSVCRT:tncleanup.obj
 0001:0000effd       __onexit                   1000fffd f   MSVCRT:atonexit.obj
 0001:0000f09e       _atexit                    1001009e f   MSVCRT:atonexit.obj
 0001:0000f0b5       __RTC_Initialize           100100b5 f   MSVCRT:_initsect_.obj
 0001:0000f0db       __RTC_Terminate            100100db f   MSVCRT:_initsect_.obj
 0001:0000f102       __malloc_crt               10010102 f   MSVCRT:MSVCR100.dll
 0001:0000f108       __encoded_null             10010108 f   MSVCRT:MSVCR100.dll
 0001:0000f110       __ValidateImageBase        10010110 f   MSVCRT:pesect.obj
 0001:0000f150       __FindPESection            10010150 f   MSVCRT:pesect.obj
 0001:0000f1a0       __IsNonwritableInCurrentImage 100101a0 f   MSVCRT:pesect.obj
 0001:0000f25c       __initterm                 1001025c f   MSVCRT:MSVCR100.dll
 0001:0000f262       __initterm_e               10010262 f   MSVCRT:MSVCR100.dll
 0001:0000f268       __amsg_exit                10010268 f   MSVCRT:MSVCR100.dll
 0001:0000f26e       ___CppXcptFilter           1001026e f   MSVCRT:MSVCR100.dll
 0001:0000f274       _DllMain@12                10010274 f   MSVCRT:dllmain.obj
 0001:0000f2a0       __SEH_prolog4              100102a0 f   MSVCRT:sehprolg4.obj
 0001:0000f2e5       __SEH_epilog4              100102e5 f   MSVCRT:sehprolg4.obj
 0001:0000f2f9       __except_handler4          100102f9 f   MSVCRT:chandler4gs.obj
 0001:0000f31e       ___security_init_cookie    1001031e f   MSVCRT:gs_support.obj
 0001:0000f3ba       __crt_debugger_hook        100103ba f   MSVCRT:MSVCR100.dll
 0001:0000f3c0       ___clean_type_info_names_internal 100103c0 f   MSVCRT:MSVCR100.dll
 0001:0000f3c6       __unlock                   100103c6 f   MSVCRT:MSVCR100.dll
 0001:0000f3cc       ___dllonexit               100103cc f   MSVCRT:MSVCR100.dll
 0001:0000f3d2       __lock                     100103d2 f   MSVCRT:MSVCR100.dll
 0001:0000f3d8       __except_handler4_common   100103d8 f   MSVCRT:MSVCR100.dll
 0001:0000f3de       _EncodePointer@4           100103de f   kernel32:KERNEL32.dll
 0001:0000f3e4       _DecodePointer@4           100103e4 f   kernel32:KERNEL32.dll
 0001:0000f3ea       _InterlockedExchange@8     100103ea f   kernel32:KERNEL32.dll
 0001:0000f3f0       _Sleep@4                   100103f0 f   kernel32:KERNEL32.dll
 0001:0000f3f6       _InterlockedCompareExchange@12 100103f6 f   kernel32:KERNEL32.dll
 0001:0000f3fc       _TerminateProcess@8        100103fc f   kernel32:KERNEL32.dll
 0001:0000f402       _GetCurrentProcess@0       10010402 f   kernel32:KERNEL32.dll
 0001:0000f408       _UnhandledExceptionFilter@4 10010408 f   kernel32:KERNEL32.dll
 0001:0000f40e       _SetUnhandledExceptionFilter@4 1001040e f   kernel32:KERNEL32.dll
 0001:0000f414       _IsDebuggerPresent@0       10010414 f   kernel32:KERNEL32.dll
 0001:0000f41a       _IsProcessorFeaturePresent@4 1001041a f   kernel32:KERNEL32.dll
 0001:0000f420       _DisableThreadLibraryCalls@4 10010420 f   kernel32:KERNEL32.dll
 0001:0000f426       _QueryPerformanceCounter@4 10010426 f   kernel32:KERNEL32.dll
 0001:0000f42c       _GetTickCount@0            1001042c f   kernel32:KERNEL32.dll
 0001:0000f432       _GetCurrentThreadId@0      10010432 f   kernel32:KERNEL32.dll
 0001:0000f438       _GetCurrentProcessId@0     10010438 f   kernel32:KERNEL32.dll
 0001:0000f43e       _GetSystemTimeAsFileTime@4 1001043e f   kernel32:KERNEL32.dll
 0002:00000000       __imp__GetSystemTimeAsFileTime@4 10011000     kernel32:KERNEL32.dll
 0002:00000004       __imp__GetCurrentProcessId@0 10011004     kernel32:KERNEL32.dll
 0002:00000008       __imp__GetCurrentThreadId@0 10011008     kernel32:KERNEL32.dll
 0002:0000000c       __imp__GetTickCount@0      1001100c     kernel32:KERNEL32.dll
 0002:00000010       __imp__QueryPerformanceCounter@4 10011010     kernel32:KERNEL32.dll
 0002:00000014       __imp__DisableThreadLibraryCalls@4 10011014     kernel32:KERNEL32.dll
 0002:00000018       __imp__IsProcessorFeaturePresent@4 10011018     kernel32:KERNEL32.dll
 0002:0000001c       __imp__IsDebuggerPresent@0 1001101c     kernel32:KERNEL32.dll
 0002:00000020       __imp__SetUnhandledExceptionFilter@4 10011020     kernel32:KERNEL32.dll
 0002:00000024       __imp__UnhandledExceptionFilter@4 10011024     kernel32:KERNEL32.dll
 0002:00000028       __imp__GetCurrentProcess@0 10011028     kernel32:KERNEL32.dll
 0002:0000002c       __imp__TerminateProcess@8  1001102c     kernel32:KERNEL32.dll
 0002:00000030       __imp__InterlockedCompareExchange@12 10011030     kernel32:KERNEL32.dll
 0002:00000034       __imp__Sleep@4             10011034     kernel32:KERNEL32.dll
 0002:00000038       __imp__InterlockedExchange@8 10011038     kernel32:KERNEL32.dll
 0002:0000003c       __imp__DecodePointer@4     1001103c     kernel32:KERNEL32.dll
 0002:00000040       __imp__EncodePointer@4     10011040     kernel32:KERNEL32.dll
 0002:00000044       \177KERNEL32_NULL_THUNK_DATA 10011044     kernel32:KERNEL32.dll
 0002:00000048       __imp___except_handler4_common 10011048     MSVCRT:MSVCR100.dll
 0002:0000004c       __imp___onexit             1001104c     MSVCRT:MSVCR100.dll
 0002:00000050       __imp___lock               10011050     MSVCRT:MSVCR100.dll
 0002:00000054       __imp____dllonexit         10011054     MSVCRT:MSVCR100.dll
 0002:00000058       __imp___unlock             10011058     MSVCRT:MSVCR100.dll
 0002:0000005c       __imp____clean_type_info_names_internal 1001105c     MSVCRT:MSVCR100.dll
 0002:00000060       __imp___crt_debugger_hook  10011060     MSVCRT:MSVCR100.dll
 0002:00000064       __imp____CppXcptFilter     10011064     MSVCRT:MSVCR100.dll
 0002:00000068       __imp___amsg_exit          10011068     MSVCRT:MSVCR100.dll
 0002:0000006c       __imp___initterm_e         1001106c     MSVCRT:MSVCR100.dll
 0002:00000070       __imp___initterm           10011070     MSVCRT:MSVCR100.dll
 0002:00000074       __imp___encoded_null       10011074     MSVCRT:MSVCR100.dll
 0002:00000078       __imp___malloc_crt         10011078     MSVCRT:MSVCR100.dll
 0002:0000007c       __imp__memcpy              1001107c     MSVCRT:MSVCR100.dll
 0002:00000080       __imp__strcat              10011080     MSVCRT:MSVCR100.dll
 0002:00000084       __imp__malloc              10011084     MSVCRT:MSVCR100.dll
 0002:00000088       __imp__sprintf             10011088     MSVCRT:MSVCR100.dll
 0002:0000008c       __imp__free                1001108c     MSVCRT:MSVCR100.dll
 0002:00000090       __imp__memset              10011090     MSVCRT:MSVCR100.dll
 0002:00000094       __imp__strlen              10011094     MSVCRT:MSVCR100.dll
 0002:00000098       __imp__strcmp              10011098     MSVCRT:MSVCR100.dll
 0002:0000009c       \177MSVCR100_NULL_THUNK_DATA 1001109c     MSVCRT:MSVCR100.dll
 0002:000000a0       __imp__mexLock             100110a0     libmex:libmex.dll
 0002:000000a4       __imp__mexErrMsgTxt        100110a4     libmex:libmex.dll
 0002:000000a8       __imp__mexCallMATLAB       100110a8     libmex:libmex.dll
 0002:000000ac       __imp__mexWarnMsgTxt       100110ac     libmex:libmex.dll
 0002:000000b0       __imp__mexIsLocked         100110b0     libmex:libmex.dll
 0002:000000b4       __imp__mexUnlock           100110b4     libmex:libmex.dll
 0002:000000b8       __imp__mexMakeArrayPersistent 100110b8     libmex:libmex.dll
 0002:000000bc       \177libmex_NULL_THUNK_DATA 100110bc     libmex:libmex.dll
 0002:000000c0       __imp__mxCalloc            100110c0     libmx:libmx.dll
 0002:000000c4       __imp__mxGetM              100110c4     libmx:libmx.dll
 0002:000000c8       __imp__mxGetN              100110c8     libmx:libmx.dll
 0002:000000cc       __imp__mxIsComplex         100110cc     libmx:libmx.dll
 0002:000000d0       __imp__mxIsNumeric         100110d0     libmx:libmx.dll
 0002:000000d4       __imp__mxGetClassID        100110d4     libmx:libmx.dll
 0002:000000d8       __imp__mxCreateCellMatrix_730 100110d8     libmx:libmx.dll
 0002:000000dc       __imp__mxCreateStructMatrix_730 100110dc     libmx:libmx.dll
 0002:000000e0       __imp__mxCreateString      100110e0     libmx:libmx.dll
 0002:000000e4       __imp__mxSetField_730      100110e4     libmx:libmx.dll
 0002:000000e8       __imp__mxCreateDoubleScalar 100110e8     libmx:libmx.dll
 0002:000000ec       __imp__mxDuplicateArray    100110ec     libmx:libmx.dll
 0002:000000f0       __imp__mxDestroyArray      100110f0     libmx:libmx.dll
 0002:000000f4       __imp__mxIsChar            100110f4     libmx:libmx.dll
 0002:000000f8       __imp__mxGetString_730     100110f8     libmx:libmx.dll
 0002:000000fc       __imp__mxGetScalar         100110fc     libmx:libmx.dll
 0002:00000100       __imp__mxGetPr             10011100     libmx:libmx.dll
 0002:00000104       __imp__mxCreateDoubleMatrix_730 10011104     libmx:libmx.dll
 0002:00000108       \177libmx_NULL_THUNK_DATA  10011108     libmx:libmx.dll
 0002:0000010c       __imp__utMalloc            1001110c     libut:libut.dll
 0002:00000110       __imp__utFree              10011110     libut:libut.dll
 0002:00000114       \177libut_NULL_THUNK_DATA  10011114     libut:libut.dll
 0002:00000118       __imp__call_sf_machine_global_method_dispatcher 10011118     sf_runtime:sf_runtime.dll
 0002:0000011c       __imp__callMdlMethodAndReportError 1001111c     sf_runtime:sf_runtime.dll
 0002:00000120       __imp__sf_debug_api        10011120     sf_runtime:sf_runtime.dll
 0002:00000124       __imp__sf_debug_create_debug_instance_struct 10011124     sf_runtime:sf_runtime.dll
 0002:00000128       __imp__sf_debug_terminate  10011128     sf_runtime:sf_runtime.dll
 0002:0000012c       __imp__cv_eml_init_if      1001112c     sf_runtime:sf_runtime.dll
 0002:00000130       __imp__cv_eml_init_mcdc    10011130     sf_runtime:sf_runtime.dll
 0002:00000134       __imp__sf_clear_rtw_identifier 10011134     sf_runtime:sf_runtime.dll
 0002:00000138       __imp__sf_debug_symbol_scope_push 10011138     sf_runtime:sf_runtime.dll
 0002:0000013c       __imp__sf_debug_call       1001113c     sf_runtime:sf_runtime.dll
 0002:00000140       __imp__sf_clear_error_manager_info 10011140     sf_runtime:sf_runtime.dll
 0002:00000144       __imp__sf_debug_symbol_scope_push_eml 10011144     sf_runtime:sf_runtime.dll
 0002:00000148       __imp__sf_debug_symbol_scope_add_eml 10011148     sf_runtime:sf_runtime.dll
 0002:0000014c       __imp__sf_debug_symbol_scope_add_eml_importable 1001114c     sf_runtime:sf_runtime.dll
 0002:00000150       __imp__cv_eml_eval         10011150     sf_runtime:sf_runtime.dll
 0002:00000154       __imp__eml_debug_line_call 10011154     sf_runtime:sf_runtime.dll
 0002:00000158       __imp__sf_debug_symbol_scope_pop 10011158     sf_runtime:sf_runtime.dll
 0002:0000015c       __imp__sf_debug_check_for_state_inconsistency 1001115c     sf_runtime:sf_runtime.dll
 0002:00000160       __imp__sf_get_time         10011160     sf_runtime:sf_runtime.dll
 0002:00000164       __imp__sf_debug_initialize_chart 10011164     sf_runtime:sf_runtime.dll
 0002:00000168       __imp__sf_debug_set_chart_disable_implicit_casting 10011168     sf_runtime:sf_runtime.dll
 0002:0000016c       __imp__sf_mex_error_direct_call 1001116c     sf_runtime:sf_runtime.dll
 0002:00000170       __imp__sf_debug_data_range_wrapper 10011170     sf_runtime:sf_runtime.dll
 0002:00000174       __imp__sf_debug_set_chart_event_thresholds 10011174     sf_runtime:sf_runtime.dll
 0002:00000178       __imp__sf_debug_set_chart_data_props 10011178     sf_runtime:sf_runtime.dll
 0002:0000017c       __imp__sf_debug_set_chart_state_info 1001117c     sf_runtime:sf_runtime.dll
 0002:00000180       __imp__sf_debug_set_chart_substate_count 10011180     sf_runtime:sf_runtime.dll
 0002:00000184       __imp__sf_debug_set_chart_decomposition 10011184     sf_runtime:sf_runtime.dll
 0002:00000188       __imp__sf_debug_cv_init_chart 10011188     sf_runtime:sf_runtime.dll
 0002:0000018c       __imp__sf_debug_cv_init_state 1001118c     sf_runtime:sf_runtime.dll
 0002:00000190       __imp__sf_debug_cv_init_trans 10011190     sf_runtime:sf_runtime.dll
 0002:00000194       __imp__cv_eml_init_script  10011194     sf_runtime:sf_runtime.dll
 0002:00000198       __imp__cv_eml_init_fcn     10011198     sf_runtime:sf_runtime.dll
 0002:0000019c       __imp__sf_debug_set_chart_data_compiled_props 1001119c     sf_runtime:sf_runtime.dll
 0002:000001a0       __imp__sf_debug_set_instance_data_value_ptr 100111a0     sf_runtime:sf_runtime.dll
 0002:000001a4       __imp__sf_debug_reset_current_state_configuration 100111a4     sf_runtime:sf_runtime.dll
 0002:000001a8       __imp__sim_mode_is_rtw_gen 100111a8     sf_runtime:sf_runtime.dll
 0002:000001ac       __imp__sim_mode_is_external 100111ac     sf_runtime:sf_runtime.dll
 0002:000001b0       __imp__sf_is_chart_inlinable 100111b0     sf_runtime:sf_runtime.dll
 0002:000001b4       __imp__sf_rtw_info_uint_prop 100111b4     sf_runtime:sf_runtime.dll
 0002:000001b8       __imp__sf_update_buildInfo 100111b8     sf_runtime:sf_runtime.dll
 0002:000001bc       __imp__sf_mark_chart_expressionable_inputs 100111bc     sf_runtime:sf_runtime.dll
 0002:000001c0       __imp__sf_mark_chart_reusable_outputs 100111c0     sf_runtime:sf_runtime.dll
 0002:000001c4       __imp__sf_set_rtw_dwork_info 100111c4     sf_runtime:sf_runtime.dll
 0002:000001c8       __imp__sf_mex_import       100111c8     sf_runtime:sf_runtime.dll
 0002:000001cc       __imp__sf_mex_dup          100111cc     sf_runtime:sf_runtime.dll
 0002:000001d0       __imp__sf_mex_getcell      100111d0     sf_runtime:sf_runtime.dll
 0002:000001d4       __imp__sf_mex_decode_encoded_mx_struct_array 100111d4     sf_runtime:sf_runtime.dll
 0002:000001d8       __imp__sf_mex_setcell      100111d8     sf_runtime:sf_runtime.dll
 0002:000001dc       __imp__sf_mex_call_matlab  100111dc     sf_runtime:sf_runtime.dll
 0002:000001e0       __imp__sf_mex_error_message 100111e0     sf_runtime:sf_runtime.dll
 0002:000001e4       __imp__sf_mex_create       100111e4     sf_runtime:sf_runtime.dll
 0002:000001e8       __imp__sf_mex_addfield     100111e8     sf_runtime:sf_runtime.dll
 0002:000001ec       __imp__sf_mex_createcellmatrix 100111ec     sf_runtime:sf_runtime.dll
 0002:000001f0       __imp__sf_mex_duplicatearraysafe 100111f0     sf_runtime:sf_runtime.dll
 0002:000001f4       __imp__sf_mex_destroy      100111f4     sf_runtime:sf_runtime.dll
 0002:000001f8       __imp__sf_mex_createstruct 100111f8     sf_runtime:sf_runtime.dll
 0002:000001fc       __imp__sf_mex_assign       100111fc     sf_runtime:sf_runtime.dll
 0002:00000200       __imp__sf_mex_emlrtNameCapturePostProcessR2012a 10011200     sf_runtime:sf_runtime.dll
 0002:00000204       __imp__sf_load_rtw_optimization_info 10011204     sf_runtime:sf_runtime.dll
 0002:00000208       __imp__sf_debug_initialize_machine 10011208     sf_runtime:sf_runtime.dll
 0002:0000020c       __imp__sf_debug_set_machine_event_thresholds 1001120c     sf_runtime:sf_runtime.dll
 0002:00000210       __imp__sf_debug_set_machine_data_thresholds 10011210     sf_runtime:sf_runtime.dll
 0002:00000214       \177sf_runtime_NULL_THUNK_DATA 10011214     sf_runtime:sf_runtime.dll
 0002:00000218       ___xc_a                    10011218     MSVCRT:cinitexe.obj
 0002:0000021c       ___xc_z                    1001121c     MSVCRT:cinitexe.obj
 0002:00000220       ___xi_a                    10011220     MSVCRT:cinitexe.obj
 0002:0000022c       ___xi_z                    1001122c     MSVCRT:cinitexe.obj
 0002:00000230       __real@41db038c7e400000    10011230     CART3_BasicTest_3states_IET_sfun.obj
 0002:00000238       __real@41e23b0624a00000    10011238     CART3_BasicTest_3states_IET_sfun.obj
 0002:00000240       __real@41e0b8835a800000    10011240     CART3_BasicTest_3states_IET_sfun.obj
 0002:00000248       __real@41be8ea711000000    10011248     CART3_BasicTest_3states_IET_sfun.obj
 0002:00000250       __real@41d187d0c8400000    10011250     CART3_BasicTest_3states_IET_sfun.obj
 0002:00000258       __real@41cff744e8000000    10011258     CART3_BasicTest_3states_IET_sfun.obj
 0002:00000260       __real@41b7e1066f000000    10011260     CART3_BasicTest_3states_IET_sfun.obj
 0002:00000268       __real@41c845d7be800000    10011268     CART3_BasicTest_3states_IET_sfun.obj
 0002:00000270       __real@41ecb0024c400000    10011270     CART3_BasicTest_3states_IET_sfun.obj
 0002:00000278       __real@41df716e0f800000    10011278     CART3_BasicTest_3states_IET_sfun.obj
 0002:00000280       __real@41ed58310ca00000    10011280     CART3_BasicTest_3states_IET_sfun.obj
 0002:00000288       __real@41e419ed60600000    10011288     CART3_BasicTest_3states_IET_sfun.obj
 0002:00000290       __real@0000000000000000    10011290     CART3_BasicTest_3states_IET_sfun.obj
 0002:00000298       __real@41d156d17c000000    10011298     CART3_BasicTest_3states_IET_sfun.obj
 0002:000002a0       __real@41e55b87be000000    100112a0     CART3_BasicTest_3states_IET_sfun.obj
 0002:000002a8       __real@41eef6e639e00000    100112a8     CART3_BasicTest_3states_IET_sfun.obj
 0002:000002b0       __real@41ecaac587200000    100112b0     CART3_BasicTest_3states_IET_sfun.obj
 0002:000002b8       __real@41e0657948200000    100112b8     c1_CART3_BasicTest_3states_IET.obj
 0002:000002c0       __real@41cdcf4dbf000000    100112c0     c1_CART3_BasicTest_3states_IET.obj
 0002:000002c8       __real@41eef471e7400000    100112c8     c1_CART3_BasicTest_3states_IET.obj
 0002:000002d0       __real@41dfc7365a800000    100112d0     c1_CART3_BasicTest_3states_IET.obj
 0002:000002d8       __real@4024000000000000    100112d8     c1_CART3_BasicTest_3states_IET.obj
 0002:000002e0       __real@3ff0000000000000    100112e0     c1_CART3_BasicTest_3states_IET.obj
 0002:000002e8       __real@3fab9ba84fde35d1    100112e8     c1_CART3_BasicTest_3states_IET.obj
 0002:000002f0       __real@41e7af660ea00000    100112f0     c2_CART3_BasicTest_3states_IET.obj
 0002:000002f8       __real@41d54c90bc800000    100112f8     c2_CART3_BasicTest_3states_IET.obj
 0002:00000300       __real@41e0b61b0b000000    10011300     c2_CART3_BasicTest_3states_IET.obj
 0002:00000308       __real@41e84b3ab6a00000    10011308     c2_CART3_BasicTest_3states_IET.obj
 0002:00000310       __real@3ff199999999999a    10011310     c2_CART3_BasicTest_3states_IET.obj
 0002:00000318       __real@3feccccccccccccd    10011318     c2_CART3_BasicTest_3states_IET.obj
 0002:00000320       _DYNAMIC_DIMENSION_DEF     10011320     CART3_BasicTest_3states_IET_sfun_registry.obj
 0002:00000330       __ssBadLevel2InputAccessMsg 10011330     CART3_BasicTest_3states_IET_sfun_registry.obj
 0002:000004b8       __ssBadLevel2DirectFeedMsg 100114b8     CART3_BasicTest_3states_IET_sfun_registry.obj
 0002:000005f8       __ssBadLevel2DirectFeedSolutionMsg 100115f8     CART3_BasicTest_3states_IET_sfun_registry.obj
 0002:00000668       __ssBadLevel2ZeroDirectFeedMsg 10011668     CART3_BasicTest_3states_IET_sfun_registry.obj
 0002:000007a8       __ssBadLevel2ZeroDirectFeedMsg2 100117a8     CART3_BasicTest_3states_IET_sfun_registry.obj
 0002:00000890       __real@bff0000000000000    10011890     CART3_BasicTest_3states_IET_sfun_registry.obj
 0002:00000898       __real@4153d65940000000    10011898     CART3_BasicTest_3states_IET_sfun_registry.obj
 0002:000008a0       __pRawDllMain              100118a0     MSVCRT:crtdll.obj
 0002:000008a0       __pDefaultRawDllMain       100118a0     MSVCRT:crtdll.obj
 0002:000008ac       ?ProcessDetach@NativeDll@<CrtImplementationDetails>@@0IB 100118ac     MSVCRT:tncleanup.obj
 0002:000008b0       ?ProcessAttach@NativeDll@<CrtImplementationDetails>@@0IB 100118b0     MSVCRT:tncleanup.obj
 0002:000008b4       ?ThreadAttach@NativeDll@<CrtImplementationDetails>@@0IB 100118b4     MSVCRT:tncleanup.obj
 0002:000008b8       ?ThreadDetach@NativeDll@<CrtImplementationDetails>@@0IB 100118b8     MSVCRT:tncleanup.obj
 0002:000008bc       ?ProcessVerifier@NativeDll@<CrtImplementationDetails>@@0IB 100118bc     MSVCRT:tncleanup.obj
 0002:000008c0       __load_config_used         100118c0     MSVCRT:loadcfg.obj
 0002:00000910       ___safe_se_handler_table   10011910     <linker-defined>
 0002:00000914       ___rtc_iaa                 10011914     MSVCRT:_initsect_.obj
 0002:00000918       ___rtc_izz                 10011918     MSVCRT:_initsect_.obj
 0002:0000091c       ___rtc_taa                 1001191c     MSVCRT:_initsect_.obj
 0002:00000920       ___rtc_tzz                 10011920     MSVCRT:_initsect_.obj
 0002:0000098c       __IMPORT_DESCRIPTOR_sf_runtime 1001198c     sf_runtime:sf_runtime.dll
 0002:000009a0       __IMPORT_DESCRIPTOR_libmx  100119a0     libmx:libmx.dll
 0002:000009b4       __IMPORT_DESCRIPTOR_libmex 100119b4     libmex:libmex.dll
 0002:000009c8       __IMPORT_DESCRIPTOR_libut  100119c8     libut:libut.dll
 0002:000009dc       __IMPORT_DESCRIPTOR_MSVCR100 100119dc     MSVCRT:MSVCR100.dll
 0002:000009f0       __IMPORT_DESCRIPTOR_KERNEL32 100119f0     kernel32:KERNEL32.dll
 0002:00000a04       __NULL_IMPORT_DESCRIPTOR   10011a04     sf_runtime:sf_runtime.dll
 0003:00002c08       _DYNAMIC_DIMENSION         10015c08     CART3_BasicTest_3states_IET_sfun_registry.obj
 0003:00003794       ___security_cookie         10016794     MSVCRT:gs_cookie.obj
 0003:00003798       ___security_cookie_complement 10016798     MSVCRT:gs_cookie.obj
 0003:000037a0       ___native_dllmain_reason   100167a0     MSVCRT:natstart.obj
 0003:000037a4       ___native_vcclrit_reason   100167a4     MSVCRT:natstart.obj
 0003:000038b0       _sfGlobalDebugInstanceStruct 100168b0     CART3_BasicTest_3states_IET_sfun_registry.obj
 0003:00003be4       ?__type_info_root_node@@3U__type_info_node@@A 10016be4     MSVCRT:tncleanup.obj
 0003:00003bec       __CART3_BasicTest_3states_IETMachineNumber_ 10016bec     <common>
 0003:00003bf0       ___native_startup_state    10016bf0     <common>
 0003:00003bf4       ___native_startup_lock     10016bf4     <common>
 0003:00003bf8       ___onexitend               10016bf8     <common>
 0003:00003bfc       ___onexitbegin             10016bfc     <common>
 0003:00003c00       ___sse2_available          10016c00     <common>
 0003:00003c04       ___dyn_tls_init_callback   10016c04     <common>

 entry point at        0001:0000eeb7

 Static symbols

 0001:00000d10       _c1_info_helper            10001d10 f   c1_CART3_BasicTest_3states_IET.obj
 0001:00001a50       _c1_emlrt_marshallOut      10002a50 f   c1_CART3_BasicTest_3states_IET.obj
 0001:00001ab0       _c1_b_emlrt_marshallOut    10002ab0 f   c1_CART3_BasicTest_3states_IET.obj
 0001:00001f90       _get_sim_state_c1_CART3_BasicTest_3states_IET 10002f90 f   c1_CART3_BasicTest_3states_IET.obj
 0001:000020b0       _sf_get_sim_state_info_c1_CART3_BasicTest_3states_IET 100030b0 f   c1_CART3_BasicTest_3states_IET.obj
 0001:00002230       _set_sim_state_c1_CART3_BasicTest_3states_IET 10003230 f   c1_CART3_BasicTest_3states_IET.obj
 0001:000022f0       _c1_update_debugger_state_c1_CART3_BasicTest_3states_IET 100032f0 f   c1_CART3_BasicTest_3states_IET.obj
 0001:00002300       _c1_emlrt_marshallIn       10003300 f   c1_CART3_BasicTest_3states_IET.obj
 0001:00002350       _c1_b_emlrt_marshallIn     10003350 f   c1_CART3_BasicTest_3states_IET.obj
 0001:000023a0       _c1_d_emlrt_marshallIn     100033a0 f   c1_CART3_BasicTest_3states_IET.obj
 0001:000023f0       _c1_e_emlrt_marshallIn     100033f0 f   c1_CART3_BasicTest_3states_IET.obj
 0001:000024a0       _mdlProcessParameters_c1_CART3_BasicTest_3states_IET 100034a0 f   c1_CART3_BasicTest_3states_IET.obj
 0001:00002550       _initialize_params_c1_CART3_BasicTest_3states_IET 10003550 f   c1_CART3_BasicTest_3states_IET.obj
 0001:00002560       _mdlSetWorkWidths_c1_CART3_BasicTest_3states_IET 10003560 f   c1_CART3_BasicTest_3states_IET.obj
 0001:000028e0       _sf_get_instance_specialization 100038e0 f   c1_CART3_BasicTest_3states_IET.obj
 0001:000028f0       _mdlStart_c1_CART3_BasicTest_3states_IET 100038f0 f   c1_CART3_BasicTest_3states_IET.obj
 0001:00002a90       _init_dsm_address_info     10003a90 f   c1_CART3_BasicTest_3states_IET.obj
 0001:00002aa0       _chart_debug_initialization 10003aa0 f   c1_CART3_BasicTest_3states_IET.obj
 0001:00002ef0       _init_script_number_translation 10003ef0 f   c1_CART3_BasicTest_3states_IET.obj
 0001:00002f00       _c1_sf_marshallOut         10003f00 f   c1_CART3_BasicTest_3states_IET.obj
 0001:00002f80       _c1_sf_marshallIn          10003f80 f   c1_CART3_BasicTest_3states_IET.obj
 0001:00003000       _sf_opaque_initialize_c1_CART3_BasicTest_3states_IET 10004000 f   c1_CART3_BasicTest_3states_IET.obj
 0001:00003030       _initialize_c1_CART3_BasicTest_3states_IET 10004030 f   c1_CART3_BasicTest_3states_IET.obj
 0001:00003060       _sf_opaque_enable_c1_CART3_BasicTest_3states_IET 10004060 f   c1_CART3_BasicTest_3states_IET.obj
 0001:00003080       _enable_c1_CART3_BasicTest_3states_IET 10004080 f   c1_CART3_BasicTest_3states_IET.obj
 0001:000030a0       _sf_opaque_disable_c1_CART3_BasicTest_3states_IET 100040a0 f   c1_CART3_BasicTest_3states_IET.obj
 0001:000030c0       _disable_c1_CART3_BasicTest_3states_IET 100040c0 f   c1_CART3_BasicTest_3states_IET.obj
 0001:000030e0       _sf_opaque_gateway_c1_CART3_BasicTest_3states_IET 100040e0 f   c1_CART3_BasicTest_3states_IET.obj
 0001:00003100       _sf_gateway_c1_CART3_BasicTest_3states_IET 10004100 f   c1_CART3_BasicTest_3states_IET.obj
 0001:00003550       _sf_opaque_get_sim_state_c1_CART3_BasicTest_3states_IET 10004550 f   c1_CART3_BasicTest_3states_IET.obj
 0001:00003570       _sf_opaque_set_sim_state_c1_CART3_BasicTest_3states_IET 10004570 f   c1_CART3_BasicTest_3states_IET.obj
 0001:00003590       _sf_opaque_terminate_c1_CART3_BasicTest_3states_IET 10004590 f   c1_CART3_BasicTest_3states_IET.obj
 0001:00003620       _finalize_c1_CART3_BasicTest_3states_IET 10004620 f   c1_CART3_BasicTest_3states_IET.obj
 0001:00003630       _sf_opaque_init_subchart_simstructs 10004630 f   c1_CART3_BasicTest_3states_IET.obj
 0001:00003650       _initSimStructsc1_CART3_BasicTest_3states_IET 10004650 f   c1_CART3_BasicTest_3states_IET.obj
 0001:00003660       _mdlRTW_c1_CART3_BasicTest_3states_IET 10004660 f   c1_CART3_BasicTest_3states_IET.obj
 0001:00003b70       _get_sim_state_c2_CART3_BasicTest_3states_IET 10004b70 f   c2_CART3_BasicTest_3states_IET.obj
 0001:00003c90       _sf_get_sim_state_info_c2_CART3_BasicTest_3states_IET 10004c90 f   c2_CART3_BasicTest_3states_IET.obj
 0001:00003e10       _set_sim_state_c2_CART3_BasicTest_3states_IET 10004e10 f   c2_CART3_BasicTest_3states_IET.obj
 0001:00003ed0       _c2_update_debugger_state_c2_CART3_BasicTest_3states_IET 10004ed0 f   c2_CART3_BasicTest_3states_IET.obj
 0001:00003ee0       _c2_emlrt_marshallIn       10004ee0 f   c2_CART3_BasicTest_3states_IET.obj
 0001:00003f30       _c2_b_emlrt_marshallIn     10004f30 f   c2_CART3_BasicTest_3states_IET.obj
 0001:00003f80       _c2_d_emlrt_marshallIn     10004f80 f   c2_CART3_BasicTest_3states_IET.obj
 0001:00003fd0       _c2_e_emlrt_marshallIn     10004fd0 f   c2_CART3_BasicTest_3states_IET.obj
 0001:00004080       _mdlProcessParameters_c2_CART3_BasicTest_3states_IET 10005080 f   c2_CART3_BasicTest_3states_IET.obj
 0001:00004130       _initialize_params_c2_CART3_BasicTest_3states_IET 10005130 f   c2_CART3_BasicTest_3states_IET.obj
 0001:00004140       _mdlSetWorkWidths_c2_CART3_BasicTest_3states_IET 10005140 f   c2_CART3_BasicTest_3states_IET.obj
 0001:000044c0       _sf_get_instance_specialization 100054c0 f   c2_CART3_BasicTest_3states_IET.obj
 0001:000044d0       _mdlStart_c2_CART3_BasicTest_3states_IET 100054d0 f   c2_CART3_BasicTest_3states_IET.obj
 0001:00004670       _init_dsm_address_info     10005670 f   c2_CART3_BasicTest_3states_IET.obj
 0001:00004680       _chart_debug_initialization 10005680 f   c2_CART3_BasicTest_3states_IET.obj
 0001:00004b50       _init_script_number_translation 10005b50 f   c2_CART3_BasicTest_3states_IET.obj
 0001:00004b60       _c2_sf_marshallOut         10005b60 f   c2_CART3_BasicTest_3states_IET.obj
 0001:00004be0       _c2_sf_marshallIn          10005be0 f   c2_CART3_BasicTest_3states_IET.obj
 0001:00004c60       _sf_opaque_initialize_c2_CART3_BasicTest_3states_IET 10005c60 f   c2_CART3_BasicTest_3states_IET.obj
 0001:00004c90       _initialize_c2_CART3_BasicTest_3states_IET 10005c90 f   c2_CART3_BasicTest_3states_IET.obj
 0001:00004cc0       _sf_opaque_enable_c2_CART3_BasicTest_3states_IET 10005cc0 f   c2_CART3_BasicTest_3states_IET.obj
 0001:00004ce0       _enable_c2_CART3_BasicTest_3states_IET 10005ce0 f   c2_CART3_BasicTest_3states_IET.obj
 0001:00004d00       _sf_opaque_disable_c2_CART3_BasicTest_3states_IET 10005d00 f   c2_CART3_BasicTest_3states_IET.obj
 0001:00004d20       _disable_c2_CART3_BasicTest_3states_IET 10005d20 f   c2_CART3_BasicTest_3states_IET.obj
 0001:00004d40       _sf_opaque_gateway_c2_CART3_BasicTest_3states_IET 10005d40 f   c2_CART3_BasicTest_3states_IET.obj
 0001:00004d60       _sf_gateway_c2_CART3_BasicTest_3states_IET 10005d60 f   c2_CART3_BasicTest_3states_IET.obj
 0001:00005340       _sf_opaque_get_sim_state_c2_CART3_BasicTest_3states_IET 10006340 f   c2_CART3_BasicTest_3states_IET.obj
 0001:00005360       _sf_opaque_set_sim_state_c2_CART3_BasicTest_3states_IET 10006360 f   c2_CART3_BasicTest_3states_IET.obj
 0001:00005380       _sf_opaque_terminate_c2_CART3_BasicTest_3states_IET 10006380 f   c2_CART3_BasicTest_3states_IET.obj
 0001:00005410       _finalize_c2_CART3_BasicTest_3states_IET 10006410 f   c2_CART3_BasicTest_3states_IET.obj
 0001:00005420       _sf_opaque_init_subchart_simstructs 10006420 f   c2_CART3_BasicTest_3states_IET.obj
 0001:00005440       _initSimStructsc2_CART3_BasicTest_3states_IET 10006440 f   c2_CART3_BasicTest_3states_IET.obj
 0001:00005450       _mdlRTW_c2_CART3_BasicTest_3states_IET 10006450 f   c2_CART3_BasicTest_3states_IET.obj
 0001:00005960       _get_sim_state_c4_CART3_BasicTest_3states_IET 10006960 f   c4_CART3_BasicTest_3states_IET.obj
 0001:00005a80       _sf_get_sim_state_info_c4_CART3_BasicTest_3states_IET 10006a80 f   c4_CART3_BasicTest_3states_IET.obj
 0001:00005c00       _set_sim_state_c4_CART3_BasicTest_3states_IET 10006c00 f   c4_CART3_BasicTest_3states_IET.obj
 0001:00005cc0       _c4_update_debugger_state_c4_CART3_BasicTest_3states_IET 10006cc0 f   c4_CART3_BasicTest_3states_IET.obj
 0001:00005cd0       _c4_emlrt_marshallIn       10006cd0 f   c4_CART3_BasicTest_3states_IET.obj
 0001:00005d20       _c4_b_emlrt_marshallIn     10006d20 f   c4_CART3_BasicTest_3states_IET.obj
 0001:00005d70       _c4_d_emlrt_marshallIn     10006d70 f   c4_CART3_BasicTest_3states_IET.obj
 0001:00005dc0       _c4_e_emlrt_marshallIn     10006dc0 f   c4_CART3_BasicTest_3states_IET.obj
 0001:00005e70       _mdlProcessParameters_c4_CART3_BasicTest_3states_IET 10006e70 f   c4_CART3_BasicTest_3states_IET.obj
 0001:00005f20       _initialize_params_c4_CART3_BasicTest_3states_IET 10006f20 f   c4_CART3_BasicTest_3states_IET.obj
 0001:00005f30       _mdlSetWorkWidths_c4_CART3_BasicTest_3states_IET 10006f30 f   c4_CART3_BasicTest_3states_IET.obj
 0001:000062b0       _sf_get_instance_specialization 100072b0 f   c4_CART3_BasicTest_3states_IET.obj
 0001:000062c0       _mdlStart_c4_CART3_BasicTest_3states_IET 100072c0 f   c4_CART3_BasicTest_3states_IET.obj
 0001:00006460       _init_dsm_address_info     10007460 f   c4_CART3_BasicTest_3states_IET.obj
 0001:00006470       _chart_debug_initialization 10007470 f   c4_CART3_BasicTest_3states_IET.obj
 0001:00006940       _init_script_number_translation 10007940 f   c4_CART3_BasicTest_3states_IET.obj
 0001:00006950       _c4_sf_marshallOut         10007950 f   c4_CART3_BasicTest_3states_IET.obj
 0001:000069d0       _c4_sf_marshallIn          100079d0 f   c4_CART3_BasicTest_3states_IET.obj
 0001:00006a50       _sf_opaque_initialize_c4_CART3_BasicTest_3states_IET 10007a50 f   c4_CART3_BasicTest_3states_IET.obj
 0001:00006a80       _initialize_c4_CART3_BasicTest_3states_IET 10007a80 f   c4_CART3_BasicTest_3states_IET.obj
 0001:00006ab0       _sf_opaque_enable_c4_CART3_BasicTest_3states_IET 10007ab0 f   c4_CART3_BasicTest_3states_IET.obj
 0001:00006ad0       _enable_c4_CART3_BasicTest_3states_IET 10007ad0 f   c4_CART3_BasicTest_3states_IET.obj
 0001:00006af0       _sf_opaque_disable_c4_CART3_BasicTest_3states_IET 10007af0 f   c4_CART3_BasicTest_3states_IET.obj
 0001:00006b10       _disable_c4_CART3_BasicTest_3states_IET 10007b10 f   c4_CART3_BasicTest_3states_IET.obj
 0001:00006b30       _sf_opaque_gateway_c4_CART3_BasicTest_3states_IET 10007b30 f   c4_CART3_BasicTest_3states_IET.obj
 0001:00006b50       _sf_gateway_c4_CART3_BasicTest_3states_IET 10007b50 f   c4_CART3_BasicTest_3states_IET.obj
 0001:00007130       _sf_opaque_get_sim_state_c4_CART3_BasicTest_3states_IET 10008130 f   c4_CART3_BasicTest_3states_IET.obj
 0001:00007150       _sf_opaque_set_sim_state_c4_CART3_BasicTest_3states_IET 10008150 f   c4_CART3_BasicTest_3states_IET.obj
 0001:00007170       _sf_opaque_terminate_c4_CART3_BasicTest_3states_IET 10008170 f   c4_CART3_BasicTest_3states_IET.obj
 0001:00007200       _finalize_c4_CART3_BasicTest_3states_IET 10008200 f   c4_CART3_BasicTest_3states_IET.obj
 0001:00007210       _sf_opaque_init_subchart_simstructs 10008210 f   c4_CART3_BasicTest_3states_IET.obj
 0001:00007230       _initSimStructsc4_CART3_BasicTest_3states_IET 10008230 f   c4_CART3_BasicTest_3states_IET.obj
 0001:00007240       _mdlRTW_c4_CART3_BasicTest_3states_IET 10008240 f   c4_CART3_BasicTest_3states_IET.obj
 0001:000072d0       _c5_info_helper            100082d0 f   c5_CART3_BasicTest_3states_IET.obj
 0001:00008010       _c5_emlrt_marshallOut      10009010 f   c5_CART3_BasicTest_3states_IET.obj
 0001:00008070       _c5_b_emlrt_marshallOut    10009070 f   c5_CART3_BasicTest_3states_IET.obj
 0001:00008550       _get_sim_state_c5_CART3_BasicTest_3states_IET 10009550 f   c5_CART3_BasicTest_3states_IET.obj
 0001:00008670       _sf_get_sim_state_info_c5_CART3_BasicTest_3states_IET 10009670 f   c5_CART3_BasicTest_3states_IET.obj
 0001:000087f0       _set_sim_state_c5_CART3_BasicTest_3states_IET 100097f0 f   c5_CART3_BasicTest_3states_IET.obj
 0001:000088b0       _c5_update_debugger_state_c5_CART3_BasicTest_3states_IET 100098b0 f   c5_CART3_BasicTest_3states_IET.obj
 0001:000088c0       _c5_emlrt_marshallIn       100098c0 f   c5_CART3_BasicTest_3states_IET.obj
 0001:00008910       _c5_b_emlrt_marshallIn     10009910 f   c5_CART3_BasicTest_3states_IET.obj
 0001:00008960       _c5_d_emlrt_marshallIn     10009960 f   c5_CART3_BasicTest_3states_IET.obj
 0001:000089b0       _c5_e_emlrt_marshallIn     100099b0 f   c5_CART3_BasicTest_3states_IET.obj
 0001:00008a60       _mdlProcessParameters_c5_CART3_BasicTest_3states_IET 10009a60 f   c5_CART3_BasicTest_3states_IET.obj
 0001:00008b10       _initialize_params_c5_CART3_BasicTest_3states_IET 10009b10 f   c5_CART3_BasicTest_3states_IET.obj
 0001:00008b20       _mdlSetWorkWidths_c5_CART3_BasicTest_3states_IET 10009b20 f   c5_CART3_BasicTest_3states_IET.obj
 0001:00008ea0       _sf_get_instance_specialization 10009ea0 f   c5_CART3_BasicTest_3states_IET.obj
 0001:00008eb0       _mdlStart_c5_CART3_BasicTest_3states_IET 10009eb0 f   c5_CART3_BasicTest_3states_IET.obj
 0001:00009050       _init_dsm_address_info     1000a050 f   c5_CART3_BasicTest_3states_IET.obj
 0001:00009060       _chart_debug_initialization 1000a060 f   c5_CART3_BasicTest_3states_IET.obj
 0001:000094b0       _init_script_number_translation 1000a4b0 f   c5_CART3_BasicTest_3states_IET.obj
 0001:000094c0       _c5_sf_marshallOut         1000a4c0 f   c5_CART3_BasicTest_3states_IET.obj
 0001:00009540       _c5_sf_marshallIn          1000a540 f   c5_CART3_BasicTest_3states_IET.obj
 0001:000095c0       _sf_opaque_initialize_c5_CART3_BasicTest_3states_IET 1000a5c0 f   c5_CART3_BasicTest_3states_IET.obj
 0001:000095f0       _initialize_c5_CART3_BasicTest_3states_IET 1000a5f0 f   c5_CART3_BasicTest_3states_IET.obj
 0001:00009620       _sf_opaque_enable_c5_CART3_BasicTest_3states_IET 1000a620 f   c5_CART3_BasicTest_3states_IET.obj
 0001:00009640       _enable_c5_CART3_BasicTest_3states_IET 1000a640 f   c5_CART3_BasicTest_3states_IET.obj
 0001:00009660       _sf_opaque_disable_c5_CART3_BasicTest_3states_IET 1000a660 f   c5_CART3_BasicTest_3states_IET.obj
 0001:00009680       _disable_c5_CART3_BasicTest_3states_IET 1000a680 f   c5_CART3_BasicTest_3states_IET.obj
 0001:000096a0       _sf_opaque_gateway_c5_CART3_BasicTest_3states_IET 1000a6a0 f   c5_CART3_BasicTest_3states_IET.obj
 0001:000096c0       _sf_gateway_c5_CART3_BasicTest_3states_IET 1000a6c0 f   c5_CART3_BasicTest_3states_IET.obj
 0001:00009b20       _sf_opaque_get_sim_state_c5_CART3_BasicTest_3states_IET 1000ab20 f   c5_CART3_BasicTest_3states_IET.obj
 0001:00009b40       _sf_opaque_set_sim_state_c5_CART3_BasicTest_3states_IET 1000ab40 f   c5_CART3_BasicTest_3states_IET.obj
 0001:00009b60       _sf_opaque_terminate_c5_CART3_BasicTest_3states_IET 1000ab60 f   c5_CART3_BasicTest_3states_IET.obj
 0001:00009bf0       _finalize_c5_CART3_BasicTest_3states_IET 1000abf0 f   c5_CART3_BasicTest_3states_IET.obj
 0001:00009c00       _sf_opaque_init_subchart_simstructs 1000ac00 f   c5_CART3_BasicTest_3states_IET.obj
 0001:00009c20       _initSimStructsc5_CART3_BasicTest_3states_IET 1000ac20 f   c5_CART3_BasicTest_3states_IET.obj
 0001:00009c30       _mdlRTW_c5_CART3_BasicTest_3states_IET 1000ac30 f   c5_CART3_BasicTest_3states_IET.obj
 0001:0000a370       _getChartInfoFromSimStruct 1000b370 f   CART3_BasicTest_3states_IET_sfun_registry.obj
 0001:0000b470       __ssFatalError             1000c470 f   CART3_BasicTest_3states_IET_sfun_registry.obj
 0001:0000d7d0       _ProcessMexSfunctionCmdLineCall 1000e7d0 f   CART3_BasicTest_3states_IET_sfun_registry.obj
 0001:0000d8f0       _sf_debug_api_wrapper      1000e8f0 f   CART3_BasicTest_3states_IET_sfun_registry.obj
 0001:0000d920       _mdlStart                  1000e920 f   CART3_BasicTest_3states_IET_sfun_registry.obj
 0001:0000d940       _mdl_start_processing      1000e940 f   CART3_BasicTest_3states_IET_sfun_registry.obj
 0001:0000d9b0       _mdlTerminate              1000e9b0 f   CART3_BasicTest_3states_IET_sfun_registry.obj
 0001:0000d9d0       _mdl_terminate_processing  1000e9d0 f   CART3_BasicTest_3states_IET_sfun_registry.obj
 0001:0000da40       _mdlInitializeSampleTimes  1000ea40 f   CART3_BasicTest_3states_IET_sfun_registry.obj
 0001:0000da60       _mdlZeroCrossings          1000ea60 f   CART3_BasicTest_3states_IET_sfun_registry.obj
 0001:0000da80       _mdl_zeroCrossings_processing 1000ea80 f   CART3_BasicTest_3states_IET_sfun_registry.obj
 0001:0000dab0       _mdlDerivatives            1000eab0 f   CART3_BasicTest_3states_IET_sfun_registry.obj
 0001:0000dad0       _mdl_derivatives_processing 1000ead0 f   CART3_BasicTest_3states_IET_sfun_registry.obj
 0001:0000db10       _mdlInitializeConditions   1000eb10 f   CART3_BasicTest_3states_IET_sfun_registry.obj
 0001:0000db30       _mdl_initialize_conditions_processing 1000eb30 f   CART3_BasicTest_3states_IET_sfun_registry.obj
 0001:0000db70       _mdlEnable                 1000eb70 f   CART3_BasicTest_3states_IET_sfun_registry.obj
 0001:0000db90       _mdl_enable_processing     1000eb90 f   CART3_BasicTest_3states_IET_sfun_registry.obj
 0001:0000dbc0       _mdlDisable                1000ebc0 f   CART3_BasicTest_3states_IET_sfun_registry.obj
 0001:0000dbe0       _mdl_disable_processing    1000ebe0 f   CART3_BasicTest_3states_IET_sfun_registry.obj
 0001:0000dc10       _mdlOutputs                1000ec10 f   CART3_BasicTest_3states_IET_sfun_registry.obj
 0001:0000dc30       _mdl_outputs_processing    1000ec30 f   CART3_BasicTest_3states_IET_sfun_registry.obj
 0001:0000dd00       _mdl_outputs_continuous_legacy 1000ed00 f   CART3_BasicTest_3states_IET_sfun_registry.obj
 0001:0000ddd0       _mdlGetTimeOfNextVarHit    1000edd0 f   CART3_BasicTest_3states_IET_sfun_registry.obj
 0001:0000de10       __ProcessMexSfunctionCmdLineCall 1000ee10 f   CART3_BasicTest_3states_IET_sfun_registry.obj
 0001:0000e430       _mdlSetWorkWidths          1000f430 f   CART3_BasicTest_3states_IET_sfun_registry.obj
 0001:0000e450       _mdlProcessParameters      1000f450 f   CART3_BasicTest_3states_IET_sfun_registry.obj
 0001:0000e470       _mdlInitializeSizes        1000f470 f   CART3_BasicTest_3states_IET_sfun_registry.obj
 0001:0000e490       _mdlExtModeExec            1000f490 f   CART3_BasicTest_3states_IET_sfun_registry.obj
 0001:0000e4b0       _mdl_ext_mode_exec_processing 1000f4b0 f   CART3_BasicTest_3states_IET_sfun_registry.obj
 0001:0000e4f0       _mdlRTW                    1000f4f0 f   CART3_BasicTest_3states_IET_sfun_registry.obj
 0001:0000e520       __CreateSimStruct          1000f520 f   CART3_BasicTest_3states_IET_sfun_registry.obj
 0001:0000e650       __RegNumInputPortsCB       1000f650 f   CART3_BasicTest_3states_IET_sfun_registry.obj
 0001:0000e6b0       __RegNumOutputPortsCB      1000f6b0 f   CART3_BasicTest_3states_IET_sfun_registry.obj
 0001:0000eb49       _pre_c_init                1000fb49 f   MSVCRT:crtdll.obj
 0001:0000eda1       ___DllMainCRTStartup       1000fda1 f   MSVCRT:crtdll.obj
