 CART3_BasicTest_5states_sfun

 Timestamp is 59c5afa1 (Sat Sep 23 08:49:37 2017)

 Preferred load address is 10000000

 Start         Length     Name                   Class
 0001:00000000 00008b24H .text                   CODE
 0002:00000000 00000210H .idata$5                DATA
 0002:00000210 00000004H .CRT$XCA                DATA
 0002:00000214 00000004H .CRT$XCZ                DATA
 0002:00000218 00000004H .CRT$XIA                DATA
 0002:0000021c 00000004H .CRT$XIAA               DATA
 0002:00000220 00000004H .CRT$XIC                DATA
 0002:00000224 00000004H .CRT$XIZ                DATA
 0002:00000228 000006a8H .rdata                  DATA
 0002:000008d0 00000004H .rdata$sxdata           DATA
 0002:000008d4 00000004H .rtc$IAA                DATA
 0002:000008d8 00000004H .rtc$IZZ                DATA
 0002:000008dc 00000004H .rtc$TAA                DATA
 0002:000008e0 00000004H .rtc$TZZ                DATA
 0002:000008e8 00000064H .xdata$x                DATA
 0002:0000094c 00000078H .idata$2                DATA
 0002:000009c4 00000014H .idata$3                DATA
 0002:000009d8 00000210H .idata$4                DATA
 0002:00000be8 00000b66H .idata$6                DATA
 0002:00001750 00000062H .edata                  DATA
 0003:00000000 00001d40H .data                   DATA
 0003:00001d40 00000438H .bss                    DATA

  Address         Publics by Value              Rva+Base       Lib:Object

 0000:00000000       __except_list              00000000     <absolute>
 0000:00000001       ___safe_se_handler_count   00000001     <absolute>
 0000:00009876       __ldused                   00009876     <absolute>
 0000:00009876       __fltused                  00009876     <absolute>
 0000:00000000       ___ImageBase               10000000     <linker-defined>
 0001:00000000       _CART3_BasicTest_5states_initializer 10001000 f   CART3_BasicTest_5states_sfun.obj
 0001:00000010       _CART3_BasicTest_5states_terminator 10001010 f   CART3_BasicTest_5states_sfun.obj
 0001:00000020       _sf_CART3_BasicTest_5states_method_dispatcher 10001020 f   CART3_BasicTest_5states_sfun.obj
 0001:00000050       _sf_CART3_BasicTest_5states_process_check_sum_call 10001050 f   CART3_BasicTest_5states_sfun.obj
 0001:00000400       _sf_CART3_BasicTest_5states_autoinheritance_info 10001400 f   CART3_BasicTest_5states_sfun.obj
 0001:00000520       _sf_CART3_BasicTest_5states_get_eml_resolved_functions_info 10001520 f   CART3_BasicTest_5states_sfun.obj
 0001:00000610       _sf_CART3_BasicTest_5states_third_party_uses_info 10001610 f   CART3_BasicTest_5states_sfun.obj
 0001:00000740       _sf_CART3_BasicTest_5states_updateBuildInfo_args_info 10001740 f   CART3_BasicTest_5states_sfun.obj
 0001:00000870       _CART3_BasicTest_5states_debug_initialize 10001870 f   CART3_BasicTest_5states_sfun.obj
 0001:000008d0       _CART3_BasicTest_5states_register_exported_symbols 100018d0 f   CART3_BasicTest_5states_sfun.obj
 0001:000008e0       _load_CART3_BasicTest_5states_optimization_info 100018e0 f   CART3_BasicTest_5states_sfun.obj
 0001:00000920       _unload_CART3_BasicTest_5states_optimization_info 10001920 f   CART3_BasicTest_5states_sfun.obj
 0001:00000950       _sf_c2_CART3_BasicTest_5states_get_eml_resolved_functions_info 10001950 f   c2_CART3_BasicTest_5states.obj
 0001:000017a0       _sf_c2_CART3_BasicTest_5states_get_check_sum 100027a0 f   c2_CART3_BasicTest_5states.obj
 0001:00001800       _sf_c2_CART3_BasicTest_5states_get_autoinheritance_info 10002800 f   c2_CART3_BasicTest_5states.obj
 0001:00001b10       _sf_c2_CART3_BasicTest_5states_third_party_uses_info 10002b10 f   c2_CART3_BasicTest_5states.obj
 0001:00001b30       _sf_c2_CART3_BasicTest_5states_updateBuildInfo_args_info 10002b30 f   c2_CART3_BasicTest_5states.obj
 0001:00001b50       _sf_internal_get_sim_state_c2_CART3_BasicTest_5states 10002b50 f   c2_CART3_BasicTest_5states.obj
 0001:00001df0       _sf_internal_set_sim_state_c2_CART3_BasicTest_5states 10002df0 f   c2_CART3_BasicTest_5states.obj
 0001:000020e0       _c2_CART3_BasicTest_5states_method_dispatcher 100030e0 f   c2_CART3_BasicTest_5states.obj
 0001:00003340       _sf_process_check_sum_call 10004340 f   CART3_BasicTest_5states_sfun_registry.obj
 0001:00003370       _sf_process_autoinheritance_call 10004370 f   CART3_BasicTest_5states_sfun_registry.obj
 0001:000034b0       _sf_process_get_third_party_uses_info_call 100044b0 f   CART3_BasicTest_5states_sfun_registry.obj
 0001:000035f0       _sf_process_get_updateBuildInfo_args_info_call 100045f0 f   CART3_BasicTest_5states_sfun_registry.obj
 0001:00003730       _sf_process_get_eml_resolved_functions_info_call 10004730 f   CART3_BasicTest_5states_sfun_registry.obj
 0001:00003850       _sf_mex_unlock_call        10004850 f   CART3_BasicTest_5states_sfun_registry.obj
 0001:000038e0       _sf_machine_global_initializer_called 100048e0 f   CART3_BasicTest_5states_sfun_registry.obj
 0001:00003900       _sf_machine_global_method_dispatcher 10004900 f   CART3_BasicTest_5states_sfun_registry.obj
 0001:00003940       _sf_machine_global_terminator 10004940 f   CART3_BasicTest_5states_sfun_registry.obj
 0001:00003980       _sf_register_machine_exported_symbols 10004980 f   CART3_BasicTest_5states_sfun_registry.obj
 0001:000039a0       _callCustomFcn             100049a0 f   CART3_BasicTest_5states_sfun_registry.obj
 0001:000039b0       _sf_machine_global_initializer 100049b0 f   CART3_BasicTest_5states_sfun_registry.obj
 0001:00003a20       _mdlGetSimState            10004a20 f   CART3_BasicTest_5states_sfun_registry.obj
 0001:00003a80       _mdlSetSimState            10004a80 f   CART3_BasicTest_5states_sfun_registry.obj
 0001:00003ab0       __ssSetStateAbsTol         10004ab0 f   CART3_BasicTest_5states_sfun_registry.obj
 0001:00003b50       __ssGetAbsTol              10004b50 f   CART3_BasicTest_5states_sfun_registry.obj
 0001:00003ba0       __ssSetInputPortMatrixDimensions 10004ba0 f   CART3_BasicTest_5states_sfun_registry.obj
 0001:00003c50       __ssSetOutputPortMatrixDimensions 10004c50 f   CART3_BasicTest_5states_sfun_registry.obj
 0001:00003d00       __ssSetInputPortVectorDimension 10004d00 f   CART3_BasicTest_5states_sfun_registry.obj
 0001:00003d80       __ssSetOutputPortVectorDimension 10004d80 f   CART3_BasicTest_5states_sfun_registry.obj
 0001:00003e00       _ssIsRunTimeParamTunable   10004e00 f   CART3_BasicTest_5states_sfun_registry.obj
 0001:00003e60       _ssGetSFuncBlockHandle     10004e60 f   CART3_BasicTest_5states_sfun_registry.obj
 0001:00003eb0       __ssGetCurrentInputPortWidth 10004eb0 f   CART3_BasicTest_5states_sfun_registry.obj
 0001:00003f80       __ssGetCurrentOutputPortWidth 10004f80 f   CART3_BasicTest_5states_sfun_registry.obj
 0001:00004050       __ssGetCallSystemNumFcnCallDestinations 10005050 f   CART3_BasicTest_5states_sfun_registry.obj
 0001:000040b0       _ssWarning                 100050b0 f   CART3_BasicTest_5states_sfun_registry.obj
 0001:00004190       _ssGetIsZeroCrossControlDisabled 10005190 f   CART3_BasicTest_5states_sfun_registry.obj
 0001:000041f0       _ssSetIsInputPortUsedForContZcSignal 100051f0 f   CART3_BasicTest_5states_sfun_registry.obj
 0001:00004240       _ssSetZcSignalIsZcElementDisc 10005240 f   CART3_BasicTest_5states_sfun_registry.obj
 0001:000042c0       _ssSetZcSignalName         100052c0 f   CART3_BasicTest_5states_sfun_registry.obj
 0001:00004310       _ssSetZcSignalWidth        10005310 f   CART3_BasicTest_5states_sfun_registry.obj
 0001:00004360       _ssSetZcSignalZcEventType  10005360 f   CART3_BasicTest_5states_sfun_registry.obj
 0001:000043b0       _ssSetZcSignalType         100053b0 f   CART3_BasicTest_5states_sfun_registry.obj
 0001:00004400       _ssSetZcSignalZcTol        10005400 f   CART3_BasicTest_5states_sfun_registry.obj
 0001:00004450       _ssSetZcSignalNeedsEventNotification 10005450 f   CART3_BasicTest_5states_sfun_registry.obj
 0001:000044a0       _ssCreateAndAddZcSignalInfo 100054a0 f   CART3_BasicTest_5states_sfun_registry.obj
 0001:00004500       _ssCloneAndAddZcSignalInfo 10005500 f   CART3_BasicTest_5states_sfun_registry.obj
 0001:00004560       _ssGetNumZcSignals         10005560 f   CART3_BasicTest_5states_sfun_registry.obj
 0001:000045c0       _ssGetZcSignalVector       100055c0 f   CART3_BasicTest_5states_sfun_registry.obj
 0001:00004620       _ssGetZcSignalZcEvents     10005620 f   CART3_BasicTest_5states_sfun_registry.obj
 0001:00004680       _ssGetZcSignalName         10005680 f   CART3_BasicTest_5states_sfun_registry.obj
 0001:000046e0       _ssGetZcSignalWidth        100056e0 f   CART3_BasicTest_5states_sfun_registry.obj
 0001:00004740       _ssGetZcSignalZcEventType  10005740 f   CART3_BasicTest_5states_sfun_registry.obj
 0001:000047a0       _ssGetZcSignalType         100057a0 f   CART3_BasicTest_5states_sfun_registry.obj
 0001:00004800       _ssGetZcSignalZcTol        10005800 f   CART3_BasicTest_5states_sfun_registry.obj
 0001:00004860       _ssGetZcSignalNeedsEventNotification 10005860 f   CART3_BasicTest_5states_sfun_registry.obj
 0001:000048c0       _ssGetZcSignalIsZcElementDisc 100058c0 f   CART3_BasicTest_5states_sfun_registry.obj
 0001:00004940       _ssGetIsInputPortElementContinuous 10005940 f   CART3_BasicTest_5states_sfun_registry.obj
 0001:000049c0       __ssGetInputPortSignalPtrsFcn 100059c0 f   CART3_BasicTest_5states_sfun_registry.obj
 0001:00004bc0       __ssGetInputPortSignalFcn  10005bc0 f   CART3_BasicTest_5states_sfun_registry.obj
 0001:00004d50       __ssSetInputPortDirectFeedThroughFcn 10005d50 f   CART3_BasicTest_5states_sfun_registry.obj
 0001:00004e80       __ssSetInputPortReusableFcn 10005e80 f   CART3_BasicTest_5states_sfun_registry.obj
 0001:00004f10       __ssSetOutputPortReusableFcn 10005f10 f   CART3_BasicTest_5states_sfun_registry.obj
 0001:00004fa0       _ssGetDTypeIdFromMxArray   10005fa0 f   CART3_BasicTest_5states_sfun_registry.obj
 0001:00005090       _ssWriteRTWStr             10006090 f   CART3_BasicTest_5states_sfun_registry.obj
 0001:000050d0       _ssWriteRTWMxVectParam     100060d0 f   CART3_BasicTest_5states_sfun_registry.obj
 0001:00005110       _ssWriteRTWMx2dMatParam    10006110 f   CART3_BasicTest_5states_sfun_registry.obj
 0001:00005150       _ssWriteRTWNameValuePair   10006150 f   CART3_BasicTest_5states_sfun_registry.obj
 0001:000054c0       _ssWriteRTWParameters      100064c0 f   CART3_BasicTest_5states_sfun_registry.obj
 0001:00005860       _ssWriteRTWParamSettings   10006860 f   CART3_BasicTest_5states_sfun_registry.obj
 0001:00005d10       _ssWriteRTWWorkVect        10006d10 f   CART3_BasicTest_5states_sfun_registry.obj
 0001:000060a0       _mexFunction               100070a0 f   CART3_BasicTest_5states_sfun_registry.obj
 0001:00007df0       _ProcessMexSfunctionEveryCall 10008df0 f   CART3_BasicTest_5states_sfun_registry.obj
 0001:00007f0e       _sf_debug_set_machine_data_thresholds 10008f0e f   sf_runtime:sf_runtime.dll
 0001:00007f14       _sf_debug_set_machine_event_thresholds 10008f14 f   sf_runtime:sf_runtime.dll
 0001:00007f1a       _sf_debug_initialize_machine 10008f1a f   sf_runtime:sf_runtime.dll
 0001:00007f20       _sf_load_rtw_optimization_info 10008f20 f   sf_runtime:sf_runtime.dll
 0001:00007f26       _sf_mex_emlrtNameCapturePostProcessR2012a 10008f26 f   sf_runtime:sf_runtime.dll
 0001:00007f2c       _sf_mex_assign             10008f2c f   sf_runtime:sf_runtime.dll
 0001:00007f32       _sf_mex_createstruct       10008f32 f   sf_runtime:sf_runtime.dll
 0001:00007f38       _sf_mex_destroy            10008f38 f   sf_runtime:sf_runtime.dll
 0001:00007f3e       _sf_mex_duplicatearraysafe 10008f3e f   sf_runtime:sf_runtime.dll
 0001:00007f44       _sf_mex_createcellmatrix   10008f44 f   sf_runtime:sf_runtime.dll
 0001:00007f4a       _sf_mex_addfield           10008f4a f   sf_runtime:sf_runtime.dll
 0001:00007f50       _sf_mex_create             10008f50 f   sf_runtime:sf_runtime.dll
 0001:00007f56       _sf_mex_error_message      10008f56 f   sf_runtime:sf_runtime.dll
 0001:00007f5c       _sf_mex_call_matlab        10008f5c f   sf_runtime:sf_runtime.dll
 0001:00007f62       _sf_mex_setcell            10008f62 f   sf_runtime:sf_runtime.dll
 0001:00007f68       _sf_mex_decode_encoded_mx_struct_array 10008f68 f   sf_runtime:sf_runtime.dll
 0001:00007f6e       _sf_mex_getcell            10008f6e f   sf_runtime:sf_runtime.dll
 0001:00007f74       _sf_mex_dup                10008f74 f   sf_runtime:sf_runtime.dll
 0001:00007f7a       _sf_mex_import             10008f7a f   sf_runtime:sf_runtime.dll
 0001:00007f80       _sf_set_rtw_dwork_info     10008f80 f   sf_runtime:sf_runtime.dll
 0001:00007f86       _sf_mark_chart_reusable_outputs 10008f86 f   sf_runtime:sf_runtime.dll
 0001:00007f8c       _sf_mark_chart_expressionable_inputs 10008f8c f   sf_runtime:sf_runtime.dll
 0001:00007f92       _sf_update_buildInfo       10008f92 f   sf_runtime:sf_runtime.dll
 0001:00007f98       _sf_rtw_info_uint_prop     10008f98 f   sf_runtime:sf_runtime.dll
 0001:00007f9e       _sf_is_chart_inlinable     10008f9e f   sf_runtime:sf_runtime.dll
 0001:00007fa4       _sim_mode_is_external      10008fa4 f   sf_runtime:sf_runtime.dll
 0001:00007faa       _sim_mode_is_rtw_gen       10008faa f   sf_runtime:sf_runtime.dll
 0001:00007fb0       _sf_debug_reset_current_state_configuration 10008fb0 f   sf_runtime:sf_runtime.dll
 0001:00007fb6       _sf_debug_set_instance_data_value_ptr 10008fb6 f   sf_runtime:sf_runtime.dll
 0001:00007fbc       _sf_debug_set_chart_data_compiled_props 10008fbc f   sf_runtime:sf_runtime.dll
 0001:00007fc2       _cv_eml_init_fcn           10008fc2 f   sf_runtime:sf_runtime.dll
 0001:00007fc8       _cv_eml_init_script        10008fc8 f   sf_runtime:sf_runtime.dll
 0001:00007fce       _sf_debug_cv_init_trans    10008fce f   sf_runtime:sf_runtime.dll
 0001:00007fd4       _sf_debug_cv_init_state    10008fd4 f   sf_runtime:sf_runtime.dll
 0001:00007fda       _sf_debug_cv_init_chart    10008fda f   sf_runtime:sf_runtime.dll
 0001:00007fe0       _sf_debug_set_chart_decomposition 10008fe0 f   sf_runtime:sf_runtime.dll
 0001:00007fe6       _sf_debug_set_chart_substate_count 10008fe6 f   sf_runtime:sf_runtime.dll
 0001:00007fec       _sf_debug_set_chart_state_info 10008fec f   sf_runtime:sf_runtime.dll
 0001:00007ff2       _sf_debug_set_chart_data_props 10008ff2 f   sf_runtime:sf_runtime.dll
 0001:00007ff8       _sf_debug_set_chart_event_thresholds 10008ff8 f   sf_runtime:sf_runtime.dll
 0001:00007ffe       _sf_debug_set_chart_disable_implicit_casting 10008ffe f   sf_runtime:sf_runtime.dll
 0001:00008004       _sf_debug_initialize_chart 10009004 f   sf_runtime:sf_runtime.dll
 0001:0000800a       _sf_get_time               1000900a f   sf_runtime:sf_runtime.dll
 0001:00008010       _sf_debug_check_for_state_inconsistency 10009010 f   sf_runtime:sf_runtime.dll
 0001:00008016       _sf_debug_symbol_scope_pop 10009016 f   sf_runtime:sf_runtime.dll
 0001:0000801c       _eml_debug_line_call       1000901c f   sf_runtime:sf_runtime.dll
 0001:00008022       _cv_eml_eval               10009022 f   sf_runtime:sf_runtime.dll
 0001:00008028       _sf_debug_symbol_scope_add_eml_importable 10009028 f   sf_runtime:sf_runtime.dll
 0001:0000802e       _sf_debug_symbol_scope_add_eml 1000902e f   sf_runtime:sf_runtime.dll
 0001:00008034       _sf_debug_symbol_scope_push_eml 10009034 f   sf_runtime:sf_runtime.dll
 0001:0000803a       _sf_debug_data_range_wrapper 1000903a f   sf_runtime:sf_runtime.dll
 0001:00008040       _sf_debug_call             10009040 f   sf_runtime:sf_runtime.dll
 0001:00008046       _sf_debug_symbol_scope_push 10009046 f   sf_runtime:sf_runtime.dll
 0001:0000804c       _sf_clear_rtw_identifier   1000904c f   sf_runtime:sf_runtime.dll
 0001:00008052       _sf_debug_terminate        10009052 f   sf_runtime:sf_runtime.dll
 0001:00008058       _sf_debug_create_debug_instance_struct 10009058 f   sf_runtime:sf_runtime.dll
 0001:0000805e       _sf_debug_api              1000905e f   sf_runtime:sf_runtime.dll
 0001:00008064       _callMdlMethodAndReportError 10009064 f   sf_runtime:sf_runtime.dll
 0001:0000806a       _call_sf_machine_global_method_dispatcher 1000906a f   sf_runtime:sf_runtime.dll
 0001:00008070       _sf_clear_error_manager_info 10009070 f   sf_runtime:sf_runtime.dll
 0001:00008076       _sf_mex_error_direct_call  10009076 f   sf_runtime:sf_runtime.dll
 0001:0000807c       _mxGetScalar               1000907c f   libmx:libmx.dll
 0001:00008082       _mxGetPr                   10009082 f   libmx:libmx.dll
 0001:00008088       _mxCreateDoubleMatrix_730  10009088 f   libmx:libmx.dll
 0001:0000808e       _mxGetString_730           1000908e f   libmx:libmx.dll
 0001:00008094       _mxIsChar                  10009094 f   libmx:libmx.dll
 0001:0000809a       _mxDestroyArray            1000909a f   libmx:libmx.dll
 0001:000080a0       _mxDuplicateArray          100090a0 f   libmx:libmx.dll
 0001:000080a6       _mxCreateDoubleScalar      100090a6 f   libmx:libmx.dll
 0001:000080ac       _mxSetField_730            100090ac f   libmx:libmx.dll
 0001:000080b2       _mxCreateString            100090b2 f   libmx:libmx.dll
 0001:000080b8       _mxCreateStructMatrix_730  100090b8 f   libmx:libmx.dll
 0001:000080be       _mxCreateCellMatrix_730    100090be f   libmx:libmx.dll
 0001:000080c4       _mxGetClassID              100090c4 f   libmx:libmx.dll
 0001:000080ca       _mxIsNumeric               100090ca f   libmx:libmx.dll
 0001:000080d0       _mxIsComplex               100090d0 f   libmx:libmx.dll
 0001:000080d6       _mxGetN                    100090d6 f   libmx:libmx.dll
 0001:000080dc       _mxGetM                    100090dc f   libmx:libmx.dll
 0001:000080e2       _mxCalloc                  100090e2 f   libmx:libmx.dll
 0001:000080e8       _mexMakeArrayPersistent    100090e8 f   libmex:libmex.dll
 0001:000080ee       _mexUnlock                 100090ee f   libmex:libmex.dll
 0001:000080f4       _mexIsLocked               100090f4 f   libmex:libmex.dll
 0001:000080fa       _mexWarnMsgTxt             100090fa f   libmex:libmex.dll
 0001:00008100       _mexCallMATLAB             10009100 f   libmex:libmex.dll
 0001:00008106       _mexErrMsgTxt              10009106 f   libmex:libmex.dll
 0001:0000810c       _mexLock                   1000910c f   libmex:libmex.dll
 0001:00008112       _utMalloc                  10009112 f   libut:libut.dll
 0001:00008118       _utFree                    10009118 f   libut:libut.dll
 0001:0000811e       _strcmp                    1000911e f   MSVCRT:MSVCR100.dll
 0001:00008130       @__security_check_cookie@4 10009130 f   MSVCRT:secchk.obj
 0001:00008140       _strlen                    10009140 f   MSVCRT:MSVCR100.dll
 0001:00008146       _memset                    10009146 f   MSVCRT:MSVCR100.dll
 0001:0000814c       _free                      1000914c f   MSVCRT:MSVCR100.dll
 0001:00008152       _sprintf                   10009152 f   MSVCRT:MSVCR100.dll
 0001:00008158       _malloc                    10009158 f   MSVCRT:MSVCR100.dll
 0001:0000815e       _strcat                    1000915e f   MSVCRT:MSVCR100.dll
 0001:00008170       __ftol2_sse                10009170 f   MSVCRT:ftol2.obj
 0001:00008179       __ftol2_pentium4           10009179 f   MSVCRT:ftol2.obj
 0001:0000818c       __ftol2_sse_excpt          1000918c f   MSVCRT:ftol2.obj
 0001:000081a6       __ftol2                    100091a6 f   MSVCRT:ftol2.obj
 0001:0000821c       _memcpy                    1000921c f   MSVCRT:MSVCR100.dll
 0001:00008222       _NtCurrentTeb              10009222 f i MSVCRT:crtdll.obj
 0001:00008277       __CRT_INIT@12              10009277 f   MSVCRT:crtdll.obj
 0001:00008597       __DllMainCRTStartup@12     10009597 f   MSVCRT:crtdll.obj
 0001:000085ba       ___report_gsfailure        100095ba f   MSVCRT:gs_report.obj
 0001:000086c0       ___sse2_available_init     100096c0 f   MSVCRT:cpu_disp.obj
 0001:000086d0       ___clean_type_info_names   100096d0 f   MSVCRT:tncleanup.obj
 0001:000086dc       __onexit                   100096dc f   MSVCRT:atonexit.obj
 0001:0000877d       _atexit                    1000977d f   MSVCRT:atonexit.obj
 0001:00008794       __RTC_Initialize           10009794 f   MSVCRT:_initsect_.obj
 0001:000087ba       __RTC_Terminate            100097ba f   MSVCRT:_initsect_.obj
 0001:000087e0       __malloc_crt               100097e0 f   MSVCRT:MSVCR100.dll
 0001:000087e6       __encoded_null             100097e6 f   MSVCRT:MSVCR100.dll
 0001:000087f0       __ValidateImageBase        100097f0 f   MSVCRT:pesect.obj
 0001:00008830       __FindPESection            10009830 f   MSVCRT:pesect.obj
 0001:00008880       __IsNonwritableInCurrentImage 10009880 f   MSVCRT:pesect.obj
 0001:0000893c       __initterm                 1000993c f   MSVCRT:MSVCR100.dll
 0001:00008942       __initterm_e               10009942 f   MSVCRT:MSVCR100.dll
 0001:00008948       __amsg_exit                10009948 f   MSVCRT:MSVCR100.dll
 0001:0000894e       ___CppXcptFilter           1000994e f   MSVCRT:MSVCR100.dll
 0001:00008954       _DllMain@12                10009954 f   MSVCRT:dllmain.obj
 0001:00008980       __SEH_prolog4              10009980 f   MSVCRT:sehprolg4.obj
 0001:000089c5       __SEH_epilog4              100099c5 f   MSVCRT:sehprolg4.obj
 0001:000089d9       __except_handler4          100099d9 f   MSVCRT:chandler4gs.obj
 0001:000089fe       ___security_init_cookie    100099fe f   MSVCRT:gs_support.obj
 0001:00008a9a       __crt_debugger_hook        10009a9a f   MSVCRT:MSVCR100.dll
 0001:00008aa0       ___clean_type_info_names_internal 10009aa0 f   MSVCRT:MSVCR100.dll
 0001:00008aa6       __unlock                   10009aa6 f   MSVCRT:MSVCR100.dll
 0001:00008aac       ___dllonexit               10009aac f   MSVCRT:MSVCR100.dll
 0001:00008ab2       __lock                     10009ab2 f   MSVCRT:MSVCR100.dll
 0001:00008ab8       __except_handler4_common   10009ab8 f   MSVCRT:MSVCR100.dll
 0001:00008abe       _EncodePointer@4           10009abe f   kernel32:KERNEL32.dll
 0001:00008ac4       _DecodePointer@4           10009ac4 f   kernel32:KERNEL32.dll
 0001:00008aca       _InterlockedExchange@8     10009aca f   kernel32:KERNEL32.dll
 0001:00008ad0       _Sleep@4                   10009ad0 f   kernel32:KERNEL32.dll
 0001:00008ad6       _InterlockedCompareExchange@12 10009ad6 f   kernel32:KERNEL32.dll
 0001:00008adc       _TerminateProcess@8        10009adc f   kernel32:KERNEL32.dll
 0001:00008ae2       _GetCurrentProcess@0       10009ae2 f   kernel32:KERNEL32.dll
 0001:00008ae8       _UnhandledExceptionFilter@4 10009ae8 f   kernel32:KERNEL32.dll
 0001:00008aee       _SetUnhandledExceptionFilter@4 10009aee f   kernel32:KERNEL32.dll
 0001:00008af4       _IsDebuggerPresent@0       10009af4 f   kernel32:KERNEL32.dll
 0001:00008afa       _IsProcessorFeaturePresent@4 10009afa f   kernel32:KERNEL32.dll
 0001:00008b00       _DisableThreadLibraryCalls@4 10009b00 f   kernel32:KERNEL32.dll
 0001:00008b06       _QueryPerformanceCounter@4 10009b06 f   kernel32:KERNEL32.dll
 0001:00008b0c       _GetTickCount@0            10009b0c f   kernel32:KERNEL32.dll
 0001:00008b12       _GetCurrentThreadId@0      10009b12 f   kernel32:KERNEL32.dll
 0001:00008b18       _GetCurrentProcessId@0     10009b18 f   kernel32:KERNEL32.dll
 0001:00008b1e       _GetSystemTimeAsFileTime@4 10009b1e f   kernel32:KERNEL32.dll
 0002:00000000       __imp__GetSystemTimeAsFileTime@4 1000a000     kernel32:KERNEL32.dll
 0002:00000004       __imp__GetCurrentProcessId@0 1000a004     kernel32:KERNEL32.dll
 0002:00000008       __imp__GetCurrentThreadId@0 1000a008     kernel32:KERNEL32.dll
 0002:0000000c       __imp__GetTickCount@0      1000a00c     kernel32:KERNEL32.dll
 0002:00000010       __imp__QueryPerformanceCounter@4 1000a010     kernel32:KERNEL32.dll
 0002:00000014       __imp__DisableThreadLibraryCalls@4 1000a014     kernel32:KERNEL32.dll
 0002:00000018       __imp__IsProcessorFeaturePresent@4 1000a018     kernel32:KERNEL32.dll
 0002:0000001c       __imp__IsDebuggerPresent@0 1000a01c     kernel32:KERNEL32.dll
 0002:00000020       __imp__SetUnhandledExceptionFilter@4 1000a020     kernel32:KERNEL32.dll
 0002:00000024       __imp__UnhandledExceptionFilter@4 1000a024     kernel32:KERNEL32.dll
 0002:00000028       __imp__GetCurrentProcess@0 1000a028     kernel32:KERNEL32.dll
 0002:0000002c       __imp__TerminateProcess@8  1000a02c     kernel32:KERNEL32.dll
 0002:00000030       __imp__InterlockedCompareExchange@12 1000a030     kernel32:KERNEL32.dll
 0002:00000034       __imp__Sleep@4             1000a034     kernel32:KERNEL32.dll
 0002:00000038       __imp__InterlockedExchange@8 1000a038     kernel32:KERNEL32.dll
 0002:0000003c       __imp__DecodePointer@4     1000a03c     kernel32:KERNEL32.dll
 0002:00000040       __imp__EncodePointer@4     1000a040     kernel32:KERNEL32.dll
 0002:00000044       \177KERNEL32_NULL_THUNK_DATA 1000a044     kernel32:KERNEL32.dll
 0002:00000048       __imp___except_handler4_common 1000a048     MSVCRT:MSVCR100.dll
 0002:0000004c       __imp___onexit             1000a04c     MSVCRT:MSVCR100.dll
 0002:00000050       __imp___lock               1000a050     MSVCRT:MSVCR100.dll
 0002:00000054       __imp____dllonexit         1000a054     MSVCRT:MSVCR100.dll
 0002:00000058       __imp___unlock             1000a058     MSVCRT:MSVCR100.dll
 0002:0000005c       __imp____clean_type_info_names_internal 1000a05c     MSVCRT:MSVCR100.dll
 0002:00000060       __imp___crt_debugger_hook  1000a060     MSVCRT:MSVCR100.dll
 0002:00000064       __imp____CppXcptFilter     1000a064     MSVCRT:MSVCR100.dll
 0002:00000068       __imp___amsg_exit          1000a068     MSVCRT:MSVCR100.dll
 0002:0000006c       __imp___initterm_e         1000a06c     MSVCRT:MSVCR100.dll
 0002:00000070       __imp___initterm           1000a070     MSVCRT:MSVCR100.dll
 0002:00000074       __imp___encoded_null       1000a074     MSVCRT:MSVCR100.dll
 0002:00000078       __imp___malloc_crt         1000a078     MSVCRT:MSVCR100.dll
 0002:0000007c       __imp__memcpy              1000a07c     MSVCRT:MSVCR100.dll
 0002:00000080       __imp__strcat              1000a080     MSVCRT:MSVCR100.dll
 0002:00000084       __imp__malloc              1000a084     MSVCRT:MSVCR100.dll
 0002:00000088       __imp__sprintf             1000a088     MSVCRT:MSVCR100.dll
 0002:0000008c       __imp__free                1000a08c     MSVCRT:MSVCR100.dll
 0002:00000090       __imp__memset              1000a090     MSVCRT:MSVCR100.dll
 0002:00000094       __imp__strlen              1000a094     MSVCRT:MSVCR100.dll
 0002:00000098       __imp__strcmp              1000a098     MSVCRT:MSVCR100.dll
 0002:0000009c       \177MSVCR100_NULL_THUNK_DATA 1000a09c     MSVCRT:MSVCR100.dll
 0002:000000a0       __imp__mexLock             1000a0a0     libmex:libmex.dll
 0002:000000a4       __imp__mexErrMsgTxt        1000a0a4     libmex:libmex.dll
 0002:000000a8       __imp__mexCallMATLAB       1000a0a8     libmex:libmex.dll
 0002:000000ac       __imp__mexWarnMsgTxt       1000a0ac     libmex:libmex.dll
 0002:000000b0       __imp__mexIsLocked         1000a0b0     libmex:libmex.dll
 0002:000000b4       __imp__mexUnlock           1000a0b4     libmex:libmex.dll
 0002:000000b8       __imp__mexMakeArrayPersistent 1000a0b8     libmex:libmex.dll
 0002:000000bc       \177libmex_NULL_THUNK_DATA 1000a0bc     libmex:libmex.dll
 0002:000000c0       __imp__mxCalloc            1000a0c0     libmx:libmx.dll
 0002:000000c4       __imp__mxGetM              1000a0c4     libmx:libmx.dll
 0002:000000c8       __imp__mxGetN              1000a0c8     libmx:libmx.dll
 0002:000000cc       __imp__mxIsComplex         1000a0cc     libmx:libmx.dll
 0002:000000d0       __imp__mxIsNumeric         1000a0d0     libmx:libmx.dll
 0002:000000d4       __imp__mxGetClassID        1000a0d4     libmx:libmx.dll
 0002:000000d8       __imp__mxCreateCellMatrix_730 1000a0d8     libmx:libmx.dll
 0002:000000dc       __imp__mxCreateStructMatrix_730 1000a0dc     libmx:libmx.dll
 0002:000000e0       __imp__mxCreateString      1000a0e0     libmx:libmx.dll
 0002:000000e4       __imp__mxSetField_730      1000a0e4     libmx:libmx.dll
 0002:000000e8       __imp__mxCreateDoubleScalar 1000a0e8     libmx:libmx.dll
 0002:000000ec       __imp__mxDuplicateArray    1000a0ec     libmx:libmx.dll
 0002:000000f0       __imp__mxDestroyArray      1000a0f0     libmx:libmx.dll
 0002:000000f4       __imp__mxGetScalar         1000a0f4     libmx:libmx.dll
 0002:000000f8       __imp__mxGetPr             1000a0f8     libmx:libmx.dll
 0002:000000fc       __imp__mxCreateDoubleMatrix_730 1000a0fc     libmx:libmx.dll
 0002:00000100       __imp__mxGetString_730     1000a100     libmx:libmx.dll
 0002:00000104       __imp__mxIsChar            1000a104     libmx:libmx.dll
 0002:00000108       \177libmx_NULL_THUNK_DATA  1000a108     libmx:libmx.dll
 0002:0000010c       __imp__utMalloc            1000a10c     libut:libut.dll
 0002:00000110       __imp__utFree              1000a110     libut:libut.dll
 0002:00000114       \177libut_NULL_THUNK_DATA  1000a114     libut:libut.dll
 0002:00000118       __imp__call_sf_machine_global_method_dispatcher 1000a118     sf_runtime:sf_runtime.dll
 0002:0000011c       __imp__callMdlMethodAndReportError 1000a11c     sf_runtime:sf_runtime.dll
 0002:00000120       __imp__sf_debug_api        1000a120     sf_runtime:sf_runtime.dll
 0002:00000124       __imp__sf_debug_create_debug_instance_struct 1000a124     sf_runtime:sf_runtime.dll
 0002:00000128       __imp__sf_debug_terminate  1000a128     sf_runtime:sf_runtime.dll
 0002:0000012c       __imp__sf_clear_rtw_identifier 1000a12c     sf_runtime:sf_runtime.dll
 0002:00000130       __imp__sf_debug_symbol_scope_push 1000a130     sf_runtime:sf_runtime.dll
 0002:00000134       __imp__sf_debug_call       1000a134     sf_runtime:sf_runtime.dll
 0002:00000138       __imp__sf_debug_data_range_wrapper 1000a138     sf_runtime:sf_runtime.dll
 0002:0000013c       __imp__sf_clear_error_manager_info 1000a13c     sf_runtime:sf_runtime.dll
 0002:00000140       __imp__sf_debug_symbol_scope_add_eml 1000a140     sf_runtime:sf_runtime.dll
 0002:00000144       __imp__sf_debug_symbol_scope_add_eml_importable 1000a144     sf_runtime:sf_runtime.dll
 0002:00000148       __imp__cv_eml_eval         1000a148     sf_runtime:sf_runtime.dll
 0002:0000014c       __imp__eml_debug_line_call 1000a14c     sf_runtime:sf_runtime.dll
 0002:00000150       __imp__sf_debug_symbol_scope_pop 1000a150     sf_runtime:sf_runtime.dll
 0002:00000154       __imp__sf_debug_check_for_state_inconsistency 1000a154     sf_runtime:sf_runtime.dll
 0002:00000158       __imp__sf_get_time         1000a158     sf_runtime:sf_runtime.dll
 0002:0000015c       __imp__sf_debug_initialize_chart 1000a15c     sf_runtime:sf_runtime.dll
 0002:00000160       __imp__sf_debug_set_chart_disable_implicit_casting 1000a160     sf_runtime:sf_runtime.dll
 0002:00000164       __imp__sf_mex_error_direct_call 1000a164     sf_runtime:sf_runtime.dll
 0002:00000168       __imp__sf_debug_symbol_scope_push_eml 1000a168     sf_runtime:sf_runtime.dll
 0002:0000016c       __imp__sf_debug_set_chart_event_thresholds 1000a16c     sf_runtime:sf_runtime.dll
 0002:00000170       __imp__sf_debug_set_chart_data_props 1000a170     sf_runtime:sf_runtime.dll
 0002:00000174       __imp__sf_debug_set_chart_state_info 1000a174     sf_runtime:sf_runtime.dll
 0002:00000178       __imp__sf_debug_set_chart_substate_count 1000a178     sf_runtime:sf_runtime.dll
 0002:0000017c       __imp__sf_debug_set_chart_decomposition 1000a17c     sf_runtime:sf_runtime.dll
 0002:00000180       __imp__sf_debug_cv_init_chart 1000a180     sf_runtime:sf_runtime.dll
 0002:00000184       __imp__sf_debug_cv_init_state 1000a184     sf_runtime:sf_runtime.dll
 0002:00000188       __imp__sf_debug_cv_init_trans 1000a188     sf_runtime:sf_runtime.dll
 0002:0000018c       __imp__cv_eml_init_script  1000a18c     sf_runtime:sf_runtime.dll
 0002:00000190       __imp__cv_eml_init_fcn     1000a190     sf_runtime:sf_runtime.dll
 0002:00000194       __imp__sf_debug_set_chart_data_compiled_props 1000a194     sf_runtime:sf_runtime.dll
 0002:00000198       __imp__sf_debug_set_instance_data_value_ptr 1000a198     sf_runtime:sf_runtime.dll
 0002:0000019c       __imp__sf_debug_reset_current_state_configuration 1000a19c     sf_runtime:sf_runtime.dll
 0002:000001a0       __imp__sim_mode_is_rtw_gen 1000a1a0     sf_runtime:sf_runtime.dll
 0002:000001a4       __imp__sim_mode_is_external 1000a1a4     sf_runtime:sf_runtime.dll
 0002:000001a8       __imp__sf_is_chart_inlinable 1000a1a8     sf_runtime:sf_runtime.dll
 0002:000001ac       __imp__sf_rtw_info_uint_prop 1000a1ac     sf_runtime:sf_runtime.dll
 0002:000001b0       __imp__sf_update_buildInfo 1000a1b0     sf_runtime:sf_runtime.dll
 0002:000001b4       __imp__sf_mark_chart_expressionable_inputs 1000a1b4     sf_runtime:sf_runtime.dll
 0002:000001b8       __imp__sf_mark_chart_reusable_outputs 1000a1b8     sf_runtime:sf_runtime.dll
 0002:000001bc       __imp__sf_set_rtw_dwork_info 1000a1bc     sf_runtime:sf_runtime.dll
 0002:000001c0       __imp__sf_mex_import       1000a1c0     sf_runtime:sf_runtime.dll
 0002:000001c4       __imp__sf_mex_dup          1000a1c4     sf_runtime:sf_runtime.dll
 0002:000001c8       __imp__sf_mex_getcell      1000a1c8     sf_runtime:sf_runtime.dll
 0002:000001cc       __imp__sf_mex_decode_encoded_mx_struct_array 1000a1cc     sf_runtime:sf_runtime.dll
 0002:000001d0       __imp__sf_mex_setcell      1000a1d0     sf_runtime:sf_runtime.dll
 0002:000001d4       __imp__sf_mex_call_matlab  1000a1d4     sf_runtime:sf_runtime.dll
 0002:000001d8       __imp__sf_mex_error_message 1000a1d8     sf_runtime:sf_runtime.dll
 0002:000001dc       __imp__sf_mex_create       1000a1dc     sf_runtime:sf_runtime.dll
 0002:000001e0       __imp__sf_mex_addfield     1000a1e0     sf_runtime:sf_runtime.dll
 0002:000001e4       __imp__sf_mex_createcellmatrix 1000a1e4     sf_runtime:sf_runtime.dll
 0002:000001e8       __imp__sf_mex_duplicatearraysafe 1000a1e8     sf_runtime:sf_runtime.dll
 0002:000001ec       __imp__sf_mex_destroy      1000a1ec     sf_runtime:sf_runtime.dll
 0002:000001f0       __imp__sf_mex_createstruct 1000a1f0     sf_runtime:sf_runtime.dll
 0002:000001f4       __imp__sf_mex_assign       1000a1f4     sf_runtime:sf_runtime.dll
 0002:000001f8       __imp__sf_mex_emlrtNameCapturePostProcessR2012a 1000a1f8     sf_runtime:sf_runtime.dll
 0002:000001fc       __imp__sf_load_rtw_optimization_info 1000a1fc     sf_runtime:sf_runtime.dll
 0002:00000200       __imp__sf_debug_initialize_machine 1000a200     sf_runtime:sf_runtime.dll
 0002:00000204       __imp__sf_debug_set_machine_event_thresholds 1000a204     sf_runtime:sf_runtime.dll
 0002:00000208       __imp__sf_debug_set_machine_data_thresholds 1000a208     sf_runtime:sf_runtime.dll
 0002:0000020c       \177sf_runtime_NULL_THUNK_DATA 1000a20c     sf_runtime:sf_runtime.dll
 0002:00000210       ___xc_a                    1000a210     MSVCRT:cinitexe.obj
 0002:00000214       ___xc_z                    1000a214     MSVCRT:cinitexe.obj
 0002:00000218       ___xi_a                    1000a218     MSVCRT:cinitexe.obj
 0002:00000224       ___xi_z                    1000a224     MSVCRT:cinitexe.obj
 0002:00000228       __real@41eeaa0542c00000    1000a228     CART3_BasicTest_5states_sfun.obj
 0002:00000230       __real@41db111f36400000    1000a230     CART3_BasicTest_5states_sfun.obj
 0002:00000238       __real@41abd96376000000    1000a238     CART3_BasicTest_5states_sfun.obj
 0002:00000240       __real@41e319fcb4200000    1000a240     CART3_BasicTest_5states_sfun.obj
 0002:00000248       __real@41d187d0c8400000    1000a248     CART3_BasicTest_5states_sfun.obj
 0002:00000250       __real@41cff744e8000000    1000a250     CART3_BasicTest_5states_sfun.obj
 0002:00000258       __real@41b7e1066f000000    1000a258     CART3_BasicTest_5states_sfun.obj
 0002:00000260       __real@41c845d7be800000    1000a260     CART3_BasicTest_5states_sfun.obj
 0002:00000268       __real@41eabf1219000000    1000a268     CART3_BasicTest_5states_sfun.obj
 0002:00000270       __real@41e8f986f7200000    1000a270     CART3_BasicTest_5states_sfun.obj
 0002:00000278       __real@41b5837fe1000000    1000a278     CART3_BasicTest_5states_sfun.obj
 0002:00000280       __real@41d4a97cfc800000    1000a280     CART3_BasicTest_5states_sfun.obj
 0002:00000288       __real@0000000000000000    1000a288     CART3_BasicTest_5states_sfun.obj
 0002:00000290       __real@41e00f282c600000    1000a290     CART3_BasicTest_5states_sfun.obj
 0002:00000298       __real@41ca2b4ed7800000    1000a298     CART3_BasicTest_5states_sfun.obj
 0002:000002a0       __real@41e07b7f4f800000    1000a2a0     CART3_BasicTest_5states_sfun.obj
 0002:000002a8       __real@41ed04c035000000    1000a2a8     CART3_BasicTest_5states_sfun.obj
 0002:000002b0       __real@41e0657948200000    1000a2b0     c2_CART3_BasicTest_5states.obj
 0002:000002b8       __real@41cdcf4dbf000000    1000a2b8     c2_CART3_BasicTest_5states.obj
 0002:000002c0       __real@41eef471e7400000    1000a2c0     c2_CART3_BasicTest_5states.obj
 0002:000002c8       __real@41dfc7365a800000    1000a2c8     c2_CART3_BasicTest_5states.obj
 0002:000002d0       __real@4024000000000000    1000a2d0     c2_CART3_BasicTest_5states.obj
 0002:000002d8       __real@3ff0000000000000    1000a2d8     c2_CART3_BasicTest_5states.obj
 0002:000002e0       __real@3fab9ba84fde35d1    1000a2e0     c2_CART3_BasicTest_5states.obj
 0002:000002e8       _DYNAMIC_DIMENSION_DEF     1000a2e8     CART3_BasicTest_5states_sfun_registry.obj
 0002:000002f8       __ssBadLevel2InputAccessMsg 1000a2f8     CART3_BasicTest_5states_sfun_registry.obj
 0002:00000480       __ssBadLevel2DirectFeedMsg 1000a480     CART3_BasicTest_5states_sfun_registry.obj
 0002:000005c0       __ssBadLevel2DirectFeedSolutionMsg 1000a5c0     CART3_BasicTest_5states_sfun_registry.obj
 0002:00000630       __ssBadLevel2ZeroDirectFeedMsg 1000a630     CART3_BasicTest_5states_sfun_registry.obj
 0002:00000770       __ssBadLevel2ZeroDirectFeedMsg2 1000a770     CART3_BasicTest_5states_sfun_registry.obj
 0002:00000858       __real@bff0000000000000    1000a858     CART3_BasicTest_5states_sfun_registry.obj
 0002:00000860       __real@4153d65940000000    1000a860     CART3_BasicTest_5states_sfun_registry.obj
 0002:00000868       __pDefaultRawDllMain       1000a868     MSVCRT:crtdll.obj
 0002:00000868       __pRawDllMain              1000a868     MSVCRT:crtdll.obj
 0002:00000874       ?ProcessDetach@NativeDll@<CrtImplementationDetails>@@0IB 1000a874     MSVCRT:tncleanup.obj
 0002:00000878       ?ProcessAttach@NativeDll@<CrtImplementationDetails>@@0IB 1000a878     MSVCRT:tncleanup.obj
 0002:0000087c       ?ThreadAttach@NativeDll@<CrtImplementationDetails>@@0IB 1000a87c     MSVCRT:tncleanup.obj
 0002:00000880       ?ThreadDetach@NativeDll@<CrtImplementationDetails>@@0IB 1000a880     MSVCRT:tncleanup.obj
 0002:00000884       ?ProcessVerifier@NativeDll@<CrtImplementationDetails>@@0IB 1000a884     MSVCRT:tncleanup.obj
 0002:00000888       __load_config_used         1000a888     MSVCRT:loadcfg.obj
 0002:000008d0       ___safe_se_handler_table   1000a8d0     <linker-defined>
 0002:000008d4       ___rtc_iaa                 1000a8d4     MSVCRT:_initsect_.obj
 0002:000008d8       ___rtc_izz                 1000a8d8     MSVCRT:_initsect_.obj
 0002:000008dc       ___rtc_taa                 1000a8dc     MSVCRT:_initsect_.obj
 0002:000008e0       ___rtc_tzz                 1000a8e0     MSVCRT:_initsect_.obj
 0002:0000094c       __IMPORT_DESCRIPTOR_sf_runtime 1000a94c     sf_runtime:sf_runtime.dll
 0002:00000960       __IMPORT_DESCRIPTOR_libmx  1000a960     libmx:libmx.dll
 0002:00000974       __IMPORT_DESCRIPTOR_libmex 1000a974     libmex:libmex.dll
 0002:00000988       __IMPORT_DESCRIPTOR_libut  1000a988     libut:libut.dll
 0002:0000099c       __IMPORT_DESCRIPTOR_MSVCR100 1000a99c     MSVCRT:MSVCR100.dll
 0002:000009b0       __IMPORT_DESCRIPTOR_KERNEL32 1000a9b0     kernel32:KERNEL32.dll
 0002:000009c4       __NULL_IMPORT_DESCRIPTOR   1000a9c4     sf_runtime:sf_runtime.dll
 0003:00001194       _DYNAMIC_DIMENSION         1000d194     CART3_BasicTest_5states_sfun_registry.obj
 0003:00001d20       ___security_cookie         1000dd20     MSVCRT:gs_cookie.obj
 0003:00001d24       ___security_cookie_complement 1000dd24     MSVCRT:gs_cookie.obj
 0003:00001d30       ___native_dllmain_reason   1000dd30     MSVCRT:natstart.obj
 0003:00001d34       ___native_vcclrit_reason   1000dd34     MSVCRT:natstart.obj
 0003:00001e20       _sfGlobalDebugInstanceStruct 1000de20     CART3_BasicTest_5states_sfun_registry.obj
 0003:00002154       ?__type_info_root_node@@3U__type_info_node@@A 1000e154     MSVCRT:tncleanup.obj
 0003:0000215c       __CART3_BasicTest_5statesMachineNumber_ 1000e15c     <common>
 0003:00002160       ___native_startup_state    1000e160     <common>
 0003:00002164       ___native_startup_lock     1000e164     <common>
 0003:00002168       ___onexitend               1000e168     <common>
 0003:0000216c       ___onexitbegin             1000e16c     <common>
 0003:00002170       ___sse2_available          1000e170     <common>
 0003:00002174       ___dyn_tls_init_callback   1000e174     <common>

 entry point at        0001:00008597

 Static symbols

 0001:000009b0       _c2_info_helper            100019b0 f   c2_CART3_BasicTest_5states.obj
 0001:000016f0       _c2_emlrt_marshallOut      100026f0 f   c2_CART3_BasicTest_5states.obj
 0001:00001750       _c2_b_emlrt_marshallOut    10002750 f   c2_CART3_BasicTest_5states.obj
 0001:00001c30       _get_sim_state_c2_CART3_BasicTest_5states 10002c30 f   c2_CART3_BasicTest_5states.obj
 0001:00001d50       _sf_get_sim_state_info_c2_CART3_BasicTest_5states 10002d50 f   c2_CART3_BasicTest_5states.obj
 0001:00001ed0       _set_sim_state_c2_CART3_BasicTest_5states 10002ed0 f   c2_CART3_BasicTest_5states.obj
 0001:00001f90       _c2_update_debugger_state_c2_CART3_BasicTest_5states 10002f90 f   c2_CART3_BasicTest_5states.obj
 0001:00001fa0       _c2_emlrt_marshallIn       10002fa0 f   c2_CART3_BasicTest_5states.obj
 0001:00001ff0       _c2_b_emlrt_marshallIn     10002ff0 f   c2_CART3_BasicTest_5states.obj
 0001:00002040       _c2_d_emlrt_marshallIn     10003040 f   c2_CART3_BasicTest_5states.obj
 0001:00002090       _c2_e_emlrt_marshallIn     10003090 f   c2_CART3_BasicTest_5states.obj
 0001:00002140       _mdlProcessParameters_c2_CART3_BasicTest_5states 10003140 f   c2_CART3_BasicTest_5states.obj
 0001:000021f0       _initialize_params_c2_CART3_BasicTest_5states 100031f0 f   c2_CART3_BasicTest_5states.obj
 0001:00002200       _mdlSetWorkWidths_c2_CART3_BasicTest_5states 10003200 f   c2_CART3_BasicTest_5states.obj
 0001:00002580       _sf_get_instance_specialization 10003580 f   c2_CART3_BasicTest_5states.obj
 0001:00002590       _mdlStart_c2_CART3_BasicTest_5states 10003590 f   c2_CART3_BasicTest_5states.obj
 0001:00002730       _init_dsm_address_info     10003730 f   c2_CART3_BasicTest_5states.obj
 0001:00002740       _chart_debug_initialization 10003740 f   c2_CART3_BasicTest_5states.obj
 0001:00002b90       _init_script_number_translation 10003b90 f   c2_CART3_BasicTest_5states.obj
 0001:00002ba0       _c2_sf_marshallOut         10003ba0 f   c2_CART3_BasicTest_5states.obj
 0001:00002c20       _c2_sf_marshallIn          10003c20 f   c2_CART3_BasicTest_5states.obj
 0001:00002ca0       _sf_opaque_initialize_c2_CART3_BasicTest_5states 10003ca0 f   c2_CART3_BasicTest_5states.obj
 0001:00002cd0       _initialize_c2_CART3_BasicTest_5states 10003cd0 f   c2_CART3_BasicTest_5states.obj
 0001:00002d00       _sf_opaque_enable_c2_CART3_BasicTest_5states 10003d00 f   c2_CART3_BasicTest_5states.obj
 0001:00002d20       _enable_c2_CART3_BasicTest_5states 10003d20 f   c2_CART3_BasicTest_5states.obj
 0001:00002d40       _sf_opaque_disable_c2_CART3_BasicTest_5states 10003d40 f   c2_CART3_BasicTest_5states.obj
 0001:00002d60       _disable_c2_CART3_BasicTest_5states 10003d60 f   c2_CART3_BasicTest_5states.obj
 0001:00002d80       _sf_opaque_gateway_c2_CART3_BasicTest_5states 10003d80 f   c2_CART3_BasicTest_5states.obj
 0001:00002da0       _sf_gateway_c2_CART3_BasicTest_5states 10003da0 f   c2_CART3_BasicTest_5states.obj
 0001:00003200       _sf_opaque_get_sim_state_c2_CART3_BasicTest_5states 10004200 f   c2_CART3_BasicTest_5states.obj
 0001:00003220       _sf_opaque_set_sim_state_c2_CART3_BasicTest_5states 10004220 f   c2_CART3_BasicTest_5states.obj
 0001:00003240       _sf_opaque_terminate_c2_CART3_BasicTest_5states 10004240 f   c2_CART3_BasicTest_5states.obj
 0001:000032d0       _finalize_c2_CART3_BasicTest_5states 100042d0 f   c2_CART3_BasicTest_5states.obj
 0001:000032e0       _sf_opaque_init_subchart_simstructs 100042e0 f   c2_CART3_BasicTest_5states.obj
 0001:00003300       _initSimStructsc2_CART3_BasicTest_5states 10004300 f   c2_CART3_BasicTest_5states.obj
 0001:00003310       _mdlRTW_c2_CART3_BasicTest_5states 10004310 f   c2_CART3_BasicTest_5states.obj
 0001:00003a50       _getChartInfoFromSimStruct 10004a50 f   CART3_BasicTest_5states_sfun_registry.obj
 0001:00004b50       __ssFatalError             10005b50 f   CART3_BasicTest_5states_sfun_registry.obj
 0001:00006eb0       _ProcessMexSfunctionCmdLineCall 10007eb0 f   CART3_BasicTest_5states_sfun_registry.obj
 0001:00006fd0       _sf_debug_api_wrapper      10007fd0 f   CART3_BasicTest_5states_sfun_registry.obj
 0001:00007000       _mdlStart                  10008000 f   CART3_BasicTest_5states_sfun_registry.obj
 0001:00007020       _mdl_start_processing      10008020 f   CART3_BasicTest_5states_sfun_registry.obj
 0001:00007090       _mdlTerminate              10008090 f   CART3_BasicTest_5states_sfun_registry.obj
 0001:000070b0       _mdl_terminate_processing  100080b0 f   CART3_BasicTest_5states_sfun_registry.obj
 0001:00007120       _mdlInitializeSampleTimes  10008120 f   CART3_BasicTest_5states_sfun_registry.obj
 0001:00007140       _mdlZeroCrossings          10008140 f   CART3_BasicTest_5states_sfun_registry.obj
 0001:00007160       _mdl_zeroCrossings_processing 10008160 f   CART3_BasicTest_5states_sfun_registry.obj
 0001:00007190       _mdlDerivatives            10008190 f   CART3_BasicTest_5states_sfun_registry.obj
 0001:000071b0       _mdl_derivatives_processing 100081b0 f   CART3_BasicTest_5states_sfun_registry.obj
 0001:000071f0       _mdlInitializeConditions   100081f0 f   CART3_BasicTest_5states_sfun_registry.obj
 0001:00007210       _mdl_initialize_conditions_processing 10008210 f   CART3_BasicTest_5states_sfun_registry.obj
 0001:00007250       _mdlEnable                 10008250 f   CART3_BasicTest_5states_sfun_registry.obj
 0001:00007270       _mdl_enable_processing     10008270 f   CART3_BasicTest_5states_sfun_registry.obj
 0001:000072a0       _mdlDisable                100082a0 f   CART3_BasicTest_5states_sfun_registry.obj
 0001:000072c0       _mdl_disable_processing    100082c0 f   CART3_BasicTest_5states_sfun_registry.obj
 0001:000072f0       _mdlOutputs                100082f0 f   CART3_BasicTest_5states_sfun_registry.obj
 0001:00007310       _mdl_outputs_processing    10008310 f   CART3_BasicTest_5states_sfun_registry.obj
 0001:000073e0       _mdl_outputs_continuous_legacy 100083e0 f   CART3_BasicTest_5states_sfun_registry.obj
 0001:000074b0       _mdlGetTimeOfNextVarHit    100084b0 f   CART3_BasicTest_5states_sfun_registry.obj
 0001:000074f0       __ProcessMexSfunctionCmdLineCall 100084f0 f   CART3_BasicTest_5states_sfun_registry.obj
 0001:00007b10       _mdlSetWorkWidths          10008b10 f   CART3_BasicTest_5states_sfun_registry.obj
 0001:00007b30       _mdlProcessParameters      10008b30 f   CART3_BasicTest_5states_sfun_registry.obj
 0001:00007b50       _mdlInitializeSizes        10008b50 f   CART3_BasicTest_5states_sfun_registry.obj
 0001:00007b70       _mdlExtModeExec            10008b70 f   CART3_BasicTest_5states_sfun_registry.obj
 0001:00007b90       _mdl_ext_mode_exec_processing 10008b90 f   CART3_BasicTest_5states_sfun_registry.obj
 0001:00007bd0       _mdlRTW                    10008bd0 f   CART3_BasicTest_5states_sfun_registry.obj
 0001:00007c00       __CreateSimStruct          10008c00 f   CART3_BasicTest_5states_sfun_registry.obj
 0001:00007d30       __RegNumInputPortsCB       10008d30 f   CART3_BasicTest_5states_sfun_registry.obj
 0001:00007d90       __RegNumOutputPortsCB      10008d90 f   CART3_BasicTest_5states_sfun_registry.obj
 0001:00008229       _pre_c_init                10009229 f   MSVCRT:crtdll.obj
 0001:00008481       ___DllMainCRTStartup       10009481 f   MSVCRT:crtdll.obj
