 CART3_BasicTest_3states_sfun

 Timestamp is 59c60d7a (Sat Sep 23 15:30:02 2017)

 Preferred load address is 10000000

 Start         Length     Name                   Class
 0001:00000000 00011ec4H .text                   CODE
 0002:00000000 00000218H .idata$5                DATA
 0002:00000218 00000004H .CRT$XCA                DATA
 0002:0000021c 00000004H .CRT$XCZ                DATA
 0002:00000220 00000004H .CRT$XIA                DATA
 0002:00000224 00000004H .CRT$XIAA               DATA
 0002:00000228 00000004H .CRT$XIC                DATA
 0002:0000022c 00000004H .CRT$XIZ                DATA
 0002:00000230 00000660H .rdata                  DATA
 0002:00000890 00000004H .rtc$IAA                DATA
 0002:00000894 00000004H .rtc$IZZ                DATA
 0002:00000898 00000004H .rtc$TAA                DATA
 0002:0000089c 00000004H .rtc$TZZ                DATA
 0002:000008a0 00000064H .xdata$x                DATA
 0002:00000904 00000078H .idata$2                DATA
 0002:0000097c 00000014H .idata$3                DATA
 0002:00000990 00000218H .idata$4                DATA
 0002:00000ba8 00000b8cH .idata$6                DATA
 0002:00001740 00000062H .edata                  DATA
 0003:00000000 000032a0H .data                   DATA
 0003:000032a0 00000478H .bss                    DATA

  Address         Publics by Value              Rva+Base       Lib:Object

 0000:00000000       __except_list              00000000     <absolute>
 0000:00000000       ___safe_se_handler_count   00000000     <absolute>
 0000:00000000       ___safe_se_handler_table   00000000     <absolute>
 0000:00009876       __fltused                  00009876     <absolute>
 0000:00009876       __ldused                   00009876     <absolute>
 0000:00000000       ___ImageBase               10000000     <linker-defined>
 0001:00000000       _CART3_BasicTest_3states_initializer 10001000 f   CART3_BasicTest_3states_sfun.obj
 0001:00000010       _CART3_BasicTest_3states_terminator 10001010 f   CART3_BasicTest_3states_sfun.obj
 0001:00000020       _sf_CART3_BasicTest_3states_method_dispatcher 10001020 f   CART3_BasicTest_3states_sfun.obj
 0001:000000d0       _sf_CART3_BasicTest_3states_process_check_sum_call 100010d0 f   CART3_BasicTest_3states_sfun.obj
 0001:000004e0       _sf_CART3_BasicTest_3states_autoinheritance_info 100014e0 f   CART3_BasicTest_3states_sfun.obj
 0001:00000710       _sf_CART3_BasicTest_3states_get_eml_resolved_functions_info 10001710 f   CART3_BasicTest_3states_sfun.obj
 0001:000008d0       _sf_CART3_BasicTest_3states_third_party_uses_info 100018d0 f   CART3_BasicTest_3states_sfun.obj
 0001:00000ac0       _sf_CART3_BasicTest_3states_updateBuildInfo_args_info 10001ac0 f   CART3_BasicTest_3states_sfun.obj
 0001:00000cb0       _CART3_BasicTest_3states_debug_initialize 10001cb0 f   CART3_BasicTest_3states_sfun.obj
 0001:00000d10       _CART3_BasicTest_3states_register_exported_symbols 10001d10 f   CART3_BasicTest_3states_sfun.obj
 0001:00000d20       _load_CART3_BasicTest_3states_optimization_info 10001d20 f   CART3_BasicTest_3states_sfun.obj
 0001:00000d60       _unload_CART3_BasicTest_3states_optimization_info 10001d60 f   CART3_BasicTest_3states_sfun.obj
 0001:000015b1       _sf_c1_CART3_BasicTest_3states_get_eml_resolved_functions_info 100025b1 f   c1_CART3_BasicTest_3states.obj
 0001:000026c0       _sf_c1_CART3_BasicTest_3states_get_check_sum 100036c0 f   c1_CART3_BasicTest_3states.obj
 0001:00002737       _sf_c1_CART3_BasicTest_3states_get_autoinheritance_info 10003737 f   c1_CART3_BasicTest_3states.obj
 0001:00002a30       _sf_c1_CART3_BasicTest_3states_third_party_uses_info 10003a30 f   c1_CART3_BasicTest_3states.obj
 0001:00002a4a       _sf_c1_CART3_BasicTest_3states_updateBuildInfo_args_info 10003a4a f   c1_CART3_BasicTest_3states.obj
 0001:00002f62       _sf_internal_get_sim_state_c1_CART3_BasicTest_3states 10003f62 f   c1_CART3_BasicTest_3states.obj
 0001:00003049       _sf_internal_set_sim_state_c1_CART3_BasicTest_3states 10004049 f   c1_CART3_BasicTest_3states.obj
 0001:00003797       _c1_CART3_BasicTest_3states_method_dispatcher 10004797 f   c1_CART3_BasicTest_3states.obj
 0001:00004186       _sf_c2_CART3_BasicTest_3states_get_eml_resolved_functions_info 10005186 f   c2_CART3_BasicTest_3states.obj
 0001:000043a0       _sf_c2_CART3_BasicTest_3states_get_check_sum 100053a0 f   c2_CART3_BasicTest_3states.obj
 0001:00004417       _sf_c2_CART3_BasicTest_3states_get_autoinheritance_info 10005417 f   c2_CART3_BasicTest_3states.obj
 0001:00004710       _sf_c2_CART3_BasicTest_3states_third_party_uses_info 10005710 f   c2_CART3_BasicTest_3states.obj
 0001:0000472a       _sf_c2_CART3_BasicTest_3states_updateBuildInfo_args_info 1000572a f   c2_CART3_BasicTest_3states.obj
 0001:00004cb2       _sf_internal_get_sim_state_c2_CART3_BasicTest_3states 10005cb2 f   c2_CART3_BasicTest_3states.obj
 0001:00004d99       _sf_internal_set_sim_state_c2_CART3_BasicTest_3states 10005d99 f   c2_CART3_BasicTest_3states.obj
 0001:000054e7       _c2_CART3_BasicTest_3states_method_dispatcher 100064e7 f   c2_CART3_BasicTest_3states.obj
 0001:00005540       _sf_c3_CART3_BasicTest_3states_get_eml_resolved_functions_info 10006540 f   c3_CART3_BasicTest_3states.obj
 0001:00006390       _sf_c3_CART3_BasicTest_3states_get_check_sum 10007390 f   c3_CART3_BasicTest_3states.obj
 0001:000063f0       _sf_c3_CART3_BasicTest_3states_get_autoinheritance_info 100073f0 f   c3_CART3_BasicTest_3states.obj
 0001:00006700       _sf_c3_CART3_BasicTest_3states_third_party_uses_info 10007700 f   c3_CART3_BasicTest_3states.obj
 0001:00006720       _sf_c3_CART3_BasicTest_3states_updateBuildInfo_args_info 10007720 f   c3_CART3_BasicTest_3states.obj
 0001:00006740       _sf_internal_get_sim_state_c3_CART3_BasicTest_3states 10007740 f   c3_CART3_BasicTest_3states.obj
 0001:000069e0       _sf_internal_set_sim_state_c3_CART3_BasicTest_3states 100079e0 f   c3_CART3_BasicTest_3states.obj
 0001:00006cd0       _c3_CART3_BasicTest_3states_method_dispatcher 10007cd0 f   c3_CART3_BasicTest_3states.obj
 0001:000088b6       _sf_c4_CART3_BasicTest_3states_get_eml_resolved_functions_info 100098b6 f   c4_CART3_BasicTest_3states.obj
 0001:00008ad0       _sf_c4_CART3_BasicTest_3states_get_check_sum 10009ad0 f   c4_CART3_BasicTest_3states.obj
 0001:00008b47       _sf_c4_CART3_BasicTest_3states_get_autoinheritance_info 10009b47 f   c4_CART3_BasicTest_3states.obj
 0001:00008e40       _sf_c4_CART3_BasicTest_3states_third_party_uses_info 10009e40 f   c4_CART3_BasicTest_3states.obj
 0001:00008e5a       _sf_c4_CART3_BasicTest_3states_updateBuildInfo_args_info 10009e5a f   c4_CART3_BasicTest_3states.obj
 0001:000093e2       _sf_internal_get_sim_state_c4_CART3_BasicTest_3states 1000a3e2 f   c4_CART3_BasicTest_3states.obj
 0001:000094c9       _sf_internal_set_sim_state_c4_CART3_BasicTest_3states 1000a4c9 f   c4_CART3_BasicTest_3states.obj
 0001:00009c17       _c4_CART3_BasicTest_3states_method_dispatcher 1000ac17 f   c4_CART3_BasicTest_3states.obj
 0001:0000a4a1       _sf_c5_CART3_BasicTest_3states_get_eml_resolved_functions_info 1000b4a1 f   c5_CART3_BasicTest_3states.obj
 0001:0000b5b0       _sf_c5_CART3_BasicTest_3states_get_check_sum 1000c5b0 f   c5_CART3_BasicTest_3states.obj
 0001:0000b627       _sf_c5_CART3_BasicTest_3states_get_autoinheritance_info 1000c627 f   c5_CART3_BasicTest_3states.obj
 0001:0000b920       _sf_c5_CART3_BasicTest_3states_third_party_uses_info 1000c920 f   c5_CART3_BasicTest_3states.obj
 0001:0000b93a       _sf_c5_CART3_BasicTest_3states_updateBuildInfo_args_info 1000c93a f   c5_CART3_BasicTest_3states.obj
 0001:0000be52       _sf_internal_get_sim_state_c5_CART3_BasicTest_3states 1000ce52 f   c5_CART3_BasicTest_3states.obj
 0001:0000bf39       _sf_internal_set_sim_state_c5_CART3_BasicTest_3states 1000cf39 f   c5_CART3_BasicTest_3states.obj
 0001:0000c687       _c5_CART3_BasicTest_3states_method_dispatcher 1000d687 f   c5_CART3_BasicTest_3states.obj
 0001:0000c6e0       _sf_process_check_sum_call 1000d6e0 f   CART3_BasicTest_3states_sfun_registry.obj
 0001:0000c710       _sf_process_autoinheritance_call 1000d710 f   CART3_BasicTest_3states_sfun_registry.obj
 0001:0000c850       _sf_process_get_third_party_uses_info_call 1000d850 f   CART3_BasicTest_3states_sfun_registry.obj
 0001:0000c990       _sf_process_get_updateBuildInfo_args_info_call 1000d990 f   CART3_BasicTest_3states_sfun_registry.obj
 0001:0000cad0       _sf_process_get_eml_resolved_functions_info_call 1000dad0 f   CART3_BasicTest_3states_sfun_registry.obj
 0001:0000cbf0       _sf_mex_unlock_call        1000dbf0 f   CART3_BasicTest_3states_sfun_registry.obj
 0001:0000cc80       _sf_machine_global_initializer_called 1000dc80 f   CART3_BasicTest_3states_sfun_registry.obj
 0001:0000cca0       _sf_machine_global_method_dispatcher 1000dca0 f   CART3_BasicTest_3states_sfun_registry.obj
 0001:0000cce0       _sf_machine_global_terminator 1000dce0 f   CART3_BasicTest_3states_sfun_registry.obj
 0001:0000cd20       _sf_register_machine_exported_symbols 1000dd20 f   CART3_BasicTest_3states_sfun_registry.obj
 0001:0000cd40       _callCustomFcn             1000dd40 f   CART3_BasicTest_3states_sfun_registry.obj
 0001:0000cd50       _sf_machine_global_initializer 1000dd50 f   CART3_BasicTest_3states_sfun_registry.obj
 0001:0000cdc0       _mdlGetSimState            1000ddc0 f   CART3_BasicTest_3states_sfun_registry.obj
 0001:0000ce20       _mdlSetSimState            1000de20 f   CART3_BasicTest_3states_sfun_registry.obj
 0001:0000ce50       __ssSetStateAbsTol         1000de50 f   CART3_BasicTest_3states_sfun_registry.obj
 0001:0000cef0       __ssGetAbsTol              1000def0 f   CART3_BasicTest_3states_sfun_registry.obj
 0001:0000cf40       __ssSetInputPortMatrixDimensions 1000df40 f   CART3_BasicTest_3states_sfun_registry.obj
 0001:0000cff0       __ssSetOutputPortMatrixDimensions 1000dff0 f   CART3_BasicTest_3states_sfun_registry.obj
 0001:0000d0a0       __ssSetInputPortVectorDimension 1000e0a0 f   CART3_BasicTest_3states_sfun_registry.obj
 0001:0000d120       __ssSetOutputPortVectorDimension 1000e120 f   CART3_BasicTest_3states_sfun_registry.obj
 0001:0000d1a0       _ssIsRunTimeParamTunable   1000e1a0 f   CART3_BasicTest_3states_sfun_registry.obj
 0001:0000d200       _ssGetSFuncBlockHandle     1000e200 f   CART3_BasicTest_3states_sfun_registry.obj
 0001:0000d250       __ssGetCurrentInputPortWidth 1000e250 f   CART3_BasicTest_3states_sfun_registry.obj
 0001:0000d320       __ssGetCurrentOutputPortWidth 1000e320 f   CART3_BasicTest_3states_sfun_registry.obj
 0001:0000d3f0       __ssGetCallSystemNumFcnCallDestinations 1000e3f0 f   CART3_BasicTest_3states_sfun_registry.obj
 0001:0000d450       _ssWarning                 1000e450 f   CART3_BasicTest_3states_sfun_registry.obj
 0001:0000d530       _ssGetIsZeroCrossControlDisabled 1000e530 f   CART3_BasicTest_3states_sfun_registry.obj
 0001:0000d590       _ssSetIsInputPortUsedForContZcSignal 1000e590 f   CART3_BasicTest_3states_sfun_registry.obj
 0001:0000d5e0       _ssSetZcSignalIsZcElementDisc 1000e5e0 f   CART3_BasicTest_3states_sfun_registry.obj
 0001:0000d660       _ssSetZcSignalName         1000e660 f   CART3_BasicTest_3states_sfun_registry.obj
 0001:0000d6b0       _ssSetZcSignalWidth        1000e6b0 f   CART3_BasicTest_3states_sfun_registry.obj
 0001:0000d700       _ssSetZcSignalZcEventType  1000e700 f   CART3_BasicTest_3states_sfun_registry.obj
 0001:0000d750       _ssSetZcSignalType         1000e750 f   CART3_BasicTest_3states_sfun_registry.obj
 0001:0000d7a0       _ssSetZcSignalZcTol        1000e7a0 f   CART3_BasicTest_3states_sfun_registry.obj
 0001:0000d7f0       _ssSetZcSignalNeedsEventNotification 1000e7f0 f   CART3_BasicTest_3states_sfun_registry.obj
 0001:0000d840       _ssCreateAndAddZcSignalInfo 1000e840 f   CART3_BasicTest_3states_sfun_registry.obj
 0001:0000d8a0       _ssCloneAndAddZcSignalInfo 1000e8a0 f   CART3_BasicTest_3states_sfun_registry.obj
 0001:0000d900       _ssGetNumZcSignals         1000e900 f   CART3_BasicTest_3states_sfun_registry.obj
 0001:0000d960       _ssGetZcSignalVector       1000e960 f   CART3_BasicTest_3states_sfun_registry.obj
 0001:0000d9c0       _ssGetZcSignalZcEvents     1000e9c0 f   CART3_BasicTest_3states_sfun_registry.obj
 0001:0000da20       _ssGetZcSignalName         1000ea20 f   CART3_BasicTest_3states_sfun_registry.obj
 0001:0000da80       _ssGetZcSignalWidth        1000ea80 f   CART3_BasicTest_3states_sfun_registry.obj
 0001:0000dae0       _ssGetZcSignalZcEventType  1000eae0 f   CART3_BasicTest_3states_sfun_registry.obj
 0001:0000db40       _ssGetZcSignalType         1000eb40 f   CART3_BasicTest_3states_sfun_registry.obj
 0001:0000dba0       _ssGetZcSignalZcTol        1000eba0 f   CART3_BasicTest_3states_sfun_registry.obj
 0001:0000dc00       _ssGetZcSignalNeedsEventNotification 1000ec00 f   CART3_BasicTest_3states_sfun_registry.obj
 0001:0000dc60       _ssGetZcSignalIsZcElementDisc 1000ec60 f   CART3_BasicTest_3states_sfun_registry.obj
 0001:0000dce0       _ssGetIsInputPortElementContinuous 1000ece0 f   CART3_BasicTest_3states_sfun_registry.obj
 0001:0000dd60       __ssGetInputPortSignalPtrsFcn 1000ed60 f   CART3_BasicTest_3states_sfun_registry.obj
 0001:0000df60       __ssGetInputPortSignalFcn  1000ef60 f   CART3_BasicTest_3states_sfun_registry.obj
 0001:0000e0f0       __ssSetInputPortDirectFeedThroughFcn 1000f0f0 f   CART3_BasicTest_3states_sfun_registry.obj
 0001:0000e220       __ssSetInputPortReusableFcn 1000f220 f   CART3_BasicTest_3states_sfun_registry.obj
 0001:0000e2b0       __ssSetOutputPortReusableFcn 1000f2b0 f   CART3_BasicTest_3states_sfun_registry.obj
 0001:0000e340       _ssGetDTypeIdFromMxArray   1000f340 f   CART3_BasicTest_3states_sfun_registry.obj
 0001:0000e430       _ssWriteRTWStr             1000f430 f   CART3_BasicTest_3states_sfun_registry.obj
 0001:0000e470       _ssWriteRTWMxVectParam     1000f470 f   CART3_BasicTest_3states_sfun_registry.obj
 0001:0000e4b0       _ssWriteRTWMx2dMatParam    1000f4b0 f   CART3_BasicTest_3states_sfun_registry.obj
 0001:0000e4f0       _ssWriteRTWNameValuePair   1000f4f0 f   CART3_BasicTest_3states_sfun_registry.obj
 0001:0000e860       _ssWriteRTWParameters      1000f860 f   CART3_BasicTest_3states_sfun_registry.obj
 0001:0000ec00       _ssWriteRTWParamSettings   1000fc00 f   CART3_BasicTest_3states_sfun_registry.obj
 0001:0000f0b0       _ssWriteRTWWorkVect        100100b0 f   CART3_BasicTest_3states_sfun_registry.obj
 0001:0000f440       _mexFunction               10010440 f   CART3_BasicTest_3states_sfun_registry.obj
 0001:00011190       _ProcessMexSfunctionEveryCall 10012190 f   CART3_BasicTest_3states_sfun_registry.obj
 0001:000112ae       _sf_debug_set_machine_data_thresholds 100122ae f   sf_runtime:sf_runtime.dll
 0001:000112b4       _sf_debug_set_machine_event_thresholds 100122b4 f   sf_runtime:sf_runtime.dll
 0001:000112ba       _sf_debug_initialize_machine 100122ba f   sf_runtime:sf_runtime.dll
 0001:000112c0       _sf_load_rtw_optimization_info 100122c0 f   sf_runtime:sf_runtime.dll
 0001:000112c6       _sf_get_time               100122c6 f   sf_runtime:sf_runtime.dll
 0001:000112cc       _sf_mex_createcellmatrix   100122cc f   sf_runtime:sf_runtime.dll
 0001:000112d2       _sf_mex_assign             100122d2 f   sf_runtime:sf_runtime.dll
 0001:000112d8       _sf_mex_create             100122d8 f   sf_runtime:sf_runtime.dll
 0001:000112de       _sf_mex_setcell            100122de f   sf_runtime:sf_runtime.dll
 0001:000112e4       _sf_mex_dup                100122e4 f   sf_runtime:sf_runtime.dll
 0001:000112ea       _sf_mex_getcell            100122ea f   sf_runtime:sf_runtime.dll
 0001:000112f0       _sf_mex_destroy            100122f0 f   sf_runtime:sf_runtime.dll
 0001:000112f6       _sf_debug_symbol_scope_push 100122f6 f   sf_runtime:sf_runtime.dll
 0001:000112fc       _sf_debug_call             100122fc f   sf_runtime:sf_runtime.dll
 0001:00011302       _sf_debug_data_range_wrapper 10012302 f   sf_runtime:sf_runtime.dll
 0001:00011308       _sf_debug_symbol_scope_push_eml 10012308 f   sf_runtime:sf_runtime.dll
 0001:0001130e       _sf_debug_symbol_scope_add_eml 1001230e f   sf_runtime:sf_runtime.dll
 0001:00011314       _sf_debug_symbol_scope_add_eml_importable 10012314 f   sf_runtime:sf_runtime.dll
 0001:0001131a       _cv_eml_eval               1001231a f   sf_runtime:sf_runtime.dll
 0001:00011320       _eml_debug_line_call       10012320 f   sf_runtime:sf_runtime.dll
 0001:00011326       _sf_debug_symbol_scope_pop 10012326 f   sf_runtime:sf_runtime.dll
 0001:0001132c       _sf_debug_check_for_state_inconsistency 1001232c f   sf_runtime:sf_runtime.dll
 0001:00011332       _sf_mex_import             10012332 f   sf_runtime:sf_runtime.dll
 0001:00011338       _sf_mex_createstruct       10012338 f   sf_runtime:sf_runtime.dll
 0001:0001133e       _sf_mex_emlrtNameCapturePostProcessR2012a 1001233e f   sf_runtime:sf_runtime.dll
 0001:00011344       _sf_mex_addfield           10012344 f   sf_runtime:sf_runtime.dll
 0001:0001134a       _sf_mex_duplicatearraysafe 1001234a f   sf_runtime:sf_runtime.dll
 0001:00011350       _sf_mex_decode_encoded_mx_struct_array 10012350 f   sf_runtime:sf_runtime.dll
 0001:00011356       _sim_mode_is_rtw_gen       10012356 f   sf_runtime:sf_runtime.dll
 0001:0001135c       _sf_debug_initialize_chart 1001235c f   sf_runtime:sf_runtime.dll
 0001:00011362       _sf_debug_set_chart_disable_implicit_casting 10012362 f   sf_runtime:sf_runtime.dll
 0001:00011368       _sf_debug_set_chart_event_thresholds 10012368 f   sf_runtime:sf_runtime.dll
 0001:0001136e       _sf_debug_set_chart_data_props 1001236e f   sf_runtime:sf_runtime.dll
 0001:00011374       _sf_debug_set_chart_state_info 10012374 f   sf_runtime:sf_runtime.dll
 0001:0001137a       _sf_debug_set_chart_substate_count 1001237a f   sf_runtime:sf_runtime.dll
 0001:00011380       _sf_debug_set_chart_decomposition 10012380 f   sf_runtime:sf_runtime.dll
 0001:00011386       _sf_debug_cv_init_chart    10012386 f   sf_runtime:sf_runtime.dll
 0001:0001138c       _sf_debug_cv_init_state    1001238c f   sf_runtime:sf_runtime.dll
 0001:00011392       _sf_debug_cv_init_trans    10012392 f   sf_runtime:sf_runtime.dll
 0001:00011398       _cv_eml_init_script        10012398 f   sf_runtime:sf_runtime.dll
 0001:0001139e       _cv_eml_init_fcn           1001239e f   sf_runtime:sf_runtime.dll
 0001:000113a4       _sf_debug_set_chart_data_compiled_props 100123a4 f   sf_runtime:sf_runtime.dll
 0001:000113aa       _sf_debug_set_instance_data_value_ptr 100123aa f   sf_runtime:sf_runtime.dll
 0001:000113b0       _sf_debug_reset_current_state_configuration 100123b0 f   sf_runtime:sf_runtime.dll
 0001:000113b6       _sf_mex_call_matlab        100123b6 f   sf_runtime:sf_runtime.dll
 0001:000113bc       _sf_mex_error_message      100123bc f   sf_runtime:sf_runtime.dll
 0001:000113c2       _sim_mode_is_external      100123c2 f   sf_runtime:sf_runtime.dll
 0001:000113c8       _sf_clear_rtw_identifier   100123c8 f   sf_runtime:sf_runtime.dll
 0001:000113ce       _sf_is_chart_inlinable     100123ce f   sf_runtime:sf_runtime.dll
 0001:000113d4       _sf_rtw_info_uint_prop     100123d4 f   sf_runtime:sf_runtime.dll
 0001:000113da       _sf_update_buildInfo       100123da f   sf_runtime:sf_runtime.dll
 0001:000113e0       _sf_mark_chart_expressionable_inputs 100123e0 f   sf_runtime:sf_runtime.dll
 0001:000113e6       _sf_mark_chart_reusable_outputs 100123e6 f   sf_runtime:sf_runtime.dll
 0001:000113ec       _sf_set_rtw_dwork_info     100123ec f   sf_runtime:sf_runtime.dll
 0001:000113f2       _cv_eml_init_if            100123f2 f   sf_runtime:sf_runtime.dll
 0001:000113f8       _cv_eml_init_mcdc          100123f8 f   sf_runtime:sf_runtime.dll
 0001:000113fe       _sf_debug_terminate        100123fe f   sf_runtime:sf_runtime.dll
 0001:00011404       _sf_debug_create_debug_instance_struct 10012404 f   sf_runtime:sf_runtime.dll
 0001:0001140a       _sf_debug_api              1001240a f   sf_runtime:sf_runtime.dll
 0001:00011410       _callMdlMethodAndReportError 10012410 f   sf_runtime:sf_runtime.dll
 0001:00011416       _call_sf_machine_global_method_dispatcher 10012416 f   sf_runtime:sf_runtime.dll
 0001:0001141c       _sf_clear_error_manager_info 1001241c f   sf_runtime:sf_runtime.dll
 0001:00011422       _sf_mex_error_direct_call  10012422 f   sf_runtime:sf_runtime.dll
 0001:00011428       _mxGetScalar               10012428 f   libmx:libmx.dll
 0001:0001142e       _mxGetPr                   1001242e f   libmx:libmx.dll
 0001:00011434       _mxCreateDoubleMatrix_730  10012434 f   libmx:libmx.dll
 0001:0001143a       _mxGetString_730           1001243a f   libmx:libmx.dll
 0001:00011440       _mxIsChar                  10012440 f   libmx:libmx.dll
 0001:00011446       _mxDestroyArray            10012446 f   libmx:libmx.dll
 0001:0001144c       _mxDuplicateArray          1001244c f   libmx:libmx.dll
 0001:00011452       _mxCreateStructMatrix_730  10012452 f   libmx:libmx.dll
 0001:00011458       _mxCreateString            10012458 f   libmx:libmx.dll
 0001:0001145e       _mxSetField_730            1001245e f   libmx:libmx.dll
 0001:00011464       _mxCreateDoubleScalar      10012464 f   libmx:libmx.dll
 0001:0001146a       _mxCreateCellMatrix_730    1001246a f   libmx:libmx.dll
 0001:00011470       _mxGetClassID              10012470 f   libmx:libmx.dll
 0001:00011476       _mxIsNumeric               10012476 f   libmx:libmx.dll
 0001:0001147c       _mxIsComplex               1001247c f   libmx:libmx.dll
 0001:00011482       _mxGetN                    10012482 f   libmx:libmx.dll
 0001:00011488       _mxGetM                    10012488 f   libmx:libmx.dll
 0001:0001148e       _mxCalloc                  1001248e f   libmx:libmx.dll
 0001:00011494       _mexMakeArrayPersistent    10012494 f   libmex:libmex.dll
 0001:0001149a       _mexUnlock                 1001249a f   libmex:libmex.dll
 0001:000114a0       _mexIsLocked               100124a0 f   libmex:libmex.dll
 0001:000114a6       _mexWarnMsgTxt             100124a6 f   libmex:libmex.dll
 0001:000114ac       _mexCallMATLAB             100124ac f   libmex:libmex.dll
 0001:000114b2       _mexErrMsgTxt              100124b2 f   libmex:libmex.dll
 0001:000114b8       _mexLock                   100124b8 f   libmex:libmex.dll
 0001:000114be       _utFree                    100124be f   libut:libut.dll
 0001:000114c4       _utMalloc                  100124c4 f   libut:libut.dll
 0001:000114ca       _strcmp                    100124ca f   MSVCRT:MSVCR100.dll
 0001:000114d0       @__security_check_cookie@4 100124d0 f   MSVCRT:secchk.obj
 0001:000114e0       _strlen                    100124e0 f   MSVCRT:MSVCR100.dll
 0001:000114e6       _memset                    100124e6 f   MSVCRT:MSVCR100.dll
 0001:000114ec       _free                      100124ec f   MSVCRT:MSVCR100.dll
 0001:000114f2       _sprintf                   100124f2 f   MSVCRT:MSVCR100.dll
 0001:000114f8       _malloc                    100124f8 f   MSVCRT:MSVCR100.dll
 0001:000114fe       _strcat                    100124fe f   MSVCRT:MSVCR100.dll
 0001:00011510       __ftol2_sse                10012510 f   MSVCRT:ftol2.obj
 0001:00011519       __ftol2_pentium4           10012519 f   MSVCRT:ftol2.obj
 0001:0001152c       __ftol2_sse_excpt          1001252c f   MSVCRT:ftol2.obj
 0001:00011546       __ftol2                    10012546 f   MSVCRT:ftol2.obj
 0001:000115bc       _memcpy                    100125bc f   MSVCRT:MSVCR100.dll
 0001:000115c2       _NtCurrentTeb              100125c2 f i MSVCRT:crtdll.obj
 0001:00011617       __CRT_INIT@12              10012617 f   MSVCRT:crtdll.obj
 0001:00011937       __DllMainCRTStartup@12     10012937 f   MSVCRT:crtdll.obj
 0001:0001195a       ___report_gsfailure        1001295a f   MSVCRT:gs_report.obj
 0001:00011a60       ___sse2_available_init     10012a60 f   MSVCRT:cpu_disp.obj
 0001:00011a70       ___clean_type_info_names   10012a70 f   MSVCRT:tncleanup.obj
 0001:00011a7c       __onexit                   10012a7c f   MSVCRT:atonexit.obj
 0001:00011b1d       _atexit                    10012b1d f   MSVCRT:atonexit.obj
 0001:00011b34       __RTC_Initialize           10012b34 f   MSVCRT:_initsect_.obj
 0001:00011b5a       __RTC_Terminate            10012b5a f   MSVCRT:_initsect_.obj
 0001:00011b80       __malloc_crt               10012b80 f   MSVCRT:MSVCR100.dll
 0001:00011b86       __encoded_null             10012b86 f   MSVCRT:MSVCR100.dll
 0001:00011b90       __ValidateImageBase        10012b90 f   MSVCRT:pesect.obj
 0001:00011bd0       __FindPESection            10012bd0 f   MSVCRT:pesect.obj
 0001:00011c20       __IsNonwritableInCurrentImage 10012c20 f   MSVCRT:pesect.obj
 0001:00011cdc       __initterm                 10012cdc f   MSVCRT:MSVCR100.dll
 0001:00011ce2       __initterm_e               10012ce2 f   MSVCRT:MSVCR100.dll
 0001:00011ce8       __amsg_exit                10012ce8 f   MSVCRT:MSVCR100.dll
 0001:00011cee       ___CppXcptFilter           10012cee f   MSVCRT:MSVCR100.dll
 0001:00011cf4       _DllMain@12                10012cf4 f   MSVCRT:dllmain.obj
 0001:00011d20       __SEH_prolog4              10012d20 f   MSVCRT:sehprolg4.obj
 0001:00011d65       __SEH_epilog4              10012d65 f   MSVCRT:sehprolg4.obj
 0001:00011d79       __except_handler4          10012d79 f   MSVCRT:chandler4gs.obj
 0001:00011d9e       ___security_init_cookie    10012d9e f   MSVCRT:gs_support.obj
 0001:00011e3a       __crt_debugger_hook        10012e3a f   MSVCRT:MSVCR100.dll
 0001:00011e40       ___clean_type_info_names_internal 10012e40 f   MSVCRT:MSVCR100.dll
 0001:00011e46       __unlock                   10012e46 f   MSVCRT:MSVCR100.dll
 0001:00011e4c       ___dllonexit               10012e4c f   MSVCRT:MSVCR100.dll
 0001:00011e52       __lock                     10012e52 f   MSVCRT:MSVCR100.dll
 0001:00011e58       __except_handler4_common   10012e58 f   MSVCRT:MSVCR100.dll
 0001:00011e5e       _EncodePointer@4           10012e5e f   kernel32:KERNEL32.dll
 0001:00011e64       _DecodePointer@4           10012e64 f   kernel32:KERNEL32.dll
 0001:00011e6a       _InterlockedExchange@8     10012e6a f   kernel32:KERNEL32.dll
 0001:00011e70       _Sleep@4                   10012e70 f   kernel32:KERNEL32.dll
 0001:00011e76       _InterlockedCompareExchange@12 10012e76 f   kernel32:KERNEL32.dll
 0001:00011e7c       _TerminateProcess@8        10012e7c f   kernel32:KERNEL32.dll
 0001:00011e82       _GetCurrentProcess@0       10012e82 f   kernel32:KERNEL32.dll
 0001:00011e88       _UnhandledExceptionFilter@4 10012e88 f   kernel32:KERNEL32.dll
 0001:00011e8e       _SetUnhandledExceptionFilter@4 10012e8e f   kernel32:KERNEL32.dll
 0001:00011e94       _IsDebuggerPresent@0       10012e94 f   kernel32:KERNEL32.dll
 0001:00011e9a       _IsProcessorFeaturePresent@4 10012e9a f   kernel32:KERNEL32.dll
 0001:00011ea0       _DisableThreadLibraryCalls@4 10012ea0 f   kernel32:KERNEL32.dll
 0001:00011ea6       _QueryPerformanceCounter@4 10012ea6 f   kernel32:KERNEL32.dll
 0001:00011eac       _GetTickCount@0            10012eac f   kernel32:KERNEL32.dll
 0001:00011eb2       _GetCurrentThreadId@0      10012eb2 f   kernel32:KERNEL32.dll
 0001:00011eb8       _GetCurrentProcessId@0     10012eb8 f   kernel32:KERNEL32.dll
 0001:00011ebe       _GetSystemTimeAsFileTime@4 10012ebe f   kernel32:KERNEL32.dll
 0002:00000000       __imp__GetSystemTimeAsFileTime@4 10013000     kernel32:KERNEL32.dll
 0002:00000004       __imp__GetCurrentProcessId@0 10013004     kernel32:KERNEL32.dll
 0002:00000008       __imp__GetCurrentThreadId@0 10013008     kernel32:KERNEL32.dll
 0002:0000000c       __imp__GetTickCount@0      1001300c     kernel32:KERNEL32.dll
 0002:00000010       __imp__QueryPerformanceCounter@4 10013010     kernel32:KERNEL32.dll
 0002:00000014       __imp__DisableThreadLibraryCalls@4 10013014     kernel32:KERNEL32.dll
 0002:00000018       __imp__IsProcessorFeaturePresent@4 10013018     kernel32:KERNEL32.dll
 0002:0000001c       __imp__IsDebuggerPresent@0 1001301c     kernel32:KERNEL32.dll
 0002:00000020       __imp__SetUnhandledExceptionFilter@4 10013020     kernel32:KERNEL32.dll
 0002:00000024       __imp__UnhandledExceptionFilter@4 10013024     kernel32:KERNEL32.dll
 0002:00000028       __imp__GetCurrentProcess@0 10013028     kernel32:KERNEL32.dll
 0002:0000002c       __imp__TerminateProcess@8  1001302c     kernel32:KERNEL32.dll
 0002:00000030       __imp__InterlockedCompareExchange@12 10013030     kernel32:KERNEL32.dll
 0002:00000034       __imp__Sleep@4             10013034     kernel32:KERNEL32.dll
 0002:00000038       __imp__InterlockedExchange@8 10013038     kernel32:KERNEL32.dll
 0002:0000003c       __imp__DecodePointer@4     1001303c     kernel32:KERNEL32.dll
 0002:00000040       __imp__EncodePointer@4     10013040     kernel32:KERNEL32.dll
 0002:00000044       \177KERNEL32_NULL_THUNK_DATA 10013044     kernel32:KERNEL32.dll
 0002:00000048       __imp___except_handler4_common 10013048     MSVCRT:MSVCR100.dll
 0002:0000004c       __imp___onexit             1001304c     MSVCRT:MSVCR100.dll
 0002:00000050       __imp___lock               10013050     MSVCRT:MSVCR100.dll
 0002:00000054       __imp____dllonexit         10013054     MSVCRT:MSVCR100.dll
 0002:00000058       __imp___unlock             10013058     MSVCRT:MSVCR100.dll
 0002:0000005c       __imp____clean_type_info_names_internal 1001305c     MSVCRT:MSVCR100.dll
 0002:00000060       __imp___crt_debugger_hook  10013060     MSVCRT:MSVCR100.dll
 0002:00000064       __imp____CppXcptFilter     10013064     MSVCRT:MSVCR100.dll
 0002:00000068       __imp___amsg_exit          10013068     MSVCRT:MSVCR100.dll
 0002:0000006c       __imp___initterm_e         1001306c     MSVCRT:MSVCR100.dll
 0002:00000070       __imp___initterm           10013070     MSVCRT:MSVCR100.dll
 0002:00000074       __imp___encoded_null       10013074     MSVCRT:MSVCR100.dll
 0002:00000078       __imp___malloc_crt         10013078     MSVCRT:MSVCR100.dll
 0002:0000007c       __imp__memcpy              1001307c     MSVCRT:MSVCR100.dll
 0002:00000080       __imp__strcat              10013080     MSVCRT:MSVCR100.dll
 0002:00000084       __imp__malloc              10013084     MSVCRT:MSVCR100.dll
 0002:00000088       __imp__sprintf             10013088     MSVCRT:MSVCR100.dll
 0002:0000008c       __imp__free                1001308c     MSVCRT:MSVCR100.dll
 0002:00000090       __imp__memset              10013090     MSVCRT:MSVCR100.dll
 0002:00000094       __imp__strlen              10013094     MSVCRT:MSVCR100.dll
 0002:00000098       __imp__strcmp              10013098     MSVCRT:MSVCR100.dll
 0002:0000009c       \177MSVCR100_NULL_THUNK_DATA 1001309c     MSVCRT:MSVCR100.dll
 0002:000000a0       __imp__mexLock             100130a0     libmex:libmex.dll
 0002:000000a4       __imp__mexErrMsgTxt        100130a4     libmex:libmex.dll
 0002:000000a8       __imp__mexCallMATLAB       100130a8     libmex:libmex.dll
 0002:000000ac       __imp__mexWarnMsgTxt       100130ac     libmex:libmex.dll
 0002:000000b0       __imp__mexIsLocked         100130b0     libmex:libmex.dll
 0002:000000b4       __imp__mexUnlock           100130b4     libmex:libmex.dll
 0002:000000b8       __imp__mexMakeArrayPersistent 100130b8     libmex:libmex.dll
 0002:000000bc       \177libmex_NULL_THUNK_DATA 100130bc     libmex:libmex.dll
 0002:000000c0       __imp__mxCalloc            100130c0     libmx:libmx.dll
 0002:000000c4       __imp__mxGetM              100130c4     libmx:libmx.dll
 0002:000000c8       __imp__mxGetN              100130c8     libmx:libmx.dll
 0002:000000cc       __imp__mxIsComplex         100130cc     libmx:libmx.dll
 0002:000000d0       __imp__mxIsNumeric         100130d0     libmx:libmx.dll
 0002:000000d4       __imp__mxGetClassID        100130d4     libmx:libmx.dll
 0002:000000d8       __imp__mxCreateCellMatrix_730 100130d8     libmx:libmx.dll
 0002:000000dc       __imp__mxCreateDoubleScalar 100130dc     libmx:libmx.dll
 0002:000000e0       __imp__mxSetField_730      100130e0     libmx:libmx.dll
 0002:000000e4       __imp__mxCreateString      100130e4     libmx:libmx.dll
 0002:000000e8       __imp__mxCreateStructMatrix_730 100130e8     libmx:libmx.dll
 0002:000000ec       __imp__mxDuplicateArray    100130ec     libmx:libmx.dll
 0002:000000f0       __imp__mxDestroyArray      100130f0     libmx:libmx.dll
 0002:000000f4       __imp__mxIsChar            100130f4     libmx:libmx.dll
 0002:000000f8       __imp__mxGetString_730     100130f8     libmx:libmx.dll
 0002:000000fc       __imp__mxGetScalar         100130fc     libmx:libmx.dll
 0002:00000100       __imp__mxGetPr             10013100     libmx:libmx.dll
 0002:00000104       __imp__mxCreateDoubleMatrix_730 10013104     libmx:libmx.dll
 0002:00000108       \177libmx_NULL_THUNK_DATA  10013108     libmx:libmx.dll
 0002:0000010c       __imp__utFree              1001310c     libut:libut.dll
 0002:00000110       __imp__utMalloc            10013110     libut:libut.dll
 0002:00000114       \177libut_NULL_THUNK_DATA  10013114     libut:libut.dll
 0002:00000118       __imp__call_sf_machine_global_method_dispatcher 10013118     sf_runtime:sf_runtime.dll
 0002:0000011c       __imp__callMdlMethodAndReportError 1001311c     sf_runtime:sf_runtime.dll
 0002:00000120       __imp__sf_debug_api        10013120     sf_runtime:sf_runtime.dll
 0002:00000124       __imp__sf_debug_create_debug_instance_struct 10013124     sf_runtime:sf_runtime.dll
 0002:00000128       __imp__sf_debug_terminate  10013128     sf_runtime:sf_runtime.dll
 0002:0000012c       __imp__cv_eml_init_mcdc    1001312c     sf_runtime:sf_runtime.dll
 0002:00000130       __imp__cv_eml_init_if      10013130     sf_runtime:sf_runtime.dll
 0002:00000134       __imp__sf_set_rtw_dwork_info 10013134     sf_runtime:sf_runtime.dll
 0002:00000138       __imp__sf_mark_chart_reusable_outputs 10013138     sf_runtime:sf_runtime.dll
 0002:0000013c       __imp__sf_mark_chart_expressionable_inputs 1001313c     sf_runtime:sf_runtime.dll
 0002:00000140       __imp__sf_clear_error_manager_info 10013140     sf_runtime:sf_runtime.dll
 0002:00000144       __imp__sf_rtw_info_uint_prop 10013144     sf_runtime:sf_runtime.dll
 0002:00000148       __imp__sf_is_chart_inlinable 10013148     sf_runtime:sf_runtime.dll
 0002:0000014c       __imp__sf_clear_rtw_identifier 1001314c     sf_runtime:sf_runtime.dll
 0002:00000150       __imp__sim_mode_is_external 10013150     sf_runtime:sf_runtime.dll
 0002:00000154       __imp__sf_mex_error_message 10013154     sf_runtime:sf_runtime.dll
 0002:00000158       __imp__sf_mex_call_matlab  10013158     sf_runtime:sf_runtime.dll
 0002:0000015c       __imp__sf_debug_reset_current_state_configuration 1001315c     sf_runtime:sf_runtime.dll
 0002:00000160       __imp__sf_debug_set_instance_data_value_ptr 10013160     sf_runtime:sf_runtime.dll
 0002:00000164       __imp__sf_debug_set_chart_data_compiled_props 10013164     sf_runtime:sf_runtime.dll
 0002:00000168       __imp__cv_eml_init_fcn     10013168     sf_runtime:sf_runtime.dll
 0002:0000016c       __imp__sf_mex_error_direct_call 1001316c     sf_runtime:sf_runtime.dll
 0002:00000170       __imp__sf_update_buildInfo 10013170     sf_runtime:sf_runtime.dll
 0002:00000174       __imp__cv_eml_init_script  10013174     sf_runtime:sf_runtime.dll
 0002:00000178       __imp__sf_debug_cv_init_trans 10013178     sf_runtime:sf_runtime.dll
 0002:0000017c       __imp__sf_debug_cv_init_state 1001317c     sf_runtime:sf_runtime.dll
 0002:00000180       __imp__sf_debug_cv_init_chart 10013180     sf_runtime:sf_runtime.dll
 0002:00000184       __imp__sf_debug_set_chart_decomposition 10013184     sf_runtime:sf_runtime.dll
 0002:00000188       __imp__sf_debug_set_chart_substate_count 10013188     sf_runtime:sf_runtime.dll
 0002:0000018c       __imp__sf_debug_set_chart_state_info 1001318c     sf_runtime:sf_runtime.dll
 0002:00000190       __imp__sf_debug_set_chart_data_props 10013190     sf_runtime:sf_runtime.dll
 0002:00000194       __imp__sf_debug_set_chart_event_thresholds 10013194     sf_runtime:sf_runtime.dll
 0002:00000198       __imp__sf_debug_set_chart_disable_implicit_casting 10013198     sf_runtime:sf_runtime.dll
 0002:0000019c       __imp__sf_debug_initialize_chart 1001319c     sf_runtime:sf_runtime.dll
 0002:000001a0       __imp__sim_mode_is_rtw_gen 100131a0     sf_runtime:sf_runtime.dll
 0002:000001a4       __imp__sf_mex_decode_encoded_mx_struct_array 100131a4     sf_runtime:sf_runtime.dll
 0002:000001a8       __imp__sf_mex_duplicatearraysafe 100131a8     sf_runtime:sf_runtime.dll
 0002:000001ac       __imp__sf_mex_addfield     100131ac     sf_runtime:sf_runtime.dll
 0002:000001b0       __imp__sf_mex_emlrtNameCapturePostProcessR2012a 100131b0     sf_runtime:sf_runtime.dll
 0002:000001b4       __imp__sf_mex_createstruct 100131b4     sf_runtime:sf_runtime.dll
 0002:000001b8       __imp__sf_mex_import       100131b8     sf_runtime:sf_runtime.dll
 0002:000001bc       __imp__sf_debug_check_for_state_inconsistency 100131bc     sf_runtime:sf_runtime.dll
 0002:000001c0       __imp__sf_debug_symbol_scope_pop 100131c0     sf_runtime:sf_runtime.dll
 0002:000001c4       __imp__eml_debug_line_call 100131c4     sf_runtime:sf_runtime.dll
 0002:000001c8       __imp__cv_eml_eval         100131c8     sf_runtime:sf_runtime.dll
 0002:000001cc       __imp__sf_debug_symbol_scope_add_eml_importable 100131cc     sf_runtime:sf_runtime.dll
 0002:000001d0       __imp__sf_debug_symbol_scope_add_eml 100131d0     sf_runtime:sf_runtime.dll
 0002:000001d4       __imp__sf_debug_symbol_scope_push_eml 100131d4     sf_runtime:sf_runtime.dll
 0002:000001d8       __imp__sf_debug_data_range_wrapper 100131d8     sf_runtime:sf_runtime.dll
 0002:000001dc       __imp__sf_debug_call       100131dc     sf_runtime:sf_runtime.dll
 0002:000001e0       __imp__sf_debug_symbol_scope_push 100131e0     sf_runtime:sf_runtime.dll
 0002:000001e4       __imp__sf_mex_destroy      100131e4     sf_runtime:sf_runtime.dll
 0002:000001e8       __imp__sf_mex_getcell      100131e8     sf_runtime:sf_runtime.dll
 0002:000001ec       __imp__sf_mex_dup          100131ec     sf_runtime:sf_runtime.dll
 0002:000001f0       __imp__sf_mex_setcell      100131f0     sf_runtime:sf_runtime.dll
 0002:000001f4       __imp__sf_mex_create       100131f4     sf_runtime:sf_runtime.dll
 0002:000001f8       __imp__sf_mex_assign       100131f8     sf_runtime:sf_runtime.dll
 0002:000001fc       __imp__sf_mex_createcellmatrix 100131fc     sf_runtime:sf_runtime.dll
 0002:00000200       __imp__sf_get_time         10013200     sf_runtime:sf_runtime.dll
 0002:00000204       __imp__sf_load_rtw_optimization_info 10013204     sf_runtime:sf_runtime.dll
 0002:00000208       __imp__sf_debug_initialize_machine 10013208     sf_runtime:sf_runtime.dll
 0002:0000020c       __imp__sf_debug_set_machine_event_thresholds 1001320c     sf_runtime:sf_runtime.dll
 0002:00000210       __imp__sf_debug_set_machine_data_thresholds 10013210     sf_runtime:sf_runtime.dll
 0002:00000214       \177sf_runtime_NULL_THUNK_DATA 10013214     sf_runtime:sf_runtime.dll
 0002:00000218       ___xc_a                    10013218     MSVCRT:cinitexe.obj
 0002:0000021c       ___xc_z                    1001321c     MSVCRT:cinitexe.obj
 0002:00000220       ___xi_a                    10013220     MSVCRT:cinitexe.obj
 0002:0000022c       ___xi_z                    1001322c     MSVCRT:cinitexe.obj
 0002:00000230       __real@41eef783fc000000    10013230     CART3_BasicTest_3states_sfun.obj
 0002:00000238       __real@41ea21349de00000    10013238     CART3_BasicTest_3states_sfun.obj
 0002:00000240       __real@41d60a55f8c00000    10013240     CART3_BasicTest_3states_sfun.obj
 0002:00000248       __real@41ca03709b800000    10013248     CART3_BasicTest_3states_sfun.obj
 0002:00000250       __real@41d187d0c8400000    10013250     CART3_BasicTest_3states_sfun.obj
 0002:00000258       __real@41cff744e8000000    10013258     CART3_BasicTest_3states_sfun.obj
 0002:00000260       __real@41b7e1066f000000    10013260     CART3_BasicTest_3states_sfun.obj
 0002:00000268       __real@41c845d7be800000    10013268     CART3_BasicTest_3states_sfun.obj
 0002:00000270       __real@41a9a1eb04000000    10013270     CART3_BasicTest_3states_sfun.obj
 0002:00000278       __real@41b0e1e2dd000000    10013278     CART3_BasicTest_3states_sfun.obj
 0002:00000280       __real@4195ed7d48000000    10013280     CART3_BasicTest_3states_sfun.obj
 0002:00000288       __real@41ce13fa27800000    10013288     CART3_BasicTest_3states_sfun.obj
 0002:00000290       __real@0000000000000000    10013290     CART3_BasicTest_3states_sfun.obj
 0002:00000298       __real@41ef071ce5a00000    10013298     CART3_BasicTest_3states_sfun.obj
 0002:000002a0       __real@41e743d157e00000    100132a0     CART3_BasicTest_3states_sfun.obj
 0002:000002a8       __real@41e6ea2e38a00000    100132a8     CART3_BasicTest_3states_sfun.obj
 0002:000002b0       __real@41ea70a52cc00000    100132b0     CART3_BasicTest_3states_sfun.obj
 0002:000002b8       __real@41e0657948200000    100132b8     c3_CART3_BasicTest_3states.obj
 0002:000002c0       __real@41cdcf4dbf000000    100132c0     c3_CART3_BasicTest_3states.obj
 0002:000002c8       __real@41eef471e7400000    100132c8     c3_CART3_BasicTest_3states.obj
 0002:000002d0       __real@41dfc7365a800000    100132d0     c3_CART3_BasicTest_3states.obj
 0002:000002d8       __real@4024000000000000    100132d8     c3_CART3_BasicTest_3states.obj
 0002:000002e0       __real@3ff0000000000000    100132e0     c3_CART3_BasicTest_3states.obj
 0002:000002e8       __real@3fab9ba84fde35d1    100132e8     c3_CART3_BasicTest_3states.obj
 0002:000002f0       _DYNAMIC_DIMENSION_DEF     100132f0     CART3_BasicTest_3states_sfun_registry.obj
 0002:00000300       __ssBadLevel2InputAccessMsg 10013300     CART3_BasicTest_3states_sfun_registry.obj
 0002:00000488       __ssBadLevel2DirectFeedMsg 10013488     CART3_BasicTest_3states_sfun_registry.obj
 0002:000005c8       __ssBadLevel2DirectFeedSolutionMsg 100135c8     CART3_BasicTest_3states_sfun_registry.obj
 0002:00000638       __ssBadLevel2ZeroDirectFeedMsg 10013638     CART3_BasicTest_3states_sfun_registry.obj
 0002:00000778       __ssBadLevel2ZeroDirectFeedMsg2 10013778     CART3_BasicTest_3states_sfun_registry.obj
 0002:00000860       __real@bff0000000000000    10013860     CART3_BasicTest_3states_sfun_registry.obj
 0002:00000868       __real@4153d65940000000    10013868     CART3_BasicTest_3states_sfun_registry.obj
 0002:00000870       __pDefaultRawDllMain       10013870     MSVCRT:crtdll.obj
 0002:00000870       __pRawDllMain              10013870     MSVCRT:crtdll.obj
 0002:0000087c       ?ProcessDetach@NativeDll@<CrtImplementationDetails>@@0IB 1001387c     MSVCRT:tncleanup.obj
 0002:00000880       ?ProcessAttach@NativeDll@<CrtImplementationDetails>@@0IB 10013880     MSVCRT:tncleanup.obj
 0002:00000884       ?ThreadAttach@NativeDll@<CrtImplementationDetails>@@0IB 10013884     MSVCRT:tncleanup.obj
 0002:00000888       ?ThreadDetach@NativeDll@<CrtImplementationDetails>@@0IB 10013888     MSVCRT:tncleanup.obj
 0002:0000088c       ?ProcessVerifier@NativeDll@<CrtImplementationDetails>@@0IB 1001388c     MSVCRT:tncleanup.obj
 0002:00000890       ___rtc_iaa                 10013890     MSVCRT:_initsect_.obj
 0002:00000894       ___rtc_izz                 10013894     MSVCRT:_initsect_.obj
 0002:00000898       ___rtc_taa                 10013898     MSVCRT:_initsect_.obj
 0002:0000089c       ___rtc_tzz                 1001389c     MSVCRT:_initsect_.obj
 0002:00000904       __IMPORT_DESCRIPTOR_sf_runtime 10013904     sf_runtime:sf_runtime.dll
 0002:00000918       __IMPORT_DESCRIPTOR_libmx  10013918     libmx:libmx.dll
 0002:0000092c       __IMPORT_DESCRIPTOR_libmex 1001392c     libmex:libmex.dll
 0002:00000940       __IMPORT_DESCRIPTOR_libut  10013940     libut:libut.dll
 0002:00000954       __IMPORT_DESCRIPTOR_MSVCR100 10013954     MSVCRT:MSVCR100.dll
 0002:00000968       __IMPORT_DESCRIPTOR_KERNEL32 10013968     kernel32:KERNEL32.dll
 0002:0000097c       __NULL_IMPORT_DESCRIPTOR   1001397c     sf_runtime:sf_runtime.dll
 0003:000026fc       _DYNAMIC_DIMENSION         100176fc     CART3_BasicTest_3states_sfun_registry.obj
 0003:00003288       ___security_cookie         10018288     MSVCRT:gs_cookie.obj
 0003:0000328c       ___security_cookie_complement 1001828c     MSVCRT:gs_cookie.obj
 0003:00003290       ___native_dllmain_reason   10018290     MSVCRT:natstart.obj
 0003:00003294       ___native_vcclrit_reason   10018294     MSVCRT:natstart.obj
 0003:000033c0       _sfGlobalDebugInstanceStruct 100183c0     CART3_BasicTest_3states_sfun_registry.obj
 0003:000036f4       ?__type_info_root_node@@3U__type_info_node@@A 100186f4     MSVCRT:tncleanup.obj
 0003:000036fc       __CART3_BasicTest_3statesMachineNumber_ 100186fc     <common>
 0003:00003700       ___native_startup_state    10018700     <common>
 0003:00003704       ___native_startup_lock     10018704     <common>
 0003:00003708       ___onexitend               10018708     <common>
 0003:0000370c       ___onexitbegin             1001870c     <common>
 0003:00003710       ___sse2_available          10018710     <common>
 0003:00003714       ___dyn_tls_init_callback   10018714     <common>

 entry point at        0001:00011937

 Static symbols

 0001:00000d90       _initialize_c1_CART3_BasicTest_3states 10001d90 f   c1_CART3_BasicTest_3states.obj
 0001:00000dd0       _initialize_params_c1_CART3_BasicTest_3states 10001dd0 f   c1_CART3_BasicTest_3states.obj
 0001:00000dd5       _enable_c1_CART3_BasicTest_3states 10001dd5 f   c1_CART3_BasicTest_3states.obj
 0001:00000dfc       _disable_c1_CART3_BasicTest_3states 10001dfc f   c1_CART3_BasicTest_3states.obj
 0001:00000e23       _c1_update_debugger_state_c1_CART3_BasicTest_3states 10001e23 f   c1_CART3_BasicTest_3states.obj
 0001:00000e28       _get_sim_state_c1_CART3_BasicTest_3states 10001e28 f   c1_CART3_BasicTest_3states.obj
 0001:00000f4a       _set_sim_state_c1_CART3_BasicTest_3states 10001f4a f   c1_CART3_BasicTest_3states.obj
 0001:0000101a       _finalize_c1_CART3_BasicTest_3states 1000201a f   c1_CART3_BasicTest_3states.obj
 0001:0000101f       _sf_gateway_c1_CART3_BasicTest_3states 1000201f f   c1_CART3_BasicTest_3states.obj
 0001:0000141a       _initSimStructsc1_CART3_BasicTest_3states 1000241a f   c1_CART3_BasicTest_3states.obj
 0001:0000141f       _init_script_number_translation 1000241f f   c1_CART3_BasicTest_3states.obj
 0001:00001424       _c1_sf_marshallOut         10002424 f   c1_CART3_BasicTest_3states.obj
 0001:0000149b       _c1_emlrt_marshallIn       1000249b f   c1_CART3_BasicTest_3states.obj
 0001:000014e9       _c1_b_emlrt_marshallIn     100024e9 f   c1_CART3_BasicTest_3states.obj
 0001:00001533       _c1_sf_marshallIn          10002533 f   c1_CART3_BasicTest_3states.obj
 0001:00001604       _c1_info_helper            10002604 f   c1_CART3_BasicTest_3states.obj
 0001:00002450       _c1_emlrt_marshallOut      10003450 f   c1_CART3_BasicTest_3states.obj
 0001:000024a2       _c1_b_emlrt_marshallOut    100034a2 f   c1_CART3_BasicTest_3states.obj
 0001:000024eb       _c1_b_sf_marshallOut       100034eb f   c1_CART3_BasicTest_3states.obj
 0001:00002562       _c1_c_emlrt_marshallIn     10003562 f   c1_CART3_BasicTest_3states.obj
 0001:000025ab       _c1_b_sf_marshallIn        100035ab f   c1_CART3_BasicTest_3states.obj
 0001:00002623       _c1_d_emlrt_marshallIn     10003623 f   c1_CART3_BasicTest_3states.obj
 0001:00002670       _c1_e_emlrt_marshallIn     10003670 f   c1_CART3_BasicTest_3states.obj
 0001:000026bb       _init_dsm_address_info     100036bb f   c1_CART3_BasicTest_3states.obj
 0001:00002a64       _sf_get_sim_state_info_c1_CART3_BasicTest_3states 10003a64 f   c1_CART3_BasicTest_3states.obj
 0001:00002afe       _chart_debug_initialization 10003afe f   c1_CART3_BasicTest_3states.obj
 0001:00002efa       _sf_get_instance_specialization 10003efa f   c1_CART3_BasicTest_3states.obj
 0001:00002f01       _sf_opaque_initialize_c1_CART3_BasicTest_3states 10003f01 f   c1_CART3_BasicTest_3states.obj
 0001:00002f32       _sf_opaque_enable_c1_CART3_BasicTest_3states 10003f32 f   c1_CART3_BasicTest_3states.obj
 0001:00002f42       _sf_opaque_disable_c1_CART3_BasicTest_3states 10003f42 f   c1_CART3_BasicTest_3states.obj
 0001:00002f52       _sf_opaque_gateway_c1_CART3_BasicTest_3states 10003f52 f   c1_CART3_BasicTest_3states.obj
 0001:00003122       _sf_opaque_get_sim_state_c1_CART3_BasicTest_3states 10004122 f   c1_CART3_BasicTest_3states.obj
 0001:00003134       _sf_opaque_set_sim_state_c1_CART3_BasicTest_3states 10004134 f   c1_CART3_BasicTest_3states.obj
 0001:00003147       _sf_opaque_terminate_c1_CART3_BasicTest_3states 10004147 f   c1_CART3_BasicTest_3states.obj
 0001:000031d5       _sf_opaque_init_subchart_simstructs 100041d5 f   c1_CART3_BasicTest_3states.obj
 0001:000031e5       _mdlProcessParameters_c1_CART3_BasicTest_3states 100041e5 f   c1_CART3_BasicTest_3states.obj
 0001:0000327c       _mdlSetWorkWidths_c1_CART3_BasicTest_3states 1000427c f   c1_CART3_BasicTest_3states.obj
 0001:000035af       _mdlRTW_c1_CART3_BasicTest_3states 100045af f   c1_CART3_BasicTest_3states.obj
 0001:000035dd       _mdlStart_c1_CART3_BasicTest_3states 100045dd f   c1_CART3_BasicTest_3states.obj
 0001:000037f0       _initialize_c2_CART3_BasicTest_3states 100047f0 f   c2_CART3_BasicTest_3states.obj
 0001:00003830       _initialize_params_c2_CART3_BasicTest_3states 10004830 f   c2_CART3_BasicTest_3states.obj
 0001:00003835       _enable_c2_CART3_BasicTest_3states 10004835 f   c2_CART3_BasicTest_3states.obj
 0001:0000385c       _disable_c2_CART3_BasicTest_3states 1000485c f   c2_CART3_BasicTest_3states.obj
 0001:00003883       _c2_update_debugger_state_c2_CART3_BasicTest_3states 10004883 f   c2_CART3_BasicTest_3states.obj
 0001:00003888       _get_sim_state_c2_CART3_BasicTest_3states 10004888 f   c2_CART3_BasicTest_3states.obj
 0001:000039aa       _set_sim_state_c2_CART3_BasicTest_3states 100049aa f   c2_CART3_BasicTest_3states.obj
 0001:00003a7a       _finalize_c2_CART3_BasicTest_3states 10004a7a f   c2_CART3_BasicTest_3states.obj
 0001:00003a7f       _sf_gateway_c2_CART3_BasicTest_3states 10004a7f f   c2_CART3_BasicTest_3states.obj
 0001:00003fef       _initSimStructsc2_CART3_BasicTest_3states 10004fef f   c2_CART3_BasicTest_3states.obj
 0001:00003ff4       _init_script_number_translation 10004ff4 f   c2_CART3_BasicTest_3states.obj
 0001:00003ff9       _c2_sf_marshallOut         10004ff9 f   c2_CART3_BasicTest_3states.obj
 0001:00004070       _c2_emlrt_marshallIn       10005070 f   c2_CART3_BasicTest_3states.obj
 0001:000040be       _c2_b_emlrt_marshallIn     100050be f   c2_CART3_BasicTest_3states.obj
 0001:00004108       _c2_sf_marshallIn          10005108 f   c2_CART3_BasicTest_3states.obj
 0001:000041cb       _c2_b_sf_marshallOut       100051cb f   c2_CART3_BasicTest_3states.obj
 0001:00004242       _c2_c_emlrt_marshallIn     10005242 f   c2_CART3_BasicTest_3states.obj
 0001:0000428b       _c2_b_sf_marshallIn        1000528b f   c2_CART3_BasicTest_3states.obj
 0001:00004303       _c2_d_emlrt_marshallIn     10005303 f   c2_CART3_BasicTest_3states.obj
 0001:00004350       _c2_e_emlrt_marshallIn     10005350 f   c2_CART3_BasicTest_3states.obj
 0001:0000439b       _init_dsm_address_info     1000539b f   c2_CART3_BasicTest_3states.obj
 0001:00004744       _sf_get_sim_state_info_c2_CART3_BasicTest_3states 10005744 f   c2_CART3_BasicTest_3states.obj
 0001:000047de       _chart_debug_initialization 100057de f   c2_CART3_BasicTest_3states.obj
 0001:00004c4a       _sf_get_instance_specialization 10005c4a f   c2_CART3_BasicTest_3states.obj
 0001:00004c51       _sf_opaque_initialize_c2_CART3_BasicTest_3states 10005c51 f   c2_CART3_BasicTest_3states.obj
 0001:00004c82       _sf_opaque_enable_c2_CART3_BasicTest_3states 10005c82 f   c2_CART3_BasicTest_3states.obj
 0001:00004c92       _sf_opaque_disable_c2_CART3_BasicTest_3states 10005c92 f   c2_CART3_BasicTest_3states.obj
 0001:00004ca2       _sf_opaque_gateway_c2_CART3_BasicTest_3states 10005ca2 f   c2_CART3_BasicTest_3states.obj
 0001:00004e72       _sf_opaque_get_sim_state_c2_CART3_BasicTest_3states 10005e72 f   c2_CART3_BasicTest_3states.obj
 0001:00004e84       _sf_opaque_set_sim_state_c2_CART3_BasicTest_3states 10005e84 f   c2_CART3_BasicTest_3states.obj
 0001:00004e97       _sf_opaque_terminate_c2_CART3_BasicTest_3states 10005e97 f   c2_CART3_BasicTest_3states.obj
 0001:00004f25       _sf_opaque_init_subchart_simstructs 10005f25 f   c2_CART3_BasicTest_3states.obj
 0001:00004f35       _mdlProcessParameters_c2_CART3_BasicTest_3states 10005f35 f   c2_CART3_BasicTest_3states.obj
 0001:00004fcc       _mdlSetWorkWidths_c2_CART3_BasicTest_3states 10005fcc f   c2_CART3_BasicTest_3states.obj
 0001:000052ff       _mdlRTW_c2_CART3_BasicTest_3states 100062ff f   c2_CART3_BasicTest_3states.obj
 0001:0000532d       _mdlStart_c2_CART3_BasicTest_3states 1000632d f   c2_CART3_BasicTest_3states.obj
 0001:000055a0       _c3_info_helper            100065a0 f   c3_CART3_BasicTest_3states.obj
 0001:000062e0       _c3_emlrt_marshallOut      100072e0 f   c3_CART3_BasicTest_3states.obj
 0001:00006340       _c3_b_emlrt_marshallOut    10007340 f   c3_CART3_BasicTest_3states.obj
 0001:00006820       _get_sim_state_c3_CART3_BasicTest_3states 10007820 f   c3_CART3_BasicTest_3states.obj
 0001:00006940       _sf_get_sim_state_info_c3_CART3_BasicTest_3states 10007940 f   c3_CART3_BasicTest_3states.obj
 0001:00006ac0       _set_sim_state_c3_CART3_BasicTest_3states 10007ac0 f   c3_CART3_BasicTest_3states.obj
 0001:00006b80       _c3_update_debugger_state_c3_CART3_BasicTest_3states 10007b80 f   c3_CART3_BasicTest_3states.obj
 0001:00006b90       _c3_emlrt_marshallIn       10007b90 f   c3_CART3_BasicTest_3states.obj
 0001:00006be0       _c3_b_emlrt_marshallIn     10007be0 f   c3_CART3_BasicTest_3states.obj
 0001:00006c30       _c3_d_emlrt_marshallIn     10007c30 f   c3_CART3_BasicTest_3states.obj
 0001:00006c80       _c3_e_emlrt_marshallIn     10007c80 f   c3_CART3_BasicTest_3states.obj
 0001:00006d30       _mdlProcessParameters_c3_CART3_BasicTest_3states 10007d30 f   c3_CART3_BasicTest_3states.obj
 0001:00006de0       _initialize_params_c3_CART3_BasicTest_3states 10007de0 f   c3_CART3_BasicTest_3states.obj
 0001:00006df0       _mdlSetWorkWidths_c3_CART3_BasicTest_3states 10007df0 f   c3_CART3_BasicTest_3states.obj
 0001:00007170       _sf_get_instance_specialization 10008170 f   c3_CART3_BasicTest_3states.obj
 0001:00007180       _mdlStart_c3_CART3_BasicTest_3states 10008180 f   c3_CART3_BasicTest_3states.obj
 0001:00007320       _init_dsm_address_info     10008320 f   c3_CART3_BasicTest_3states.obj
 0001:00007330       _chart_debug_initialization 10008330 f   c3_CART3_BasicTest_3states.obj
 0001:00007780       _init_script_number_translation 10008780 f   c3_CART3_BasicTest_3states.obj
 0001:00007790       _c3_sf_marshallOut         10008790 f   c3_CART3_BasicTest_3states.obj
 0001:00007810       _c3_sf_marshallIn          10008810 f   c3_CART3_BasicTest_3states.obj
 0001:00007890       _sf_opaque_initialize_c3_CART3_BasicTest_3states 10008890 f   c3_CART3_BasicTest_3states.obj
 0001:000078c0       _initialize_c3_CART3_BasicTest_3states 100088c0 f   c3_CART3_BasicTest_3states.obj
 0001:000078f0       _sf_opaque_enable_c3_CART3_BasicTest_3states 100088f0 f   c3_CART3_BasicTest_3states.obj
 0001:00007910       _enable_c3_CART3_BasicTest_3states 10008910 f   c3_CART3_BasicTest_3states.obj
 0001:00007930       _sf_opaque_disable_c3_CART3_BasicTest_3states 10008930 f   c3_CART3_BasicTest_3states.obj
 0001:00007950       _disable_c3_CART3_BasicTest_3states 10008950 f   c3_CART3_BasicTest_3states.obj
 0001:00007970       _sf_opaque_gateway_c3_CART3_BasicTest_3states 10008970 f   c3_CART3_BasicTest_3states.obj
 0001:00007990       _sf_gateway_c3_CART3_BasicTest_3states 10008990 f   c3_CART3_BasicTest_3states.obj
 0001:00007de0       _sf_opaque_get_sim_state_c3_CART3_BasicTest_3states 10008de0 f   c3_CART3_BasicTest_3states.obj
 0001:00007e00       _sf_opaque_set_sim_state_c3_CART3_BasicTest_3states 10008e00 f   c3_CART3_BasicTest_3states.obj
 0001:00007e20       _sf_opaque_terminate_c3_CART3_BasicTest_3states 10008e20 f   c3_CART3_BasicTest_3states.obj
 0001:00007eb0       _finalize_c3_CART3_BasicTest_3states 10008eb0 f   c3_CART3_BasicTest_3states.obj
 0001:00007ec0       _sf_opaque_init_subchart_simstructs 10008ec0 f   c3_CART3_BasicTest_3states.obj
 0001:00007ee0       _initSimStructsc3_CART3_BasicTest_3states 10008ee0 f   c3_CART3_BasicTest_3states.obj
 0001:00007ef0       _mdlRTW_c3_CART3_BasicTest_3states 10008ef0 f   c3_CART3_BasicTest_3states.obj
 0001:00007f20       _initialize_c4_CART3_BasicTest_3states 10008f20 f   c4_CART3_BasicTest_3states.obj
 0001:00007f60       _initialize_params_c4_CART3_BasicTest_3states 10008f60 f   c4_CART3_BasicTest_3states.obj
 0001:00007f65       _enable_c4_CART3_BasicTest_3states 10008f65 f   c4_CART3_BasicTest_3states.obj
 0001:00007f8c       _disable_c4_CART3_BasicTest_3states 10008f8c f   c4_CART3_BasicTest_3states.obj
 0001:00007fb3       _c4_update_debugger_state_c4_CART3_BasicTest_3states 10008fb3 f   c4_CART3_BasicTest_3states.obj
 0001:00007fb8       _get_sim_state_c4_CART3_BasicTest_3states 10008fb8 f   c4_CART3_BasicTest_3states.obj
 0001:000080da       _set_sim_state_c4_CART3_BasicTest_3states 100090da f   c4_CART3_BasicTest_3states.obj
 0001:000081aa       _finalize_c4_CART3_BasicTest_3states 100091aa f   c4_CART3_BasicTest_3states.obj
 0001:000081af       _sf_gateway_c4_CART3_BasicTest_3states 100091af f   c4_CART3_BasicTest_3states.obj
 0001:0000871f       _initSimStructsc4_CART3_BasicTest_3states 1000971f f   c4_CART3_BasicTest_3states.obj
 0001:00008724       _init_script_number_translation 10009724 f   c4_CART3_BasicTest_3states.obj
 0001:00008729       _c4_sf_marshallOut         10009729 f   c4_CART3_BasicTest_3states.obj
 0001:000087a0       _c4_emlrt_marshallIn       100097a0 f   c4_CART3_BasicTest_3states.obj
 0001:000087ee       _c4_b_emlrt_marshallIn     100097ee f   c4_CART3_BasicTest_3states.obj
 0001:00008838       _c4_sf_marshallIn          10009838 f   c4_CART3_BasicTest_3states.obj
 0001:000088fb       _c4_b_sf_marshallOut       100098fb f   c4_CART3_BasicTest_3states.obj
 0001:00008972       _c4_c_emlrt_marshallIn     10009972 f   c4_CART3_BasicTest_3states.obj
 0001:000089bb       _c4_b_sf_marshallIn        100099bb f   c4_CART3_BasicTest_3states.obj
 0001:00008a33       _c4_d_emlrt_marshallIn     10009a33 f   c4_CART3_BasicTest_3states.obj
 0001:00008a80       _c4_e_emlrt_marshallIn     10009a80 f   c4_CART3_BasicTest_3states.obj
 0001:00008acb       _init_dsm_address_info     10009acb f   c4_CART3_BasicTest_3states.obj
 0001:00008e74       _sf_get_sim_state_info_c4_CART3_BasicTest_3states 10009e74 f   c4_CART3_BasicTest_3states.obj
 0001:00008f0e       _chart_debug_initialization 10009f0e f   c4_CART3_BasicTest_3states.obj
 0001:0000937a       _sf_get_instance_specialization 1000a37a f   c4_CART3_BasicTest_3states.obj
 0001:00009381       _sf_opaque_initialize_c4_CART3_BasicTest_3states 1000a381 f   c4_CART3_BasicTest_3states.obj
 0001:000093b2       _sf_opaque_enable_c4_CART3_BasicTest_3states 1000a3b2 f   c4_CART3_BasicTest_3states.obj
 0001:000093c2       _sf_opaque_disable_c4_CART3_BasicTest_3states 1000a3c2 f   c4_CART3_BasicTest_3states.obj
 0001:000093d2       _sf_opaque_gateway_c4_CART3_BasicTest_3states 1000a3d2 f   c4_CART3_BasicTest_3states.obj
 0001:000095a2       _sf_opaque_get_sim_state_c4_CART3_BasicTest_3states 1000a5a2 f   c4_CART3_BasicTest_3states.obj
 0001:000095b4       _sf_opaque_set_sim_state_c4_CART3_BasicTest_3states 1000a5b4 f   c4_CART3_BasicTest_3states.obj
 0001:000095c7       _sf_opaque_terminate_c4_CART3_BasicTest_3states 1000a5c7 f   c4_CART3_BasicTest_3states.obj
 0001:00009655       _sf_opaque_init_subchart_simstructs 1000a655 f   c4_CART3_BasicTest_3states.obj
 0001:00009665       _mdlProcessParameters_c4_CART3_BasicTest_3states 1000a665 f   c4_CART3_BasicTest_3states.obj
 0001:000096fc       _mdlSetWorkWidths_c4_CART3_BasicTest_3states 1000a6fc f   c4_CART3_BasicTest_3states.obj
 0001:00009a2f       _mdlRTW_c4_CART3_BasicTest_3states 1000aa2f f   c4_CART3_BasicTest_3states.obj
 0001:00009a5d       _mdlStart_c4_CART3_BasicTest_3states 1000aa5d f   c4_CART3_BasicTest_3states.obj
 0001:00009c80       _initialize_c5_CART3_BasicTest_3states 1000ac80 f   c5_CART3_BasicTest_3states.obj
 0001:00009cc0       _initialize_params_c5_CART3_BasicTest_3states 1000acc0 f   c5_CART3_BasicTest_3states.obj
 0001:00009cc5       _enable_c5_CART3_BasicTest_3states 1000acc5 f   c5_CART3_BasicTest_3states.obj
 0001:00009cec       _disable_c5_CART3_BasicTest_3states 1000acec f   c5_CART3_BasicTest_3states.obj
 0001:00009d13       _c5_update_debugger_state_c5_CART3_BasicTest_3states 1000ad13 f   c5_CART3_BasicTest_3states.obj
 0001:00009d18       _get_sim_state_c5_CART3_BasicTest_3states 1000ad18 f   c5_CART3_BasicTest_3states.obj
 0001:00009e3a       _set_sim_state_c5_CART3_BasicTest_3states 1000ae3a f   c5_CART3_BasicTest_3states.obj
 0001:00009f0a       _finalize_c5_CART3_BasicTest_3states 1000af0a f   c5_CART3_BasicTest_3states.obj
 0001:00009f0f       _sf_gateway_c5_CART3_BasicTest_3states 1000af0f f   c5_CART3_BasicTest_3states.obj
 0001:0000a30a       _initSimStructsc5_CART3_BasicTest_3states 1000b30a f   c5_CART3_BasicTest_3states.obj
 0001:0000a30f       _init_script_number_translation 1000b30f f   c5_CART3_BasicTest_3states.obj
 0001:0000a314       _c5_sf_marshallOut         1000b314 f   c5_CART3_BasicTest_3states.obj
 0001:0000a38b       _c5_emlrt_marshallIn       1000b38b f   c5_CART3_BasicTest_3states.obj
 0001:0000a3d9       _c5_b_emlrt_marshallIn     1000b3d9 f   c5_CART3_BasicTest_3states.obj
 0001:0000a423       _c5_sf_marshallIn          1000b423 f   c5_CART3_BasicTest_3states.obj
 0001:0000a4f4       _c5_info_helper            1000b4f4 f   c5_CART3_BasicTest_3states.obj
 0001:0000b340       _c5_emlrt_marshallOut      1000c340 f   c5_CART3_BasicTest_3states.obj
 0001:0000b392       _c5_b_emlrt_marshallOut    1000c392 f   c5_CART3_BasicTest_3states.obj
 0001:0000b3db       _c5_b_sf_marshallOut       1000c3db f   c5_CART3_BasicTest_3states.obj
 0001:0000b452       _c5_c_emlrt_marshallIn     1000c452 f   c5_CART3_BasicTest_3states.obj
 0001:0000b49b       _c5_b_sf_marshallIn        1000c49b f   c5_CART3_BasicTest_3states.obj
 0001:0000b513       _c5_d_emlrt_marshallIn     1000c513 f   c5_CART3_BasicTest_3states.obj
 0001:0000b560       _c5_e_emlrt_marshallIn     1000c560 f   c5_CART3_BasicTest_3states.obj
 0001:0000b5ab       _init_dsm_address_info     1000c5ab f   c5_CART3_BasicTest_3states.obj
 0001:0000b954       _sf_get_sim_state_info_c5_CART3_BasicTest_3states 1000c954 f   c5_CART3_BasicTest_3states.obj
 0001:0000b9ee       _chart_debug_initialization 1000c9ee f   c5_CART3_BasicTest_3states.obj
 0001:0000bdea       _sf_get_instance_specialization 1000cdea f   c5_CART3_BasicTest_3states.obj
 0001:0000bdf1       _sf_opaque_initialize_c5_CART3_BasicTest_3states 1000cdf1 f   c5_CART3_BasicTest_3states.obj
 0001:0000be22       _sf_opaque_enable_c5_CART3_BasicTest_3states 1000ce22 f   c5_CART3_BasicTest_3states.obj
 0001:0000be32       _sf_opaque_disable_c5_CART3_BasicTest_3states 1000ce32 f   c5_CART3_BasicTest_3states.obj
 0001:0000be42       _sf_opaque_gateway_c5_CART3_BasicTest_3states 1000ce42 f   c5_CART3_BasicTest_3states.obj
 0001:0000c012       _sf_opaque_get_sim_state_c5_CART3_BasicTest_3states 1000d012 f   c5_CART3_BasicTest_3states.obj
 0001:0000c024       _sf_opaque_set_sim_state_c5_CART3_BasicTest_3states 1000d024 f   c5_CART3_BasicTest_3states.obj
 0001:0000c037       _sf_opaque_terminate_c5_CART3_BasicTest_3states 1000d037 f   c5_CART3_BasicTest_3states.obj
 0001:0000c0c5       _sf_opaque_init_subchart_simstructs 1000d0c5 f   c5_CART3_BasicTest_3states.obj
 0001:0000c0d5       _mdlProcessParameters_c5_CART3_BasicTest_3states 1000d0d5 f   c5_CART3_BasicTest_3states.obj
 0001:0000c16c       _mdlSetWorkWidths_c5_CART3_BasicTest_3states 1000d16c f   c5_CART3_BasicTest_3states.obj
 0001:0000c49f       _mdlRTW_c5_CART3_BasicTest_3states 1000d49f f   c5_CART3_BasicTest_3states.obj
 0001:0000c4cd       _mdlStart_c5_CART3_BasicTest_3states 1000d4cd f   c5_CART3_BasicTest_3states.obj
 0001:0000cdf0       _getChartInfoFromSimStruct 1000ddf0 f   CART3_BasicTest_3states_sfun_registry.obj
 0001:0000def0       __ssFatalError             1000eef0 f   CART3_BasicTest_3states_sfun_registry.obj
 0001:00010250       _ProcessMexSfunctionCmdLineCall 10011250 f   CART3_BasicTest_3states_sfun_registry.obj
 0001:00010370       _sf_debug_api_wrapper      10011370 f   CART3_BasicTest_3states_sfun_registry.obj
 0001:000103a0       _mdlStart                  100113a0 f   CART3_BasicTest_3states_sfun_registry.obj
 0001:000103c0       _mdl_start_processing      100113c0 f   CART3_BasicTest_3states_sfun_registry.obj
 0001:00010430       _mdlTerminate              10011430 f   CART3_BasicTest_3states_sfun_registry.obj
 0001:00010450       _mdl_terminate_processing  10011450 f   CART3_BasicTest_3states_sfun_registry.obj
 0001:000104c0       _mdlInitializeSampleTimes  100114c0 f   CART3_BasicTest_3states_sfun_registry.obj
 0001:000104e0       _mdlZeroCrossings          100114e0 f   CART3_BasicTest_3states_sfun_registry.obj
 0001:00010500       _mdl_zeroCrossings_processing 10011500 f   CART3_BasicTest_3states_sfun_registry.obj
 0001:00010530       _mdlDerivatives            10011530 f   CART3_BasicTest_3states_sfun_registry.obj
 0001:00010550       _mdl_derivatives_processing 10011550 f   CART3_BasicTest_3states_sfun_registry.obj
 0001:00010590       _mdlInitializeConditions   10011590 f   CART3_BasicTest_3states_sfun_registry.obj
 0001:000105b0       _mdl_initialize_conditions_processing 100115b0 f   CART3_BasicTest_3states_sfun_registry.obj
 0001:000105f0       _mdlEnable                 100115f0 f   CART3_BasicTest_3states_sfun_registry.obj
 0001:00010610       _mdl_enable_processing     10011610 f   CART3_BasicTest_3states_sfun_registry.obj
 0001:00010640       _mdlDisable                10011640 f   CART3_BasicTest_3states_sfun_registry.obj
 0001:00010660       _mdl_disable_processing    10011660 f   CART3_BasicTest_3states_sfun_registry.obj
 0001:00010690       _mdlOutputs                10011690 f   CART3_BasicTest_3states_sfun_registry.obj
 0001:000106b0       _mdl_outputs_processing    100116b0 f   CART3_BasicTest_3states_sfun_registry.obj
 0001:00010780       _mdl_outputs_continuous_legacy 10011780 f   CART3_BasicTest_3states_sfun_registry.obj
 0001:00010850       _mdlGetTimeOfNextVarHit    10011850 f   CART3_BasicTest_3states_sfun_registry.obj
 0001:00010890       __ProcessMexSfunctionCmdLineCall 10011890 f   CART3_BasicTest_3states_sfun_registry.obj
 0001:00010eb0       _mdlSetWorkWidths          10011eb0 f   CART3_BasicTest_3states_sfun_registry.obj
 0001:00010ed0       _mdlProcessParameters      10011ed0 f   CART3_BasicTest_3states_sfun_registry.obj
 0001:00010ef0       _mdlInitializeSizes        10011ef0 f   CART3_BasicTest_3states_sfun_registry.obj
 0001:00010f10       _mdlExtModeExec            10011f10 f   CART3_BasicTest_3states_sfun_registry.obj
 0001:00010f30       _mdl_ext_mode_exec_processing 10011f30 f   CART3_BasicTest_3states_sfun_registry.obj
 0001:00010f70       _mdlRTW                    10011f70 f   CART3_BasicTest_3states_sfun_registry.obj
 0001:00010fa0       __CreateSimStruct          10011fa0 f   CART3_BasicTest_3states_sfun_registry.obj
 0001:000110d0       __RegNumInputPortsCB       100120d0 f   CART3_BasicTest_3states_sfun_registry.obj
 0001:00011130       __RegNumOutputPortsCB      10012130 f   CART3_BasicTest_3states_sfun_registry.obj
 0001:000115c9       _pre_c_init                100125c9 f   MSVCRT:crtdll.obj
 0001:00011821       ___DllMainCRTStartup       10012821 f   MSVCRT:crtdll.obj
